   Compiling libc v0.2.189
   Compiling cfg-if v1.0.4
   Compiling version_check v0.9.5
   Compiling typenum v1.20.1
   Compiling proc-macro2 v1.0.107
   Compiling unicode-ident v1.0.24
   Compiling quote v1.0.47
   Compiling getrandom v0.4.3
   Compiling zeroize v1.9.0
   Compiling subtle v2.6.1
   Compiling opaque-debug v0.3.1
   Compiling pin-project-lite v0.2.17
   Compiling pty-runtime-domain v0.1.0 (/Users/nessa/Documents/NessaLabs/pty-runtime/work/release-candidate-4/crates/domain)
   Compiling pty-runtime-infrastructure v0.1.0 (/Users/nessa/Documents/NessaLabs/pty-runtime/work/release-candidate-4/crates/infrastructure)
   Compiling futures-core v0.3.34
   Compiling futures-channel v0.3.34
   Compiling generic-array v0.14.7
   Compiling pty-runtime-application v0.1.0 (/Users/nessa/Documents/NessaLabs/pty-runtime/work/release-candidate-4/crates/application)
   Compiling getrandom v0.2.16
   Compiling uuid v1.26.0
   Compiling rand_core v0.6.4
   Compiling syn v3.0.5
   Compiling crypto-common v0.1.7
   Compiling inout v0.1.4
   Compiling universal-hash v0.5.1
   Compiling aead v0.5.2
   Compiling cipher v0.4.4
   Compiling poly1305 v0.8.0
   Compiling chacha20 v0.9.1
   Compiling chacha20poly1305 v0.10.1
   Compiling tokio-macros v2.7.2
   Compiling async-trait v0.1.92
   Compiling tokio v1.53.1
   Compiling event-stream v0.1.0 (https://github.com/nessalabs/event-stream?rev=66ba7525260040d6265276692088dca6dae0737e#66ba7525)
   Compiling pty-runtime v0.1.0 (/Users/nessa/Documents/NessaLabs/pty-runtime/work/release-candidate-4)
    Finished `release` profile [optimized] target(s) in 7.43s
