info: cargo-llvm-cov currently setting cfg(coverage); you can opt-out it by passing --no-cfg-coverage
   Compiling pty-runtime-infrastructure v0.1.0 (/Users/nessa/Documents/NessaLabs/pty-runtime/crates/infrastructure)
   Compiling tokio v1.53.1
   Compiling pty-runtime v0.1.0 (/Users/nessa/Documents/NessaLabs/pty-runtime)
    Finished `test` profile [unoptimized + debuginfo] target(s) in 3.64s
     Running unittests src/lib.rs (work/coverage-run-wmbjmxcq/workspace/llvm-cov-target/debug/deps/pty_runtime-f2fc4920311aabfb)

running 0 tests

test result: ok. 0 passed; 0 failed; 0 ignored; 0 measured; 0 filtered out; finished in 0.00s

     Running unittests tests/fixtures/pty_fixture.rs (work/coverage-run-wmbjmxcq/workspace/llvm-cov-target/debug/deps/pty_runtime_fixture-38bbb4e205259721)

running 0 tests

test result: ok. 0 passed; 0 failed; 0 ignored; 0 measured; 0 filtered out; finished in 0.00s

     Running tests/ddd_spawn_failure.rs (work/coverage-run-wmbjmxcq/workspace/llvm-cov-target/debug/deps/ddd_spawn_failure-40dad80835620403)

running 1 test
test lookup_handle_obtained_during_failed_spawn_reaches_terminal_state ... ok

test result: ok. 1 passed; 0 failed; 0 ignored; 0 measured; 0 filtered out; finished in 0.00s

     Running tests/default_parking.rs (work/coverage-run-wmbjmxcq/workspace/llvm-cov-target/debug/deps/default_parking-30361cfb9d90f10c)

running 0 tests

test result: ok. 0 passed; 0 failed; 0 ignored; 0 measured; 0 filtered out; finished in 0.00s

     Running tests/event_stream_decode_contract.rs (work/coverage-run-wmbjmxcq/workspace/llvm-cov-target/debug/deps/event_stream_decode_contract-019b2bd48e0d0a24)

running 0 tests

test result: ok. 0 passed; 0 failed; 0 ignored; 0 measured; 0 filtered out; finished in 0.00s

     Running tests/event_stream_failures.rs (work/coverage-run-wmbjmxcq/workspace/llvm-cov-target/debug/deps/event_stream_failures-c494900bdf0c47a2)

running 0 tests

test result: ok. 0 passed; 0 failed; 0 ignored; 0 measured; 0 filtered out; finished in 0.00s

     Running tests/event_stream_isolation.rs (work/coverage-run-wmbjmxcq/workspace/llvm-cov-target/debug/deps/event_stream_isolation-cc6e888f99567f0e)

running 0 tests

test result: ok. 0 passed; 0 failed; 0 ignored; 0 measured; 0 filtered out; finished in 0.00s

     Running tests/event_stream_reconnect.rs (work/coverage-run-wmbjmxcq/workspace/llvm-cov-target/debug/deps/event_stream_reconnect-e268bab9e8550e84)

running 0 tests

test result: ok. 0 passed; 0 failed; 0 ignored; 0 measured; 0 filtered out; finished in 0.00s

     Running tests/input_reservation.rs (work/coverage-run-wmbjmxcq/workspace/llvm-cov-target/debug/deps/input_reservation-0f37e8c627115d93)

running 1 test
test global_bytes_and_slots_survive_abandoned_wait_and_release_on_adapter_completion ... ok

test result: ok. 1 passed; 0 failed; 0 ignored; 0 measured; 0 filtered out; finished in 0.00s

     Running tests/ordered_transfer_runtime.rs (work/coverage-run-wmbjmxcq/workspace/llvm-cov-target/debug/deps/ordered_transfer_runtime-45e585ec012ba28b)

running 0 tests

test result: ok. 0 passed; 0 failed; 0 ignored; 0 measured; 0 filtered out; finished in 0.00s

     Running tests/process_handle_resources.rs (work/coverage-run-wmbjmxcq/workspace/llvm-cov-target/debug/deps/process_handle_resources-6aac3e3a19c701f6)

running 1 test
test completed_old_handles_do_not_keep_process_wake_descriptors ... ok

test result: ok. 1 passed; 0 failed; 0 ignored; 0 measured; 0 filtered out; finished in 0.41s

     Running tests/projected_runtime.rs (work/coverage-run-wmbjmxcq/workspace/llvm-cov-target/debug/deps/projected_runtime-26f0c6c33e25930b)

running 0 tests

test result: ok. 0 passed; 0 failed; 0 ignored; 0 measured; 0 filtered out; finished in 0.00s

     Running tests/projection_cleanup_outcome.rs (work/coverage-run-wmbjmxcq/workspace/llvm-cov-target/debug/deps/projection_cleanup_outcome-b46db3f4f5c6a43a)

running 2 tests
test domain_session_validation_rejects_incompatible_projection_admission ... ok
test forget_preserves_delete_and_uncertain_commit_failures_including_repeated_calls ... ok

test result: ok. 2 passed; 0 failed; 0 ignored; 0 measured; 0 filtered out; finished in 0.01s

     Running tests/projection_correctness.rs (work/coverage-run-wmbjmxcq/workspace/llvm-cov-target/debug/deps/projection_correctness-123741464162292a)

running 4 tests
test impossible_global_parser_budgets_reject_before_child_launch ... ok
test shutdown_closes_model_with_completed_request_wait_retained ... ok
test process_future_panic_does_not_strand_runtime_shutdown ... ok
test resize_panic_during_close_keeps_cleanup_scheduled ... ok

test result: ok. 4 passed; 0 failed; 0 ignored; 0 measured; 0 filtered out; finished in 0.00s

     Running tests/raw_adversarial.rs (work/coverage-run-wmbjmxcq/workspace/llvm-cov-target/debug/deps/raw_adversarial-d10c64711d9a0b74)

running 1 test
test dropping_polled_pending_waits_releases_admission_and_preserves_cursor ... ok

test result: ok. 1 passed; 0 failed; 0 ignored; 0 measured; 0 filtered out; finished in 0.13s

     Running tests/raw_child_contract.rs (work/coverage-run-wmbjmxcq/workspace/llvm-cov-target/debug/deps/raw_child_contract-0d74df166c88bd7e)

running 3 tests
test explicit_environment_literal_args_canonical_cwd_and_ordered_resize_reach_real_child ... ok
test empty_environment_is_exact_at_uninstrumented_exec_boundary ... ok
test merged_stdout_stderr_preserves_binary_bytes_through_public_observer ... ok

test result: ok. 3 passed; 0 failed; 0 ignored; 0 measured; 0 filtered out; finished in 0.32s

     Running tests/raw_completion.rs (work/coverage-run-wmbjmxcq/workspace/llvm-cov-target/debug/deps/raw_completion-c9e0e7aaf40c2b0d)

running 1 test
test signal_death_and_descendant_drain_never_become_fabricated_success ... ok

test result: ok. 1 passed; 0 failed; 0 ignored; 0 measured; 0 filtered out; finished in 0.20s

     Running tests/raw_registration.rs (work/coverage-run-wmbjmxcq/workspace/llvm-cov-target/debug/deps/raw_registration-14f0de23ccdcab1c)

running 1 test
test simultaneous_duplicate_calls_launch_once_even_after_completion_until_forgetting ... ok

test result: ok. 1 passed; 0 failed; 0 ignored; 0 measured; 0 filtered out; finished in 0.13s

     Running tests/raw_runtime.rs (work/coverage-run-wmbjmxcq/workspace/llvm-cov-target/debug/deps/raw_runtime-ae424dcaafc1aed4)

running 4 tests
test admission_bounds_and_owner_drop_preserve_explicit_completion ... ok
test raw_suffix_gap_completion_and_completed_id_are_stable ... ok
test synthetic_input_is_not_echoed_or_exposed_in_debug ... ok
test detach_and_cancelled_observation_preserve_live_process_and_cursor ... ok

test result: ok. 4 passed; 0 failed; 0 ignored; 0 measured; 0 filtered out; finished in 0.43s

     Running tests/ready_projection.rs (work/coverage-run-wmbjmxcq/workspace/llvm-cov-target/debug/deps/ready_projection-e6e0696dc2915ea8)

running 0 tests

test result: ok. 0 passed; 0 failed; 0 ignored; 0 measured; 0 filtered out; finished in 0.00s

     Running tests/runtime_diagnostics.rs (work/coverage-run-wmbjmxcq/workspace/llvm-cov-target/debug/deps/runtime_diagnostics-13304dd96510c0fd)

running 3 tests
test raw_measurements_count_admission_actual_io_and_rejected_input_separately ... ok
test aggregate_gauges_follow_completed_handles_and_exact_replay_gaps ... ok
test cancellation_dispatch_requires_acknowledged_workload_and_verified_groups ... ok

test result: ok. 3 passed; 0 failed; 0 ignored; 0 measured; 0 filtered out; finished in 0.58s

     Running tests/runtime_performance.rs (work/coverage-run-wmbjmxcq/workspace/llvm-cov-target/debug/deps/runtime_performance-f4f052671c8b4722)

running 0 tests

test result: ok. 0 passed; 0 failed; 0 ignored; 0 measured; 0 filtered out; finished in 0.00s

     Running unittests examples/guardian_owner_death.rs (work/coverage-run-wmbjmxcq/workspace/llvm-cov-target/debug/examples/guardian_owner_death-67872e78fb05501d)

running 0 tests

test result: ok. 0 passed; 0 failed; 0 ignored; 0 measured; 0 filtered out; finished in 0.00s

     Running unittests examples/interactive.rs (work/coverage-run-wmbjmxcq/workspace/llvm-cov-target/debug/examples/interactive-bc1691c30db71f70)

running 0 tests

test result: ok. 0 passed; 0 failed; 0 ignored; 0 measured; 0 filtered out; finished in 0.00s

     Running unittests examples/release_load.rs (work/coverage-run-wmbjmxcq/workspace/llvm-cov-target/debug/examples/release_load-fc70b5c2034ff99b)

running 10 tests
test release_load_support::phase::tests::actual_window_includes_producer_start_skew ... ok
test release_load_support::config::tests::saturation_is_explicit_and_output_budget_is_finite ... ok
test release_load_support::config::tests::parser_slot_override_rejects_unbounded_configuration ... ok
test release_load_support::config::tests::parser_slot_override_retains_default_and_requested_finite_budget ... ok
test release_load_support::resize::tests::completed_os_and_model_outcomes_keep_the_existing_caller_policy ... ok
test release_load_support::resize::tests::equal_capacity_errors_keep_admission_and_completion_distinct ... ok
test release_load_support::resize::tests::pending_operation_times_out_without_reclassifying_the_error ... ok
test release_load_support::population::tests::readiness_waits_for_delayed_frame_on_inherited_nonblocking_socket ... ok
test release_load_support::producer::tests::zero_rate_idle_is_distinct_from_unpaced_and_cap_is_explicit ... ok
test release_load_support::producer::tests::stalled_output_has_bounded_deadline_and_exact_partial_ledger ... ok

test result: ok. 10 passed; 0 failed; 0 ignored; 0 measured; 0 filtered out; finished in 0.05s

     Running unittests examples/release_stress.rs (work/coverage-run-wmbjmxcq/workspace/llvm-cov-target/debug/examples/release_stress-09340817a2d0567e)

running 0 tests

test result: ok. 0 passed; 0 failed; 0 ignored; 0 measured; 0 filtered out; finished in 0.00s

     Running unittests src/lib.rs (work/coverage-run-wmbjmxcq/workspace/llvm-cov-target/debug/deps/pty_runtime_application-1bda850b10068bc3)

running 59 tests
test projection::tests::cleanup::close_progresses_with_every_normal_request_slot_held ... ok
test projection::tests::acceptance::cancelled_parked_transfer_keeps_inflight_memory_charged_until_close_drains_read ... ok
test diagnostics::histogram::tests::boundary_rounding_overflow_and_failed_samples_remain_explicit ... ok
test projection::tests::cleanup::rejected_blocking_admission_schedules_bounded_retry_without_losing_model ... ok
test projection::tests::cleanup::permanent_delete_failure_closes_truthfully_and_stays_charged_in_bounded_ledger ... ok
test projection::tests::cleanup::failed_storage_has_finite_retries_and_retains_original_live_model ... ok
test projection::tests::cleanup::scheduler_shutdown_fallback_finishes_late_commit_without_retaining_services ... ok
test projection::tests::cleanup::close_during_pending_commit_deletes_late_result_and_releases_services ... ok
test projection::tests::cleanup::authentication_failure_retains_only_source_and_close_releases_pool_handles ... ok
test projection::tests::cleanup::failed_restore_retains_source_and_bounded_unprocessed_output_without_empty_model ... ok
test projection::tests::control_capacity::resize_remains_ordered_and_bounded_when_local_parser_slots_are_full ... ok
test projection::tests::cleanup::uncertain_commits_stay_charged_and_report_failure_on_every_close ... ok
test projection::tests::io_faults::malformed_restore_read_fails_pending_view_but_retains_unprocessed_bytes ... ok
test projection::tests::control_capacity::resize_remains_ordered_and_bounded_when_shared_parser_slots_are_full ... ok
test projection::tests::io_faults::rejected_transfer_read_releases_admission_and_can_be_retried ... ok
test projection::tests::io_faults::opened_checkpoint_contract_violation_is_invalid_configuration_and_releases_read_permits ... ok
test projection::tests::io_faults::panicking_read_settles_transfer_as_worker_error_and_allows_a_fresh_read ... ok
test projection::tests::io_faults::transfer_read_rejects_short_ciphertext_without_restoring_or_losing_source ... ok
test diagnostics::reader::tests::allocation_guard_releases_on_error_and_unwind ... ok
test projection::tests::ordered_review::cancelled_projection_wait_drops_reentrant_waker_outside_ticket_lock ... ok
test projection::tests::native_faults::resize_admission_and_completion_errors_preserve_model_and_allow_same_generation_retry ... ok
test projection::tests::ordered_review::parked_snapshot_io_does_not_delay_an_existing_observers_end ... ok
test diagnostics::reader::tests::live_reader_allocations_survive_reset_and_release_independently ... ok
test projection::tests::ordered_review::failed_end_stays_immutable_when_an_inflight_native_feed_returns_success ... ok
test projection::tests::parking::idle_park_restore_orders_bytes_resize_history_and_single_authoritative_reply ... ok
test projection::tests::ordered_review::observation_requests_do_not_delay_the_final_applied_prefix ... ok
test projection::tests::parking::output_during_commit_retains_model_and_cleanup_does_not_block_feed ... ok
test projection::tests::ordered_review::replacing_a_pending_waker_drops_its_observer_outside_the_journal_lock ... ok
test projection::tests::parking::parked_transfer_pin_uses_saved_source_without_native_restore ... ok
test diagnostics::tests::untimed_replacement_adapter_reports_unavailable_without_false_success_or_failure ... ok
test projection::tests::parking::ready_view_captures_its_own_history_and_exact_order_boundary ... ok
test projection::tests::pressure::copied_views_retain_global_memory_admission_until_consumer_drop ... ok
test projection::tests::pressure::generated_reply_waits_for_single_writer_admission_without_refeeding_or_duplicate_send ... ok
test projection::tests::parking::output_during_encode_is_bounded_and_stale_commit_never_releases_live_model ... ok
test projection::tests::pressure::global_parser_capacity_released_by_another_session_wakes_waiter ... ok
test projection::tests::pressure::independent_parser_admission_is_all_or_none_and_early_capacity_notice_survives ... ok
test projection::tests::pressure::native_feed_panic_preserves_unprocessed_staging_and_rejects_projection_operations ... ok
test projection::tests::pressure::partial_generated_reply_fails_projection_and_is_never_resent ... ok
test projection::tests::pressure::resident_checkpoint_pin_reserves_plaintext_even_when_protection_bound_is_smaller ... ok
test projection::tests::admission_rollback::rejected_projection_admission_settles_published_waiter_and_releases_identity_and_model_slot ... ok
test projection::tests::ready::ready_interleaves_live_bytes_and_controls_without_releasing_source_before_finish ... ok
test projection::tests::ready::drain_end_waits_for_history_validation_and_retains_corrupt_source ... ok
test projection::tests::ready::skipped_history_is_visible_and_lifetime_count_survives_the_next_park ... ok
test projection::tests::shutdown::shutdown_with_lost_delete_completion_does_not_release_sole_source_charge ... ok
test projection::tests::shutdown::shutdown_with_lost_commit_completion_keeps_uncertain_disk_reservation ... ok
test projection::tests::shutdown::shutdown_with_lost_transfer_read_settles_caller_and_releases_observer ... ok
test projection::tests::shutdown::shutdown_without_scheduler_rejects_queued_views_and_controls_and_releases_staging ... ok
test projection::tests::shutdown::shutdown_with_lost_restore_completion_releases_live_memory_but_keeps_source ... ok
test projection::tests::transfer::cancelled_wait_removes_waker_and_final_observer_releases_retention ... ok
test projection::tests::transfer::drain_is_sealed_but_end_waits_for_parser_and_failure_ends_only_the_valid_prefix ... ok
test projection::tests::transfer::no_observers_allocate_no_continuation_storage_and_new_transfer_skips_no_applied_state ... ok
test projection::tests::transfer::foreign_future_and_evicted_cursors_are_distinct_and_readers_are_independent ... ok
test projection::tests::transfer::observer_admission_cancel_and_snapshot_pins_release_independently ... ok
test projection::tests::transfer::parked_transfer_precedes_staged_mutation_and_rejected_io_releases_observer_permit ... ok
test projection::tests::transfer::retained_payload_and_control_slots_force_explicit_holes_until_consumers_drop ... ok
test projection::tests::transfer::snapshot_boundary_and_independent_byte_control_order_are_exact ... ok
test runtime::context_tests::poisoned_context_drop_releases_owned_quotas_and_diagnostic_gauges ... ok
test runtime::context_tests::supervision_callbacks_count_reports_and_require_drain_without_fabricating_exit ... ok
test runtime::context_tests::contradictory_callbacks_preserve_actual_facts_and_record_independent_failure ... ok

test result: ok. 59 passed; 0 failed; 0 ignored; 0 measured; 0 filtered out; finished in 0.00s

     Running unittests src/lib.rs (work/coverage-run-wmbjmxcq/workspace/llvm-cov-target/debug/deps/pty_runtime_domain-0df3d86413ac1f6c)

running 27 tests
test identity::tests::accepted_identity_discards_excess_owned_capacity_and_redacts ... ok
test identity::tests::identity_equality_is_literal_and_lifetimes_include_both_parts ... ok
test identity::tests::identity_enforces_byte_limit_and_control_policy ... ok
test process::tests::commands_are_literal_bounded_and_redacted ... ok
test projection::tests::close_rejects_late_commit_and_usable_completion_cannot_revive ... ok
test process::tests::deadline_and_allocation_extremes_are_rejected ... ok
test projection::tests::failed_retries_are_bounded_until_real_mutation ... ok
test process::tests::environment_keys_validate_and_overrides_remain_last ... ok
test projection::tests::mutation_invalidates_parking_without_advancing_unprocessed_position ... ok
test projection::tests::invalid_policy_and_out_of_order_processed_controls_are_rejected ... ok
test projection::tests::restoration_rejects_unadmitted_sources_and_preserves_failures ... ok
test projection::tests::skipped_history_progress_cannot_regress_into_complete_history ... ok
test projection::tests::successful_parking_does_not_consume_failed_retry_budget ... ok
test projection::transfer_tests::applied_controls_advance_sequence_without_advancing_original_bytes ... ok
test projection::transfer_tests::identity_future_and_evicted_ranges_have_distinct_failures ... ok
test projection::transfer_tests::terminal_prefix_is_immutable_and_domain_forbids_late_mutations ... ok
test projection::transfer_tests::unavailable_transfer_cannot_be_reopened_or_extended ... ok
test redaction_tests::opaque_checkpoints_hide_payload_and_adapter_metadata_in_debug ... ok
test replay::tests::eviction_reports_gap_before_exact_suffix_and_reads_do_not_advance ... ok
test redaction_tests::replay_and_cell_debug_redact_content_while_retaining_safe_position_and_style ... ok
test replay::tests::identities_and_future_positions_are_validated_even_when_empty ... ok
test replay::tests::offset_overflow_is_atomic_and_debug_redacts_content ... ok
test replay::tests::releasing_storage_preserves_exact_loss_and_continuation_positions ... ok
test replay::tests::zero_retention_and_global_eviction_keep_stream_position ... ok
test session::tests::admission_and_supervision_failure_require_drain_without_inventing_exit ... ok
test session::tests::repeated_completion_facts_are_idempotent_and_contradictions_preserve_first_facts ... ok
test replay::tests::chunking_matches_reference_suffix_across_capacities ... ok

test result: ok. 27 passed; 0 failed; 0 ignored; 0 measured; 0 filtered out; finished in 0.01s

     Running tests/replay_model.rs (work/coverage-run-wmbjmxcq/workspace/llvm-cov-target/debug/deps/replay_model-278205f44cd60ae6)

running 1 test
test seeded_interleavings_match_an_append_only_ledger ... ok

test result: ok. 1 passed; 0 failed; 0 ignored; 0 measured; 0 filtered out; finished in 0.10s

     Running unittests src/lib.rs (work/coverage-run-wmbjmxcq/workspace/llvm-cov-target/debug/deps/pty_runtime_infrastructure-f451c3fc4bf36105)

running 13 tests
test process::protocol::tests::status_backpressure_has_a_fixed_record_bound ... ok
test process::protocol::tests::peer_reset_cannot_turn_a_partial_final_record_into_clean_eof ... ok
test process::protocol::tests::stale_generation_and_partial_eof_are_rejected ... ok
test process::protocol::tests::peer_close_after_final_record_preserves_eof_with_unread_control ... ok
test process::protocol::tests::fragments_reassemble_without_interpreting_partial_records ... ok
test scheduling::pool::tests::shutdown_joins_all_workers_and_releases_worker_state ... ok
test scheduling::blocking::tests::shutdown_joins_all_workers_and_releases_worker_state ... ok
test checkpoint::file::tests::failed_orphan_cleanup_retains_a_distinct_quota_charge ... ok
test checkpoint::file::tests::renamed_namespace_drop_does_not_remove_unrelated_replacement ... ok
test checkpoint::file::tests::concurrent_commit_reservation_cannot_exceed_quota ... ok
test checkpoint::file::tests::partial_failed_writes_full_disk_and_zero_writes_clean_temporary_state ... ok
test process::spawn_barrier_tests::blocked_and_failed_spawn_does_not_delay_existing_controls_or_reaping ... ok
test process::spawn_barrier_tests::immediate_shutdown_reaps_existing_child_before_stalled_launch_finishes ... ok

test result: ok. 13 passed; 0 failed; 0 ignored; 0 measured; 0 filtered out; finished in 0.26s

     Running tests/checkpoint_adversarial.rs (work/coverage-run-wmbjmxcq/workspace/llvm-cov-target/debug/deps/checkpoint_adversarial-e8d91ec3bde260e4)

running 4 tests
test repeated_protection_uses_distinct_nonces_and_remains_authentic ... ok
test drop_does_not_remove_foreign_replacement_directory ... ok
test failed_namespace_construction_rolls_back_under_restrictive_umask ... ok
test permission_or_hardlink_change_rejects_read_without_exposing_payload ... ok

test result: ok. 4 passed; 0 failed; 0 ignored; 0 measured; 0 filtered out; finished in 0.01s

     Running tests/checkpoint_contract.rs (work/coverage-run-wmbjmxcq/workspace/llvm-cov-target/debug/deps/checkpoint_contract-b3f5db0af77bf706)

running 5 tests
test injected_provider_same_contract ... ok
test ciphertext_corruption_truncation_wrong_key_and_metadata_replay_rejected ... ok
test existing_or_symlink_root_rejected_without_cleanup_of_foreign_content ... ok
test real_disk_quota_short_reads_symlinks_and_corrupt_files ... ok
test real_disk_contract_private_permissions_and_cleanup ... ok

test result: ok. 5 passed; 0 failed; 0 ignored; 0 measured; 0 filtered out; finished in 0.03s

     Running tests/checkpoint_crash_cleanup.rs (work/coverage-run-wmbjmxcq/workspace/llvm-cov-target/debug/deps/checkpoint_crash_cleanup-718c62337517af1d)

running 9 tests
test checkpoint_crash_fixture ... ok
test interrupted_empty_construction_is_reclaimed_but_foreign_arena_entries_remain ... ok
test namespace_and_arena_symlinks_are_rejected_without_traversal ... ok
test live_prefix_cannot_hide_abandoned_data_and_admit_repeated_owners ... ok
test cleanup_budget_reports_partial_work_and_blocks_known_abandoned_admission ... ok
test dead_owner_is_reclaimed_while_live_owner_and_its_ciphertext_survive ... ok
test symlinks_hardlinks_and_unrecognized_objects_are_never_deleted ... ok
test direct_namespace_initialization_cannot_race_a_held_maintenance_lock ... ok
test inherited_maintenance_lock_blocks_admission_until_fork_child_releases_it ... ok

test result: ok. 9 passed; 0 failed; 0 ignored; 0 measured; 0 filtered out; finished in 1.01s

     Running tests/checkpoint_opaque_envelope.rs (work/coverage-run-wmbjmxcq/workspace/llvm-cov-target/debug/deps/checkpoint_opaque_envelope-5b497f7f216531ca)

running 1 test
test storage_roundtrips_short_opaque_envelope_without_cipher_assumptions ... ok

test result: ok. 1 passed; 0 failed; 0 ignored; 0 measured; 0 filtered out; finished in 0.01s

     Running tests/process_adversarial.rs (work/coverage-run-wmbjmxcq/workspace/llvm-cov-target/debug/deps/process_adversarial-8ff7b92059817832)

running 1 test
test failed_reader_terminates_long_lived_child_without_owner_shutdown ... ok

test result: ok. 1 passed; 0 failed; 0 ignored; 0 measured; 0 filtered out; finished in 0.14s

     Running tests/process_bundled_image.rs (work/coverage-run-wmbjmxcq/workspace/llvm-cov-target/debug/deps/process_bundled_image-c312df81e33ba155)

running 5 tests
test bundled_fifo_probe ... ok
test bundled_image_rejects_symlink_and_directory ... ok
test bundled_image_rejects_altered_and_oversized_bytes ... ok
test bundled_fifo_is_rejected_without_waiting_for_a_writer ... ok
test bundled_exact_image_is_staged_before_source_disappears ... ok

test result: ok. 5 passed; 0 failed; 0 ignored; 0 measured; 0 filtered out; finished in 0.14s

     Running tests/process_contract.rs (work/coverage-run-wmbjmxcq/workspace/llvm-cov-target/debug/deps/process_contract-4ad86693a964aed7)

running 7 tests
test cancellation_bypasses_full_input_and_escalates_once ... ok
test controlling_terminal_echo_off_ordered_input_and_real_exit ... ok
test failed_spawn_releases_admission_and_drop_reaps_child ... ok
test resize_and_quiet_reader_shutdown_are_interruptible ... ok
test literal_arguments_empty_environment_overrides_and_canonical_roots ... ok
test blocked_output_does_not_block_exit_or_shutdown ... ok
test descendant_endpoint_has_bounded_drain_separate_from_exit ... ok

test result: ok. 7 passed; 0 failed; 0 ignored; 0 measured; 0 filtered out; finished in 0.79s

     Running tests/process_failure_isolation.rs (work/coverage-run-wmbjmxcq/workspace/llvm-cov-target/debug/deps/process_failure_isolation-11bf6831a8b40f81)

running 2 tests
test guardian_loss_reclaims_known_descendants_and_preserves_another_session ... ok
test sentinel_loss_reclaims_known_descendants_and_preserves_another_session ... ok

test result: ok. 2 passed; 0 failed; 0 ignored; 0 measured; 0 filtered out; finished in 0.25s

     Running tests/process_foreground_switch.rs (work/coverage-run-wmbjmxcq/workspace/llvm-cov-target/debug/deps/process_foreground_switch-1db1edd12c2c023d)

running 3 tests
test foreground_switch_fixture ... ok
test cancellation_cleans_both_foreground_generations_and_preserves_outside_session ... ok
test dispatch_ack_requires_a_distinct_verified_foreground_group ... ok

test result: ok. 3 passed; 0 failed; 0 ignored; 0 measured; 0 filtered out; finished in 0.62s

     Running tests/process_guardian_failures.rs (work/coverage-run-wmbjmxcq/workspace/llvm-cov-target/debug/deps/process_guardian_failures-7741ac3319121341)

running 2 tests
test guardian_loss_reports_supervision_failure_without_fabricated_workload_exit ... ok
test sentinel_loss_preserves_cleanup_and_reports_supervision_failure ... ok

test result: ok. 2 passed; 0 failed; 0 ignored; 0 measured; 0 filtered out; finished in 0.24s

     Running tests/process_handle_teardown.rs (work/coverage-run-wmbjmxcq/workspace/llvm-cov-target/debug/deps/process_handle_teardown-87c5454e5e95019d)

running 1 test
test retained_closed_handles_release_all_wake_descriptors ... ok

test result: ok. 1 passed; 0 failed; 0 ignored; 0 measured; 0 filtered out; finished in 0.23s

     Running tests/process_host_contract.rs (work/coverage-run-wmbjmxcq/workspace/llvm-cov-target/debug/deps/process_host_contract-5521ff431d228db7)

running 4 tests
test sigchld_policy_fixture ... ignored, runs only inside the isolated host-policy subprocess
test constructor_rejects_auto_reaping_policies_in_isolated_hosts ... ok
test unexpected_reader_failure_kills_long_lived_child_without_grace_delay ... ok
test backend_drop_ignores_twenty_four_hour_grace_and_reaps ... ok

test result: ok. 3 passed; 0 failed; 1 ignored; 0 measured; 0 filtered out; finished in 0.24s

     Running tests/process_pressure.rs (work/coverage-run-wmbjmxcq/workspace/llvm-cov-target/debug/deps/process_pressure-d9c4a1ddf030dc00)

running 4 tests
test symlinks_cannot_escape_allowed_launch_roots ... ok
test callback_panics_do_not_orphan_children_or_break_other_sessions ... ok
test simultaneous_producers_deliver_complete_bytes_and_quiet_cancel_remains_live ... ok
test stalled_input_times_out_with_partial_ack_and_retains_no_admission ... ok

test result: ok. 4 passed; 0 failed; 0 ignored; 0 measured; 0 filtered out; finished in 0.39s

     Running tests/process_reader_diagnostics.rs (work/coverage-run-wmbjmxcq/workspace/llvm-cov-target/debug/deps/process_reader_diagnostics-38d68f504c0f7af4)

running 2 tests
test actual_readers_count_allocated_scratch_across_reset_and_independent_exit ... ok
test actual_reader_caught_output_panic_releases_scratch_after_join ... ok

test result: ok. 2 passed; 0 failed; 0 ignored; 0 measured; 0 filtered out; finished in 0.23s

     Running tests/scheduling_adversarial.rs (work/coverage-run-wmbjmxcq/workspace/llvm-cov-target/debug/deps/scheduling_adversarial-6e40905c36875e88)

running 4 tests
test excessive_worker_counts_are_rejected_before_thread_creation ... ok
test impossible_blocking_queue_bound_returns_error_without_panicking ... ok
test impossible_registration_bounds_return_errors_without_panicking ... ok
test callback_owner_destructor_panic_does_not_destroy_worker_capacity ... ok

test result: ok. 4 passed; 0 failed; 0 ignored; 0 measured; 0 filtered out; finished in 0.00s

     Running tests/scheduling_blocking.rs (work/coverage-run-wmbjmxcq/workspace/llvm-cov-target/debug/deps/scheduling_blocking-281fa40bf12ce63a)

running 3 tests
test capacity_generation_preserves_early_notifications ... ok
test blocked_job_admission_is_bounded_and_shutdown_drains_accepted_jobs ... ok
test job_panic_does_not_kill_worker_and_drop_joins_work ... ok

test result: ok. 3 passed; 0 failed; 0 ignored; 0 measured; 0 filtered out; finished in 0.00s

     Running tests/scheduling_pool.rs (work/coverage-run-wmbjmxcq/workspace/llvm-cov-target/debug/deps/scheduling_pool-d13bc6643fef1ab7)

running 5 tests
test registration_caps_handle_drop_and_weak_drop_reclaim_slots ... ok
test callback_can_request_shutdown_without_self_join ... ok
test running_wakes_coalesce_without_overlap_and_close_releases_after_run ... ok
test panic_reports_failure_and_other_work_continues ... ok
test timer_fires_without_external_wake_and_finished_closes_handle ... ok

test result: ok. 5 passed; 0 failed; 0 ignored; 0 measured; 0 filtered out; finished in 0.01s

     Running tests/terminal_bounds.rs (work/coverage-run-wmbjmxcq/workspace/llvm-cov-target/debug/deps/terminal_bounds-2913fef890d0f367)

running 0 tests

test result: ok. 0 passed; 0 failed; 0 ignored; 0 measured; 0 filtered out; finished in 0.00s

     Running tests/terminal_contract.rs (work/coverage-run-wmbjmxcq/workspace/llvm-cov-target/debug/deps/terminal_contract-9f4742ec496551f9)

running 0 tests

test result: ok. 0 passed; 0 failed; 0 ignored; 0 measured; 0 filtered out; finished in 0.00s

     Running tests/terminal_cursor_roundtrip.rs (work/coverage-run-wmbjmxcq/workspace/llvm-cov-target/debug/deps/terminal_cursor_roundtrip-90a50bb6bc07c3ef)

running 0 tests

test result: ok. 0 passed; 0 failed; 0 ignored; 0 measured; 0 filtered out; finished in 0.00s

     Running tests/terminal_live_restore.rs (work/coverage-run-wmbjmxcq/workspace/llvm-cov-target/debug/deps/terminal_live_restore-99dbbf8c9e5bcf8c)

running 0 tests

test result: ok. 0 passed; 0 failed; 0 ignored; 0 measured; 0 filtered out; finished in 0.00s

     Running tests/terminal_view_edges.rs (work/coverage-run-wmbjmxcq/workspace/llvm-cov-target/debug/deps/terminal_view_edges-ca87a151c9c86e65)

running 0 tests

test result: ok. 0 passed; 0 failed; 0 ignored; 0 measured; 0 filtered out; finished in 0.00s

     Running unittests examples/guardian_resources.rs (work/coverage-run-wmbjmxcq/workspace/llvm-cov-target/debug/examples/guardian_resources-8110fd32ab818bfc)

running 0 tests

test result: ok. 0 passed; 0 failed; 0 ignored; 0 measured; 0 filtered out; finished in 0.00s

     Running unittests examples/terminal_corpus.rs (work/coverage-run-wmbjmxcq/workspace/llvm-cov-target/debug/examples/terminal_corpus-a04b892bde98672d)

running 0 tests

test result: ok. 0 passed; 0 failed; 0 ignored; 0 measured; 0 filtered out; finished in 0.00s

