test_darwin_cpu_minutes_continue_past_one_hour (test_load_diagnostics.LoadDiagnostics) ... ok
test_empty_lsof_failure_identifies_command_and_pids (test_load_diagnostics.LoadDiagnostics) ... ok
test_failed_census_retains_child_exit_and_queued_stderr (test_load_diagnostics.LoadDiagnostics) ... ok
test_failed_checkpoint_acknowledgement_does_not_escape_cleanup (test_load_diagnostics.LoadDiagnostics) ... ok
test_missing_ps_process_identifies_missing_pid (test_load_diagnostics.LoadDiagnostics) ... ok
test_success_closes_owned_pipes_after_final_output_and_exit (test_load_diagnostics.LoadDiagnostics) ... FAIL
test_unavailable_idle_cpu_cannot_pass_target_but_is_not_correctness_failure (test_load_diagnostics.LoadDiagnostics) ... /Library/Developer/CommandLineTools/Library/Frameworks/Python3.framework/Versions/3.9/lib/python3.9/unittest/mock.py:2059: ResourceWarning: unclosed file <_io.TextIOWrapper name=5 encoding='UTF-8'>
  setattr(_type, entry, MagicProxy(entry, self))
ResourceWarning: Enable tracemalloc to get the object allocation traceback
/Library/Developer/CommandLineTools/Library/Frameworks/Python3.framework/Versions/3.9/lib/python3.9/unittest/mock.py:2059: ResourceWarning: unclosed file <_io.TextIOWrapper name=6 encoding='UTF-8'>
  setattr(_type, entry, MagicProxy(entry, self))
ResourceWarning: Enable tracemalloc to get the object allocation traceback
/Users/nessa/Documents/NessaLabs/pty-runtime/scripts/tests/test_load_diagnostics.py:88: ResourceWarning: unclosed file <_io.TextIOWrapper name=5 encoding='UTF-8'>
  self.assertTrue(load.trial(binary, {'seconds': 1, 'warmup': 0, 'active': 0, 'mode': 'idle'}, destination, True, 1, {}, 5))
ResourceWarning: Enable tracemalloc to get the object allocation traceback
/Users/nessa/Documents/NessaLabs/pty-runtime/scripts/tests/test_load_diagnostics.py:88: ResourceWarning: unclosed file <_io.TextIOWrapper name=6 encoding='UTF-8'>
  self.assertTrue(load.trial(binary, {'seconds': 1, 'warmup': 0, 'active': 0, 'mode': 'idle'}, destination, True, 1, {}, 5))
ResourceWarning: Enable tracemalloc to get the object allocation traceback
ok
test_vanished_lsof_process_uses_owner_fallback_with_evidence (test_load_diagnostics.LoadDiagnostics) ... ok

======================================================================
FAIL: test_success_closes_owned_pipes_after_final_output_and_exit (test_load_diagnostics.LoadDiagnostics)
----------------------------------------------------------------------
Traceback (most recent call last):
  File "/Users/nessa/Documents/NessaLabs/pty-runtime/scripts/tests/test_load_diagnostics.py", line 112, in test_success_closes_owned_pipes_after_final_output_and_exit
    self.assertTrue(child.stdin.closed, 'owned stdin remains open after successful trial')
AssertionError: False is not true : owned stdin remains open after successful trial

----------------------------------------------------------------------
Ran 8 tests in 0.913s

FAILED (failures=1)
