   Compiling pty-runtime-infrastructure v0.1.0 (/home/user/Documents/pty-runtime-resumed/crates/infrastructure)
warning: unused import: `mem::MaybeUninit`
 --> crates/infrastructure/src/process/image_materialize.rs:5:5
  |
5 |     mem::MaybeUninit,
  |     ^^^^^^^^^^^^^^^^
  |
  = note: `#[warn(unused_imports)]` (part of `#[warn(unused)]`) on by default

warning: function `reap` is never used
  --> crates/infrastructure/src/process/image_materialize.rs:49:4
   |
49 | fn reap(pid: libc::pid_t) -> Result<(), ProcessError> {
   |    ^^^^
   |
   = note: `#[warn(dead_code)]` (part of `#[warn(unused)]`) on by default

warning: field `control` is never read
  --> crates/infrastructure/src/process/image_materialize_hook.rs:12:5
   |
10 | pub(super) struct Hook<'a> {
   |                   ---- field in this struct
11 |     parent: libc::pid_t,
12 |     control: UnixStream,
   |     ^^^^^^^

warning: method `observe` is never used
  --> crates/infrastructure/src/process/image_materialize_hook.rs:58:19
   |
16 | impl<'a> Hook<'a> {
   | ----------------- method in this implementation
...
58 |     pub(super) fn observe(&self) -> std::thread::Result<io::Result<()>> {
   |                   ^^^^^^^

warning: `pty-runtime-infrastructure` (lib test) generated 4 warnings (run `cargo fix --lib -p pty-runtime-infrastructure --tests` to apply 1 suggestion)
    Finished `test` profile [unoptimized + debuginfo] target(s) in 0.89s
     Running unittests src/lib.rs (target/debug/deps/pty_runtime_infrastructure-c20ebf329985d666)

running 1 test

thread 'process::image::fork_tests::constructor_image_executes_while_unrelated_child_is_between_fork_and_exec' (551195) panicked at crates/infrastructure/src/process/../../tests/fixtures/process_image_fork.rs:161:5:
constructed helper exec blocked by unrelated pre-exec child: kind=Some(ExecutableFileBusy) errno=Some(26)
note: run with `RUST_BACKTRACE=1` environment variable to display a backtrace
test process::image::fork_tests::constructor_image_executes_while_unrelated_child_is_between_fork_and_exec ... FAILED

failures:

failures:
    process::image::fork_tests::constructor_image_executes_while_unrelated_child_is_between_fork_and_exec

test result: FAILED. 0 passed; 1 failed; 0 ignored; 0 measured; 16 filtered out; finished in 0.01s

error: test failed, to rerun pass `-p pty-runtime-infrastructure --lib`
