316821 +++ exited with 0 +++
316836 +++ exited with 0 +++
316832 +++ killed by SIGKILL +++
316830 --- SIGCHLD {si_signo=SIGCHLD, si_code=CLD_KILLED, si_pid=316832, si_uid=1000, si_status=SIGKILL, si_utime=0, si_stime=0} ---
316840 +++ exited with 0 +++
316834 --- SIGCHLD {si_signo=SIGCHLD, si_code=CLD_EXITED, si_pid=316840, si_uid=1000, si_status=0, si_utime=0, si_stime=0} ---
316834 --- SIGTERM {si_signo=SIGTERM, si_code=SI_USER, si_pid=316831, si_uid=1000} ---
316839 +++ exited with 0 +++
316834 +++ killed by SIGTERM +++
316831 clone(child_stack=NULL, flags=CLONE_CHILD_CLEARTID|CLONE_CHILD_SETTID|SIGCHLD, child_tidptr=0x7907de5a7a10) = ? ERESTARTNOINTR (To be restarted)
316838 --- SIGCHLD {si_signo=SIGCHLD, si_code=CLD_EXITED, si_pid=316839, si_uid=1000, si_status=0, si_utime=0, si_stime=0} ---
316831 --- SIGCHLD {si_signo=SIGCHLD, si_code=CLD_KILLED, si_pid=316834, si_uid=1000, si_status=SIGTERM, si_utime=0, si_stime=0} ---
316843 +++ exited with 0 +++
316837 +++ exited with 0 +++
316845 +++ exited with 0 +++
316831 --- SIGCHLD {si_signo=SIGCHLD, si_code=CLD_EXITED, si_pid=316845, si_uid=1000, si_status=0, si_utime=0, si_stime=0} ---
316846 +++ exited with 0 +++
316842 --- SIGCHLD {si_signo=SIGCHLD, si_code=CLD_EXITED, si_pid=316846, si_uid=1000, si_status=0, si_utime=0, si_stime=0} ---
316830 +++ killed by SIGKILL +++
316829 --- SIGCHLD {si_signo=SIGCHLD, si_code=CLD_KILLED, si_pid=316830, si_uid=1000, si_status=SIGKILL, si_utime=0, si_stime=0} ---
316842 +++ exited with 0 +++
316841 --- SIGCHLD {si_signo=SIGCHLD, si_code=CLD_EXITED, si_pid=316842, si_uid=1000, si_status=0, si_utime=0, si_stime=0} ---
316844 +++ exited with 0 +++
316825 +++ exited with 0 +++
316820 +++ exited with 0 +++
316829 +++ killed by SIGKILL +++
316823 --- SIGCHLD {si_signo=SIGCHLD, si_code=CLD_KILLED, si_pid=316829, si_uid=1000, si_status=SIGKILL, si_utime=0, si_stime=0} ---
316823 +++ exited with 0 +++
316816 +++ exited with 0 +++
316849 +++ exited with 3 +++
316848 --- SIGCHLD {si_signo=SIGCHLD, si_code=CLD_EXITED, si_pid=316849, si_uid=1000, si_status=3, si_utime=0, si_stime=0} ---
316850 +++ exited with 0 +++
316838 +++ killed by SIGKILL +++
316835 --- SIGCHLD {si_signo=SIGCHLD, si_code=CLD_KILLED, si_pid=316838, si_uid=1000, si_status=SIGKILL, si_utime=0, si_stime=1 /* 0.01 s */} ---
316831 +++ killed by SIGKILL +++
316828 --- SIGCHLD {si_signo=SIGCHLD, si_code=CLD_KILLED, si_pid=316831, si_uid=1000, si_status=SIGKILL, si_utime=0, si_stime=0} ---
316841 +++ killed by SIGKILL +++
316833 --- SIGCHLD {si_signo=SIGCHLD, si_code=CLD_KILLED, si_pid=316841, si_uid=1000, si_status=SIGKILL, si_utime=0, si_stime=1 /* 0.01 s */} ---
316824 +++ exited with 0 +++
316835 +++ killed by SIGKILL +++
316827 --- SIGCHLD {si_signo=SIGCHLD, si_code=CLD_KILLED, si_pid=316835, si_uid=1000, si_status=SIGKILL, si_utime=0, si_stime=0} ---
316827 +++ exited with 0 +++
316819 +++ exited with 0 +++
316828 +++ killed by SIGKILL +++
316822 --- SIGCHLD {si_signo=SIGCHLD, si_code=CLD_KILLED, si_pid=316828, si_uid=1000, si_status=SIGKILL, si_utime=0, si_stime=0} ---
316833 +++ killed by SIGKILL +++
316815 --- SIGCHLD {si_signo=SIGCHLD, si_code=CLD_KILLED, si_pid=316833, si_uid=1000, si_status=SIGKILL, si_utime=0, si_stime=0} ---
316822 +++ exited with 0 +++
316817 +++ exited with 0 +++
316848 +++ killed by SIGKILL +++
316847 --- SIGCHLD {si_signo=SIGCHLD, si_code=CLD_KILLED, si_pid=316848, si_uid=1000, si_status=SIGKILL, si_utime=0, si_stime=1 /* 0.01 s */} ---
316847 +++ killed by SIGKILL +++
316815 --- SIGCHLD {si_signo=SIGCHLD, si_code=CLD_KILLED, si_pid=316847, si_uid=1000, si_status=SIGKILL, si_utime=0, si_stime=0} ---
316826 +++ exited with 0 +++
316818 +++ exited with 0 +++
316815 +++ exited with 0 +++
