317015 +++ exited with 0 +++
317033 +++ exited with 0 +++
317030 +++ killed by SIGKILL +++
317026 --- SIGCHLD {si_signo=SIGCHLD, si_code=CLD_KILLED, si_pid=317030, si_uid=1000, si_status=SIGKILL, si_utime=0, si_stime=0} ---
317038 +++ exited with 0 +++
317031 --- SIGCHLD {si_signo=SIGCHLD, si_code=CLD_EXITED, si_pid=317038, si_uid=1000, si_status=0, si_utime=0, si_stime=0} ---
317031 --- SIGTERM {si_signo=SIGTERM, si_code=SI_USER, si_pid=317028, si_uid=1000} ---
317031 +++ killed by SIGTERM +++
317028 --- SIGCHLD {si_signo=SIGCHLD, si_code=CLD_KILLED, si_pid=317031, si_uid=1000, si_status=SIGTERM, si_utime=0, si_stime=0} ---
317036 +++ exited with 0 +++
317039 +++ exited with 0 +++
317032 --- SIGCHLD {si_signo=SIGCHLD, si_code=CLD_EXITED, si_pid=317039, si_uid=1000, si_status=0, si_utime=0, si_stime=0} ---
317041 +++ exited with 0 +++
317028 --- SIGCHLD {si_signo=SIGCHLD, si_code=CLD_EXITED, si_pid=317041, si_uid=1000, si_status=0, si_utime=0, si_stime=0} ---
317035 +++ exited with 0 +++
317034 --- SIGCHLD {si_signo=SIGCHLD, si_code=CLD_EXITED, si_pid=317035, si_uid=1000, si_status=0, si_utime=0, si_stime=0} ---
317040 +++ exited with 0 +++
317032 +++ exited with 0 +++
317029 --- SIGCHLD {si_signo=SIGCHLD, si_code=CLD_EXITED, si_pid=317032, si_uid=1000, si_status=0, si_utime=0, si_stime=0} ---
317037 +++ exited with 0 +++
317021 +++ exited with 0 +++
317017 +++ exited with 0 +++
317026 +++ killed by SIGKILL +++
317023 --- SIGCHLD {si_signo=SIGCHLD, si_code=CLD_KILLED, si_pid=317026, si_uid=1000, si_status=SIGKILL, si_utime=0, si_stime=0} ---
317034 +++ killed by SIGKILL +++
317027 --- SIGCHLD {si_signo=SIGCHLD, si_code=CLD_KILLED, si_pid=317034, si_uid=1000, si_status=SIGKILL, si_utime=0, si_stime=1 /* 0.01 s */} ---
317023 +++ killed by SIGKILL +++
317046 --- SIGCHLD {si_signo=SIGCHLD, si_code=CLD_KILLED, si_pid=317023, si_uid=1000, si_status=SIGKILL, si_utime=0, si_stime=0} ---
317045 +++ exited with 3 +++
317044 --- SIGCHLD {si_signo=SIGCHLD, si_code=CLD_EXITED, si_pid=317045, si_uid=1000, si_status=3, si_utime=0, si_stime=0} ---
317046 +++ exited with 0 +++
317016 +++ exited with 0 +++
317011 +++ exited with 0 +++
317028 +++ killed by SIGKILL +++
317024 --- SIGCHLD {si_signo=SIGCHLD, si_code=CLD_KILLED, si_pid=317028, si_uid=1000, si_status=SIGKILL, si_utime=0, si_stime=0} ---
317029 +++ killed by SIGKILL +++
317025 --- SIGCHLD {si_signo=SIGCHLD, si_code=CLD_KILLED, si_pid=317029, si_uid=1000, si_status=SIGKILL, si_utime=0, si_stime=0} ---
317019 +++ exited with 0 +++
317027 +++ killed by SIGKILL +++
317010 --- SIGCHLD {si_signo=SIGCHLD, si_code=CLD_KILLED, si_pid=317027, si_uid=1000, si_status=SIGKILL, si_utime=0, si_stime=0} ---
317022 +++ exited with 0 +++
317014 +++ exited with 0 +++
317024 +++ killed by SIGKILL +++
317018 --- SIGCHLD {si_signo=SIGCHLD, si_code=CLD_KILLED, si_pid=317024, si_uid=1000, si_status=SIGKILL, si_utime=0, si_stime=1 /* 0.01 s */} ---
317025 +++ killed by SIGKILL +++
317010 --- SIGCHLD {si_signo=SIGCHLD, si_code=CLD_KILLED, si_pid=317025, si_uid=1000, si_status=SIGKILL, si_utime=0, si_stime=0} ---
317018 +++ exited with 0 +++
317012 +++ exited with 0 +++
317044 +++ killed by SIGKILL +++
317043 --- SIGCHLD {si_signo=SIGCHLD, si_code=CLD_KILLED, si_pid=317044, si_uid=1000, si_status=SIGKILL, si_utime=0, si_stime=1 /* 0.01 s */} ---
317043 +++ killed by SIGKILL +++
317010 --- SIGCHLD {si_signo=SIGCHLD, si_code=CLD_KILLED, si_pid=317043, si_uid=1000, si_status=SIGKILL, si_utime=0, si_stime=0} ---
317020 +++ exited with 0 +++
317013 +++ exited with 0 +++
317010 +++ exited with 0 +++
