317094 +++ exited with 0 +++
317113 +++ exited with 0 +++
317110 +++ killed by SIGKILL +++
317106 --- SIGCHLD {si_signo=SIGCHLD, si_code=CLD_KILLED, si_pid=317110, si_uid=1000, si_status=SIGKILL, si_utime=0, si_stime=0} ---
317109 +++ exited with 0 +++
317107 --- SIGCHLD {si_signo=SIGCHLD, si_code=CLD_EXITED, si_pid=317109, si_uid=1000, si_status=0, si_utime=0, si_stime=0} ---
317116 +++ exited with 0 +++
317117 +++ exited with 0 +++
317111 --- SIGCHLD {si_signo=SIGCHLD, si_code=CLD_EXITED, si_pid=317117, si_uid=1000, si_status=0, si_utime=0, si_stime=0} ---
317111 --- SIGTERM {si_signo=SIGTERM, si_code=SI_USER, si_pid=317108, si_uid=1000} ---
317111 +++ killed by SIGTERM +++
317108 --- SIGCHLD {si_signo=SIGCHLD, si_code=CLD_KILLED, si_pid=317111, si_uid=1000, si_status=SIGTERM, si_utime=0, si_stime=0} ---
317114 +++ exited with 0 +++
317120 +++ exited with 0 +++
317108 --- SIGCHLD {si_signo=SIGCHLD, si_code=CLD_EXITED, si_pid=317120, si_uid=1000, si_status=0, si_utime=0, si_stime=0} ---
317119 +++ exited with 0 +++
317115 --- SIGCHLD {si_signo=SIGCHLD, si_code=CLD_EXITED, si_pid=317119, si_uid=1000, si_status=0, si_utime=0, si_stime=0} ---
317115 +++ exited with 0 +++
317112 --- SIGCHLD {si_signo=SIGCHLD, si_code=CLD_EXITED, si_pid=317115, si_uid=1000, si_status=0, si_utime=0, si_stime=0} ---
317096 +++ exited with 0 +++
317118 +++ exited with 0 +++
317097 +++ exited with 0 +++
317106 +++ killed by SIGKILL +++
317102 --- SIGCHLD {si_signo=SIGCHLD, si_code=CLD_KILLED, si_pid=317106, si_uid=1000, si_status=SIGKILL, si_utime=0, si_stime=0} ---
317102 +++ killed by SIGKILL +++
317089 --- SIGCHLD {si_signo=SIGCHLD, si_code=CLD_KILLED, si_pid=317102, si_uid=1000, si_status=SIGKILL, si_utime=0, si_stime=0} ---
317123 +++ exited with 3 +++
317108 +++ killed by SIGKILL +++
317105 --- SIGCHLD {si_signo=SIGCHLD, si_code=CLD_KILLED, si_pid=317108, si_uid=1000, si_status=SIGKILL, si_utime=0, si_stime=1 /* 0.01 s */} ---
317122 --- SIGCHLD {si_signo=SIGCHLD, si_code=CLD_EXITED, si_pid=317123, si_uid=1000, si_status=3, si_utime=0, si_stime=0} ---
317124 +++ exited with 0 +++
317095 +++ exited with 0 +++
317107 +++ killed by SIGKILL +++
317103 --- SIGCHLD {si_signo=SIGCHLD, si_code=CLD_KILLED, si_pid=317107, si_uid=1000, si_status=SIGKILL, si_utime=0, si_stime=1 /* 0.01 s */} ---
317090 +++ exited with 0 +++
317112 +++ killed by SIGKILL +++
317104 --- SIGCHLD {si_signo=SIGCHLD, si_code=CLD_KILLED, si_pid=317112, si_uid=1000, si_status=SIGKILL, si_utime=0, si_stime=1 /* 0.01 s */} ---
317099 +++ exited with 0 +++
317105 +++ killed by SIGKILL +++
317100 --- SIGCHLD {si_signo=SIGCHLD, si_code=CLD_KILLED, si_pid=317105, si_uid=1000, si_status=SIGKILL, si_utime=0, si_stime=1 /* 0.01 s */} ---
317100 +++ exited with 0 +++
317091 +++ exited with 0 +++
317103 +++ killed by SIGKILL +++
317098 --- SIGCHLD {si_signo=SIGCHLD, si_code=CLD_KILLED, si_pid=317103, si_uid=1000, si_status=SIGKILL, si_utime=0, si_stime=1 /* 0.01 s */} ---
317098 +++ exited with 0 +++
317093 +++ exited with 0 +++
317104 +++ killed by SIGKILL +++
317101 --- SIGCHLD {si_signo=SIGCHLD, si_code=CLD_KILLED, si_pid=317104, si_uid=1000, si_status=SIGKILL, si_utime=0, si_stime=1 /* 0.01 s */} ---
317122 +++ killed by SIGKILL +++
317121 --- SIGCHLD {si_signo=SIGCHLD, si_code=CLD_KILLED, si_pid=317122, si_uid=1000, si_status=SIGKILL, si_utime=0, si_stime=1 /* 0.01 s */} ---
317121 +++ killed by SIGKILL +++
317089 --- SIGCHLD {si_signo=SIGCHLD, si_code=CLD_KILLED, si_pid=317121, si_uid=1000, si_status=SIGKILL, si_utime=0, si_stime=3 /* 0.03 s */} ---
317101 +++ exited with 0 +++
317092 +++ exited with 0 +++
317089 +++ exited with 0 +++
