317154 +++ exited with 0 +++
317150 --- SIGCHLD {si_signo=SIGCHLD, si_code=CLD_EXITED, si_pid=317154, si_uid=1000, si_status=0, si_utime=0, si_stime=0} ---
317157 +++ exited with 0 +++
317150 --- SIGTERM {si_signo=SIGTERM, si_code=SI_USER, si_pid=317147, si_uid=1000} ---
317150 +++ killed by SIGTERM +++
317147 --- SIGCHLD {si_signo=SIGCHLD, si_code=CLD_KILLED, si_pid=317150, si_uid=1000, si_status=SIGTERM, si_utime=0, si_stime=0} ---
317137 +++ exited with 0 +++
317152 +++ killed by SIGKILL +++
317149 --- SIGCHLD {si_signo=SIGCHLD, si_code=CLD_KILLED, si_pid=317152, si_uid=1000, si_status=SIGKILL, si_utime=0, si_stime=0} ---
317155 +++ exited with 0 +++
317158 +++ exited with 0 +++
317151 --- SIGCHLD {si_signo=SIGCHLD, si_code=CLD_EXITED, si_pid=317158, si_uid=1000, si_status=0, si_utime=0, si_stime=0} ---
317160 +++ exited with 0 +++
317147 --- SIGCHLD {si_signo=SIGCHLD, si_code=CLD_EXITED, si_pid=317160, si_uid=1000, si_status=0, si_utime=0, si_stime=0} ---
317156 +++ exited with 0 +++
317153 --- SIGCHLD {si_signo=SIGCHLD, si_code=CLD_EXITED, si_pid=317156, si_uid=1000, si_status=0, si_utime=0, si_stime=0} ---
317151 +++ exited with 0 +++
317161 +++ exited with 0 +++
317148 --- SIGCHLD {si_signo=SIGCHLD, si_code=CLD_EXITED, si_pid=317151, si_uid=1000, si_status=0, si_utime=0, si_stime=0} ---
317159 +++ exited with 0 +++
317142 +++ exited with 0 +++
317136 +++ exited with 0 +++
317149 +++ killed by SIGKILL +++
317145 --- SIGCHLD {si_signo=SIGCHLD, si_code=CLD_KILLED, si_pid=317149, si_uid=1000, si_status=SIGKILL, si_utime=0, si_stime=0} ---
317164 +++ exited with 3 +++
317163 --- SIGCHLD {si_signo=SIGCHLD, si_code=CLD_EXITED, si_pid=317164, si_uid=1000, si_status=3, si_utime=0, si_stime=0} ---
317165 +++ exited with 0 +++
317153 +++ killed by SIGKILL +++
317146 --- SIGCHLD {si_signo=SIGCHLD, si_code=CLD_KILLED, si_pid=317153, si_uid=1000, si_status=SIGKILL, si_utime=0, si_stime=1 /* 0.01 s */} ---
317145 +++ killed by SIGKILL +++
317128 --- SIGCHLD {si_signo=SIGCHLD, si_code=CLD_KILLED, si_pid=317145, si_uid=1000, si_status=SIGKILL, si_utime=0, si_stime=0} ---
317140 +++ exited with 0 +++
317147 +++ killed by SIGKILL +++
317148 +++ killed by SIGKILL +++
317144 --- SIGCHLD {si_signo=SIGCHLD, si_code=CLD_KILLED, si_pid=317148, si_uid=1000, si_status=SIGKILL, si_utime=0, si_stime=1 /* 0.01 s */} ---
317141 --- SIGCHLD {si_signo=SIGCHLD, si_code=CLD_KILLED, si_pid=317147, si_uid=1000, si_status=SIGKILL, si_utime=0, si_stime=1 /* 0.01 s */} ---
317131 +++ exited with 0 +++
317135 +++ exited with 0 +++
317146 +++ killed by SIGKILL +++
317143 --- SIGCHLD {si_signo=SIGCHLD, si_code=CLD_KILLED, si_pid=317146, si_uid=1000, si_status=SIGKILL, si_utime=0, si_stime=1 /* 0.01 s */} ---
317143 +++ exited with 0 +++
317144 +++ killed by SIGKILL +++
317134 --- SIGCHLD {si_signo=SIGCHLD, si_code=CLD_KILLED, si_pid=317144, si_uid=1000, si_status=SIGKILL, si_utime=0, si_stime=1 /* 0.01 s */} ---
317134 +++ exited with 0 +++
317141 +++ killed by SIGKILL +++
317128 --- SIGCHLD {si_signo=SIGCHLD, si_code=CLD_KILLED, si_pid=317141, si_uid=1000, si_status=SIGKILL, si_utime=0, si_stime=0} ---
317139 +++ exited with 0 +++
317132 +++ exited with 0 +++
317163 +++ killed by SIGKILL +++
317162 --- SIGCHLD {si_signo=SIGCHLD, si_code=CLD_KILLED, si_pid=317163, si_uid=1000, si_status=SIGKILL, si_utime=0, si_stime=3 /* 0.03 s */} ---
317162 +++ killed by SIGKILL +++
317128 --- SIGCHLD {si_signo=SIGCHLD, si_code=CLD_KILLED, si_pid=317162, si_uid=1000, si_status=SIGKILL, si_utime=0, si_stime=3 /* 0.03 s */} ---
317138 +++ exited with 0 +++
317133 +++ exited with 0 +++
317128 +++ exited with 0 +++
