317185 +++ exited with 0 +++
317184 --- SIGCHLD {si_signo=SIGCHLD, si_code=CLD_EXITED, si_pid=317185, si_uid=1000, si_status=0, si_utime=0, si_stime=0} ---
317188 +++ exited with 0 +++
317192 +++ exited with 0 +++
317190 --- SIGCHLD {si_signo=SIGCHLD, si_code=CLD_EXITED, si_pid=317192, si_uid=1000, si_status=0, si_utime=0, si_stime=0} ---
317190 +++ exited with 0 +++
317189 --- SIGCHLD {si_signo=SIGCHLD, si_code=CLD_EXITED, si_pid=317190, si_uid=1000, si_status=0, si_utime=0, si_stime=0} ---
317195 +++ exited with 0 +++
317178 +++ exited with 0 +++
317199 +++ exited with 0 +++
317196 +++ killed by SIGKILL +++
317193 --- SIGCHLD {si_signo=SIGCHLD, si_code=CLD_KILLED, si_pid=317196, si_uid=1000, si_status=SIGKILL, si_utime=0, si_stime=1 /* 0.01 s */} ---
317198 +++ exited with 0 +++
317194 --- SIGCHLD {si_signo=SIGCHLD, si_code=CLD_EXITED, si_pid=317198, si_uid=1000, si_status=0, si_utime=0, si_stime=0} ---
317174 +++ exited with 0 +++
317194 --- SIGTERM {si_signo=SIGTERM, si_code=SI_USER, si_pid=317191, si_uid=1000} ---
317194 +++ killed by SIGTERM +++
317191 --- SIGCHLD {si_signo=SIGCHLD, si_code=CLD_KILLED, si_pid=317194, si_uid=1000, si_status=SIGTERM, si_utime=0, si_stime=0} ---
317197 +++ exited with 0 +++
317200 --- SIGTERM {si_signo=SIGTERM, si_code=SI_USER, si_pid=317200, si_uid=1000} ---
317193 +++ killed by SIGKILL +++
317186 --- SIGCHLD {si_signo=SIGCHLD, si_code=CLD_KILLED, si_pid=317193, si_uid=1000, si_status=SIGKILL, si_utime=0, si_stime=0} ---
317180 +++ exited with 0 +++
317203 +++ exited with 3 +++
317202 --- SIGCHLD {si_signo=SIGCHLD, si_code=CLD_EXITED, si_pid=317203, si_uid=1000, si_status=3, si_utime=0, si_stime=0} ---
317204 +++ exited with 0 +++
317184 +++ killed by SIGKILL +++
317179 --- SIGCHLD {si_signo=SIGCHLD, si_code=CLD_KILLED, si_pid=317184, si_uid=1000, si_status=SIGKILL, si_utime=0, si_stime=1 /* 0.01 s */} ---
317200 +++ killed by SIGKILL +++
317191 --- SIGCHLD {si_signo=SIGCHLD, si_code=CLD_KILLED, si_pid=317200, si_uid=1000, si_status=SIGKILL, si_utime=0, si_stime=0} ---
317189 +++ killed by SIGKILL +++
317183 --- SIGCHLD {si_signo=SIGCHLD, si_code=CLD_KILLED, si_pid=317189, si_uid=1000, si_status=SIGKILL, si_utime=0, si_stime=1 /* 0.01 s */} ---
317186 +++ killed by SIGKILL +++
317181 --- SIGCHLD {si_signo=SIGCHLD, si_code=CLD_KILLED, si_pid=317186, si_uid=1000, si_status=SIGKILL, si_utime=0, si_stime=1 /* 0.01 s */} ---
317175 +++ exited with 0 +++
317181 +++ exited with 0 +++
317170 +++ exited with 0 +++
317179 +++ killed by SIGKILL +++
317182 --- SIGCHLD {si_signo=SIGCHLD, si_code=CLD_KILLED, si_pid=317179, si_uid=1000, si_status=SIGKILL, si_utime=0, si_stime=0} ---
317191 +++ killed by SIGKILL +++
317187 --- SIGCHLD {si_signo=SIGCHLD, si_code=CLD_KILLED, si_pid=317191, si_uid=1000, si_status=SIGKILL, si_utime=0, si_stime=1 /* 0.01 s */} ---
317176 +++ exited with 0 +++
317173 +++ exited with 0 +++
317183 +++ killed by SIGKILL +++
317177 --- SIGCHLD {si_signo=SIGCHLD, si_code=CLD_KILLED, si_pid=317183, si_uid=1000, si_status=SIGKILL, si_utime=0, si_stime=1 /* 0.01 s */} ---
317202 +++ killed by SIGKILL +++
317201 --- SIGCHLD {si_signo=SIGCHLD, si_code=CLD_KILLED, si_pid=317202, si_uid=1000, si_status=SIGKILL, si_utime=0, si_stime=1 /* 0.01 s */} ---
317187 +++ killed by SIGKILL +++
317169 --- SIGCHLD {si_signo=SIGCHLD, si_code=CLD_KILLED, si_pid=317187, si_uid=1000, si_status=SIGKILL, si_utime=0, si_stime=1 /* 0.01 s */} ---
317182 +++ exited with 0 +++
317171 +++ exited with 0 +++
317201 +++ killed by SIGKILL +++
317177 --- SIGCHLD {si_signo=SIGCHLD, si_code=CLD_KILLED, si_pid=317201, si_uid=1000, si_status=SIGKILL, si_utime=0, si_stime=0} ---
317177 +++ exited with 0 +++
317172 +++ exited with 0 +++
317169 +++ exited with 0 +++
