317311 +++ exited with 0 +++
317304 --- SIGCHLD {si_signo=SIGCHLD, si_code=CLD_EXITED, si_pid=317311, si_uid=1000, si_status=0, si_utime=0, si_stime=0} ---
317295 +++ exited with 0 +++
317315 +++ exited with 0 +++
317310 +++ exited with 0 +++
317306 --- SIGCHLD {si_signo=SIGCHLD, si_code=CLD_EXITED, si_pid=317310, si_uid=1000, si_status=0, si_utime=0, si_stime=0} ---
317312 +++ killed by SIGKILL +++
317308 --- SIGCHLD {si_signo=SIGCHLD, si_code=CLD_KILLED, si_pid=317312, si_uid=1000, si_status=SIGKILL, si_utime=0, si_stime=0} ---
317316 +++ exited with 0 +++
317309 --- SIGCHLD {si_signo=SIGCHLD, si_code=CLD_EXITED, si_pid=317316, si_uid=1000, si_status=0, si_utime=0, si_stime=0} ---
317314 +++ exited with 0 +++
317304 +++ exited with 0 +++
317303 --- SIGCHLD {si_signo=SIGCHLD, si_code=CLD_EXITED, si_pid=317304, si_uid=1000, si_status=0, si_utime=0, si_stime=0} ---
317309 --- SIGTERM {si_signo=SIGTERM, si_code=SI_USER, si_pid=317305, si_uid=1000} ---
317309 +++ killed by SIGTERM +++
317305 --- SIGCHLD {si_signo=SIGCHLD, si_code=CLD_KILLED, si_pid=317309, si_uid=1000, si_status=SIGTERM, si_utime=0, si_stime=0} ---
317307 +++ exited with 0 +++
317313 +++ exited with 0 +++
317319 +++ exited with 0 +++
317305 --- SIGCHLD {si_signo=SIGCHLD, si_code=CLD_EXITED, si_pid=317319, si_uid=1000, si_status=0, si_utime=0, si_stime=0} ---
317292 +++ exited with 0 +++
317308 +++ killed by SIGKILL +++
317302 --- SIGCHLD {si_signo=SIGCHLD, si_code=CLD_KILLED, si_pid=317308, si_uid=1000, si_status=SIGKILL, si_utime=0, si_stime=0} ---
317297 +++ exited with 0 +++
317305 +++ killed by SIGKILL +++
317300 --- SIGCHLD {si_signo=SIGCHLD, si_code=CLD_KILLED, si_pid=317305, si_uid=1000, si_status=SIGKILL, si_utime=0, si_stime=0} ---
317337 +++ exited with 3 +++
317333 --- SIGCHLD {si_signo=SIGCHLD, si_code=CLD_EXITED, si_pid=317337, si_uid=1000, si_status=3, si_utime=0, si_stime=0} ---
317338 +++ exited with 0 +++
317300 +++ killed by SIGKILL +++
317294 --- SIGCHLD {si_signo=SIGCHLD, si_code=CLD_KILLED, si_pid=317300, si_uid=1000, si_status=SIGKILL, si_utime=0, si_stime=0} ---
317294 +++ exited with 0 +++
317288 +++ exited with 0 +++
317302 +++ killed by SIGKILL +++
317286 --- SIGCHLD {si_signo=SIGCHLD, si_code=CLD_KILLED, si_pid=317302, si_uid=1000, si_status=SIGKILL, si_utime=0, si_stime=1 /* 0.01 s */} ---
317296 +++ exited with 0 +++
317291 +++ exited with 0 +++
317287 +++ exited with 0 +++
317306 +++ killed by SIGKILL +++
317301 --- SIGCHLD {si_signo=SIGCHLD, si_code=CLD_KILLED, si_pid=317306, si_uid=1000, si_status=SIGKILL, si_utime=0, si_stime=0} ---
317303 +++ killed by SIGKILL +++
317299 --- SIGCHLD {si_signo=SIGCHLD, si_code=CLD_KILLED, si_pid=317303, si_uid=1000, si_status=SIGKILL, si_utime=0, si_stime=1 /* 0.01 s */} ---
317301 +++ killed by SIGKILL +++
317286 --- SIGCHLD {si_signo=SIGCHLD, si_code=CLD_KILLED, si_pid=317301, si_uid=1000, si_status=SIGKILL, si_utime=0, si_stime=0} ---
317298 +++ exited with 0 +++
317290 +++ exited with 0 +++
317333 +++ killed by SIGKILL +++
317328 --- SIGCHLD {si_signo=SIGCHLD, si_code=CLD_KILLED, si_pid=317333, si_uid=1000, si_status=SIGKILL, si_utime=0, si_stime=1 /* 0.01 s */} ---
317299 +++ killed by SIGKILL +++
317293 --- SIGCHLD {si_signo=SIGCHLD, si_code=CLD_KILLED, si_pid=317299, si_uid=1000, si_status=SIGKILL, si_utime=0, si_stime=1 /* 0.01 s */} ---
317328 +++ killed by SIGKILL +++
317293 --- SIGCHLD {si_signo=SIGCHLD, si_code=CLD_KILLED, si_pid=317328, si_uid=1000, si_status=SIGKILL, si_utime=0, si_stime=1 /* 0.01 s */} ---
317293 +++ exited with 0 +++
317289 +++ exited with 0 +++
317286 +++ exited with 0 +++
