317410 +++ exited with 0 +++
317427 +++ exited with 0 +++
317424 +++ killed by SIGKILL +++
317421 --- SIGCHLD {si_signo=SIGCHLD, si_code=CLD_KILLED, si_pid=317424, si_uid=1000, si_status=SIGKILL, si_utime=0, si_stime=0} ---
317431 +++ exited with 0 +++
317425 --- SIGCHLD {si_signo=SIGCHLD, si_code=CLD_EXITED, si_pid=317431, si_uid=1000, si_status=0, si_utime=0, si_stime=0} ---
317425 --- SIGTERM {si_signo=SIGTERM, si_code=SI_USER, si_pid=317423, si_uid=1000} ---
317425 +++ killed by SIGTERM +++
317423 --- SIGCHLD {si_signo=SIGCHLD, si_code=CLD_KILLED, si_pid=317425, si_uid=1000, si_status=SIGTERM, si_utime=0, si_stime=0} ---
317429 +++ exited with 0 +++
317435 +++ exited with 0 +++
317423 --- SIGCHLD {si_signo=SIGCHLD, si_code=CLD_EXITED, si_pid=317435, si_uid=1000, si_status=0, si_utime=0, si_stime=0} ---
317432 +++ exited with 0 +++
317428 --- SIGCHLD {si_signo=SIGCHLD, si_code=CLD_EXITED, si_pid=317432, si_uid=1000, si_status=0, si_utime=0, si_stime=0} ---
317434 +++ exited with 0 +++
317436 +++ exited with 0 +++
317430 --- SIGCHLD {si_signo=SIGCHLD, si_code=CLD_EXITED, si_pid=317436, si_uid=1000, si_status=0, si_utime=0, si_stime=0} ---
317430 +++ exited with 0 +++
317426 --- SIGCHLD {si_signo=SIGCHLD, si_code=CLD_EXITED, si_pid=317430, si_uid=1000, si_status=0, si_utime=0, si_stime=0} ---
317433 +++ exited with 0 +++
317413 +++ exited with 0 +++
317416 +++ exited with 0 +++
317421 +++ killed by SIGKILL +++
317418 --- SIGCHLD {si_signo=SIGCHLD, si_code=CLD_KILLED, si_pid=317421, si_uid=1000, si_status=SIGKILL, si_utime=0, si_stime=0} ---
317418 +++ killed by SIGKILL +++
317439 +++ exited with 3 +++
317440 --- SIGCHLD {si_signo=SIGCHLD, si_code=CLD_KILLED, si_pid=317418, si_uid=1000, si_status=SIGKILL, si_utime=0, si_stime=0} ---
317438 --- SIGCHLD {si_signo=SIGCHLD, si_code=CLD_EXITED, si_pid=317439, si_uid=1000, si_status=3, si_utime=0, si_stime=0} ---
317440 +++ exited with 0 +++
317428 +++ killed by SIGKILL +++
317420 --- SIGCHLD {si_signo=SIGCHLD, si_code=CLD_KILLED, si_pid=317428, si_uid=1000, si_status=SIGKILL, si_utime=0, si_stime=0} ---
317411 +++ exited with 0 +++
317423 +++ killed by SIGKILL +++
317419 --- SIGCHLD {si_signo=SIGCHLD, si_code=CLD_KILLED, si_pid=317423, si_uid=1000, si_status=SIGKILL, si_utime=0, si_stime=0} ---
317406 +++ exited with 0 +++
317426 +++ killed by SIGKILL +++
317422 --- SIGCHLD {si_signo=SIGCHLD, si_code=CLD_KILLED, si_pid=317426, si_uid=1000, si_status=SIGKILL, si_utime=0, si_stime=1 /* 0.01 s */} ---
317412 +++ exited with 0 +++
317420 +++ killed by SIGKILL +++
317417 --- SIGCHLD {si_signo=SIGCHLD, si_code=CLD_KILLED, si_pid=317420, si_uid=1000, si_status=SIGKILL, si_utime=0, si_stime=0} ---
317417 +++ exited with 0 +++
317419 +++ killed by SIGKILL +++
317415 --- SIGCHLD {si_signo=SIGCHLD, si_code=CLD_KILLED, si_pid=317419, si_uid=1000, si_status=SIGKILL, si_utime=0, si_stime=1 /* 0.01 s */} ---
317409 +++ exited with 0 +++
317415 +++ exited with 0 +++
317407 +++ exited with 0 +++
317422 +++ killed by SIGKILL +++
317414 --- SIGCHLD {si_signo=SIGCHLD, si_code=CLD_KILLED, si_pid=317422, si_uid=1000, si_status=SIGKILL, si_utime=0, si_stime=0} ---
317438 +++ killed by SIGKILL +++
317437 --- SIGCHLD {si_signo=SIGCHLD, si_code=CLD_KILLED, si_pid=317438, si_uid=1000, si_status=SIGKILL, si_utime=0, si_stime=1 /* 0.01 s */} ---
317437 +++ killed by SIGKILL +++
317405 --- SIGCHLD {si_signo=SIGCHLD, si_code=CLD_KILLED, si_pid=317437, si_uid=1000, si_status=SIGKILL, si_utime=0, si_stime=0} ---
317414 +++ exited with 0 +++
317408 +++ exited with 0 +++
317405 +++ exited with 0 +++
