313118 +++ exited with 0 +++
313142 +++ exited with 0 +++
313138 +++ killed by SIGKILL +++
313134 --- SIGCHLD {si_signo=SIGCHLD, si_code=CLD_KILLED, si_pid=313138, si_uid=1000, si_status=SIGKILL, si_utime=0, si_stime=0} ---
313140 +++ exited with 0 +++
313136 +++ exited with 0 +++
313131 --- SIGCHLD {si_signo=SIGCHLD, si_code=CLD_EXITED, si_pid=313136, si_uid=1000, si_status=0, si_utime=0, si_stime=0} ---
313132 --- SIGCHLD {si_signo=SIGCHLD, si_code=CLD_EXITED, si_pid=313140, si_uid=1000, si_status=0, si_utime=0, si_stime=0} ---
313141 +++ exited with 0 +++
313143 +++ exited with 0 +++
313135 --- SIGCHLD {si_signo=SIGCHLD, si_code=CLD_EXITED, si_pid=313143, si_uid=1000, si_status=0, si_utime=0, si_stime=0} ---
313132 --- SIGTERM {si_signo=SIGTERM, si_code=SI_USER, si_pid=313130, si_uid=1000} ---
313132 +++ killed by SIGTERM +++
313130 --- SIGCHLD {si_signo=SIGCHLD, si_code=CLD_KILLED, si_pid=313132, si_uid=1000, si_status=SIGTERM, si_utime=0, si_stime=0} ---
313137 +++ exited with 0 +++
313144 +++ exited with 0 +++
313130 --- SIGCHLD {si_signo=SIGCHLD, si_code=CLD_EXITED, si_pid=313144, si_uid=1000, si_status=0, si_utime=0, si_stime=0} ---
313135 +++ exited with 0 +++
313133 --- SIGCHLD {si_signo=SIGCHLD, si_code=CLD_EXITED, si_pid=313135, si_uid=1000, si_status=0, si_utime=0, si_stime=0} ---
313139 +++ exited with 0 +++
313123 +++ exited with 0 +++
313119 +++ exited with 0 +++
313134 +++ killed by SIGKILL +++
313128 --- SIGCHLD {si_signo=SIGCHLD, si_code=CLD_KILLED, si_pid=313134, si_uid=1000, si_status=SIGKILL, si_utime=0, si_stime=0} ---
313130 +++ killed by SIGKILL +++
313127 --- SIGCHLD {si_signo=SIGCHLD, si_code=CLD_KILLED, si_pid=313130, si_uid=1000, si_status=SIGKILL, si_utime=0, si_stime=0} ---
313147 +++ exited with 3 +++
313146 --- SIGCHLD {si_signo=SIGCHLD, si_code=CLD_EXITED, si_pid=313147, si_uid=1000, si_status=3, si_utime=0, si_stime=0} ---
313148 +++ exited with 0 +++
313128 +++ killed by SIGKILL +++
313113 --- SIGCHLD {si_signo=SIGCHLD, si_code=CLD_KILLED, si_pid=313128, si_uid=1000, si_status=SIGKILL, si_utime=0, si_stime=0} ---
313131 +++ killed by SIGKILL +++
313126 --- SIGCHLD {si_signo=SIGCHLD, si_code=CLD_KILLED, si_pid=313131, si_uid=1000, si_status=SIGKILL, si_utime=0, si_stime=0} ---
313122 +++ exited with 0 +++
313114 +++ exited with 0 +++
313133 +++ killed by SIGKILL +++
313129 --- SIGCHLD {si_signo=SIGCHLD, si_code=CLD_KILLED, si_pid=313133, si_uid=1000, si_status=SIGKILL, si_utime=0, si_stime=0} ---
313120 +++ exited with 0 +++
313127 +++ killed by SIGKILL +++
313113 --- SIGCHLD {si_signo=SIGCHLD, si_code=CLD_KILLED, si_pid=313127, si_uid=1000, si_status=SIGKILL, si_utime=0, si_stime=1 /* 0.01 s */} ---
313125 +++ exited with 0 +++
313115 +++ exited with 0 +++
313126 +++ killed by SIGKILL +++
313113 --- SIGCHLD {si_signo=SIGCHLD, si_code=CLD_KILLED, si_pid=313126, si_uid=1000, si_status=SIGKILL, si_utime=0, si_stime=1 /* 0.01 s */} ---
313121 +++ exited with 0 +++
313129 +++ killed by SIGKILL +++
313113 --- SIGCHLD {si_signo=SIGCHLD, si_code=CLD_KILLED, si_pid=313129, si_uid=1000, si_status=SIGKILL, si_utime=0, si_stime=1 /* 0.01 s */} ---
313117 +++ exited with 0 +++
313146 +++ killed by SIGKILL +++
313145 --- SIGCHLD {si_signo=SIGCHLD, si_code=CLD_KILLED, si_pid=313146, si_uid=1000, si_status=SIGKILL, si_utime=0, si_stime=0} ---
313145 +++ killed by SIGKILL +++
313124 --- SIGCHLD {si_signo=SIGCHLD, si_code=CLD_KILLED, si_pid=313145, si_uid=1000, si_status=SIGKILL, si_utime=0, si_stime=2 /* 0.02 s */} ---
313124 +++ exited with 0 +++
313116 +++ exited with 0 +++
313113 +++ exited with 0 +++
