317612 +++ exited with 0 +++
317624 +++ exited with 0 +++
317618 --- SIGCHLD {si_signo=SIGCHLD, si_code=CLD_EXITED, si_pid=317624, si_uid=1000, si_status=0, si_utime=0, si_stime=0} ---
317628 +++ exited with 0 +++
317623 +++ killed by SIGKILL +++
317620 --- SIGCHLD {si_signo=SIGCHLD, si_code=CLD_KILLED, si_pid=317623, si_uid=1000, si_status=SIGKILL, si_utime=0, si_stime=0} ---
317630 +++ exited with 0 +++
317622 --- SIGCHLD {si_signo=SIGCHLD, si_code=CLD_EXITED, si_pid=317630, si_uid=1000, si_status=0, si_utime=0, si_stime=0} ---
317626 +++ exited with 0 +++
317622 +++ exited with 0 +++
317619 --- SIGCHLD {si_signo=SIGCHLD, si_code=CLD_EXITED, si_pid=317622, si_uid=1000, si_status=0, si_utime=0, si_stime=0} ---
317631 +++ exited with 0 +++
317625 --- SIGCHLD {si_signo=SIGCHLD, si_code=CLD_EXITED, si_pid=317631, si_uid=1000, si_status=0, si_utime=0, si_stime=0} ---
317627 +++ exited with 0 +++
317625 --- SIGTERM {si_signo=SIGTERM, si_code=SI_USER, si_pid=317621, si_uid=1000} ---
317625 +++ killed by SIGTERM +++
317621 --- SIGCHLD {si_signo=SIGCHLD, si_code=CLD_KILLED, si_pid=317625, si_uid=1000, si_status=SIGTERM, si_utime=0, si_stime=0} ---
317629 +++ exited with 0 +++
317632 +++ exited with 0 +++
317621 --- SIGCHLD {si_signo=SIGCHLD, si_code=CLD_EXITED, si_pid=317632, si_uid=1000, si_status=0, si_utime=0, si_stime=0} ---
317606 +++ exited with 0 +++
317607 +++ exited with 0 +++
317620 +++ killed by SIGKILL +++
317617 --- SIGCHLD {si_signo=SIGCHLD, si_code=CLD_KILLED, si_pid=317620, si_uid=1000, si_status=SIGKILL, si_utime=0, si_stime=0} ---
317635 +++ exited with 3 +++
317634 --- SIGCHLD {si_signo=SIGCHLD, si_code=CLD_EXITED, si_pid=317635, si_uid=1000, si_status=3, si_utime=0, si_stime=0} ---
317636 +++ exited with 0 +++
317617 +++ killed by SIGKILL +++
317613 --- SIGCHLD {si_signo=SIGCHLD, si_code=CLD_KILLED, si_pid=317617, si_uid=1000, si_status=SIGKILL, si_utime=0, si_stime=1 /* 0.01 s */} ---
317613 +++ exited with 0 +++
317621 +++ killed by SIGKILL +++
317616 --- SIGCHLD {si_signo=SIGCHLD, si_code=CLD_KILLED, si_pid=317621, si_uid=1000, si_status=SIGKILL, si_utime=0, si_stime=2 /* 0.02 s */} ---
317619 +++ killed by SIGKILL +++
317614 --- SIGCHLD {si_signo=SIGCHLD, si_code=CLD_KILLED, si_pid=317619, si_uid=1000, si_status=SIGKILL, si_utime=0, si_stime=2 /* 0.02 s */} ---
317618 +++ killed by SIGKILL +++
317615 --- SIGCHLD {si_signo=SIGCHLD, si_code=CLD_KILLED, si_pid=317618, si_uid=1000, si_status=SIGKILL, si_utime=0, si_stime=1 /* 0.01 s */} ---
317602 +++ exited with 0 +++
317608 +++ exited with 0 +++
317616 +++ killed by SIGKILL +++
317611 --- SIGCHLD {si_signo=SIGCHLD, si_code=CLD_KILLED, si_pid=317616, si_uid=1000, si_status=SIGKILL, si_utime=0, si_stime=1 /* 0.01 s */} ---
317615 +++ killed by SIGKILL +++
317609 --- SIGCHLD {si_signo=SIGCHLD, si_code=CLD_KILLED, si_pid=317615, si_uid=1000, si_status=SIGKILL, si_utime=0, si_stime=1 /* 0.01 s */} ---
317614 +++ killed by SIGKILL +++
317611 +++ exited with 0 +++
317601 --- SIGCHLD {si_signo=SIGCHLD, si_code=CLD_KILLED, si_pid=317614, si_uid=1000, si_status=SIGKILL, si_utime=0, si_stime=0} ---
317603 +++ exited with 0 +++
317609 +++ exited with 0 +++
317605 +++ exited with 0 +++
317634 +++ killed by SIGKILL +++
317633 --- SIGCHLD {si_signo=SIGCHLD, si_code=CLD_KILLED, si_pid=317634, si_uid=1000, si_status=SIGKILL, si_utime=0, si_stime=1 /* 0.01 s */} ---
317633 +++ killed by SIGKILL +++
317610 --- SIGCHLD {si_signo=SIGCHLD, si_code=CLD_KILLED, si_pid=317633, si_uid=1000, si_status=SIGKILL, si_utime=0, si_stime=2 /* 0.02 s */} ---
317610 +++ exited with 0 +++
317604 +++ exited with 0 +++
317601 +++ exited with 0 +++
