317646 +++ exited with 0 +++
317657 +++ killed by SIGKILL +++
317655 --- SIGCHLD {si_signo=SIGCHLD, si_code=CLD_KILLED, si_pid=317657, si_uid=1000, si_status=SIGKILL, si_utime=0, si_stime=0} ---
317659 +++ exited with 0 +++
317662 +++ exited with 0 +++
317660 --- SIGCHLD {si_signo=SIGCHLD, si_code=CLD_EXITED, si_pid=317662, si_uid=1000, si_status=0, si_utime=0, si_stime=0} ---
317665 +++ exited with 0 +++
317669 +++ exited with 0 +++
317666 --- SIGCHLD {si_signo=SIGCHLD, si_code=CLD_EXITED, si_pid=317669, si_uid=1000, si_status=0, si_utime=0, si_stime=0} ---
317666 +++ exited with 0 +++
317664 --- SIGCHLD {si_signo=SIGCHLD, si_code=CLD_EXITED, si_pid=317666, si_uid=1000, si_status=0, si_utime=0, si_stime=0} ---
317670 +++ exited with 0 +++
317663 --- SIGCHLD {si_signo=SIGCHLD, si_code=CLD_EXITED, si_pid=317670, si_uid=1000, si_status=0, si_utime=0, si_stime=0} ---
317668 +++ exited with 0 +++
317663 --- SIGTERM {si_signo=SIGTERM, si_code=SI_USER, si_pid=317661, si_uid=1000} ---
317663 +++ killed by SIGTERM +++
317661 clone(child_stack=NULL, flags=CLONE_CHILD_CLEARTID|CLONE_CHILD_SETTID|SIGCHLD, child_tidptr=0x7687c19d5a10) = ? ERESTARTNOINTR (To be restarted)
317661 --- SIGCHLD {si_signo=SIGCHLD, si_code=CLD_KILLED, si_pid=317663, si_uid=1000, si_status=SIGTERM, si_utime=0, si_stime=0} ---
317650 +++ exited with 0 +++
317667 +++ exited with 0 +++
317671 +++ exited with 0 +++
317661 --- SIGCHLD {si_signo=SIGCHLD, si_code=CLD_EXITED, si_pid=317671, si_uid=1000, si_status=0, si_utime=0, si_stime=0} ---
317655 +++ killed by SIGKILL +++
317653 --- SIGCHLD {si_signo=SIGCHLD, si_code=CLD_KILLED, si_pid=317655, si_uid=1000, si_status=SIGKILL, si_utime=0, si_stime=0} ---
317645 +++ exited with 0 +++
317653 +++ killed by SIGKILL +++
317648 --- SIGCHLD {si_signo=SIGCHLD, si_code=CLD_KILLED, si_pid=317653, si_uid=1000, si_status=SIGKILL, si_utime=0, si_stime=0} ---
317648 +++ exited with 0 +++
317674 +++ exited with 3 +++
317673 --- SIGCHLD {si_signo=SIGCHLD, si_code=CLD_EXITED, si_pid=317674, si_uid=1000, si_status=3, si_utime=0, si_stime=0} ---
317641 +++ exited with 0 +++
317675 +++ exited with 0 +++
317660 +++ killed by SIGKILL +++
317656 --- SIGCHLD {si_signo=SIGCHLD, si_code=CLD_KILLED, si_pid=317660, si_uid=1000, si_status=SIGKILL, si_utime=0, si_stime=0} ---
317649 +++ exited with 0 +++
317664 +++ killed by SIGKILL +++
317658 --- SIGCHLD {si_signo=SIGCHLD, si_code=CLD_KILLED, si_pid=317664, si_uid=1000, si_status=SIGKILL, si_utime=0, si_stime=1 /* 0.01 s */} ---
317661 +++ killed by SIGKILL +++
317654 --- SIGCHLD {si_signo=SIGCHLD, si_code=CLD_KILLED, si_pid=317661, si_uid=1000, si_status=SIGKILL, si_utime=0, si_stime=1 /* 0.01 s */} ---
317656 +++ killed by SIGKILL +++
317651 --- SIGCHLD {si_signo=SIGCHLD, si_code=CLD_KILLED, si_pid=317656, si_uid=1000, si_status=SIGKILL, si_utime=0, si_stime=1 /* 0.01 s */} ---
317651 +++ exited with 0 +++
317644 +++ exited with 0 +++
317654 +++ killed by SIGKILL +++
317640 --- SIGCHLD {si_signo=SIGCHLD, si_code=CLD_KILLED, si_pid=317654, si_uid=1000, si_status=SIGKILL, si_utime=0, si_stime=0} ---
317658 +++ killed by SIGKILL +++
317652 --- SIGCHLD {si_signo=SIGCHLD, si_code=CLD_KILLED, si_pid=317658, si_uid=1000, si_status=SIGKILL, si_utime=0, si_stime=0} ---
317647 +++ exited with 0 +++
317673 +++ killed by SIGKILL +++
317672 --- SIGCHLD {si_signo=SIGCHLD, si_code=CLD_KILLED, si_pid=317673, si_uid=1000, si_status=SIGKILL, si_utime=0, si_stime=1 /* 0.01 s */} ---
317642 +++ exited with 0 +++
317672 +++ killed by SIGKILL +++
317640 --- SIGCHLD {si_signo=SIGCHLD, si_code=CLD_KILLED, si_pid=317672, si_uid=1000, si_status=SIGKILL, si_utime=0, si_stime=1 /* 0.01 s */} ---
317652 +++ exited with 0 +++
317643 +++ exited with 0 +++
317640 +++ exited with 0 +++
