317722 +++ exited with 0 +++
317736 +++ killed by SIGKILL +++
317735 --- SIGCHLD {si_signo=SIGCHLD, si_code=CLD_KILLED, si_pid=317736, si_uid=1000, si_status=SIGKILL, si_utime=0, si_stime=1 /* 0.01 s */} ---
317740 +++ exited with 0 +++
317735 +++ killed by SIGKILL +++
317726 --- SIGCHLD {si_signo=SIGCHLD, si_code=CLD_KILLED, si_pid=317735, si_uid=1000, si_status=SIGKILL, si_utime=0, si_stime=0} ---
317742 +++ exited with 0 +++
317739 --- SIGCHLD {si_signo=SIGCHLD, si_code=CLD_EXITED, si_pid=317742, si_uid=1000, si_status=0, si_utime=0, si_stime=0} ---
317746 +++ exited with 0 +++
317743 --- SIGCHLD {si_signo=SIGCHLD, si_code=CLD_EXITED, si_pid=317746, si_uid=1000, si_status=0, si_utime=0, si_stime=0} ---
317745 +++ exited with 0 +++
317748 +++ exited with 0 +++
317738 --- SIGCHLD {si_signo=SIGCHLD, si_code=CLD_EXITED, si_pid=317748, si_uid=1000, si_status=0, si_utime=0, si_stime=0} ---
317743 --- SIGTERM {si_signo=SIGTERM, si_code=SI_USER, si_pid=317741, si_uid=1000} ---
317743 +++ killed by SIGTERM +++
317741 --- SIGCHLD {si_signo=SIGCHLD, si_code=CLD_KILLED, si_pid=317743, si_uid=1000, si_status=SIGTERM, si_utime=0, si_stime=0} ---
317747 +++ exited with 0 +++
317749 +++ exited with 0 +++
317741 --- SIGCHLD {si_signo=SIGCHLD, si_code=CLD_EXITED, si_pid=317749, si_uid=1000, si_status=0, si_utime=0, si_stime=0} ---
317738 +++ exited with 0 +++
317737 --- SIGCHLD {si_signo=SIGCHLD, si_code=CLD_EXITED, si_pid=317738, si_uid=1000, si_status=0, si_utime=0, si_stime=2 /* 0.02 s */} ---
317744 +++ exited with 0 +++
317728 +++ exited with 0 +++
317729 +++ exited with 0 +++
317726 +++ killed by SIGKILL +++
317727 --- SIGCHLD {si_signo=SIGCHLD, si_code=CLD_KILLED, si_pid=317726, si_uid=1000, si_status=SIGKILL, si_utime=0, si_stime=2 /* 0.02 s */} ---
317724 +++ exited with 0 +++
317719 +++ exited with 0 +++
317752 +++ exited with 3 +++
317751 --- SIGCHLD {si_signo=SIGCHLD, si_code=CLD_EXITED, si_pid=317752, si_uid=1000, si_status=3, si_utime=0, si_stime=0} ---
317753 +++ exited with 0 +++
317741 +++ killed by SIGKILL +++
317734 --- SIGCHLD {si_signo=SIGCHLD, si_code=CLD_KILLED, si_pid=317741, si_uid=1000, si_status=SIGKILL, si_utime=0, si_stime=1 /* 0.01 s */} ---
317739 +++ killed by SIGKILL +++
317733 --- SIGCHLD {si_signo=SIGCHLD, si_code=CLD_KILLED, si_pid=317739, si_uid=1000, si_status=SIGKILL, si_utime=0, si_stime=0} ---
317725 +++ exited with 0 +++
317737 +++ killed by SIGKILL +++
317732 --- SIGCHLD {si_signo=SIGCHLD, si_code=CLD_KILLED, si_pid=317737, si_uid=1000, si_status=SIGKILL, si_utime=0, si_stime=1 /* 0.01 s */} ---
317734 +++ killed by SIGKILL +++
317731 --- SIGCHLD {si_signo=SIGCHLD, si_code=CLD_KILLED, si_pid=317734, si_uid=1000, si_status=SIGKILL, si_utime=0, si_stime=2 /* 0.02 s */} ---
317731 +++ exited with 0 +++
317720 +++ exited with 0 +++
317733 +++ killed by SIGKILL +++
317718 --- SIGCHLD {si_signo=SIGCHLD, si_code=CLD_KILLED, si_pid=317733, si_uid=1000, si_status=SIGKILL, si_utime=0, si_stime=1 /* 0.01 s */} ---
317730 +++ exited with 0 +++
317723 +++ exited with 0 +++
317751 +++ killed by SIGKILL +++
317750 --- SIGCHLD {si_signo=SIGCHLD, si_code=CLD_KILLED, si_pid=317751, si_uid=1000, si_status=SIGKILL, si_utime=0, si_stime=2 /* 0.02 s */} ---
317732 +++ killed by SIGKILL +++
317718 --- SIGCHLD {si_signo=SIGCHLD, si_code=CLD_KILLED, si_pid=317732, si_uid=1000, si_status=SIGKILL, si_utime=0, si_stime=2 /* 0.02 s */} ---
317750 +++ killed by SIGKILL +++
317727 --- SIGCHLD {si_signo=SIGCHLD, si_code=CLD_KILLED, si_pid=317750, si_uid=1000, si_status=SIGKILL, si_utime=0, si_stime=1 /* 0.01 s */} ---
317727 +++ exited with 0 +++
317721 +++ exited with 0 +++
317718 +++ exited with 0 +++
