317762 +++ exited with 0 +++
317781 +++ exited with 0 +++
317777 +++ killed by SIGKILL +++
317774 --- SIGCHLD {si_signo=SIGCHLD, si_code=CLD_KILLED, si_pid=317777, si_uid=1000, si_status=SIGKILL, si_utime=0, si_stime=0} ---
317784 +++ exited with 0 +++
317776 --- SIGCHLD {si_signo=SIGCHLD, si_code=CLD_EXITED, si_pid=317784, si_uid=1000, si_status=0, si_utime=0, si_stime=0} ---
317782 +++ exited with 0 +++
317779 --- SIGCHLD {si_signo=SIGCHLD, si_code=CLD_EXITED, si_pid=317782, si_uid=1000, si_status=0, si_utime=0, si_stime=0} ---
317785 +++ exited with 0 +++
317776 +++ exited with 0 +++
317773 --- SIGCHLD {si_signo=SIGCHLD, si_code=CLD_EXITED, si_pid=317776, si_uid=1000, si_status=0, si_utime=0, si_stime=0} ---
317778 +++ exited with 0 +++
317787 +++ exited with 0 +++
317783 --- SIGCHLD {si_signo=SIGCHLD, si_code=CLD_EXITED, si_pid=317787, si_uid=1000, si_status=0, si_utime=0, si_stime=0} ---
317783 --- SIGTERM {si_signo=SIGTERM, si_code=SI_USER, si_pid=317780, si_uid=1000} ---
317783 +++ killed by SIGTERM +++
317780 --- SIGCHLD {si_signo=SIGCHLD, si_code=CLD_KILLED, si_pid=317783, si_uid=1000, si_status=SIGTERM, si_utime=0, si_stime=0} ---
317786 +++ exited with 0 +++
317788 +++ exited with 0 +++
317780 --- SIGCHLD {si_signo=SIGCHLD, si_code=CLD_EXITED, si_pid=317788, si_uid=1000, si_status=0, si_utime=0, si_stime=0} ---
317768 +++ exited with 0 +++
317774 +++ killed by SIGKILL +++
317771 --- SIGCHLD {si_signo=SIGCHLD, si_code=CLD_KILLED, si_pid=317774, si_uid=1000, si_status=SIGKILL, si_utime=0, si_stime=0} ---
317766 +++ exited with 0 +++
317791 +++ exited with 3 +++
317790 --- SIGCHLD {si_signo=SIGCHLD, si_code=CLD_EXITED, si_pid=317791, si_uid=1000, si_status=3, si_utime=0, si_stime=0} ---
317792 +++ exited with 0 +++
317771 +++ killed by SIGKILL +++
317763 --- SIGCHLD {si_signo=SIGCHLD, si_code=CLD_KILLED, si_pid=317771, si_uid=1000, si_status=SIGKILL, si_utime=0, si_stime=0} ---
317763 +++ exited with 0 +++
317758 +++ exited with 0 +++
317764 +++ exited with 0 +++
317779 +++ killed by SIGKILL +++
317775 --- SIGCHLD {si_signo=SIGCHLD, si_code=CLD_KILLED, si_pid=317779, si_uid=1000, si_status=SIGKILL, si_utime=0, si_stime=1 /* 0.01 s */} ---
317773 +++ killed by SIGKILL +++
317770 --- SIGCHLD {si_signo=SIGCHLD, si_code=CLD_KILLED, si_pid=317773, si_uid=1000, si_status=SIGKILL, si_utime=0, si_stime=0} ---
317780 +++ killed by SIGKILL +++
317772 --- SIGCHLD {si_signo=SIGCHLD, si_code=CLD_KILLED, si_pid=317780, si_uid=1000, si_status=SIGKILL, si_utime=0, si_stime=1 /* 0.01 s */} ---
317775 +++ killed by SIGKILL +++
317769 --- SIGCHLD {si_signo=SIGCHLD, si_code=CLD_KILLED, si_pid=317775, si_uid=1000, si_status=SIGKILL, si_utime=0, si_stime=0} ---
317769 +++ exited with 0 +++
317770 +++ killed by SIGKILL +++
317757 --- SIGCHLD {si_signo=SIGCHLD, si_code=CLD_KILLED, si_pid=317770, si_uid=1000, si_status=SIGKILL, si_utime=0, si_stime=0} ---
317790 +++ killed by SIGKILL +++
317789 --- SIGCHLD {si_signo=SIGCHLD, si_code=CLD_KILLED, si_pid=317790, si_uid=1000, si_status=SIGKILL, si_utime=0, si_stime=1 /* 0.01 s */} ---
317761 +++ exited with 0 +++
317772 +++ killed by SIGKILL +++
317767 --- SIGCHLD {si_signo=SIGCHLD, si_code=CLD_KILLED, si_pid=317772, si_uid=1000, si_status=SIGKILL, si_utime=0, si_stime=0} ---
317767 +++ exited with 0 +++
317759 +++ exited with 0 +++
317789 +++ killed by SIGKILL +++
317765 --- SIGCHLD {si_signo=SIGCHLD, si_code=CLD_KILLED, si_pid=317789, si_uid=1000, si_status=SIGKILL, si_utime=0, si_stime=1 /* 0.01 s */} ---
317765 +++ exited with 0 +++
317760 +++ exited with 0 +++
317757 +++ exited with 0 +++
