317840 +++ exited with 0 +++
317864 +++ exited with 0 +++
317859 +++ killed by SIGKILL +++
317858 +++ exited with 0 +++
317854 --- SIGCHLD {si_signo=SIGCHLD, si_code=CLD_KILLED, si_pid=317859, si_uid=1000, si_status=SIGKILL, si_utime=0, si_stime=0} ---
317855 --- SIGCHLD {si_signo=SIGCHLD, si_code=CLD_EXITED, si_pid=317858, si_uid=1000, si_status=0, si_utime=0, si_stime=0} ---
317862 +++ exited with 0 +++
317861 +++ exited with 0 +++
317853 --- SIGCHLD {si_signo=SIGCHLD, si_code=CLD_EXITED, si_pid=317861, si_uid=1000, si_status=0, si_utime=0, si_stime=0} ---
317853 --- SIGTERM {si_signo=SIGTERM, si_code=SI_USER, si_pid=317852, si_uid=1000} ---
317853 +++ killed by SIGTERM +++
317852 --- SIGCHLD {si_signo=SIGCHLD, si_code=CLD_KILLED, si_pid=317853, si_uid=1000, si_status=SIGTERM, si_utime=0, si_stime=0} ---
317865 +++ exited with 0 +++
317857 --- SIGCHLD {si_signo=SIGCHLD, si_code=CLD_EXITED, si_pid=317865, si_uid=1000, si_status=0, si_utime=0, si_stime=0} ---
317860 +++ exited with 0 +++
317866 +++ exited with 0 +++
317852 --- SIGCHLD {si_signo=SIGCHLD, si_code=CLD_EXITED, si_pid=317866, si_uid=1000, si_status=0, si_utime=0, si_stime=0} ---
317857 +++ exited with 0 +++
317856 --- SIGCHLD {si_signo=SIGCHLD, si_code=CLD_EXITED, si_pid=317857, si_uid=1000, si_status=0, si_utime=0, si_stime=0} ---
317863 +++ exited with 0 +++
317845 +++ exited with 0 +++
317843 +++ exited with 0 +++
317854 +++ killed by SIGKILL +++
317850 --- SIGCHLD {si_signo=SIGCHLD, si_code=CLD_KILLED, si_pid=317854, si_uid=1000, si_status=SIGKILL, si_utime=0, si_stime=0} ---
317855 +++ killed by SIGKILL +++
317849 --- SIGCHLD {si_signo=SIGCHLD, si_code=CLD_KILLED, si_pid=317855, si_uid=1000, si_status=SIGKILL, si_utime=0, si_stime=0} ---
317869 +++ exited with 3 +++
317868 --- SIGCHLD {si_signo=SIGCHLD, si_code=CLD_EXITED, si_pid=317869, si_uid=1000, si_status=3, si_utime=0, si_stime=0} ---
317870 +++ exited with 0 +++
317852 +++ killed by SIGKILL +++
317851 --- SIGCHLD {si_signo=SIGCHLD, si_code=CLD_KILLED, si_pid=317852, si_uid=1000, si_status=SIGKILL, si_utime=0, si_stime=0} ---
317856 +++ killed by SIGKILL +++
317848 --- SIGCHLD {si_signo=SIGCHLD, si_code=CLD_KILLED, si_pid=317856, si_uid=1000, si_status=SIGKILL, si_utime=0, si_stime=0} ---
317850 +++ killed by SIGKILL +++
317841 --- SIGCHLD {si_signo=SIGCHLD, si_code=CLD_KILLED, si_pid=317850, si_uid=1000, si_status=SIGKILL, si_utime=0, si_stime=0} ---
317841 +++ exited with 0 +++
317836 +++ exited with 0 +++
317842 +++ exited with 0 +++
317849 +++ killed by SIGKILL +++
317847 --- SIGCHLD {si_signo=SIGCHLD, si_code=CLD_KILLED, si_pid=317849, si_uid=1000, si_status=SIGKILL, si_utime=0, si_stime=1 /* 0.01 s */} ---
317847 +++ exited with 0 +++
317839 +++ exited with 0 +++
317851 +++ killed by SIGKILL +++
317846 --- SIGCHLD {si_signo=SIGCHLD, si_code=CLD_KILLED, si_pid=317851, si_uid=1000, si_status=SIGKILL, si_utime=0, si_stime=0} ---
317846 +++ exited with 0 +++
317848 +++ killed by SIGKILL +++
317844 --- SIGCHLD {si_signo=SIGCHLD, si_code=CLD_KILLED, si_pid=317848, si_uid=1000, si_status=SIGKILL, si_utime=0, si_stime=0} ---
317837 +++ exited with 0 +++
317868 +++ killed by SIGKILL +++
317867 --- SIGCHLD {si_signo=SIGCHLD, si_code=CLD_KILLED, si_pid=317868, si_uid=1000, si_status=SIGKILL, si_utime=0, si_stime=1 /* 0.01 s */} ---
317867 +++ killed by SIGKILL +++
317844 --- SIGCHLD {si_signo=SIGCHLD, si_code=CLD_KILLED, si_pid=317867, si_uid=1000, si_status=SIGKILL, si_utime=0, si_stime=1 /* 0.01 s */} ---
317844 +++ exited with 0 +++
317838 +++ exited with 0 +++
317835 +++ exited with 0 +++
