317936 +++ exited with 0 +++
317932 --- SIGCHLD {si_signo=SIGCHLD, si_code=CLD_EXITED, si_pid=317936, si_uid=1000, si_status=0, si_utime=0, si_stime=0} ---
317919 +++ exited with 0 +++
317938 +++ exited with 0 +++
317934 +++ killed by SIGKILL +++
317931 --- SIGCHLD {si_signo=SIGCHLD, si_code=CLD_KILLED, si_pid=317934, si_uid=1000, si_status=SIGKILL, si_utime=0, si_stime=0} ---
317932 +++ exited with 0 +++
317929 --- SIGCHLD {si_signo=SIGCHLD, si_code=CLD_EXITED, si_pid=317932, si_uid=1000, si_status=0, si_utime=0, si_stime=0} ---
317935 +++ exited with 0 +++
317941 +++ exited with 0 +++
317943 +++ exited with 0 +++
317940 --- SIGCHLD {si_signo=SIGCHLD, si_code=CLD_EXITED, si_pid=317941, si_uid=1000, si_status=0, si_utime=0, si_stime=0} ---
317939 --- SIGCHLD {si_signo=SIGCHLD, si_code=CLD_EXITED, si_pid=317943, si_uid=1000, si_status=0, si_utime=0, si_stime=0} ---
317944 +++ exited with 0 +++
317939 --- SIGTERM {si_signo=SIGTERM, si_code=SI_USER, si_pid=317937, si_uid=1000} ---
317939 +++ killed by SIGTERM +++
317937 --- SIGCHLD {si_signo=SIGCHLD, si_code=CLD_KILLED, si_pid=317939, si_uid=1000, si_status=SIGTERM, si_utime=0, si_stime=0} ---
317942 +++ exited with 0 +++
317945 +++ exited with 0 +++
317937 --- SIGCHLD {si_signo=SIGCHLD, si_code=CLD_EXITED, si_pid=317945, si_uid=1000, si_status=0, si_utime=0, si_stime=0} ---
317926 +++ exited with 0 +++
317931 +++ killed by SIGKILL +++
317928 --- SIGCHLD {si_signo=SIGCHLD, si_code=CLD_KILLED, si_pid=317931, si_uid=1000, si_status=SIGKILL, si_utime=0, si_stime=0} ---
317923 +++ exited with 0 +++
317948 +++ exited with 3 +++
317947 --- SIGCHLD {si_signo=SIGCHLD, si_code=CLD_EXITED, si_pid=317948, si_uid=1000, si_status=3, si_utime=0, si_stime=0} ---
317949 +++ exited with 0 +++
317920 +++ exited with 0 +++
317928 +++ killed by SIGKILL +++
317914 --- SIGCHLD {si_signo=SIGCHLD, si_code=CLD_KILLED, si_pid=317928, si_uid=1000, si_status=SIGKILL, si_utime=0, si_stime=1 /* 0.01 s */} ---
317922 +++ exited with 0 +++
317915 +++ exited with 0 +++
317940 +++ killed by SIGKILL +++
317933 --- SIGCHLD {si_signo=SIGCHLD, si_code=CLD_KILLED, si_pid=317940, si_uid=1000, si_status=SIGKILL, si_utime=0, si_stime=1 /* 0.01 s */} ---
317929 +++ killed by SIGKILL +++
317925 --- SIGCHLD {si_signo=SIGCHLD, si_code=CLD_KILLED, si_pid=317929, si_uid=1000, si_status=SIGKILL, si_utime=0, si_stime=1 /* 0.01 s */} ---
317937 +++ killed by SIGKILL +++
317930 --- SIGCHLD {si_signo=SIGCHLD, si_code=CLD_KILLED, si_pid=317937, si_uid=1000, si_status=SIGKILL, si_utime=0, si_stime=0} ---
317947 +++ killed by SIGKILL +++
317946 --- SIGCHLD {si_signo=SIGCHLD, si_code=CLD_KILLED, si_pid=317947, si_uid=1000, si_status=SIGKILL, si_utime=0, si_stime=1 /* 0.01 s */} ---
317930 +++ killed by SIGKILL +++
317925 +++ killed by SIGKILL +++
317914 --- SIGCHLD {si_signo=SIGCHLD, si_code=CLD_KILLED, si_pid=317930, si_uid=1000, si_status=SIGKILL, si_utime=0, si_stime=0} ---
317933 +++ killed by SIGKILL +++
317924 --- SIGCHLD {si_signo=SIGCHLD, si_code=CLD_KILLED, si_pid=317933, si_uid=1000, si_status=SIGKILL, si_utime=0, si_stime=1 /* 0.01 s */} ---
317924 +++ exited with 0 +++
317927 +++ exited with 0 +++
317916 +++ exited with 0 +++
317918 +++ exited with 0 +++
317946 +++ killed by SIGKILL +++
317914 --- SIGCHLD {si_signo=SIGCHLD, si_code=CLD_KILLED, si_pid=317946, si_uid=1000, si_status=SIGKILL, si_utime=0, si_stime=0} ---
317921 +++ exited with 0 +++
317917 +++ exited with 0 +++
317914 +++ exited with 0 +++
