318172 +++ exited with 0 +++
318155 +++ exited with 0 +++
318170 +++ killed by SIGKILL +++
318166 --- SIGCHLD {si_signo=SIGCHLD, si_code=CLD_KILLED, si_pid=318170, si_uid=1000, si_status=SIGKILL, si_utime=0, si_stime=0} ---
318175 +++ exited with 0 +++
318171 --- SIGCHLD {si_signo=SIGCHLD, si_code=CLD_EXITED, si_pid=318175, si_uid=1000, si_status=0, si_utime=0, si_stime=0} ---
318171 --- SIGTERM {si_signo=SIGTERM, si_code=SI_USER, si_pid=318169, si_uid=1000} ---
318171 +++ killed by SIGTERM +++
318169 --- SIGCHLD {si_signo=SIGCHLD, si_code=CLD_KILLED, si_pid=318171, si_uid=1000, si_status=SIGTERM, si_utime=0, si_stime=0} ---
318173 +++ exited with 0 +++
318180 +++ exited with 0 +++
318169 --- SIGCHLD {si_signo=SIGCHLD, si_code=CLD_EXITED, si_pid=318180, si_uid=1000, si_status=0, si_utime=0, si_stime=0} ---
318176 +++ exited with 0 +++
318174 --- SIGCHLD {si_signo=SIGCHLD, si_code=CLD_EXITED, si_pid=318176, si_uid=1000, si_status=0, si_utime=0, si_stime=0} ---
318178 +++ exited with 0 +++
318182 +++ exited with 0 +++
318179 --- SIGCHLD {si_signo=SIGCHLD, si_code=CLD_EXITED, si_pid=318182, si_uid=1000, si_status=0, si_utime=0, si_stime=0} ---
318179 +++ exited with 0 +++
318177 --- SIGCHLD {si_signo=SIGCHLD, si_code=CLD_EXITED, si_pid=318179, si_uid=1000, si_status=0, si_utime=0, si_stime=0} ---
318181 +++ exited with 0 +++
318160 +++ exited with 0 +++
318157 +++ exited with 0 +++
318166 +++ killed by SIGKILL +++
318162 --- SIGCHLD {si_signo=SIGCHLD, si_code=CLD_KILLED, si_pid=318166, si_uid=1000, si_status=SIGKILL, si_utime=0, si_stime=1 /* 0.01 s */} ---
318162 +++ killed by SIGKILL +++
318153 --- SIGCHLD {si_signo=SIGCHLD, si_code=CLD_KILLED, si_pid=318162, si_uid=1000, si_status=SIGKILL, si_utime=0, si_stime=0} ---
318156 +++ exited with 0 +++
318185 +++ exited with 3 +++
318184 --- SIGCHLD {si_signo=SIGCHLD, si_code=CLD_EXITED, si_pid=318185, si_uid=1000, si_status=3, si_utime=0, si_stime=0} ---
318150 +++ exited with 0 +++
318169 +++ killed by SIGKILL +++
318165 --- SIGCHLD {si_signo=SIGCHLD, si_code=CLD_KILLED, si_pid=318169, si_uid=1000, si_status=SIGKILL, si_utime=0, si_stime=1 /* 0.01 s */} ---
318186 +++ exited with 0 +++
318174 +++ killed by SIGKILL +++
318167 --- SIGCHLD {si_signo=SIGCHLD, si_code=CLD_KILLED, si_pid=318174, si_uid=1000, si_status=SIGKILL, si_utime=0, si_stime=1 /* 0.01 s */} ---
318177 +++ killed by SIGKILL +++
318168 --- SIGCHLD {si_signo=SIGCHLD, si_code=CLD_KILLED, si_pid=318177, si_uid=1000, si_status=SIGKILL, si_utime=0, si_stime=1 /* 0.01 s */} ---
318163 +++ exited with 0 +++
318165 +++ killed by SIGKILL +++
318149 --- SIGCHLD {si_signo=SIGCHLD, si_code=CLD_KILLED, si_pid=318165, si_uid=1000, si_status=SIGKILL, si_utime=0, si_stime=1 /* 0.01 s */} ---
318159 +++ exited with 0 +++
318167 +++ killed by SIGKILL +++
318151 --- SIGCHLD {si_signo=SIGCHLD, si_code=CLD_KILLED, si_pid=318167, si_uid=1000, si_status=SIGKILL, si_utime=0, si_stime=1 /* 0.01 s */} ---
318151 +++ exited with 0 +++
318161 +++ exited with 0 +++
318154 +++ exited with 0 +++
318168 +++ killed by SIGKILL +++
318149 --- SIGCHLD {si_signo=SIGCHLD, si_code=CLD_KILLED, si_pid=318168, si_uid=1000, si_status=SIGKILL, si_utime=0, si_stime=2 /* 0.02 s */} ---
318184 +++ killed by SIGKILL +++
318183 --- SIGCHLD {si_signo=SIGCHLD, si_code=CLD_KILLED, si_pid=318184, si_uid=1000, si_status=SIGKILL, si_utime=0, si_stime=1 /* 0.01 s */} ---
318183 +++ killed by SIGKILL +++
318149 --- SIGCHLD {si_signo=SIGCHLD, si_code=CLD_KILLED, si_pid=318183, si_uid=1000, si_status=SIGKILL, si_utime=0, si_stime=3 /* 0.03 s */} ---
318164 +++ exited with 0 +++
318153 +++ exited with 0 +++
318149 +++ exited with 0 +++
