318391 +++ exited with 0 +++
318410 +++ exited with 0 +++
318406 +++ killed by SIGKILL +++
318403 --- SIGCHLD {si_signo=SIGCHLD, si_code=CLD_KILLED, si_pid=318406, si_uid=1000, si_status=SIGKILL, si_utime=0, si_stime=0} ---
318412 +++ exited with 0 +++
318407 --- SIGCHLD {si_signo=SIGCHLD, si_code=CLD_EXITED, si_pid=318412, si_uid=1000, si_status=0, si_utime=0, si_stime=0} ---
318407 +++ exited with 0 +++
318404 --- SIGCHLD {si_signo=SIGCHLD, si_code=CLD_EXITED, si_pid=318407, si_uid=1000, si_status=0, si_utime=0, si_stime=0} ---
318408 +++ exited with 0 +++
318405 --- SIGCHLD {si_signo=SIGCHLD, si_code=CLD_EXITED, si_pid=318408, si_uid=1000, si_status=0, si_utime=0, si_stime=0} ---
318411 +++ exited with 0 +++
318414 +++ exited with 0 +++
318416 +++ exited with 0 +++
318413 --- SIGCHLD {si_signo=SIGCHLD, si_code=CLD_EXITED, si_pid=318416, si_uid=1000, si_status=0, si_utime=0, si_stime=0} ---
318413 --- SIGTERM {si_signo=SIGTERM, si_code=SI_USER, si_pid=318409, si_uid=1000} ---
318413 +++ killed by SIGTERM +++
318409 --- SIGCHLD {si_signo=SIGCHLD, si_code=CLD_KILLED, si_pid=318413, si_uid=1000, si_status=SIGTERM, si_utime=0, si_stime=0} ---
318415 +++ exited with 0 +++
318417 +++ exited with 0 +++
318409 --- SIGCHLD {si_signo=SIGCHLD, si_code=CLD_EXITED, si_pid=318417, si_uid=1000, si_status=0, si_utime=0, si_stime=0} ---
318393 +++ exited with 0 +++
318403 +++ killed by SIGKILL +++
318399 --- SIGCHLD {si_signo=SIGCHLD, si_code=CLD_KILLED, si_pid=318403, si_uid=1000, si_status=SIGKILL, si_utime=0, si_stime=0} ---
318397 +++ exited with 0 +++
318420 +++ exited with 3 +++
318419 --- SIGCHLD {si_signo=SIGCHLD, si_code=CLD_EXITED, si_pid=318420, si_uid=1000, si_status=3, si_utime=0, si_stime=0} ---
318421 +++ exited with 0 +++
318404 +++ killed by SIGKILL +++
318400 --- SIGCHLD {si_signo=SIGCHLD, si_code=CLD_KILLED, si_pid=318404, si_uid=1000, si_status=SIGKILL, si_utime=0, si_stime=0} ---
318405 +++ killed by SIGKILL +++
318401 --- SIGCHLD {si_signo=SIGCHLD, si_code=CLD_KILLED, si_pid=318405, si_uid=1000, si_status=SIGKILL, si_utime=0, si_stime=1 /* 0.01 s */} ---
318394 +++ exited with 0 +++
318399 +++ killed by SIGKILL +++
318392 --- SIGCHLD {si_signo=SIGCHLD, si_code=CLD_KILLED, si_pid=318399, si_uid=1000, si_status=SIGKILL, si_utime=0, si_stime=1 /* 0.01 s */} ---
318392 +++ exited with 0 +++
318387 +++ exited with 0 +++
318409 +++ killed by SIGKILL +++
318402 --- SIGCHLD {si_signo=SIGCHLD, si_code=CLD_KILLED, si_pid=318409, si_uid=1000, si_status=SIGKILL, si_utime=0, si_stime=1 /* 0.01 s */} ---
318400 +++ killed by SIGKILL +++
318386 --- SIGCHLD {si_signo=SIGCHLD, si_code=CLD_KILLED, si_pid=318400, si_uid=1000, si_status=SIGKILL, si_utime=0, si_stime=0} ---
318401 +++ killed by SIGKILL +++
318386 --- SIGCHLD {si_signo=SIGCHLD, si_code=CLD_KILLED, si_pid=318401, si_uid=1000, si_status=SIGKILL, si_utime=0, si_stime=1 /* 0.01 s */} ---
318395 +++ exited with 0 +++
318390 +++ exited with 0 +++
318419 +++ killed by SIGKILL +++
318418 --- SIGCHLD {si_signo=SIGCHLD, si_code=CLD_KILLED, si_pid=318419, si_uid=1000, si_status=SIGKILL, si_utime=0, si_stime=1 /* 0.01 s */} ---
318402 +++ killed by SIGKILL +++
318386 --- SIGCHLD {si_signo=SIGCHLD, si_code=CLD_KILLED, si_pid=318402, si_uid=1000, si_status=SIGKILL, si_utime=0, si_stime=1 /* 0.01 s */} ---
318398 +++ exited with 0 +++
318388 +++ exited with 0 +++
318418 +++ killed by SIGKILL +++
318396 --- SIGCHLD {si_signo=SIGCHLD, si_code=CLD_KILLED, si_pid=318418, si_uid=1000, si_status=SIGKILL, si_utime=0, si_stime=2 /* 0.02 s */} ---
318396 +++ exited with 0 +++
318389 +++ exited with 0 +++
318386 +++ exited with 0 +++
