313196 +++ exited with 0 +++
313214 +++ killed by SIGKILL +++
313210 --- SIGCHLD {si_signo=SIGCHLD, si_code=CLD_KILLED, si_pid=313214, si_uid=1000, si_status=SIGKILL, si_utime=0, si_stime=0} ---
313209 +++ exited with 0 +++
313208 --- SIGCHLD {si_signo=SIGCHLD, si_code=CLD_EXITED, si_pid=313209, si_uid=1000, si_status=0, si_utime=0, si_stime=0} ---
313218 +++ exited with 0 +++
313216 +++ exited with 0 +++
313220 +++ exited with 0 +++
313213 --- SIGCHLD {si_signo=SIGCHLD, si_code=CLD_EXITED, si_pid=313220, si_uid=1000, si_status=0, si_utime=0, si_stime=0} ---
313221 +++ exited with 0 +++
313215 --- SIGCHLD {si_signo=SIGCHLD, si_code=CLD_EXITED, si_pid=313221, si_uid=1000, si_status=0, si_utime=0, si_stime=0} ---
313215 --- SIGTERM {si_signo=SIGTERM, si_code=SI_USER, si_pid=313212, si_uid=1000} ---
313215 +++ killed by SIGTERM +++
313212 --- SIGCHLD {si_signo=SIGCHLD, si_code=CLD_KILLED, si_pid=313215, si_uid=1000, si_status=SIGTERM, si_utime=0, si_stime=0} ---
313213 +++ exited with 0 +++
313211 --- SIGCHLD {si_signo=SIGCHLD, si_code=CLD_EXITED, si_pid=313213, si_uid=1000, si_status=0, si_utime=0, si_stime=0} ---
313219 +++ exited with 0 +++
313217 +++ exited with 0 +++
313222 +++ exited with 0 +++
313212 --- SIGCHLD {si_signo=SIGCHLD, si_code=CLD_EXITED, si_pid=313222, si_uid=1000, si_status=0, si_utime=0, si_stime=0} ---
313197 +++ exited with 0 +++
313202 +++ exited with 0 +++
313210 +++ killed by SIGKILL +++
313205 --- SIGCHLD {si_signo=SIGCHLD, si_code=CLD_KILLED, si_pid=313210, si_uid=1000, si_status=SIGKILL, si_utime=0, si_stime=0} ---
313225 +++ exited with 3 +++
313224 --- SIGCHLD {si_signo=SIGCHLD, si_code=CLD_EXITED, si_pid=313225, si_uid=1000, si_status=3, si_utime=0, si_stime=0} ---
313226 +++ exited with 0 +++
313212 +++ killed by SIGKILL +++
313204 --- SIGCHLD {si_signo=SIGCHLD, si_code=CLD_KILLED, si_pid=313212, si_uid=1000, si_status=SIGKILL, si_utime=0, si_stime=1 /* 0.01 s */} ---
313208 +++ killed by SIGKILL +++
313207 --- SIGCHLD {si_signo=SIGCHLD, si_code=CLD_KILLED, si_pid=313208, si_uid=1000, si_status=SIGKILL, si_utime=0, si_stime=0} ---
313205 +++ killed by SIGKILL +++
313201 --- SIGCHLD {si_signo=SIGCHLD, si_code=CLD_KILLED, si_pid=313205, si_uid=1000, si_status=SIGKILL, si_utime=0, si_stime=0} ---
313211 +++ killed by SIGKILL +++
313206 --- SIGCHLD {si_signo=SIGCHLD, si_code=CLD_KILLED, si_pid=313211, si_uid=1000, si_status=SIGKILL, si_utime=0, si_stime=0} ---
313199 +++ exited with 0 +++
313198 +++ exited with 0 +++
313192 +++ exited with 0 +++
313207 +++ killed by SIGKILL +++
313200 --- SIGCHLD {si_signo=SIGCHLD, si_code=CLD_KILLED, si_pid=313207, si_uid=1000, si_status=SIGKILL, si_utime=0, si_stime=0} ---
313204 +++ killed by SIGKILL +++
313191 --- SIGCHLD {si_signo=SIGCHLD, si_code=CLD_KILLED, si_pid=313204, si_uid=1000, si_status=SIGKILL, si_utime=0, si_stime=1 /* 0.01 s */} ---
313200 +++ exited with 0 +++
313203 +++ exited with 0 +++
313195 +++ exited with 0 +++
313206 +++ killed by SIGKILL +++
313201 --- SIGCHLD {si_signo=SIGCHLD, si_code=CLD_KILLED, si_pid=313206, si_uid=1000, si_status=SIGKILL, si_utime=0, si_stime=0} ---
313193 +++ exited with 0 +++
313224 +++ killed by SIGKILL +++
313223 --- SIGCHLD {si_signo=SIGCHLD, si_code=CLD_KILLED, si_pid=313224, si_uid=1000, si_status=SIGKILL, si_utime=0, si_stime=2 /* 0.02 s */} ---
313223 +++ killed by SIGKILL +++
313201 --- SIGCHLD {si_signo=SIGCHLD, si_code=CLD_KILLED, si_pid=313223, si_uid=1000, si_status=SIGKILL, si_utime=0, si_stime=1 /* 0.01 s */} ---
313201 +++ exited with 0 +++
313194 +++ exited with 0 +++
313191 +++ exited with 0 +++
