318430 +++ exited with 0 +++
318451 +++ exited with 0 +++
318447 +++ killed by SIGKILL +++
318444 --- SIGCHLD {si_signo=SIGCHLD, si_code=CLD_KILLED, si_pid=318447, si_uid=1000, si_status=SIGKILL, si_utime=0, si_stime=0} ---
318454 +++ exited with 0 +++
318446 --- SIGCHLD {si_signo=SIGCHLD, si_code=CLD_EXITED, si_pid=318454, si_uid=1000, si_status=0, si_utime=0, si_stime=0} ---
318453 +++ exited with 0 +++
318445 --- SIGCHLD {si_signo=SIGCHLD, si_code=CLD_EXITED, si_pid=318453, si_uid=1000, si_status=0, si_utime=0, si_stime=0} ---
318445 --- SIGTERM {si_signo=SIGTERM, si_code=SI_USER, si_pid=318442, si_uid=1000} ---
318445 +++ killed by SIGTERM +++
318442 --- SIGCHLD {si_signo=SIGCHLD, si_code=CLD_KILLED, si_pid=318445, si_uid=1000, si_status=SIGTERM, si_utime=0, si_stime=0} ---
318449 +++ exited with 0 +++
318452 +++ exited with 0 +++
318448 --- SIGCHLD {si_signo=SIGCHLD, si_code=CLD_EXITED, si_pid=318452, si_uid=1000, si_status=0, si_utime=0, si_stime=0} ---
318446 +++ exited with 0 +++
318443 --- SIGCHLD {si_signo=SIGCHLD, si_code=CLD_EXITED, si_pid=318446, si_uid=1000, si_status=0, si_utime=0, si_stime=0} ---
318455 +++ exited with 0 +++
318456 +++ exited with 0 +++
318442 --- SIGCHLD {si_signo=SIGCHLD, si_code=CLD_EXITED, si_pid=318456, si_uid=1000, si_status=0, si_utime=0, si_stime=0} ---
318450 +++ exited with 0 +++
318437 +++ exited with 0 +++
318434 +++ exited with 0 +++
318444 +++ killed by SIGKILL +++
318432 --- SIGCHLD {si_signo=SIGCHLD, si_code=CLD_KILLED, si_pid=318444, si_uid=1000, si_status=SIGKILL, si_utime=0, si_stime=0} ---
318432 +++ killed by SIGKILL +++
318425 --- SIGCHLD {si_signo=SIGCHLD, si_code=CLD_KILLED, si_pid=318432, si_uid=1000, si_status=SIGKILL, si_utime=0, si_stime=0} ---
318431 +++ exited with 0 +++
318459 +++ exited with 3 +++
318458 --- SIGCHLD {si_signo=SIGCHLD, si_code=CLD_EXITED, si_pid=318459, si_uid=1000, si_status=3, si_utime=0, si_stime=0} ---
318448 +++ killed by SIGKILL +++
318441 --- SIGCHLD {si_signo=SIGCHLD, si_code=CLD_KILLED, si_pid=318448, si_uid=1000, si_status=SIGKILL, si_utime=0, si_stime=0} ---
318426 +++ exited with 0 +++
318461 +++ exited with 0 +++
318443 +++ killed by SIGKILL +++
318440 --- SIGCHLD {si_signo=SIGCHLD, si_code=CLD_KILLED, si_pid=318443, si_uid=1000, si_status=SIGKILL, si_utime=0, si_stime=0} ---
318442 +++ killed by SIGKILL +++
318439 --- SIGCHLD {si_signo=SIGCHLD, si_code=CLD_KILLED, si_pid=318442, si_uid=1000, si_status=SIGKILL, si_utime=0, si_stime=1 /* 0.01 s */} ---
318433 +++ exited with 0 +++
318441 +++ killed by SIGKILL +++
318425 --- SIGCHLD {si_signo=SIGCHLD, si_code=CLD_KILLED, si_pid=318441, si_uid=1000, si_status=SIGKILL, si_utime=0, si_stime=0} ---
318438 +++ exited with 0 +++
318429 +++ exited with 0 +++
318440 +++ killed by SIGKILL +++
318435 --- SIGCHLD {si_signo=SIGCHLD, si_code=CLD_KILLED, si_pid=318440, si_uid=1000, si_status=SIGKILL, si_utime=0, si_stime=0} ---
318458 +++ killed by SIGKILL +++
318457 --- SIGCHLD {si_signo=SIGCHLD, si_code=CLD_KILLED, si_pid=318458, si_uid=1000, si_status=SIGKILL, si_utime=0, si_stime=1 /* 0.01 s */} ---
318439 +++ killed by SIGKILL +++
318425 --- SIGCHLD {si_signo=SIGCHLD, si_code=CLD_KILLED, si_pid=318439, si_uid=1000, si_status=SIGKILL, si_utime=0, si_stime=1 /* 0.01 s */} ---
318436 +++ exited with 0 +++
318427 +++ exited with 0 +++
318457 +++ killed by SIGKILL +++
318435 --- SIGCHLD {si_signo=SIGCHLD, si_code=CLD_KILLED, si_pid=318457, si_uid=1000, si_status=SIGKILL, si_utime=0, si_stime=1 /* 0.01 s */} ---
318435 +++ exited with 0 +++
318428 +++ exited with 0 +++
318425 +++ exited with 0 +++
