318480 +++ exited with 0 +++
318500 +++ exited with 0 +++
318493 +++ exited with 0 +++
318496 +++ killed by SIGKILL +++
318490 --- SIGCHLD {si_signo=SIGCHLD, si_code=CLD_EXITED, si_pid=318493, si_uid=1000, si_status=0, si_utime=0, si_stime=0} ---
318492 --- SIGCHLD {si_signo=SIGCHLD, si_code=CLD_KILLED, si_pid=318496, si_uid=1000, si_status=SIGKILL, si_utime=0, si_stime=0} ---
318498 +++ exited with 0 +++
318502 +++ exited with 0 +++
318495 --- SIGCHLD {si_signo=SIGCHLD, si_code=CLD_EXITED, si_pid=318502, si_uid=1000, si_status=0, si_utime=0, si_stime=0} ---
318503 +++ exited with 0 +++
318497 --- SIGCHLD {si_signo=SIGCHLD, si_code=CLD_EXITED, si_pid=318503, si_uid=1000, si_status=0, si_utime=0, si_stime=0} ---
318495 --- SIGTERM {si_signo=SIGTERM, si_code=SI_USER, si_pid=318494, si_uid=1000} ---
318495 +++ killed by SIGTERM +++
318494 --- SIGCHLD {si_signo=SIGCHLD, si_code=CLD_KILLED, si_pid=318495, si_uid=1000, si_status=SIGTERM, si_utime=0, si_stime=0} ---
318499 +++ exited with 0 +++
318504 +++ exited with 0 +++
318494 --- SIGCHLD {si_signo=SIGCHLD, si_code=CLD_EXITED, si_pid=318504, si_uid=1000, si_status=0, si_utime=0, si_stime=0} ---
318497 +++ exited with 0 +++
318491 --- SIGCHLD {si_signo=SIGCHLD, si_code=CLD_EXITED, si_pid=318497, si_uid=1000, si_status=0, si_utime=0, si_stime=0} ---
318501 +++ exited with 0 +++
318482 +++ exited with 0 +++
318484 +++ exited with 0 +++
318492 +++ killed by SIGKILL +++
318487 --- SIGCHLD {si_signo=SIGCHLD, si_code=CLD_KILLED, si_pid=318492, si_uid=1000, si_status=SIGKILL, si_utime=0, si_stime=0} ---
318507 +++ exited with 3 +++
318506 --- SIGCHLD {si_signo=SIGCHLD, si_code=CLD_EXITED, si_pid=318507, si_uid=1000, si_status=3, si_utime=0, si_stime=0} ---
318487 +++ killed by SIGKILL +++
318481 --- SIGCHLD {si_signo=SIGCHLD, si_code=CLD_KILLED, si_pid=318487, si_uid=1000, si_status=SIGKILL, si_utime=0, si_stime=1 /* 0.01 s */} ---
318490 +++ killed by SIGKILL +++
318485 --- SIGCHLD {si_signo=SIGCHLD, si_code=CLD_KILLED, si_pid=318490, si_uid=1000, si_status=SIGKILL, si_utime=0, si_stime=0} ---
318508 +++ exited with 0 +++
318481 +++ exited with 0 +++
318494 +++ killed by SIGKILL +++
318489 --- SIGCHLD {si_signo=SIGCHLD, si_code=CLD_KILLED, si_pid=318494, si_uid=1000, si_status=SIGKILL, si_utime=0, si_stime=1 /* 0.01 s */} ---
318474 +++ exited with 0 +++
318491 +++ killed by SIGKILL +++
318488 --- SIGCHLD {si_signo=SIGCHLD, si_code=CLD_KILLED, si_pid=318491, si_uid=1000, si_status=SIGKILL, si_utime=0, si_stime=1 /* 0.01 s */} ---
318478 +++ exited with 0 +++
318485 +++ killed by SIGKILL +++
318473 --- SIGCHLD {si_signo=SIGCHLD, si_code=CLD_KILLED, si_pid=318485, si_uid=1000, si_status=SIGKILL, si_utime=0, si_stime=0} ---
318483 +++ exited with 0 +++
318489 +++ killed by SIGKILL +++
318486 --- SIGCHLD {si_signo=SIGCHLD, si_code=CLD_KILLED, si_pid=318489, si_uid=1000, si_status=SIGKILL, si_utime=0, si_stime=0} ---
318477 +++ exited with 0 +++
318486 +++ exited with 0 +++
318475 +++ exited with 0 +++
318488 +++ killed by SIGKILL +++
318479 --- SIGCHLD {si_signo=SIGCHLD, si_code=CLD_KILLED, si_pid=318488, si_uid=1000, si_status=SIGKILL, si_utime=0, si_stime=0} ---
318506 +++ killed by SIGKILL +++
318505 --- SIGCHLD {si_signo=SIGCHLD, si_code=CLD_KILLED, si_pid=318506, si_uid=1000, si_status=SIGKILL, si_utime=0, si_stime=1 /* 0.01 s */} ---
318505 +++ killed by SIGKILL +++
318473 --- SIGCHLD {si_signo=SIGCHLD, si_code=CLD_KILLED, si_pid=318505, si_uid=1000, si_status=SIGKILL, si_utime=0, si_stime=0} ---
318479 +++ exited with 0 +++
318476 +++ exited with 0 +++
318473 +++ exited with 0 +++
