318576 +++ exited with 0 +++
318569 --- SIGCHLD {si_signo=SIGCHLD, si_code=CLD_EXITED, si_pid=318576, si_uid=1000, si_status=0, si_utime=0, si_stime=0} ---
318572 +++ exited with 0 +++
318570 --- SIGCHLD {si_signo=SIGCHLD, si_code=CLD_EXITED, si_pid=318572, si_uid=1000, si_status=0, si_utime=0, si_stime=0} ---
318578 +++ exited with 0 +++
318556 +++ exited with 0 +++
318569 +++ exited with 0 +++
318568 --- SIGCHLD {si_signo=SIGCHLD, si_code=CLD_EXITED, si_pid=318569, si_uid=1000, si_status=0, si_utime=0, si_stime=0} ---
318580 +++ exited with 0 +++
318577 +++ killed by SIGKILL +++
318575 --- SIGCHLD {si_signo=SIGCHLD, si_code=CLD_KILLED, si_pid=318577, si_uid=1000, si_status=SIGKILL, si_utime=0, si_stime=0} ---
318573 +++ exited with 0 +++
318581 +++ exited with 0 +++
318574 --- SIGCHLD {si_signo=SIGCHLD, si_code=CLD_EXITED, si_pid=318581, si_uid=1000, si_status=0, si_utime=0, si_stime=0} ---
318574 --- SIGTERM {si_signo=SIGTERM, si_code=SI_USER, si_pid=318571, si_uid=1000} ---
318574 +++ killed by SIGTERM +++
318571 --- SIGCHLD {si_signo=SIGCHLD, si_code=CLD_KILLED, si_pid=318574, si_uid=1000, si_status=SIGTERM, si_utime=0, si_stime=0} ---
318579 +++ exited with 0 +++
318582 +++ exited with 0 +++
318571 --- SIGCHLD {si_signo=SIGCHLD, si_code=CLD_EXITED, si_pid=318582, si_uid=1000, si_status=0, si_utime=0, si_stime=0} ---
318561 +++ exited with 0 +++
318557 +++ exited with 0 +++
318575 +++ killed by SIGKILL +++
318565 --- SIGCHLD {si_signo=SIGCHLD, si_code=CLD_KILLED, si_pid=318575, si_uid=1000, si_status=SIGKILL, si_utime=0, si_stime=0} ---
318585 +++ exited with 3 +++
318584 --- SIGCHLD {si_signo=SIGCHLD, si_code=CLD_EXITED, si_pid=318585, si_uid=1000, si_status=3, si_utime=0, si_stime=0} ---
318586 +++ exited with 0 +++
318570 +++ killed by SIGKILL +++
318567 --- SIGCHLD {si_signo=SIGCHLD, si_code=CLD_KILLED, si_pid=318570, si_uid=1000, si_status=SIGKILL, si_utime=0, si_stime=1 /* 0.01 s */} ---
318565 +++ killed by SIGKILL +++
318563 --- SIGCHLD {si_signo=SIGCHLD, si_code=CLD_KILLED, si_pid=318565, si_uid=1000, si_status=SIGKILL, si_utime=0, si_stime=0} ---
318568 +++ killed by SIGKILL +++
318566 --- SIGCHLD {si_signo=SIGCHLD, si_code=CLD_KILLED, si_pid=318568, si_uid=1000, si_status=SIGKILL, si_utime=0, si_stime=0} ---
318559 +++ exited with 0 +++
318571 +++ killed by SIGKILL +++
318564 --- SIGCHLD {si_signo=SIGCHLD, si_code=CLD_KILLED, si_pid=318571, si_uid=1000, si_status=SIGKILL, si_utime=0, si_stime=1 /* 0.01 s */} ---
318552 +++ exited with 0 +++
318560 +++ exited with 0 +++
318567 +++ killed by SIGKILL +++
318563 --- SIGCHLD {si_signo=SIGCHLD, si_code=CLD_KILLED, si_pid=318567, si_uid=1000, si_status=SIGKILL, si_utime=0, si_stime=0} ---
318563 +++ exited with 0 +++
318555 +++ exited with 0 +++
318566 +++ killed by SIGKILL +++
318558 --- SIGCHLD {si_signo=SIGCHLD, si_code=CLD_KILLED, si_pid=318566, si_uid=1000, si_status=SIGKILL, si_utime=0, si_stime=2 /* 0.02 s */} ---
318564 +++ killed by SIGKILL +++
318562 --- SIGCHLD {si_signo=SIGCHLD, si_code=CLD_KILLED, si_pid=318564, si_uid=1000, si_status=SIGKILL, si_utime=0, si_stime=1 /* 0.01 s */} ---
318558 +++ exited with 0 +++
318553 +++ exited with 0 +++
318584 +++ killed by SIGKILL +++
318583 --- SIGCHLD {si_signo=SIGCHLD, si_code=CLD_KILLED, si_pid=318584, si_uid=1000, si_status=SIGKILL, si_utime=0, si_stime=1 /* 0.01 s */} ---
318583 +++ killed by SIGKILL +++
318562 --- SIGCHLD {si_signo=SIGCHLD, si_code=CLD_KILLED, si_pid=318583, si_uid=1000, si_status=SIGKILL, si_utime=0, si_stime=1 /* 0.01 s */} ---
318562 +++ exited with 0 +++
318554 +++ exited with 0 +++
318551 +++ exited with 0 +++
