318652 +++ exited with 0 +++
318635 +++ exited with 0 +++
318647 +++ killed by SIGKILL +++
318646 --- SIGCHLD {si_signo=SIGCHLD, si_code=CLD_KILLED, si_pid=318647, si_uid=1000, si_status=SIGKILL, si_utime=0, si_stime=0} ---
318650 +++ exited with 0 +++
318648 --- SIGCHLD {si_signo=SIGCHLD, si_code=CLD_EXITED, si_pid=318650, si_uid=1000, si_status=0, si_utime=0, si_stime=0} ---
318655 +++ exited with 0 +++
318658 +++ exited with 0 +++
318653 --- SIGCHLD {si_signo=SIGCHLD, si_code=CLD_EXITED, si_pid=318658, si_uid=1000, si_status=0, si_utime=0, si_stime=0} ---
318653 --- SIGTERM {si_signo=SIGTERM, si_code=SI_USER, si_pid=318649, si_uid=1000} ---
318653 +++ killed by SIGTERM +++
318649 --- SIGCHLD {si_signo=SIGCHLD, si_code=CLD_KILLED, si_pid=318653, si_uid=1000, si_status=SIGTERM, si_utime=0, si_stime=0} ---
318656 +++ exited with 0 +++
318660 +++ exited with 0 +++
318649 --- SIGCHLD {si_signo=SIGCHLD, si_code=CLD_EXITED, si_pid=318660, si_uid=1000, si_status=0, si_utime=0, si_stime=0} ---
318639 +++ exited with 0 +++
318659 +++ exited with 0 +++
318654 --- SIGCHLD {si_signo=SIGCHLD, si_code=CLD_EXITED, si_pid=318659, si_uid=1000, si_status=0, si_utime=0, si_stime=0} ---
318654 +++ exited with 0 +++
318651 --- SIGCHLD {si_signo=SIGCHLD, si_code=CLD_EXITED, si_pid=318654, si_uid=1000, si_status=0, si_utime=0, si_stime=1 /* 0.01 s */} ---
318657 +++ exited with 0 +++
318646 +++ killed by SIGKILL +++
318642 --- SIGCHLD {si_signo=SIGCHLD, si_code=CLD_KILLED, si_pid=318646, si_uid=1000, si_status=SIGKILL, si_utime=0, si_stime=0} ---
318634 +++ exited with 0 +++
318642 +++ killed by SIGKILL +++
318637 --- SIGCHLD {si_signo=SIGCHLD, si_code=CLD_KILLED, si_pid=318642, si_uid=1000, si_status=SIGKILL, si_utime=0, si_stime=1 /* 0.01 s */} ---
318637 +++ exited with 0 +++
318648 +++ killed by SIGKILL +++
318644 --- SIGCHLD {si_signo=SIGCHLD, si_code=CLD_KILLED, si_pid=318648, si_uid=1000, si_status=SIGKILL, si_utime=0, si_stime=1 /* 0.01 s */} ---
318630 +++ exited with 0 +++
318663 +++ exited with 3 +++
318662 --- SIGCHLD {si_signo=SIGCHLD, si_code=CLD_EXITED, si_pid=318663, si_uid=1000, si_status=3, si_utime=0, si_stime=0} ---
318664 +++ exited with 0 +++
318649 +++ killed by SIGKILL +++
318643 --- SIGCHLD {si_signo=SIGCHLD, si_code=CLD_KILLED, si_pid=318649, si_uid=1000, si_status=SIGKILL, si_utime=0, si_stime=1 /* 0.01 s */} ---
318651 +++ killed by SIGKILL +++
318645 --- SIGCHLD {si_signo=SIGCHLD, si_code=CLD_KILLED, si_pid=318651, si_uid=1000, si_status=SIGKILL, si_utime=0, si_stime=1 /* 0.01 s */} ---
318638 +++ exited with 0 +++
318644 +++ killed by SIGKILL +++
318641 --- SIGCHLD {si_signo=SIGCHLD, si_code=CLD_KILLED, si_pid=318644, si_uid=1000, si_status=SIGKILL, si_utime=0, si_stime=0} ---
318641 +++ exited with 0 +++
318633 +++ exited with 0 +++
318645 +++ killed by SIGKILL +++
318629 --- SIGCHLD {si_signo=SIGCHLD, si_code=CLD_KILLED, si_pid=318645, si_uid=1000, si_status=SIGKILL, si_utime=0, si_stime=1 /* 0.01 s */} ---
318643 +++ killed by SIGKILL +++
318636 --- SIGCHLD {si_signo=SIGCHLD, si_code=CLD_KILLED, si_pid=318643, si_uid=1000, si_status=SIGKILL, si_utime=0, si_stime=1 /* 0.01 s */} ---
318636 +++ exited with 0 +++
318631 +++ exited with 0 +++
318662 +++ killed by SIGKILL +++
318661 --- SIGCHLD {si_signo=SIGCHLD, si_code=CLD_KILLED, si_pid=318662, si_uid=1000, si_status=SIGKILL, si_utime=0, si_stime=1 /* 0.01 s */} ---
318661 +++ killed by SIGKILL +++
318640 --- SIGCHLD {si_signo=SIGCHLD, si_code=CLD_KILLED, si_pid=318661, si_uid=1000, si_status=SIGKILL, si_utime=0, si_stime=1 /* 0.01 s */} ---
318640 +++ exited with 0 +++
318632 +++ exited with 0 +++
318629 +++ exited with 0 +++
