318751 +++ exited with 0 +++
318747 --- SIGCHLD {si_signo=SIGCHLD, si_code=CLD_EXITED, si_pid=318751, si_uid=1000, si_status=0, si_utime=0, si_stime=0} ---
318747 --- SIGTERM {si_signo=SIGTERM, si_code=SI_USER, si_pid=318746, si_uid=1000} ---
318747 +++ killed by SIGTERM +++
318746 --- SIGCHLD {si_signo=SIGCHLD, si_code=CLD_KILLED, si_pid=318747, si_uid=1000, si_status=SIGTERM, si_utime=0, si_stime=0} ---
318730 +++ exited with 0 +++
318757 +++ exited with 0 +++
318748 +++ exited with 0 +++
318752 +++ killed by SIGKILL +++
318749 --- SIGCHLD {si_signo=SIGCHLD, si_code=CLD_KILLED, si_pid=318752, si_uid=1000, si_status=SIGKILL, si_utime=0, si_stime=0} ---
318755 +++ exited with 0 +++
318754 --- SIGCHLD {si_signo=SIGCHLD, si_code=CLD_EXITED, si_pid=318755, si_uid=1000, si_status=0, si_utime=0, si_stime=0} ---
318754 +++ exited with 0 +++
318750 --- SIGCHLD {si_signo=SIGCHLD, si_code=CLD_EXITED, si_pid=318754, si_uid=1000, si_status=0, si_utime=0, si_stime=0} ---
318758 +++ exited with 0 +++
318756 +++ exited with 0 +++
318753 --- SIGCHLD {si_signo=SIGCHLD, si_code=CLD_EXITED, si_pid=318756, si_uid=1000, si_status=0, si_utime=0, si_stime=0} ---
318760 +++ exited with 0 +++
318759 --- SIGTERM {si_signo=SIGTERM, si_code=SI_USER, si_pid=318759, si_uid=1000} ---
318738 +++ exited with 0 +++
318732 +++ exited with 0 +++
318749 +++ killed by SIGKILL +++
318743 --- SIGCHLD {si_signo=SIGCHLD, si_code=CLD_KILLED, si_pid=318749, si_uid=1000, si_status=SIGKILL, si_utime=0, si_stime=1 /* 0.01 s */} ---
318759 +++ killed by SIGKILL +++
318746 --- SIGCHLD {si_signo=SIGCHLD, si_code=CLD_KILLED, si_pid=318759, si_uid=1000, si_status=SIGKILL, si_utime=0, si_stime=0} ---
318753 +++ killed by SIGKILL +++
318745 --- SIGCHLD {si_signo=SIGCHLD, si_code=CLD_KILLED, si_pid=318753, si_uid=1000, si_status=SIGKILL, si_utime=0, si_stime=0} ---
318773 +++ exited with 3 +++
318772 --- SIGCHLD {si_signo=SIGCHLD, si_code=CLD_EXITED, si_pid=318773, si_uid=1000, si_status=3, si_utime=0, si_stime=0} ---
318775 +++ exited with 0 +++
318745 +++ killed by SIGKILL +++
318731 --- SIGCHLD {si_signo=SIGCHLD, si_code=CLD_KILLED, si_pid=318745, si_uid=1000, si_status=SIGKILL, si_utime=0, si_stime=0} ---
318740 +++ exited with 0 +++
318729 +++ exited with 0 +++
318739 +++ exited with 0 +++
318750 +++ killed by SIGKILL +++
318744 --- SIGCHLD {si_signo=SIGCHLD, si_code=CLD_KILLED, si_pid=318750, si_uid=1000, si_status=SIGKILL, si_utime=0, si_stime=1 /* 0.01 s */} ---
318743 +++ killed by SIGKILL +++
318718 --- SIGCHLD {si_signo=SIGCHLD, si_code=CLD_KILLED, si_pid=318743, si_uid=1000, si_status=SIGKILL, si_utime=0, si_stime=0} ---
318746 +++ killed by SIGKILL +++
318737 --- SIGCHLD {si_signo=SIGCHLD, si_code=CLD_KILLED, si_pid=318746, si_uid=1000, si_status=SIGKILL, si_utime=0, si_stime=3 /* 0.03 s */} ---
318731 +++ exited with 0 +++
318726 +++ exited with 0 +++
318744 +++ killed by SIGKILL +++
318741 --- SIGCHLD {si_signo=SIGCHLD, si_code=CLD_KILLED, si_pid=318744, si_uid=1000, si_status=SIGKILL, si_utime=0, si_stime=1 /* 0.01 s */} ---
318772 +++ killed by SIGKILL +++
318768 --- SIGCHLD {si_signo=SIGCHLD, si_code=CLD_KILLED, si_pid=318772, si_uid=1000, si_status=SIGKILL, si_utime=0, si_stime=0} ---
318737 +++ killed by SIGKILL +++
318718 --- SIGCHLD {si_signo=SIGCHLD, si_code=CLD_KILLED, si_pid=318737, si_uid=1000, si_status=SIGKILL, si_utime=0, si_stime=1 /* 0.01 s */} ---
318734 +++ exited with 0 +++
318727 +++ exited with 0 +++
318768 +++ killed by SIGKILL +++
318741 --- SIGCHLD {si_signo=SIGCHLD, si_code=CLD_KILLED, si_pid=318768, si_uid=1000, si_status=SIGKILL, si_utime=0, si_stime=1 /* 0.01 s */} ---
318741 +++ exited with 0 +++
318728 +++ exited with 0 +++
318718 +++ exited with 0 +++
