318791 +++ exited with 0 +++
318806 +++ exited with 0 +++
318802 +++ killed by SIGKILL +++
318801 --- SIGCHLD {si_signo=SIGCHLD, si_code=CLD_KILLED, si_pid=318802, si_uid=1000, si_status=SIGKILL, si_utime=0, si_stime=0} ---
318807 +++ exited with 0 +++
318805 --- SIGCHLD {si_signo=SIGCHLD, si_code=CLD_EXITED, si_pid=318807, si_uid=1000, si_status=0, si_utime=0, si_stime=0} ---
318809 +++ exited with 0 +++
318813 +++ exited with 0 +++
318810 --- SIGCHLD {si_signo=SIGCHLD, si_code=CLD_EXITED, si_pid=318813, si_uid=1000, si_status=0, si_utime=0, si_stime=0} ---
318810 +++ exited with 0 +++
318808 --- SIGCHLD {si_signo=SIGCHLD, si_code=CLD_EXITED, si_pid=318810, si_uid=1000, si_status=0, si_utime=0, si_stime=0} ---
318814 +++ exited with 0 +++
318816 +++ exited with 0 +++
318812 --- SIGCHLD {si_signo=SIGCHLD, si_code=CLD_EXITED, si_pid=318816, si_uid=1000, si_status=0, si_utime=0, si_stime=0} ---
318793 +++ exited with 0 +++
318812 --- SIGTERM {si_signo=SIGTERM, si_code=SI_USER, si_pid=318811, si_uid=1000} ---
318812 +++ killed by SIGTERM +++
318811 --- SIGCHLD {si_signo=SIGCHLD, si_code=CLD_KILLED, si_pid=318812, si_uid=1000, si_status=SIGTERM, si_utime=0, si_stime=0} ---
318815 +++ exited with 0 +++
318801 +++ killed by SIGKILL +++
318797 --- SIGCHLD {si_signo=SIGCHLD, si_code=CLD_KILLED, si_pid=318801, si_uid=1000, si_status=SIGKILL, si_utime=0, si_stime=0} ---
318817 +++ exited with 0 +++
318811 --- SIGCHLD {si_signo=SIGCHLD, si_code=CLD_EXITED, si_pid=318817, si_uid=1000, si_status=0, si_utime=0, si_stime=0} ---
318794 +++ exited with 0 +++
318797 +++ killed by SIGKILL +++
318786 --- SIGCHLD {si_signo=SIGCHLD, si_code=CLD_KILLED, si_pid=318797, si_uid=1000, si_status=SIGKILL, si_utime=0, si_stime=0} ---
318792 +++ exited with 0 +++
318787 +++ exited with 0 +++
318805 +++ killed by SIGKILL +++
318800 --- SIGCHLD {si_signo=SIGCHLD, si_code=CLD_KILLED, si_pid=318805, si_uid=1000, si_status=SIGKILL, si_utime=0, si_stime=1 /* 0.01 s */} ---
318820 +++ exited with 3 +++
318819 --- SIGCHLD {si_signo=SIGCHLD, si_code=CLD_EXITED, si_pid=318820, si_uid=1000, si_status=3, si_utime=0, si_stime=0} ---
318821 +++ exited with 0 +++
318808 +++ killed by SIGKILL +++
318804 --- SIGCHLD {si_signo=SIGCHLD, si_code=CLD_KILLED, si_pid=318808, si_uid=1000, si_status=SIGKILL, si_utime=0, si_stime=0} ---
318798 +++ exited with 0 +++
318811 +++ killed by SIGKILL +++
318803 --- SIGCHLD {si_signo=SIGCHLD, si_code=CLD_KILLED, si_pid=318811, si_uid=1000, si_status=SIGKILL, si_utime=0, si_stime=1 /* 0.01 s */} ---
318800 +++ killed by SIGKILL +++
318795 --- SIGCHLD {si_signo=SIGCHLD, si_code=CLD_KILLED, si_pid=318800, si_uid=1000, si_status=SIGKILL, si_utime=0, si_stime=0} ---
318795 +++ exited with 0 +++
318790 +++ exited with 0 +++
318804 +++ killed by SIGKILL +++
318786 --- SIGCHLD {si_signo=SIGCHLD, si_code=CLD_KILLED, si_pid=318804, si_uid=1000, si_status=SIGKILL, si_utime=0, si_stime=0} ---
318803 +++ killed by SIGKILL +++
318786 --- SIGCHLD {si_signo=SIGCHLD, si_code=CLD_KILLED, si_pid=318803, si_uid=1000, si_status=SIGKILL, si_utime=0, si_stime=0} ---
318796 +++ exited with 0 +++
318819 +++ killed by SIGKILL +++
318818 --- SIGCHLD {si_signo=SIGCHLD, si_code=CLD_KILLED, si_pid=318819, si_uid=1000, si_status=SIGKILL, si_utime=0, si_stime=0} ---
318788 +++ exited with 0 +++
318818 +++ killed by SIGKILL +++
318786 --- SIGCHLD {si_signo=SIGCHLD, si_code=CLD_KILLED, si_pid=318818, si_uid=1000, si_status=SIGKILL, si_utime=0, si_stime=1 /* 0.01 s */} ---
318799 +++ exited with 0 +++
318789 +++ exited with 0 +++
318786 +++ exited with 0 +++
