313238 +++ exited with 0 +++
313251 +++ exited with 0 +++
313250 +++ killed by SIGKILL +++
313248 --- SIGCHLD {si_signo=SIGCHLD, si_code=CLD_KILLED, si_pid=313250, si_uid=1000, si_status=SIGKILL, si_utime=0, si_stime=0} ---
313249 +++ exited with 0 +++
313247 --- SIGCHLD {si_signo=SIGCHLD, si_code=CLD_EXITED, si_pid=313249, si_uid=1000, si_status=0, si_utime=0, si_stime=0} ---
313252 +++ exited with 0 +++
313258 +++ exited with 0 +++
313254 --- SIGCHLD {si_signo=SIGCHLD, si_code=CLD_EXITED, si_pid=313258, si_uid=1000, si_status=0, si_utime=0, si_stime=0} ---
313254 --- SIGTERM {si_signo=SIGTERM, si_code=SI_USER, si_pid=313253, si_uid=1000} ---
313254 +++ killed by SIGTERM +++
313253 --- SIGCHLD {si_signo=SIGCHLD, si_code=CLD_KILLED, si_pid=313254, si_uid=1000, si_status=SIGTERM, si_utime=0, si_stime=0} ---
313257 +++ exited with 0 +++
313235 +++ exited with 0 +++
313260 +++ exited with 0 +++
313256 --- SIGCHLD {si_signo=SIGCHLD, si_code=CLD_EXITED, si_pid=313260, si_uid=1000, si_status=0, si_utime=0, si_stime=0} ---
313261 +++ exited with 0 +++
313253 --- SIGCHLD {si_signo=SIGCHLD, si_code=CLD_EXITED, si_pid=313261, si_uid=1000, si_status=0, si_utime=0, si_stime=0} ---
313256 +++ exited with 0 +++
313255 --- SIGCHLD {si_signo=SIGCHLD, si_code=CLD_EXITED, si_pid=313256, si_uid=1000, si_status=0, si_utime=0, si_stime=0} ---
313259 +++ exited with 0 +++
313248 +++ killed by SIGKILL +++
313244 --- SIGCHLD {si_signo=SIGCHLD, si_code=CLD_KILLED, si_pid=313248, si_uid=1000, si_status=SIGKILL, si_utime=0, si_stime=0} ---
313241 +++ exited with 0 +++
313244 +++ killed by SIGKILL +++
313240 --- SIGCHLD {si_signo=SIGCHLD, si_code=CLD_KILLED, si_pid=313244, si_uid=1000, si_status=SIGKILL, si_utime=0, si_stime=0} ---
313247 +++ killed by SIGKILL +++
313243 --- SIGCHLD {si_signo=SIGCHLD, si_code=CLD_KILLED, si_pid=313247, si_uid=1000, si_status=SIGKILL, si_utime=0, si_stime=1 /* 0.01 s */} ---
313240 +++ exited with 0 +++
313231 +++ exited with 0 +++
313264 +++ exited with 3 +++
313263 --- SIGCHLD {si_signo=SIGCHLD, si_code=CLD_EXITED, si_pid=313264, si_uid=1000, si_status=3, si_utime=0, si_stime=0} ---
313265 +++ exited with 0 +++
313255 +++ killed by SIGKILL +++
313245 --- SIGCHLD {si_signo=SIGCHLD, si_code=CLD_KILLED, si_pid=313255, si_uid=1000, si_status=SIGKILL, si_utime=0, si_stime=1 /* 0.01 s */} ---
313253 +++ killed by SIGKILL +++
313246 --- SIGCHLD {si_signo=SIGCHLD, si_code=CLD_KILLED, si_pid=313253, si_uid=1000, si_status=SIGKILL, si_utime=0, si_stime=1 /* 0.01 s */} ---
313236 +++ exited with 0 +++
313243 +++ killed by SIGKILL +++
313237 --- SIGCHLD {si_signo=SIGCHLD, si_code=CLD_KILLED, si_pid=313243, si_uid=1000, si_status=SIGKILL, si_utime=0, si_stime=0} ---
313237 +++ exited with 0 +++
313234 +++ exited with 0 +++
313245 +++ killed by SIGKILL +++
313239 --- SIGCHLD {si_signo=SIGCHLD, si_code=CLD_KILLED, si_pid=313245, si_uid=1000, si_status=SIGKILL, si_utime=0, si_stime=1 /* 0.01 s */} ---
313246 +++ killed by SIGKILL +++
313242 --- SIGCHLD {si_signo=SIGCHLD, si_code=CLD_KILLED, si_pid=313246, si_uid=1000, si_status=SIGKILL, si_utime=0, si_stime=0} ---
313242 +++ exited with 0 +++
313232 +++ exited with 0 +++
313263 +++ killed by SIGKILL +++
313262 --- SIGCHLD {si_signo=SIGCHLD, si_code=CLD_KILLED, si_pid=313263, si_uid=1000, si_status=SIGKILL, si_utime=0, si_stime=1 /* 0.01 s */} ---
313262 +++ killed by SIGKILL +++
313239 --- SIGCHLD {si_signo=SIGCHLD, si_code=CLD_KILLED, si_pid=313262, si_uid=1000, si_status=SIGKILL, si_utime=0, si_stime=1 /* 0.01 s */} ---
313239 +++ exited with 0 +++
313233 +++ exited with 0 +++
313230 +++ exited with 0 +++
