318875 +++ exited with 0 +++
318886 +++ exited with 0 +++
318882 +++ killed by SIGKILL +++
318881 --- SIGCHLD {si_signo=SIGCHLD, si_code=CLD_KILLED, si_pid=318882, si_uid=1000, si_status=SIGKILL, si_utime=0, si_stime=1 /* 0.01 s */} ---
318890 +++ exited with 0 +++
318887 --- SIGCHLD {si_signo=SIGCHLD, si_code=CLD_EXITED, si_pid=318890, si_uid=1000, si_status=0, si_utime=0, si_stime=0} ---
318894 +++ exited with 0 +++
318895 +++ exited with 0 +++
318889 --- SIGCHLD {si_signo=SIGCHLD, si_code=CLD_EXITED, si_pid=318895, si_uid=1000, si_status=0, si_utime=0, si_stime=0} ---
318897 +++ exited with 0 +++
318893 --- SIGCHLD {si_signo=SIGCHLD, si_code=CLD_EXITED, si_pid=318897, si_uid=1000, si_status=0, si_utime=0, si_stime=0} ---
318893 --- SIGTERM {si_signo=SIGTERM, si_code=SI_USER, si_pid=318891, si_uid=1000} ---
318893 +++ killed by SIGTERM +++
318891 --- SIGCHLD {si_signo=SIGCHLD, si_code=CLD_KILLED, si_pid=318893, si_uid=1000, si_status=SIGTERM, si_utime=0, si_stime=0} ---
318896 +++ exited with 0 +++
318898 +++ exited with 0 +++
318891 --- SIGCHLD {si_signo=SIGCHLD, si_code=CLD_EXITED, si_pid=318898, si_uid=1000, si_status=0, si_utime=0, si_stime=0} ---
318889 +++ exited with 0 +++
318888 --- SIGCHLD {si_signo=SIGCHLD, si_code=CLD_EXITED, si_pid=318889, si_uid=1000, si_status=0, si_utime=0, si_stime=0} ---
318892 +++ exited with 0 +++
318874 +++ exited with 0 +++
318881 +++ killed by SIGKILL +++
318880 --- SIGCHLD {si_signo=SIGCHLD, si_code=CLD_KILLED, si_pid=318881, si_uid=1000, si_status=SIGKILL, si_utime=0, si_stime=0} ---
318876 +++ exited with 0 +++
318880 +++ killed by SIGKILL +++
318902 --- SIGCHLD {si_signo=SIGCHLD, si_code=CLD_KILLED, si_pid=318880, si_uid=1000, si_status=SIGKILL, si_utime=0, si_stime=0} ---
318901 +++ exited with 3 +++
318900 --- SIGCHLD {si_signo=SIGCHLD, si_code=CLD_EXITED, si_pid=318901, si_uid=1000, si_status=3, si_utime=0, si_stime=0} ---
318877 +++ exited with 0 +++
318902 +++ exited with 0 +++
318868 +++ exited with 0 +++
318887 +++ killed by SIGKILL +++
318883 --- SIGCHLD {si_signo=SIGCHLD, si_code=CLD_KILLED, si_pid=318887, si_uid=1000, si_status=SIGKILL, si_utime=0, si_stime=1 /* 0.01 s */} ---
318891 +++ killed by SIGKILL +++
318885 --- SIGCHLD {si_signo=SIGCHLD, si_code=CLD_KILLED, si_pid=318891, si_uid=1000, si_status=SIGKILL, si_utime=0, si_stime=2 /* 0.02 s */} ---
318872 +++ exited with 0 +++
318888 +++ killed by SIGKILL +++
318884 --- SIGCHLD {si_signo=SIGCHLD, si_code=CLD_KILLED, si_pid=318888, si_uid=1000, si_status=SIGKILL, si_utime=0, si_stime=1 /* 0.01 s */} ---
318883 +++ killed by SIGKILL +++
318867 --- SIGCHLD {si_signo=SIGCHLD, si_code=CLD_KILLED, si_pid=318883, si_uid=1000, si_status=SIGKILL, si_utime=0, si_stime=0} ---
318885 +++ killed by SIGKILL +++
318867 --- SIGCHLD {si_signo=SIGCHLD, si_code=CLD_KILLED, si_pid=318885, si_uid=1000, si_status=SIGKILL, si_utime=0, si_stime=1 /* 0.01 s */} ---
318879 +++ exited with 0 +++
318878 +++ exited with 0 +++
318871 +++ exited with 0 +++
318869 +++ exited with 0 +++
318884 +++ killed by SIGKILL +++
318873 --- SIGCHLD {si_signo=SIGCHLD, si_code=CLD_KILLED, si_pid=318884, si_uid=1000, si_status=SIGKILL, si_utime=0, si_stime=0} ---
318900 +++ killed by SIGKILL +++
318899 --- SIGCHLD {si_signo=SIGCHLD, si_code=CLD_KILLED, si_pid=318900, si_uid=1000, si_status=SIGKILL, si_utime=0, si_stime=0} ---
318899 +++ killed by SIGKILL +++
318873 --- SIGCHLD {si_signo=SIGCHLD, si_code=CLD_KILLED, si_pid=318899, si_uid=1000, si_status=SIGKILL, si_utime=0, si_stime=1 /* 0.01 s */} ---
318873 +++ exited with 0 +++
318870 +++ exited with 0 +++
318867 +++ exited with 0 +++
