318926 +++ exited with 0 +++
318921 --- SIGCHLD {si_signo=SIGCHLD, si_code=CLD_EXITED, si_pid=318926, si_uid=1000, si_status=0, si_utime=0, si_stime=0} ---
318921 +++ exited with 0 +++
318920 --- SIGCHLD {si_signo=SIGCHLD, si_code=CLD_EXITED, si_pid=318921, si_uid=1000, si_status=0, si_utime=0, si_stime=0} ---
318925 +++ exited with 0 +++
318915 +++ exited with 0 +++
318933 +++ exited with 0 +++
318928 +++ killed by SIGKILL +++
318927 --- SIGCHLD {si_signo=SIGCHLD, si_code=CLD_KILLED, si_pid=318928, si_uid=1000, si_status=SIGKILL, si_utime=0, si_stime=0} ---
318932 +++ exited with 0 +++
318929 --- SIGCHLD {si_signo=SIGCHLD, si_code=CLD_EXITED, si_pid=318932, si_uid=1000, si_status=0, si_utime=0, si_stime=0} ---
318934 +++ exited with 0 +++
318931 --- SIGCHLD {si_signo=SIGCHLD, si_code=CLD_EXITED, si_pid=318934, si_uid=1000, si_status=0, si_utime=0, si_stime=0} ---
318935 +++ exited with 0 +++
318931 --- SIGTERM {si_signo=SIGTERM, si_code=SI_USER, si_pid=318930, si_uid=1000} ---
318931 +++ killed by SIGTERM +++
318930 --- SIGCHLD {si_signo=SIGCHLD, si_code=CLD_KILLED, si_pid=318931, si_uid=1000, si_status=SIGTERM, si_utime=0, si_stime=0} ---
318936 +++ exited with 0 +++
318937 +++ exited with 0 +++
318930 --- SIGCHLD {si_signo=SIGCHLD, si_code=CLD_EXITED, si_pid=318937, si_uid=1000, si_status=0, si_utime=0, si_stime=0} ---
318913 +++ exited with 0 +++
318914 +++ exited with 0 +++
318927 +++ killed by SIGKILL +++
318922 --- SIGCHLD {si_signo=SIGCHLD, si_code=CLD_KILLED, si_pid=318927, si_uid=1000, si_status=SIGKILL, si_utime=0, si_stime=0} ---
318940 +++ exited with 3 +++
318939 --- SIGCHLD {si_signo=SIGCHLD, si_code=CLD_EXITED, si_pid=318940, si_uid=1000, si_status=3, si_utime=0, si_stime=0} ---
318941 +++ exited with 0 +++
318911 +++ exited with 0 +++
318922 +++ killed by SIGKILL +++
318906 --- SIGCHLD {si_signo=SIGCHLD, si_code=CLD_KILLED, si_pid=318922, si_uid=1000, si_status=SIGKILL, si_utime=0, si_stime=0} ---
318929 +++ killed by SIGKILL +++
318924 --- SIGCHLD {si_signo=SIGCHLD, si_code=CLD_KILLED, si_pid=318929, si_uid=1000, si_status=SIGKILL, si_utime=0, si_stime=0} ---
318918 +++ exited with 0 +++
318920 +++ killed by SIGKILL +++
318919 --- SIGCHLD {si_signo=SIGCHLD, si_code=CLD_KILLED, si_pid=318920, si_uid=1000, si_status=SIGKILL, si_utime=0, si_stime=1 /* 0.01 s */} ---
318907 +++ exited with 0 +++
318930 +++ killed by SIGKILL +++
318923 --- SIGCHLD {si_signo=SIGCHLD, si_code=CLD_KILLED, si_pid=318930, si_uid=1000, si_status=SIGKILL, si_utime=0, si_stime=0} ---
318924 +++ killed by SIGKILL +++
318912 --- SIGCHLD {si_signo=SIGCHLD, si_code=CLD_KILLED, si_pid=318924, si_uid=1000, si_status=SIGKILL, si_utime=0, si_stime=1 /* 0.01 s */} ---
318916 +++ exited with 0 +++
318939 +++ killed by SIGKILL +++
318919 +++ killed by SIGKILL +++
318938 --- SIGCHLD {si_signo=SIGCHLD, si_code=CLD_KILLED, si_pid=318939, si_uid=1000, si_status=SIGKILL, si_utime=0, si_stime=0} ---
318912 --- SIGCHLD {si_signo=SIGCHLD, si_code=CLD_KILLED, si_pid=318919, si_uid=1000, si_status=SIGKILL, si_utime=0, si_stime=0} ---
318910 +++ exited with 0 +++
318923 +++ killed by SIGKILL +++
318917 --- SIGCHLD {si_signo=SIGCHLD, si_code=CLD_KILLED, si_pid=318923, si_uid=1000, si_status=SIGKILL, si_utime=0, si_stime=1 /* 0.01 s */} ---
318917 +++ exited with 0 +++
318908 +++ exited with 0 +++
318938 +++ killed by SIGKILL +++
318912 --- SIGCHLD {si_signo=SIGCHLD, si_code=CLD_KILLED, si_pid=318938, si_uid=1000, si_status=SIGKILL, si_utime=0, si_stime=1 /* 0.01 s */} ---
318912 +++ exited with 0 +++
318909 +++ exited with 0 +++
318906 +++ exited with 0 +++
