318950 +++ exited with 0 +++
318970 +++ exited with 0 +++
318965 +++ exited with 0 +++
318964 +++ killed by SIGKILL +++
318963 --- SIGCHLD {si_signo=SIGCHLD, si_code=CLD_EXITED, si_pid=318965, si_uid=1000, si_status=0, si_utime=0, si_stime=0} ---
318962 --- SIGCHLD {si_signo=SIGCHLD, si_code=CLD_KILLED, si_pid=318964, si_uid=1000, si_status=SIGKILL, si_utime=0, si_stime=0} ---
318968 +++ exited with 0 +++
318974 +++ exited with 0 +++
318969 --- SIGCHLD {si_signo=SIGCHLD, si_code=CLD_EXITED, si_pid=318974, si_uid=1000, si_status=0, si_utime=0, si_stime=0} ---
318975 +++ exited with 0 +++
318971 --- SIGCHLD {si_signo=SIGCHLD, si_code=CLD_EXITED, si_pid=318975, si_uid=1000, si_status=0, si_utime=0, si_stime=0} ---
318969 +++ exited with 0 +++
318966 --- SIGCHLD {si_signo=SIGCHLD, si_code=CLD_EXITED, si_pid=318969, si_uid=1000, si_status=0, si_utime=0, si_stime=0} ---
318953 +++ exited with 0 +++
318971 --- SIGTERM {si_signo=SIGTERM, si_code=SI_USER, si_pid=318967, si_uid=1000} ---
318971 +++ killed by SIGTERM +++
318967 --- SIGCHLD {si_signo=SIGCHLD, si_code=CLD_KILLED, si_pid=318971, si_uid=1000, si_status=SIGTERM, si_utime=0, si_stime=0} ---
318972 +++ exited with 0 +++
318973 +++ exited with 0 +++
318976 +++ exited with 0 +++
318967 --- SIGCHLD {si_signo=SIGCHLD, si_code=CLD_EXITED, si_pid=318976, si_uid=1000, si_status=0, si_utime=0, si_stime=0} ---
318962 +++ killed by SIGKILL +++
318956 --- SIGCHLD {si_signo=SIGCHLD, si_code=CLD_KILLED, si_pid=318962, si_uid=1000, si_status=SIGKILL, si_utime=0, si_stime=0} ---
318952 +++ exited with 0 +++
318963 +++ killed by SIGKILL +++
318958 --- SIGCHLD {si_signo=SIGCHLD, si_code=CLD_KILLED, si_pid=318963, si_uid=1000, si_status=SIGKILL, si_utime=0, si_stime=1 /* 0.01 s */} ---
318979 +++ exited with 3 +++
318978 --- SIGCHLD {si_signo=SIGCHLD, si_code=CLD_EXITED, si_pid=318979, si_uid=1000, si_status=3, si_utime=0, si_stime=0} ---
318980 +++ exited with 0 +++
318956 +++ killed by SIGKILL +++
318945 --- SIGCHLD {si_signo=SIGCHLD, si_code=CLD_KILLED, si_pid=318956, si_uid=1000, si_status=SIGKILL, si_utime=0, si_stime=0} ---
318951 +++ exited with 0 +++
318946 +++ exited with 0 +++
318966 +++ killed by SIGKILL +++
318960 --- SIGCHLD {si_signo=SIGCHLD, si_code=CLD_KILLED, si_pid=318966, si_uid=1000, si_status=SIGKILL, si_utime=0, si_stime=1 /* 0.01 s */} ---
318967 +++ killed by SIGKILL +++
318961 --- SIGCHLD {si_signo=SIGCHLD, si_code=CLD_KILLED, si_pid=318967, si_uid=1000, si_status=SIGKILL, si_utime=0, si_stime=1 /* 0.01 s */} ---
318957 +++ exited with 0 +++
318958 +++ killed by SIGKILL +++
318945 --- SIGCHLD {si_signo=SIGCHLD, si_code=CLD_KILLED, si_pid=318958, si_uid=1000, si_status=SIGKILL, si_utime=0, si_stime=0} ---
318954 +++ exited with 0 +++
318949 +++ exited with 0 +++
318960 +++ killed by SIGKILL +++
318945 --- SIGCHLD {si_signo=SIGCHLD, si_code=CLD_KILLED, si_pid=318960, si_uid=1000, si_status=SIGKILL, si_utime=0, si_stime=0} ---
318961 +++ killed by SIGKILL +++
318955 --- SIGCHLD {si_signo=SIGCHLD, si_code=CLD_KILLED, si_pid=318961, si_uid=1000, si_status=SIGKILL, si_utime=0, si_stime=0} ---
318955 +++ exited with 0 +++
318947 +++ exited with 0 +++
318978 +++ killed by SIGKILL +++
318977 --- SIGCHLD {si_signo=SIGCHLD, si_code=CLD_KILLED, si_pid=318978, si_uid=1000, si_status=SIGKILL, si_utime=0, si_stime=1 /* 0.01 s */} ---
318977 +++ killed by SIGKILL +++
318959 --- SIGCHLD {si_signo=SIGCHLD, si_code=CLD_KILLED, si_pid=318977, si_uid=1000, si_status=SIGKILL, si_utime=0, si_stime=1 /* 0.01 s */} ---
318959 +++ exited with 0 +++
318948 +++ exited with 0 +++
318945 +++ exited with 0 +++
