318991 +++ exited with 0 +++
319010 +++ exited with 0 +++
319006 +++ killed by SIGKILL +++
319011 +++ exited with 0 +++
319003 --- SIGCHLD {si_signo=SIGCHLD, si_code=CLD_KILLED, si_pid=319006, si_uid=1000, si_status=SIGKILL, si_utime=0, si_stime=0} ---
319004 --- SIGCHLD {si_signo=SIGCHLD, si_code=CLD_EXITED, si_pid=319011, si_uid=1000, si_status=0, si_utime=0, si_stime=0} ---
319005 +++ exited with 0 +++
319001 --- SIGCHLD {si_signo=SIGCHLD, si_code=CLD_EXITED, si_pid=319005, si_uid=1000, si_status=0, si_utime=0, si_stime=0} ---
319013 +++ exited with 0 +++
319004 --- SIGTERM {si_signo=SIGTERM, si_code=SI_USER, si_pid=319002, si_uid=1000} ---
319004 +++ killed by SIGTERM +++
319002 --- SIGCHLD {si_signo=SIGCHLD, si_code=CLD_KILLED, si_pid=319004, si_uid=1000, si_status=SIGTERM, si_utime=0, si_stime=0} ---
319008 +++ exited with 0 +++
319014 +++ exited with 0 +++
319009 --- SIGCHLD {si_signo=SIGCHLD, si_code=CLD_EXITED, si_pid=319014, si_uid=1000, si_status=0, si_utime=0, si_stime=0} ---
319015 +++ exited with 0 +++
319002 --- SIGCHLD {si_signo=SIGCHLD, si_code=CLD_EXITED, si_pid=319015, si_uid=1000, si_status=0, si_utime=0, si_stime=0} ---
319009 +++ exited with 0 +++
319007 --- SIGCHLD {si_signo=SIGCHLD, si_code=CLD_EXITED, si_pid=319009, si_uid=1000, si_status=0, si_utime=0, si_stime=0} ---
319012 +++ exited with 0 +++
318989 +++ exited with 0 +++
318994 +++ exited with 0 +++
319003 +++ killed by SIGKILL +++
318997 --- SIGCHLD {si_signo=SIGCHLD, si_code=CLD_KILLED, si_pid=319003, si_uid=1000, si_status=SIGKILL, si_utime=0, si_stime=1 /* 0.01 s */} ---
319018 +++ exited with 3 +++
319017 --- SIGCHLD {si_signo=SIGCHLD, si_code=CLD_EXITED, si_pid=319018, si_uid=1000, si_status=3, si_utime=0, si_stime=0} ---
319019 +++ exited with 0 +++
318997 +++ killed by SIGKILL +++
318984 --- SIGCHLD {si_signo=SIGCHLD, si_code=CLD_KILLED, si_pid=318997, si_uid=1000, si_status=SIGKILL, si_utime=0, si_stime=1 /* 0.01 s */} ---
319007 +++ killed by SIGKILL +++
319000 --- SIGCHLD {si_signo=SIGCHLD, si_code=CLD_KILLED, si_pid=319007, si_uid=1000, si_status=SIGKILL, si_utime=0, si_stime=1 /* 0.01 s */} ---
319002 +++ killed by SIGKILL +++
318999 --- SIGCHLD {si_signo=SIGCHLD, si_code=CLD_KILLED, si_pid=319002, si_uid=1000, si_status=SIGKILL, si_utime=0, si_stime=0} ---
319001 +++ killed by SIGKILL +++
318998 --- SIGCHLD {si_signo=SIGCHLD, si_code=CLD_KILLED, si_pid=319001, si_uid=1000, si_status=SIGKILL, si_utime=0, si_stime=0} ---
318992 +++ exited with 0 +++
318985 +++ exited with 0 +++
318993 +++ exited with 0 +++
318999 +++ killed by SIGKILL +++
318990 --- SIGCHLD {si_signo=SIGCHLD, si_code=CLD_KILLED, si_pid=318999, si_uid=1000, si_status=SIGKILL, si_utime=0, si_stime=0} ---
319000 +++ killed by SIGKILL +++
318984 --- SIGCHLD {si_signo=SIGCHLD, si_code=CLD_KILLED, si_pid=319000, si_uid=1000, si_status=SIGKILL, si_utime=0, si_stime=0} ---
318998 +++ killed by SIGKILL +++
318996 --- SIGCHLD {si_signo=SIGCHLD, si_code=CLD_KILLED, si_pid=318998, si_uid=1000, si_status=SIGKILL, si_utime=0, si_stime=0} ---
318990 +++ exited with 0 +++
318995 +++ exited with 0 +++
318986 +++ exited with 0 +++
318988 +++ exited with 0 +++
319017 +++ killed by SIGKILL +++
319016 --- SIGCHLD {si_signo=SIGCHLD, si_code=CLD_KILLED, si_pid=319017, si_uid=1000, si_status=SIGKILL, si_utime=0, si_stime=0} ---
319016 +++ killed by SIGKILL +++
318996 --- SIGCHLD {si_signo=SIGCHLD, si_code=CLD_KILLED, si_pid=319016, si_uid=1000, si_status=SIGKILL, si_utime=0, si_stime=1 /* 0.01 s */} ---
318996 +++ exited with 0 +++
318987 +++ exited with 0 +++
318984 +++ exited with 0 +++
