319030 +++ exited with 0 +++
319043 +++ killed by SIGKILL +++
319042 --- SIGCHLD {si_signo=SIGCHLD, si_code=CLD_KILLED, si_pid=319043, si_uid=1000, si_status=SIGKILL, si_utime=0, si_stime=0} ---
319046 +++ exited with 0 +++
319047 +++ exited with 0 +++
319041 --- SIGCHLD {si_signo=SIGCHLD, si_code=CLD_EXITED, si_pid=319047, si_uid=1000, si_status=0, si_utime=0, si_stime=0} ---
319048 +++ exited with 0 +++
319045 --- SIGCHLD {si_signo=SIGCHLD, si_code=CLD_EXITED, si_pid=319048, si_uid=1000, si_status=0, si_utime=0, si_stime=0} ---
319041 +++ exited with 0 +++
319039 --- SIGCHLD {si_signo=SIGCHLD, si_code=CLD_EXITED, si_pid=319041, si_uid=1000, si_status=0, si_utime=0, si_stime=0} ---
319053 +++ exited with 0 +++
319050 --- SIGCHLD {si_signo=SIGCHLD, si_code=CLD_EXITED, si_pid=319053, si_uid=1000, si_status=0, si_utime=0, si_stime=0} ---
319042 +++ killed by SIGKILL +++
319034 --- SIGCHLD {si_signo=SIGCHLD, si_code=CLD_KILLED, si_pid=319042, si_uid=1000, si_status=SIGKILL, si_utime=0, si_stime=0} ---
319051 +++ exited with 0 +++
319044 +++ exited with 0 +++
319050 --- SIGTERM {si_signo=SIGTERM, si_code=SI_USER, si_pid=319049, si_uid=1000} ---
319050 +++ killed by SIGTERM +++
319049 --- SIGCHLD {si_signo=SIGCHLD, si_code=CLD_KILLED, si_pid=319050, si_uid=1000, si_status=SIGTERM, si_utime=0, si_stime=0} ---
319052 +++ exited with 0 +++
319054 +++ exited with 0 +++
319049 --- SIGCHLD {si_signo=SIGCHLD, si_code=CLD_EXITED, si_pid=319054, si_uid=1000, si_status=0, si_utime=0, si_stime=0} ---
319033 +++ exited with 0 +++
319035 +++ exited with 0 +++
319034 +++ killed by SIGKILL +++
319023 --- SIGCHLD {si_signo=SIGCHLD, si_code=CLD_KILLED, si_pid=319034, si_uid=1000, si_status=SIGKILL, si_utime=0, si_stime=0} ---
319031 +++ exited with 0 +++
319024 +++ exited with 0 +++
319057 +++ exited with 3 +++
319056 --- SIGCHLD {si_signo=SIGCHLD, si_code=CLD_EXITED, si_pid=319057, si_uid=1000, si_status=3, si_utime=0, si_stime=0} ---
319058 +++ exited with 0 +++
319049 +++ killed by SIGKILL +++
319040 --- SIGCHLD {si_signo=SIGCHLD, si_code=CLD_KILLED, si_pid=319049, si_uid=1000, si_status=SIGKILL, si_utime=0, si_stime=1 /* 0.01 s */} ---
319045 +++ killed by SIGKILL +++
319038 --- SIGCHLD {si_signo=SIGCHLD, si_code=CLD_KILLED, si_pid=319045, si_uid=1000, si_status=SIGKILL, si_utime=0, si_stime=1 /* 0.01 s */} ---
319039 +++ killed by SIGKILL +++
319032 --- SIGCHLD {si_signo=SIGCHLD, si_code=CLD_KILLED, si_pid=319039, si_uid=1000, si_status=SIGKILL, si_utime=0, si_stime=1 /* 0.01 s */} ---
319028 +++ exited with 0 +++
319040 +++ killed by SIGKILL +++
319023 --- SIGCHLD {si_signo=SIGCHLD, si_code=CLD_KILLED, si_pid=319040, si_uid=1000, si_status=SIGKILL, si_utime=0, si_stime=0} ---
319038 +++ killed by SIGKILL +++
319037 --- SIGCHLD {si_signo=SIGCHLD, si_code=CLD_KILLED, si_pid=319038, si_uid=1000, si_status=SIGKILL, si_utime=0, si_stime=0} ---
319032 +++ killed by SIGKILL +++
319029 --- SIGCHLD {si_signo=SIGCHLD, si_code=CLD_KILLED, si_pid=319032, si_uid=1000, si_status=SIGKILL, si_utime=0, si_stime=0} ---
319036 +++ exited with 0 +++
319037 +++ exited with 0 +++
319025 +++ exited with 0 +++
319027 +++ exited with 0 +++
319056 +++ killed by SIGKILL +++
319055 --- SIGCHLD {si_signo=SIGCHLD, si_code=CLD_KILLED, si_pid=319056, si_uid=1000, si_status=SIGKILL, si_utime=0, si_stime=0} ---
319055 +++ killed by SIGKILL +++
319029 --- SIGCHLD {si_signo=SIGCHLD, si_code=CLD_KILLED, si_pid=319055, si_uid=1000, si_status=SIGKILL, si_utime=0, si_stime=0} ---
319029 +++ exited with 0 +++
319026 +++ exited with 0 +++
319023 +++ exited with 0 +++
