319085 +++ exited with 0 +++
319080 --- SIGCHLD {si_signo=SIGCHLD, si_code=CLD_EXITED, si_pid=319085, si_uid=1000, si_status=0, si_utime=0, si_stime=0} ---
319087 +++ exited with 0 +++
319081 --- SIGCHLD {si_signo=SIGCHLD, si_code=CLD_EXITED, si_pid=319087, si_uid=1000, si_status=0, si_utime=0, si_stime=0} ---
319080 +++ exited with 0 +++
319079 --- SIGCHLD {si_signo=SIGCHLD, si_code=CLD_EXITED, si_pid=319080, si_uid=1000, si_status=0, si_utime=0, si_stime=0} ---
319091 +++ exited with 0 +++
319086 +++ exited with 0 +++
319090 +++ exited with 0 +++
319083 --- SIGCHLD {si_signo=SIGCHLD, si_code=CLD_EXITED, si_pid=319090, si_uid=1000, si_status=0, si_utime=0, si_stime=0} ---
319069 +++ exited with 0 +++
319092 +++ exited with 0 +++
319083 --- SIGTERM {si_signo=SIGTERM, si_code=SI_USER, si_pid=319082, si_uid=1000} ---
319083 +++ killed by SIGTERM +++
319088 +++ killed by SIGKILL +++
319082 clone(child_stack=NULL, flags=CLONE_CHILD_CLEARTID|CLONE_CHILD_SETTID|SIGCHLD, child_tidptr=0x70ce1d9fda10) = ? ERESTARTNOINTR (To be restarted)
319084 --- SIGCHLD {si_signo=SIGCHLD, si_code=CLD_KILLED, si_pid=319088, si_uid=1000, si_status=SIGKILL, si_utime=0, si_stime=0} ---
319082 --- SIGCHLD {si_signo=SIGCHLD, si_code=CLD_KILLED, si_pid=319083, si_uid=1000, si_status=SIGTERM, si_utime=0, si_stime=0} ---
319089 +++ exited with 0 +++
319093 +++ exited with 0 +++
319082 --- SIGCHLD {si_signo=SIGCHLD, si_code=CLD_EXITED, si_pid=319093, si_uid=1000, si_status=0, si_utime=0, si_stime=0} ---
319073 +++ exited with 0 +++
319070 +++ exited with 0 +++
319084 +++ killed by SIGKILL +++
319077 --- SIGCHLD {si_signo=SIGCHLD, si_code=CLD_KILLED, si_pid=319084, si_uid=1000, si_status=SIGKILL, si_utime=0, si_stime=0} ---
319096 +++ exited with 3 +++
319095 --- SIGCHLD {si_signo=SIGCHLD, si_code=CLD_EXITED, si_pid=319096, si_uid=1000, si_status=3, si_utime=0, si_stime=0} ---
319097 +++ exited with 0 +++
319067 +++ exited with 0 +++
319079 +++ killed by SIGKILL +++
319075 --- SIGCHLD {si_signo=SIGCHLD, si_code=CLD_KILLED, si_pid=319079, si_uid=1000, si_status=SIGKILL, si_utime=0, si_stime=1 /* 0.01 s */} ---
319082 +++ killed by SIGKILL +++
319076 --- SIGCHLD {si_signo=SIGCHLD, si_code=CLD_KILLED, si_pid=319082, si_uid=1000, si_status=SIGKILL, si_utime=0, si_stime=0} ---
319077 +++ killed by SIGKILL +++
319062 --- SIGCHLD {si_signo=SIGCHLD, si_code=CLD_KILLED, si_pid=319077, si_uid=1000, si_status=SIGKILL, si_utime=0, si_stime=0} ---
319081 +++ killed by SIGKILL +++
319078 --- SIGCHLD {si_signo=SIGCHLD, si_code=CLD_KILLED, si_pid=319081, si_uid=1000, si_status=SIGKILL, si_utime=0, si_stime=1 /* 0.01 s */} ---
319071 +++ exited with 0 +++
319063 +++ exited with 0 +++
319095 +++ killed by SIGKILL +++
319094 --- SIGCHLD {si_signo=SIGCHLD, si_code=CLD_KILLED, si_pid=319095, si_uid=1000, si_status=SIGKILL, si_utime=0, si_stime=0} ---
319075 +++ killed by SIGKILL +++
319062 --- SIGCHLD {si_signo=SIGCHLD, si_code=CLD_KILLED, si_pid=319075, si_uid=1000, si_status=SIGKILL, si_utime=0, si_stime=0} ---
319076 +++ killed by SIGKILL +++
319072 --- SIGCHLD {si_signo=SIGCHLD, si_code=CLD_KILLED, si_pid=319076, si_uid=1000, si_status=SIGKILL, si_utime=0, si_stime=0} ---
319078 +++ killed by SIGKILL +++
319072 --- SIGCHLD {si_signo=SIGCHLD, si_code=CLD_KILLED, si_pid=319078, si_uid=1000, si_status=SIGKILL, si_utime=0, si_stime=0} ---
319072 +++ exited with 0 +++
319074 +++ exited with 0 +++
319064 +++ exited with 0 +++
319066 +++ exited with 0 +++
319094 +++ killed by SIGKILL +++
319068 --- SIGCHLD {si_signo=SIGCHLD, si_code=CLD_KILLED, si_pid=319094, si_uid=1000, si_status=SIGKILL, si_utime=0, si_stime=1 /* 0.01 s */} ---
319068 +++ exited with 0 +++
319065 +++ exited with 0 +++
319062 +++ exited with 0 +++
