319121 +++ exited with 0 +++
319118 --- SIGCHLD {si_signo=SIGCHLD, si_code=CLD_EXITED, si_pid=319121, si_uid=1000, si_status=0, si_utime=0, si_stime=0} ---
319125 +++ exited with 0 +++
319129 +++ exited with 0 +++
319122 --- SIGCHLD {si_signo=SIGCHLD, si_code=CLD_EXITED, si_pid=319129, si_uid=1000, si_status=0, si_utime=0, si_stime=0} ---
319130 +++ exited with 0 +++
319123 --- SIGCHLD {si_signo=SIGCHLD, si_code=CLD_EXITED, si_pid=319130, si_uid=1000, si_status=0, si_utime=0, si_stime=0} ---
319109 +++ exited with 0 +++
319131 +++ exited with 0 +++
319128 +++ killed by SIGKILL +++
319124 --- SIGCHLD {si_signo=SIGCHLD, si_code=CLD_KILLED, si_pid=319128, si_uid=1000, si_status=SIGKILL, si_utime=0, si_stime=0} ---
319122 --- SIGTERM {si_signo=SIGTERM, si_code=SI_USER, si_pid=319120, si_uid=1000} ---
319122 +++ killed by SIGTERM +++
319120 --- SIGCHLD {si_signo=SIGCHLD, si_code=CLD_KILLED, si_pid=319122, si_uid=1000, si_status=SIGTERM, si_utime=0, si_stime=0} ---
319126 +++ exited with 0 +++
319123 +++ exited with 0 +++
319119 --- SIGCHLD {si_signo=SIGCHLD, si_code=CLD_EXITED, si_pid=319123, si_uid=1000, si_status=0, si_utime=0, si_stime=0} ---
319132 +++ exited with 0 +++
319120 --- SIGCHLD {si_signo=SIGCHLD, si_code=CLD_EXITED, si_pid=319132, si_uid=1000, si_status=0, si_utime=0, si_stime=0} ---
319127 +++ exited with 0 +++
319106 +++ exited with 0 +++
319110 +++ exited with 0 +++
319124 +++ killed by SIGKILL +++
319117 --- SIGCHLD {si_signo=SIGCHLD, si_code=CLD_KILLED, si_pid=319124, si_uid=1000, si_status=SIGKILL, si_utime=0, si_stime=0} ---
319135 +++ exited with 3 +++
319134 --- SIGCHLD {si_signo=SIGCHLD, si_code=CLD_EXITED, si_pid=319135, si_uid=1000, si_status=3, si_utime=0, si_stime=0} ---
319136 +++ exited with 0 +++
319118 +++ killed by SIGKILL +++
319115 --- SIGCHLD {si_signo=SIGCHLD, si_code=CLD_KILLED, si_pid=319118, si_uid=1000, si_status=SIGKILL, si_utime=0, si_stime=0} ---
319117 +++ killed by SIGKILL +++
319111 --- SIGCHLD {si_signo=SIGCHLD, si_code=CLD_KILLED, si_pid=319117, si_uid=1000, si_status=SIGKILL, si_utime=0, si_stime=1 /* 0.01 s */} ---
319120 +++ killed by SIGKILL +++
319116 --- SIGCHLD {si_signo=SIGCHLD, si_code=CLD_KILLED, si_pid=319120, si_uid=1000, si_status=SIGKILL, si_utime=0, si_stime=0} ---
319114 +++ exited with 0 +++
319119 +++ killed by SIGKILL +++
319113 --- SIGCHLD {si_signo=SIGCHLD, si_code=CLD_KILLED, si_pid=319119, si_uid=1000, si_status=SIGKILL, si_utime=0, si_stime=0} ---
319102 +++ exited with 0 +++
319107 +++ exited with 0 +++
319115 +++ killed by SIGKILL +++
319112 --- SIGCHLD {si_signo=SIGCHLD, si_code=CLD_KILLED, si_pid=319115, si_uid=1000, si_status=SIGKILL, si_utime=0, si_stime=1 /* 0.01 s */} ---
319116 +++ killed by SIGKILL +++
319108 +++ exited with 0 +++
319105 --- SIGCHLD {si_signo=SIGCHLD, si_code=CLD_KILLED, si_pid=319116, si_uid=1000, si_status=SIGKILL, si_utime=0, si_stime=0} ---
319105 +++ exited with 0 +++
319112 +++ exited with 0 +++
319113 +++ killed by SIGKILL +++
319103 --- SIGCHLD {si_signo=SIGCHLD, si_code=CLD_KILLED, si_pid=319113, si_uid=1000, si_status=SIGKILL, si_utime=0, si_stime=0} ---
319103 +++ exited with 0 +++
319134 +++ killed by SIGKILL +++
319133 --- SIGCHLD {si_signo=SIGCHLD, si_code=CLD_KILLED, si_pid=319134, si_uid=1000, si_status=SIGKILL, si_utime=0, si_stime=0} ---
319133 +++ killed by SIGKILL +++
319101 --- SIGCHLD {si_signo=SIGCHLD, si_code=CLD_KILLED, si_pid=319133, si_uid=1000, si_status=SIGKILL, si_utime=0, si_stime=1 /* 0.01 s */} ---
319111 +++ exited with 0 +++
319104 +++ exited with 0 +++
319101 +++ exited with 0 +++
