319164 +++ exited with 0 +++
319158 --- SIGCHLD {si_signo=SIGCHLD, si_code=CLD_EXITED, si_pid=319164, si_uid=1000, si_status=0, si_utime=0, si_stime=0} ---
319167 +++ exited with 0 +++
319160 --- SIGCHLD {si_signo=SIGCHLD, si_code=CLD_EXITED, si_pid=319167, si_uid=1000, si_status=0, si_utime=0, si_stime=0} ---
319158 --- SIGTERM {si_signo=SIGTERM, si_code=SI_USER, si_pid=319155, si_uid=1000} ---
319158 +++ killed by SIGTERM +++
319155 --- SIGCHLD {si_signo=SIGCHLD, si_code=CLD_KILLED, si_pid=319158, si_uid=1000, si_status=SIGTERM, si_utime=0, si_stime=0} ---
319161 +++ exited with 0 +++
319166 +++ exited with 0 +++
319163 --- SIGCHLD {si_signo=SIGCHLD, si_code=CLD_EXITED, si_pid=319166, si_uid=1000, si_status=0, si_utime=0, si_stime=0} ---
319160 +++ exited with 0 +++
319157 --- SIGCHLD {si_signo=SIGCHLD, si_code=CLD_EXITED, si_pid=319160, si_uid=1000, si_status=0, si_utime=0, si_stime=0} ---
319169 +++ exited with 0 +++
319170 +++ exited with 0 +++
319155 --- SIGCHLD {si_signo=SIGCHLD, si_code=CLD_EXITED, si_pid=319170, si_uid=1000, si_status=0, si_utime=0, si_stime=0} ---
319162 +++ exited with 0 +++
319153 +++ exited with 0 +++
319171 +++ exited with 0 +++
319168 +++ killed by SIGKILL +++
319165 --- SIGCHLD {si_signo=SIGCHLD, si_code=CLD_KILLED, si_pid=319168, si_uid=1000, si_status=SIGKILL, si_utime=0, si_stime=0} ---
319149 +++ exited with 0 +++
319147 +++ exited with 0 +++
319165 +++ killed by SIGKILL +++
319159 --- SIGCHLD {si_signo=SIGCHLD, si_code=CLD_KILLED, si_pid=319165, si_uid=1000, si_status=SIGKILL, si_utime=0, si_stime=0} ---
319174 +++ exited with 3 +++
319173 --- SIGCHLD {si_signo=SIGCHLD, si_code=CLD_EXITED, si_pid=319174, si_uid=1000, si_status=3, si_utime=0, si_stime=0} ---
319175 +++ exited with 0 +++
319163 +++ killed by SIGKILL +++
319156 --- SIGCHLD {si_signo=SIGCHLD, si_code=CLD_KILLED, si_pid=319163, si_uid=1000, si_status=SIGKILL, si_utime=0, si_stime=0} ---
319145 +++ exited with 0 +++
319157 +++ killed by SIGKILL +++
319148 --- SIGCHLD {si_signo=SIGCHLD, si_code=CLD_KILLED, si_pid=319157, si_uid=1000, si_status=SIGKILL, si_utime=0, si_stime=0} ---
319159 +++ killed by SIGKILL +++
319140 --- SIGCHLD {si_signo=SIGCHLD, si_code=CLD_KILLED, si_pid=319159, si_uid=1000, si_status=SIGKILL, si_utime=0, si_stime=0} ---
319154 +++ exited with 0 +++
319141 +++ exited with 0 +++
319155 +++ killed by SIGKILL +++
319152 --- SIGCHLD {si_signo=SIGCHLD, si_code=CLD_KILLED, si_pid=319155, si_uid=1000, si_status=SIGKILL, si_utime=0, si_stime=0} ---
319156 +++ killed by SIGKILL +++
319150 --- SIGCHLD {si_signo=SIGCHLD, si_code=CLD_KILLED, si_pid=319156, si_uid=1000, si_status=SIGKILL, si_utime=0, si_stime=0} ---
319150 +++ exited with 0 +++
319144 +++ exited with 0 +++
319148 +++ killed by SIGKILL +++
319140 --- SIGCHLD {si_signo=SIGCHLD, si_code=CLD_KILLED, si_pid=319148, si_uid=1000, si_status=SIGKILL, si_utime=0, si_stime=0} ---
319173 +++ killed by SIGKILL +++
319172 --- SIGCHLD {si_signo=SIGCHLD, si_code=CLD_KILLED, si_pid=319173, si_uid=1000, si_status=SIGKILL, si_utime=0, si_stime=0} ---
319152 +++ killed by SIGKILL +++
319151 --- SIGCHLD {si_signo=SIGCHLD, si_code=CLD_KILLED, si_pid=319152, si_uid=1000, si_status=SIGKILL, si_utime=0, si_stime=0} ---
319151 +++ exited with 0 +++
319142 +++ exited with 0 +++
319172 +++ killed by SIGKILL +++
319140 --- SIGCHLD {si_signo=SIGCHLD, si_code=CLD_KILLED, si_pid=319172, si_uid=1000, si_status=SIGKILL, si_utime=0, si_stime=1 /* 0.01 s */} ---
319146 +++ exited with 0 +++
319143 +++ exited with 0 +++
319140 +++ exited with 0 +++
