319205 +++ exited with 0 +++
319207 +++ exited with 0 +++
319198 --- SIGCHLD {si_signo=SIGCHLD, si_code=CLD_EXITED, si_pid=319205, si_uid=1000, si_status=0, si_utime=0, si_stime=0} ---
319199 --- SIGCHLD {si_signo=SIGCHLD, si_code=CLD_EXITED, si_pid=319207, si_uid=1000, si_status=0, si_utime=0, si_stime=0} ---
319186 +++ exited with 0 +++
319199 --- SIGTERM {si_signo=SIGTERM, si_code=SI_USER, si_pid=319197, si_uid=1000} ---
319208 +++ exited with 0 +++
319199 +++ killed by SIGTERM +++
319197 --- SIGCHLD {si_signo=SIGCHLD, si_code=CLD_KILLED, si_pid=319199, si_uid=1000, si_status=SIGTERM, si_utime=0, si_stime=0} ---
319204 +++ killed by SIGKILL +++
319200 --- SIGCHLD {si_signo=SIGCHLD, si_code=CLD_KILLED, si_pid=319204, si_uid=1000, si_status=SIGKILL, si_utime=0, si_stime=0} ---
319206 +++ exited with 0 +++
319201 --- SIGCHLD {si_signo=SIGCHLD, si_code=CLD_EXITED, si_pid=319206, si_uid=1000, si_status=0, si_utime=0, si_stime=0} ---
319203 +++ exited with 0 +++
319198 +++ exited with 0 +++
319196 --- SIGCHLD {si_signo=SIGCHLD, si_code=CLD_EXITED, si_pid=319198, si_uid=1000, si_status=0, si_utime=0, si_stime=0} ---
319210 +++ exited with 0 +++
319197 --- SIGCHLD {si_signo=SIGCHLD, si_code=CLD_EXITED, si_pid=319210, si_uid=1000, si_status=0, si_utime=0, si_stime=0} ---
319209 +++ exited with 0 +++
319202 +++ exited with 0 +++
319190 +++ exited with 0 +++
319184 +++ exited with 0 +++
319200 +++ killed by SIGKILL +++
319194 --- SIGCHLD {si_signo=SIGCHLD, si_code=CLD_KILLED, si_pid=319200, si_uid=1000, si_status=SIGKILL, si_utime=0, si_stime=0} ---
319213 +++ exited with 3 +++
319212 --- SIGCHLD {si_signo=SIGCHLD, si_code=CLD_EXITED, si_pid=319213, si_uid=1000, si_status=3, si_utime=0, si_stime=0} ---
319214 +++ exited with 0 +++
319196 +++ killed by SIGKILL +++
319193 --- SIGCHLD {si_signo=SIGCHLD, si_code=CLD_KILLED, si_pid=319196, si_uid=1000, si_status=SIGKILL, si_utime=0, si_stime=0} ---
319201 +++ killed by SIGKILL +++
319195 --- SIGCHLD {si_signo=SIGCHLD, si_code=CLD_KILLED, si_pid=319201, si_uid=1000, si_status=SIGKILL, si_utime=0, si_stime=0} ---
319194 +++ killed by SIGKILL +++
319192 --- SIGCHLD {si_signo=SIGCHLD, si_code=CLD_KILLED, si_pid=319194, si_uid=1000, si_status=SIGKILL, si_utime=0, si_stime=1 /* 0.01 s */} ---
319187 +++ exited with 0 +++
319189 +++ exited with 0 +++
319197 +++ killed by SIGKILL +++
319180 +++ exited with 0 +++
319191 --- SIGCHLD {si_signo=SIGCHLD, si_code=CLD_KILLED, si_pid=319197, si_uid=1000, si_status=SIGKILL, si_utime=0, si_stime=0} ---
319195 +++ killed by SIGKILL +++
319192 --- SIGCHLD {si_signo=SIGCHLD, si_code=CLD_KILLED, si_pid=319195, si_uid=1000, si_status=SIGKILL, si_utime=0, si_stime=0} ---
319192 +++ exited with 0 +++
319193 +++ killed by SIGKILL +++
319188 --- SIGCHLD {si_signo=SIGCHLD, si_code=CLD_KILLED, si_pid=319193, si_uid=1000, si_status=SIGKILL, si_utime=0, si_stime=1 /* 0.01 s */} ---
319183 +++ exited with 0 +++
319191 +++ killed by SIGKILL +++
319179 --- SIGCHLD {si_signo=SIGCHLD, si_code=CLD_KILLED, si_pid=319191, si_uid=1000, si_status=SIGKILL, si_utime=0, si_stime=0} ---
319212 +++ killed by SIGKILL +++
319211 --- SIGCHLD {si_signo=SIGCHLD, si_code=CLD_KILLED, si_pid=319212, si_uid=1000, si_status=SIGKILL, si_utime=0, si_stime=1 /* 0.01 s */} ---
319185 +++ exited with 0 +++
319181 +++ exited with 0 +++
319211 +++ killed by SIGKILL +++
319188 --- SIGCHLD {si_signo=SIGCHLD, si_code=CLD_KILLED, si_pid=319211, si_uid=1000, si_status=SIGKILL, si_utime=0, si_stime=1 /* 0.01 s */} ---
319188 +++ exited with 0 +++
319182 +++ exited with 0 +++
319179 +++ exited with 0 +++
