319223 +++ exited with 0 +++
319242 +++ exited with 0 +++
319235 --- SIGCHLD {si_signo=SIGCHLD, si_code=CLD_EXITED, si_pid=319242, si_uid=1000, si_status=0, si_utime=0, si_stime=0} ---
319238 --- SIGCHLD {si_signo=SIGCHLD, si_code=CLD_KILLED, si_pid=319241, si_uid=1000, si_status=SIGKILL, si_utime=0, si_stime=0} ---
319243 +++ exited with 0 +++
319235 +++ exited with 0 +++
319234 --- SIGCHLD {si_signo=SIGCHLD, si_code=CLD_EXITED, si_pid=319235, si_uid=1000, si_status=0, si_utime=0, si_stime=0} ---
319240 +++ exited with 0 +++
319246 +++ exited with 0 +++
319239 --- SIGCHLD {si_signo=SIGCHLD, si_code=CLD_EXITED, si_pid=319246, si_uid=1000, si_status=0, si_utime=0, si_stime=0} ---
319247 +++ exited with 0 +++
319245 --- SIGCHLD {si_signo=SIGCHLD, si_code=CLD_EXITED, si_pid=319247, si_uid=1000, si_status=0, si_utime=0, si_stime=0} ---
319239 --- SIGTERM {si_signo=SIGTERM, si_code=SI_USER, si_pid=319237, si_uid=1000} ---
319239 +++ killed by SIGTERM +++
319237 --- SIGCHLD {si_signo=SIGCHLD, si_code=CLD_KILLED, si_pid=319239, si_uid=1000, si_status=SIGTERM, si_utime=0, si_stime=0} ---
319248 +++ exited with 0 +++
319244 +++ exited with 0 +++
319249 +++ exited with 0 +++
319237 --- SIGCHLD {si_signo=SIGCHLD, si_code=CLD_EXITED, si_pid=319249, si_uid=1000, si_status=0, si_utime=0, si_stime=0} ---
319238 +++ killed by SIGKILL +++
319233 --- SIGCHLD {si_signo=SIGCHLD, si_code=CLD_KILLED, si_pid=319238, si_uid=1000, si_status=SIGKILL, si_utime=0, si_stime=0} ---
319230 +++ exited with 0 +++
319225 +++ exited with 0 +++
319252 +++ exited with 3 +++
319251 --- SIGCHLD {si_signo=SIGCHLD, si_code=CLD_EXITED, si_pid=319252, si_uid=1000, si_status=3, si_utime=0, si_stime=0} ---
319253 +++ exited with 0 +++
319233 +++ killed by SIGKILL +++
319218 --- SIGCHLD {si_signo=SIGCHLD, si_code=CLD_KILLED, si_pid=319233, si_uid=1000, si_status=SIGKILL, si_utime=0, si_stime=0} ---
319224 +++ exited with 0 +++
319219 +++ exited with 0 +++
319245 +++ killed by SIGKILL +++
319236 --- SIGCHLD {si_signo=SIGCHLD, si_code=CLD_KILLED, si_pid=319245, si_uid=1000, si_status=SIGKILL, si_utime=0, si_stime=1 /* 0.01 s */} ---
319227 +++ exited with 0 +++
319237 +++ killed by SIGKILL +++
319234 +++ killed by SIGKILL +++
319229 --- SIGCHLD {si_signo=SIGCHLD, si_code=CLD_KILLED, si_pid=319237, si_uid=1000, si_status=SIGKILL, si_utime=0, si_stime=0} ---
319231 --- SIGCHLD {si_signo=SIGCHLD, si_code=CLD_KILLED, si_pid=319234, si_uid=1000, si_status=SIGKILL, si_utime=0, si_stime=0} ---
319236 +++ killed by SIGKILL +++
319228 --- SIGCHLD {si_signo=SIGCHLD, si_code=CLD_KILLED, si_pid=319236, si_uid=1000, si_status=SIGKILL, si_utime=0, si_stime=0} ---
319232 +++ exited with 0 +++
319222 +++ exited with 0 +++
319229 +++ killed by SIGKILL +++
319218 --- SIGCHLD {si_signo=SIGCHLD, si_code=CLD_KILLED, si_pid=319229, si_uid=1000, si_status=SIGKILL, si_utime=0, si_stime=0} ---
319231 +++ killed by SIGKILL +++
319226 --- SIGCHLD {si_signo=SIGCHLD, si_code=CLD_KILLED, si_pid=319231, si_uid=1000, si_status=SIGKILL, si_utime=0, si_stime=0} ---
319226 +++ exited with 0 +++
319220 +++ exited with 0 +++
319251 +++ killed by SIGKILL +++
319250 --- SIGCHLD {si_signo=SIGCHLD, si_code=CLD_KILLED, si_pid=319251, si_uid=1000, si_status=SIGKILL, si_utime=0, si_stime=1 /* 0.01 s */} ---
319250 +++ killed by SIGKILL +++
319228 --- SIGCHLD {si_signo=SIGCHLD, si_code=CLD_KILLED, si_pid=319250, si_uid=1000, si_status=SIGKILL, si_utime=0, si_stime=0} ---
319228 +++ exited with 0 +++
319221 +++ exited with 0 +++
319218 +++ exited with 0 +++
