313288 +++ exited with 0 +++
313284 --- SIGCHLD {si_signo=SIGCHLD, si_code=CLD_EXITED, si_pid=313288, si_uid=1000, si_status=0, si_utime=0, si_stime=1 /* 0.01 s */} ---
313290 +++ exited with 0 +++
313292 +++ exited with 0 +++
313289 --- SIGCHLD {si_signo=SIGCHLD, si_code=CLD_EXITED, si_pid=313292, si_uid=1000, si_status=0, si_utime=0, si_stime=0} ---
313289 --- SIGTERM {si_signo=SIGTERM, si_code=SI_USER, si_pid=313285, si_uid=1000} ---
313289 +++ killed by SIGTERM +++
313285 --- SIGCHLD {si_signo=SIGCHLD, si_code=CLD_KILLED, si_pid=313289, si_uid=1000, si_status=SIGTERM, si_utime=0, si_stime=0} ---
313291 +++ exited with 0 +++
313297 +++ exited with 0 +++
313285 --- SIGCHLD {si_signo=SIGCHLD, si_code=CLD_EXITED, si_pid=313297, si_uid=1000, si_status=0, si_utime=0, si_stime=0} ---
313278 +++ exited with 0 +++
313299 +++ exited with 0 +++
313295 +++ killed by SIGKILL +++
313293 --- SIGCHLD {si_signo=SIGCHLD, si_code=CLD_KILLED, si_pid=313295, si_uid=1000, si_status=SIGKILL, si_utime=0, si_stime=0} ---
313300 +++ exited with 0 +++
313296 --- SIGCHLD {si_signo=SIGCHLD, si_code=CLD_EXITED, si_pid=313300, si_uid=1000, si_status=0, si_utime=0, si_stime=0} ---
313276 +++ exited with 0 +++
313274 +++ exited with 0 +++
313296 +++ exited with 0 +++
313294 --- SIGCHLD {si_signo=SIGCHLD, si_code=CLD_EXITED, si_pid=313296, si_uid=1000, si_status=0, si_utime=0, si_stime=1 /* 0.01 s */} ---
313298 +++ exited with 0 +++
313293 +++ killed by SIGKILL +++
313287 --- SIGCHLD {si_signo=SIGCHLD, si_code=CLD_KILLED, si_pid=313293, si_uid=1000, si_status=SIGKILL, si_utime=0, si_stime=1 /* 0.01 s */} ---
313303 +++ exited with 3 +++
313302 --- SIGCHLD {si_signo=SIGCHLD, si_code=CLD_EXITED, si_pid=313303, si_uid=1000, si_status=3, si_utime=0, si_stime=0} ---
313284 +++ killed by SIGKILL +++
313282 --- SIGCHLD {si_signo=SIGCHLD, si_code=CLD_KILLED, si_pid=313284, si_uid=1000, si_status=SIGKILL, si_utime=0, si_stime=2 /* 0.02 s */} ---
313304 +++ exited with 0 +++
313285 +++ killed by SIGKILL +++
313283 --- SIGCHLD {si_signo=SIGCHLD, si_code=CLD_KILLED, si_pid=313285, si_uid=1000, si_status=SIGKILL, si_utime=0, si_stime=2 /* 0.02 s */} ---
313287 +++ killed by SIGKILL +++
313269 --- SIGCHLD {si_signo=SIGCHLD, si_code=CLD_KILLED, si_pid=313287, si_uid=1000, si_status=SIGKILL, si_utime=0, si_stime=1 /* 0.01 s */} ---
313279 +++ exited with 0 +++
313270 +++ exited with 0 +++
313294 +++ killed by SIGKILL +++
313286 --- SIGCHLD {si_signo=SIGCHLD, si_code=CLD_KILLED, si_pid=313294, si_uid=1000, si_status=SIGKILL, si_utime=0, si_stime=1 /* 0.01 s */} ---
313280 +++ exited with 0 +++
313282 +++ killed by SIGKILL +++
313269 --- SIGCHLD {si_signo=SIGCHLD, si_code=CLD_KILLED, si_pid=313282, si_uid=1000, si_status=SIGKILL, si_utime=0, si_stime=1 /* 0.01 s */} ---
313283 +++ killed by SIGKILL +++
313275 --- SIGCHLD {si_signo=SIGCHLD, si_code=CLD_KILLED, si_pid=313283, si_uid=1000, si_status=SIGKILL, si_utime=0, si_stime=1 /* 0.01 s */} ---
313277 +++ exited with 0 +++
313275 +++ exited with 0 +++
313273 +++ exited with 0 +++
313271 +++ exited with 0 +++
313286 +++ killed by SIGKILL +++
313269 --- SIGCHLD {si_signo=SIGCHLD, si_code=CLD_KILLED, si_pid=313286, si_uid=1000, si_status=SIGKILL, si_utime=0, si_stime=2 /* 0.02 s */} ---
313302 +++ killed by SIGKILL +++
313301 --- SIGCHLD {si_signo=SIGCHLD, si_code=CLD_KILLED, si_pid=313302, si_uid=1000, si_status=SIGKILL, si_utime=0, si_stime=1 /* 0.01 s */} ---
313301 +++ killed by SIGKILL +++
313269 --- SIGCHLD {si_signo=SIGCHLD, si_code=CLD_KILLED, si_pid=313301, si_uid=1000, si_status=SIGKILL, si_utime=0, si_stime=1 /* 0.01 s */} ---
313281 +++ exited with 0 +++
313272 +++ exited with 0 +++
313269 +++ exited with 0 +++
