319301 +++ exited with 0 +++
319316 +++ exited with 0 +++
319313 +++ killed by SIGKILL +++
319311 --- SIGCHLD {si_signo=SIGCHLD, si_code=CLD_KILLED, si_pid=319313, si_uid=1000, si_status=SIGKILL, si_utime=0, si_stime=0} ---
319322 +++ exited with 0 +++
319319 --- SIGCHLD {si_signo=SIGCHLD, si_code=CLD_EXITED, si_pid=319322, si_uid=1000, si_status=0, si_utime=0, si_stime=0} ---
319325 +++ exited with 0 +++
319326 +++ exited with 0 +++
319320 --- SIGCHLD {si_signo=SIGCHLD, si_code=CLD_EXITED, si_pid=319326, si_uid=1000, si_status=0, si_utime=0, si_stime=0} ---
319327 +++ exited with 0 +++
319321 --- SIGCHLD {si_signo=SIGCHLD, si_code=CLD_EXITED, si_pid=319327, si_uid=1000, si_status=0, si_utime=0, si_stime=0} ---
319320 --- SIGTERM {si_signo=SIGTERM, si_code=SI_USER, si_pid=319318, si_uid=1000} ---
319320 +++ killed by SIGTERM +++
319318 --- SIGCHLD {si_signo=SIGCHLD, si_code=CLD_KILLED, si_pid=319320, si_uid=1000, si_status=SIGTERM, si_utime=0, si_stime=0} ---
319323 +++ exited with 0 +++
319328 +++ exited with 0 +++
319318 --- SIGCHLD {si_signo=SIGCHLD, si_code=CLD_EXITED, si_pid=319328, si_uid=1000, si_status=0, si_utime=0, si_stime=0} ---
319321 +++ exited with 0 +++
319317 --- SIGCHLD {si_signo=SIGCHLD, si_code=CLD_EXITED, si_pid=319321, si_uid=1000, si_status=0, si_utime=0, si_stime=0} ---
319324 +++ exited with 0 +++
319308 +++ exited with 0 +++
319311 +++ killed by SIGKILL +++
319306 --- SIGCHLD {si_signo=SIGCHLD, si_code=CLD_KILLED, si_pid=319311, si_uid=1000, si_status=SIGKILL, si_utime=0, si_stime=0} ---
319304 +++ exited with 0 +++
319306 +++ killed by SIGKILL +++
319309 --- SIGCHLD {si_signo=SIGCHLD, si_code=CLD_KILLED, si_pid=319306, si_uid=1000, si_status=SIGKILL, si_utime=0, si_stime=1 /* 0.01 s */} ---
319319 +++ killed by SIGKILL +++
319314 --- SIGCHLD {si_signo=SIGCHLD, si_code=CLD_KILLED, si_pid=319319, si_uid=1000, si_status=SIGKILL, si_utime=0, si_stime=1 /* 0.01 s */} ---
319318 +++ killed by SIGKILL +++
319312 --- SIGCHLD {si_signo=SIGCHLD, si_code=CLD_KILLED, si_pid=319318, si_uid=1000, si_status=SIGKILL, si_utime=0, si_stime=1 /* 0.01 s */} ---
319302 +++ exited with 0 +++
319297 +++ exited with 0 +++
319331 +++ exited with 3 +++
319330 --- SIGCHLD {si_signo=SIGCHLD, si_code=CLD_EXITED, si_pid=319331, si_uid=1000, si_status=3, si_utime=0, si_stime=0} ---
319332 +++ exited with 0 +++
319317 +++ killed by SIGKILL +++
319315 --- SIGCHLD {si_signo=SIGCHLD, si_code=CLD_KILLED, si_pid=319317, si_uid=1000, si_status=SIGKILL, si_utime=0, si_stime=1 /* 0.01 s */} ---
319305 +++ exited with 0 +++
319314 +++ killed by SIGKILL +++
319296 --- SIGCHLD {si_signo=SIGCHLD, si_code=CLD_KILLED, si_pid=319314, si_uid=1000, si_status=SIGKILL, si_utime=0, si_stime=1 /* 0.01 s */} ---
319312 +++ killed by SIGKILL +++
319296 --- SIGCHLD {si_signo=SIGCHLD, si_code=CLD_KILLED, si_pid=319312, si_uid=1000, si_status=SIGKILL, si_utime=0, si_stime=0} ---
319309 +++ exited with 0 +++
319307 +++ exited with 0 +++
319298 +++ exited with 0 +++
319300 +++ exited with 0 +++
319315 +++ killed by SIGKILL +++
319296 --- SIGCHLD {si_signo=SIGCHLD, si_code=CLD_KILLED, si_pid=319315, si_uid=1000, si_status=SIGKILL, si_utime=0, si_stime=1 /* 0.01 s */} ---
319330 +++ killed by SIGKILL +++
319329 --- SIGCHLD {si_signo=SIGCHLD, si_code=CLD_KILLED, si_pid=319330, si_uid=1000, si_status=SIGKILL, si_utime=0, si_stime=1 /* 0.01 s */} ---
319329 +++ killed by SIGKILL +++
319310 --- SIGCHLD {si_signo=SIGCHLD, si_code=CLD_KILLED, si_pid=319329, si_uid=1000, si_status=SIGKILL, si_utime=0, si_stime=3 /* 0.03 s */} ---
319310 +++ exited with 0 +++
319299 +++ exited with 0 +++
319296 +++ exited with 0 +++
