319443 +++ exited with 0 +++
319442 --- SIGCHLD {si_signo=SIGCHLD, si_code=CLD_EXITED, si_pid=319443, si_uid=1000, si_status=0, si_utime=0, si_stime=0} ---
319451 +++ exited with 0 +++
319436 +++ exited with 0 +++
319457 +++ exited with 0 +++
319456 +++ killed by SIGKILL +++
319449 --- SIGCHLD {si_signo=SIGCHLD, si_code=CLD_KILLED, si_pid=319456, si_uid=1000, si_status=SIGKILL, si_utime=0, si_stime=0} ---
319430 +++ exited with 0 +++
319455 +++ exited with 0 +++
319453 --- SIGCHLD {si_signo=SIGCHLD, si_code=CLD_EXITED, si_pid=319455, si_uid=1000, si_status=0, si_utime=0, si_stime=0} ---
319458 +++ exited with 0 +++
319452 --- SIGCHLD {si_signo=SIGCHLD, si_code=CLD_EXITED, si_pid=319458, si_uid=1000, si_status=0, si_utime=0, si_stime=0} ---
319452 --- SIGTERM {si_signo=SIGTERM, si_code=SI_USER, si_pid=319450, si_uid=1000} ---
319452 +++ killed by SIGTERM +++
319450 --- SIGCHLD {si_signo=SIGCHLD, si_code=CLD_KILLED, si_pid=319452, si_uid=1000, si_status=SIGTERM, si_utime=0, si_stime=0} ---
319453 +++ exited with 0 +++
319445 --- SIGCHLD {si_signo=SIGCHLD, si_code=CLD_EXITED, si_pid=319453, si_uid=1000, si_status=0, si_utime=0, si_stime=0} ---
319454 +++ exited with 0 +++
319459 +++ exited with 0 +++
319449 +++ killed by SIGKILL +++
319440 --- SIGCHLD {si_signo=SIGCHLD, si_code=CLD_KILLED, si_pid=319449, si_uid=1000, si_status=SIGKILL, si_utime=0, si_stime=0} ---
319460 --- SIGTERM {si_signo=SIGTERM, si_code=SI_USER, si_pid=319460, si_uid=1000} ---
319440 +++ killed by SIGKILL +++
319425 --- SIGCHLD {si_signo=SIGCHLD, si_code=CLD_KILLED, si_pid=319440, si_uid=1000, si_status=SIGKILL, si_utime=0, si_stime=0} ---
319437 +++ exited with 0 +++
319432 +++ exited with 0 +++
319426 +++ exited with 0 +++
319442 +++ killed by SIGKILL +++
319438 --- SIGCHLD {si_signo=SIGCHLD, si_code=CLD_KILLED, si_pid=319442, si_uid=1000, si_status=SIGKILL, si_utime=0, si_stime=0} ---
319467 +++ exited with 3 +++
319466 --- SIGCHLD {si_signo=SIGCHLD, si_code=CLD_EXITED, si_pid=319467, si_uid=1000, si_status=3, si_utime=0, si_stime=0} ---
319468 +++ exited with 0 +++
319460 +++ killed by SIGKILL +++
319450 --- SIGCHLD {si_signo=SIGCHLD, si_code=CLD_KILLED, si_pid=319460, si_uid=1000, si_status=SIGKILL, si_utime=0, si_stime=0} ---
319445 +++ killed by SIGKILL +++
319439 --- SIGCHLD {si_signo=SIGCHLD, si_code=CLD_KILLED, si_pid=319445, si_uid=1000, si_status=SIGKILL, si_utime=0, si_stime=1 /* 0.01 s */} ---
319433 +++ exited with 0 +++
319438 +++ killed by SIGKILL +++
319431 --- SIGCHLD {si_signo=SIGCHLD, si_code=CLD_KILLED, si_pid=319438, si_uid=1000, si_status=SIGKILL, si_utime=0, si_stime=0} ---
319450 +++ killed by SIGKILL +++
319441 --- SIGCHLD {si_signo=SIGCHLD, si_code=CLD_KILLED, si_pid=319450, si_uid=1000, si_status=SIGKILL, si_utime=0, si_stime=0} ---
319431 +++ exited with 0 +++
319429 +++ exited with 0 +++
319439 +++ killed by SIGKILL +++
319434 --- SIGCHLD {si_signo=SIGCHLD, si_code=CLD_KILLED, si_pid=319439, si_uid=1000, si_status=SIGKILL, si_utime=0, si_stime=0} ---
319441 +++ killed by SIGKILL +++
319435 --- SIGCHLD {si_signo=SIGCHLD, si_code=CLD_KILLED, si_pid=319441, si_uid=1000, si_status=SIGKILL, si_utime=0, si_stime=1 /* 0.01 s */} ---
319466 +++ killed by SIGKILL +++
319463 --- SIGCHLD {si_signo=SIGCHLD, si_code=CLD_KILLED, si_pid=319466, si_uid=1000, si_status=SIGKILL, si_utime=0, si_stime=0} ---
319435 +++ exited with 0 +++
319427 +++ exited with 0 +++
319463 +++ killed by SIGKILL +++
319425 --- SIGCHLD {si_signo=SIGCHLD, si_code=CLD_KILLED, si_pid=319463, si_uid=1000, si_status=SIGKILL, si_utime=0, si_stime=0} ---
319434 +++ exited with 0 +++
319428 +++ exited with 0 +++
319425 +++ exited with 0 +++
