319761 +++ exited with 0 +++
319776 +++ killed by SIGKILL +++
319774 --- SIGCHLD {si_signo=SIGCHLD, si_code=CLD_KILLED, si_pid=319776, si_uid=1000, si_status=SIGKILL, si_utime=0, si_stime=0} ---
319783 +++ exited with 0 +++
319779 +++ exited with 0 +++
319782 +++ exited with 0 +++
319777 --- SIGCHLD {si_signo=SIGCHLD, si_code=CLD_EXITED, si_pid=319782, si_uid=1000, si_status=0, si_utime=0, si_stime=0} ---
319775 --- SIGCHLD {si_signo=SIGCHLD, si_code=CLD_EXITED, si_pid=319779, si_uid=1000, si_status=0, si_utime=0, si_stime=0} ---
319784 +++ exited with 0 +++
319777 --- SIGTERM {si_signo=SIGTERM, si_code=SI_USER, si_pid=319773, si_uid=1000} ---
319777 +++ killed by SIGTERM +++
319773 --- SIGCHLD {si_signo=SIGCHLD, si_code=CLD_KILLED, si_pid=319777, si_uid=1000, si_status=SIGTERM, si_utime=0, si_stime=0} ---
319781 +++ exited with 0 +++
319787 +++ exited with 0 +++
319773 --- SIGCHLD {si_signo=SIGCHLD, si_code=CLD_EXITED, si_pid=319787, si_uid=1000, si_status=0, si_utime=0, si_stime=0} ---
319786 +++ exited with 0 +++
319780 --- SIGCHLD {si_signo=SIGCHLD, si_code=CLD_EXITED, si_pid=319786, si_uid=1000, si_status=0, si_utime=0, si_stime=0} ---
319767 +++ exited with 0 +++
319780 +++ exited with 0 +++
319778 --- SIGCHLD {si_signo=SIGCHLD, si_code=CLD_EXITED, si_pid=319780, si_uid=1000, si_status=0, si_utime=0, si_stime=0} ---
319785 +++ exited with 0 +++
319764 +++ exited with 0 +++
319774 +++ killed by SIGKILL +++
319769 --- SIGCHLD {si_signo=SIGCHLD, si_code=CLD_KILLED, si_pid=319774, si_uid=1000, si_status=SIGKILL, si_utime=0, si_stime=0} ---
319775 +++ killed by SIGKILL +++
319771 --- SIGCHLD {si_signo=SIGCHLD, si_code=CLD_KILLED, si_pid=319775, si_uid=1000, si_status=SIGKILL, si_utime=0, si_stime=0} ---
319769 +++ killed by SIGKILL +++
319768 --- SIGCHLD {si_signo=SIGCHLD, si_code=CLD_KILLED, si_pid=319769, si_uid=1000, si_status=SIGKILL, si_utime=0, si_stime=1 /* 0.01 s */} ---
319790 +++ exited with 3 +++
319789 --- SIGCHLD {si_signo=SIGCHLD, si_code=CLD_EXITED, si_pid=319790, si_uid=1000, si_status=3, si_utime=0, si_stime=0} ---
319762 +++ exited with 0 +++
319773 +++ killed by SIGKILL +++
319770 --- SIGCHLD {si_signo=SIGCHLD, si_code=CLD_KILLED, si_pid=319773, si_uid=1000, si_status=SIGKILL, si_utime=0, si_stime=1 /* 0.01 s */} ---
319757 +++ exited with 0 +++
319791 +++ exited with 0 +++
319778 +++ killed by SIGKILL +++
319772 --- SIGCHLD {si_signo=SIGCHLD, si_code=CLD_KILLED, si_pid=319778, si_uid=1000, si_status=SIGKILL, si_utime=0, si_stime=0} ---
319763 +++ exited with 0 +++
319771 +++ killed by SIGKILL +++
319768 --- SIGCHLD {si_signo=SIGCHLD, si_code=CLD_KILLED, si_pid=319771, si_uid=1000, si_status=SIGKILL, si_utime=0, si_stime=0} ---
319768 +++ exited with 0 +++
319760 +++ exited with 0 +++
319770 +++ killed by SIGKILL +++
319756 --- SIGCHLD {si_signo=SIGCHLD, si_code=CLD_KILLED, si_pid=319770, si_uid=1000, si_status=SIGKILL, si_utime=0, si_stime=1 /* 0.01 s */} ---
319766 +++ exited with 0 +++
319758 +++ exited with 0 +++
319772 +++ killed by SIGKILL +++
319765 --- SIGCHLD {si_signo=SIGCHLD, si_code=CLD_KILLED, si_pid=319772, si_uid=1000, si_status=SIGKILL, si_utime=0, si_stime=1 /* 0.01 s */} ---
319789 +++ killed by SIGKILL +++
319788 --- SIGCHLD {si_signo=SIGCHLD, si_code=CLD_KILLED, si_pid=319789, si_uid=1000, si_status=SIGKILL, si_utime=0, si_stime=0} ---
319788 +++ killed by SIGKILL +++
319765 --- SIGCHLD {si_signo=SIGCHLD, si_code=CLD_KILLED, si_pid=319788, si_uid=1000, si_status=SIGKILL, si_utime=0, si_stime=0} ---
319765 +++ exited with 0 +++
319759 +++ exited with 0 +++
319756 +++ exited with 0 +++
