319849 +++ exited with 0 +++
319866 +++ exited with 0 +++
319864 +++ killed by SIGKILL +++
319860 --- SIGCHLD {si_signo=SIGCHLD, si_code=CLD_KILLED, si_pid=319864, si_uid=1000, si_status=SIGKILL, si_utime=0, si_stime=0} ---
319870 +++ exited with 0 +++
319863 --- SIGCHLD {si_signo=SIGCHLD, si_code=CLD_EXITED, si_pid=319870, si_uid=1000, si_status=0, si_utime=0, si_stime=0} ---
319863 +++ exited with 0 +++
319862 --- SIGCHLD {si_signo=SIGCHLD, si_code=CLD_EXITED, si_pid=319863, si_uid=1000, si_status=0, si_utime=0, si_stime=0} ---
319873 +++ exited with 0 +++
319868 --- SIGCHLD {si_signo=SIGCHLD, si_code=CLD_EXITED, si_pid=319873, si_uid=1000, si_status=0, si_utime=0, si_stime=0} ---
319867 +++ exited with 0 +++
319871 +++ exited with 0 +++
319869 --- SIGCHLD {si_signo=SIGCHLD, si_code=CLD_EXITED, si_pid=319871, si_uid=1000, si_status=0, si_utime=0, si_stime=0} ---
319874 +++ exited with 0 +++
319868 --- SIGTERM {si_signo=SIGTERM, si_code=SI_USER, si_pid=319865, si_uid=1000} ---
319868 +++ killed by SIGTERM +++
319865 --- SIGCHLD {si_signo=SIGCHLD, si_code=CLD_KILLED, si_pid=319868, si_uid=1000, si_status=SIGTERM, si_utime=0, si_stime=0} ---
319872 +++ exited with 0 +++
319875 +++ exited with 0 +++
319865 --- SIGCHLD {si_signo=SIGCHLD, si_code=CLD_EXITED, si_pid=319875, si_uid=1000, si_status=0, si_utime=0, si_stime=0} ---
319855 +++ exited with 0 +++
319852 +++ exited with 0 +++
319860 +++ killed by SIGKILL +++
319857 --- SIGCHLD {si_signo=SIGCHLD, si_code=CLD_KILLED, si_pid=319860, si_uid=1000, si_status=SIGKILL, si_utime=0, si_stime=0} ---
319878 +++ exited with 3 +++
319877 --- SIGCHLD {si_signo=SIGCHLD, si_code=CLD_EXITED, si_pid=319878, si_uid=1000, si_status=3, si_utime=0, si_stime=0} ---
319879 +++ exited with 0 +++
319857 +++ killed by SIGKILL +++
319850 --- SIGCHLD {si_signo=SIGCHLD, si_code=CLD_KILLED, si_pid=319857, si_uid=1000, si_status=SIGKILL, si_utime=0, si_stime=0} ---
319851 +++ exited with 0 +++
319850 +++ exited with 0 +++
319869 +++ killed by SIGKILL +++
319859 --- SIGCHLD {si_signo=SIGCHLD, si_code=CLD_KILLED, si_pid=319869, si_uid=1000, si_status=SIGKILL, si_utime=0, si_stime=1 /* 0.01 s */} ---
319862 +++ killed by SIGKILL +++
319845 +++ exited with 0 +++
319858 --- SIGCHLD {si_signo=SIGCHLD, si_code=CLD_KILLED, si_pid=319862, si_uid=1000, si_status=SIGKILL, si_utime=0, si_stime=0} ---
319865 +++ killed by SIGKILL +++
319861 --- SIGCHLD {si_signo=SIGCHLD, si_code=CLD_KILLED, si_pid=319865, si_uid=1000, si_status=SIGKILL, si_utime=0, si_stime=1 /* 0.01 s */} ---
319877 +++ killed by SIGKILL +++
319876 --- SIGCHLD {si_signo=SIGCHLD, si_code=CLD_KILLED, si_pid=319877, si_uid=1000, si_status=SIGKILL, si_utime=0, si_stime=1 /* 0.01 s */} ---
319859 +++ killed by SIGKILL +++
319856 --- SIGCHLD {si_signo=SIGCHLD, si_code=CLD_KILLED, si_pid=319859, si_uid=1000, si_status=SIGKILL, si_utime=0, si_stime=1 /* 0.01 s */} ---
319858 +++ killed by SIGKILL +++
319853 --- SIGCHLD {si_signo=SIGCHLD, si_code=CLD_KILLED, si_pid=319858, si_uid=1000, si_status=SIGKILL, si_utime=0, si_stime=0} ---
319856 +++ exited with 0 +++
319861 +++ killed by SIGKILL +++
319848 --- SIGCHLD {si_signo=SIGCHLD, si_code=CLD_KILLED, si_pid=319861, si_uid=1000, si_status=SIGKILL, si_utime=0, si_stime=1 /* 0.01 s */} ---
319848 +++ exited with 0 +++
319854 +++ exited with 0 +++
319846 +++ exited with 0 +++
319876 +++ killed by SIGKILL +++
319853 --- SIGCHLD {si_signo=SIGCHLD, si_code=CLD_KILLED, si_pid=319876, si_uid=1000, si_status=SIGKILL, si_utime=0, si_stime=0} ---
319853 +++ exited with 0 +++
319847 +++ exited with 0 +++
319844 +++ exited with 0 +++
