313314 +++ exited with 0 +++
313333 +++ exited with 0 +++
313328 +++ killed by SIGKILL +++
313326 --- SIGCHLD {si_signo=SIGCHLD, si_code=CLD_KILLED, si_pid=313328, si_uid=1000, si_status=SIGKILL, si_utime=0, si_stime=0} ---
313332 +++ exited with 0 +++
313329 --- SIGCHLD {si_signo=SIGCHLD, si_code=CLD_EXITED, si_pid=313332, si_uid=1000, si_status=0, si_utime=0, si_stime=0} ---
313336 +++ exited with 0 +++
313337 +++ exited with 0 +++
313330 --- SIGCHLD {si_signo=SIGCHLD, si_code=CLD_EXITED, si_pid=313337, si_uid=1000, si_status=0, si_utime=0, si_stime=0} ---
313339 +++ exited with 0 +++
313330 +++ exited with 0 +++
313335 --- SIGCHLD {si_signo=SIGCHLD, si_code=CLD_EXITED, si_pid=313339, si_uid=1000, si_status=0, si_utime=0, si_stime=0} ---
313327 --- SIGCHLD {si_signo=SIGCHLD, si_code=CLD_EXITED, si_pid=313330, si_uid=1000, si_status=0, si_utime=0, si_stime=0} ---
313334 +++ exited with 0 +++
313335 --- SIGTERM {si_signo=SIGTERM, si_code=SI_USER, si_pid=313331, si_uid=1000} ---
313335 +++ killed by SIGTERM +++
313331 clone(child_stack=NULL, flags=CLONE_CHILD_CLEARTID|CLONE_CHILD_SETTID|SIGCHLD, child_tidptr=0x76ea0826fa10) = ? ERESTARTNOINTR (To be restarted)
313331 --- SIGCHLD {si_signo=SIGCHLD, si_code=CLD_KILLED, si_pid=313335, si_uid=1000, si_status=SIGTERM, si_utime=0, si_stime=0} ---
313318 +++ exited with 0 +++
313338 +++ exited with 0 +++
313340 +++ exited with 0 +++
313331 --- SIGCHLD {si_signo=SIGCHLD, si_code=CLD_EXITED, si_pid=313340, si_uid=1000, si_status=0, si_utime=0, si_stime=0} ---
313326 +++ killed by SIGKILL +++
313322 --- SIGCHLD {si_signo=SIGCHLD, si_code=CLD_KILLED, si_pid=313326, si_uid=1000, si_status=SIGKILL, si_utime=0, si_stime=0} ---
313315 +++ exited with 0 +++
313329 +++ killed by SIGKILL +++
313323 --- SIGCHLD {si_signo=SIGCHLD, si_code=CLD_KILLED, si_pid=313329, si_uid=1000, si_status=SIGKILL, si_utime=0, si_stime=1 /* 0.01 s */} ---
313322 +++ killed by SIGKILL +++
313308 --- SIGCHLD {si_signo=SIGCHLD, si_code=CLD_KILLED, si_pid=313322, si_uid=1000, si_status=SIGKILL, si_utime=0, si_stime=0} ---
313316 +++ exited with 0 +++
313309 +++ exited with 0 +++
313343 +++ exited with 3 +++
313342 --- SIGCHLD {si_signo=SIGCHLD, si_code=CLD_EXITED, si_pid=313343, si_uid=1000, si_status=3, si_utime=0, si_stime=0} ---
313344 +++ exited with 0 +++
313331 +++ killed by SIGKILL +++
313327 +++ killed by SIGKILL +++
313325 --- SIGCHLD {si_signo=SIGCHLD, si_code=CLD_KILLED, si_pid=313331, si_uid=1000, si_status=SIGKILL, si_utime=0, si_stime=2 /* 0.02 s */} ---
313324 --- SIGCHLD {si_signo=SIGCHLD, si_code=CLD_KILLED, si_pid=313327, si_uid=1000, si_status=SIGKILL, si_utime=0, si_stime=1 /* 0.01 s */} ---
313320 +++ exited with 0 +++
313323 +++ killed by SIGKILL +++
313308 --- SIGCHLD {si_signo=SIGCHLD, si_code=CLD_KILLED, si_pid=313323, si_uid=1000, si_status=SIGKILL, si_utime=0, si_stime=1 /* 0.01 s */} ---
313319 +++ exited with 0 +++
313312 +++ exited with 0 +++
313325 +++ killed by SIGKILL +++
313308 --- SIGCHLD {si_signo=SIGCHLD, si_code=CLD_KILLED, si_pid=313325, si_uid=1000, si_status=SIGKILL, si_utime=0, si_stime=0} ---
313324 +++ killed by SIGKILL +++
313308 --- SIGCHLD {si_signo=SIGCHLD, si_code=CLD_KILLED, si_pid=313324, si_uid=1000, si_status=SIGKILL, si_utime=0, si_stime=0} ---
313317 +++ exited with 0 +++
313310 +++ exited with 0 +++
313342 +++ killed by SIGKILL +++
313341 --- SIGCHLD {si_signo=SIGCHLD, si_code=CLD_KILLED, si_pid=313342, si_uid=1000, si_status=SIGKILL, si_utime=0, si_stime=1 /* 0.01 s */} ---
313341 +++ killed by SIGKILL +++
313308 --- SIGCHLD {si_signo=SIGCHLD, si_code=CLD_KILLED, si_pid=313341, si_uid=1000, si_status=SIGKILL, si_utime=0, si_stime=2 /* 0.02 s */} ---
313321 +++ exited with 0 +++
313311 +++ exited with 0 +++
313308 +++ exited with 0 +++
