319907 +++ exited with 0 +++
319903 --- SIGCHLD {si_signo=SIGCHLD, si_code=CLD_EXITED, si_pid=319907, si_uid=1000, si_status=0, si_utime=0, si_stime=0} ---
319910 +++ exited with 0 +++
319906 +++ exited with 0 +++
319901 --- SIGCHLD {si_signo=SIGCHLD, si_code=CLD_EXITED, si_pid=319906, si_uid=1000, si_status=0, si_utime=0, si_stime=0} ---
319891 +++ exited with 0 +++
319911 +++ exited with 0 +++
319909 +++ killed by SIGKILL +++
319904 --- SIGCHLD {si_signo=SIGCHLD, si_code=CLD_KILLED, si_pid=319909, si_uid=1000, si_status=SIGKILL, si_utime=0, si_stime=0} ---
319901 +++ exited with 0 +++
319897 --- SIGCHLD {si_signo=SIGCHLD, si_code=CLD_EXITED, si_pid=319901, si_uid=1000, si_status=0, si_utime=0, si_stime=0} ---
319913 +++ exited with 0 +++
319908 --- SIGCHLD {si_signo=SIGCHLD, si_code=CLD_EXITED, si_pid=319913, si_uid=1000, si_status=0, si_utime=0, si_stime=0} ---
319902 +++ exited with 0 +++
319894 +++ exited with 0 +++
319908 --- SIGTERM {si_signo=SIGTERM, si_code=SI_USER, si_pid=319905, si_uid=1000} ---
319908 +++ killed by SIGTERM +++
319905 --- SIGCHLD {si_signo=SIGCHLD, si_code=CLD_KILLED, si_pid=319908, si_uid=1000, si_status=SIGTERM, si_utime=0, si_stime=0} ---
319912 +++ exited with 0 +++
319914 +++ exited with 0 +++
319905 --- SIGCHLD {si_signo=SIGCHLD, si_code=CLD_EXITED, si_pid=319914, si_uid=1000, si_status=0, si_utime=0, si_stime=0} ---
319904 +++ killed by SIGKILL +++
319899 --- SIGCHLD {si_signo=SIGCHLD, si_code=CLD_KILLED, si_pid=319904, si_uid=1000, si_status=SIGKILL, si_utime=0, si_stime=0} ---
319888 +++ exited with 0 +++
319903 +++ killed by SIGKILL +++
319900 --- SIGCHLD {si_signo=SIGCHLD, si_code=CLD_KILLED, si_pid=319903, si_uid=1000, si_status=SIGKILL, si_utime=0, si_stime=0} ---
319899 +++ killed by SIGKILL +++
319893 --- SIGCHLD {si_signo=SIGCHLD, si_code=CLD_KILLED, si_pid=319899, si_uid=1000, si_status=SIGKILL, si_utime=0, si_stime=1 /* 0.01 s */} ---
319893 +++ exited with 0 +++
319884 +++ exited with 0 +++
319917 +++ exited with 3 +++
319916 --- SIGCHLD {si_signo=SIGCHLD, si_code=CLD_EXITED, si_pid=319917, si_uid=1000, si_status=3, si_utime=0, si_stime=0} ---
319918 +++ exited with 0 +++
319905 +++ killed by SIGKILL +++
319898 --- SIGCHLD {si_signo=SIGCHLD, si_code=CLD_KILLED, si_pid=319905, si_uid=1000, si_status=SIGKILL, si_utime=0, si_stime=1 /* 0.01 s */} ---
319900 +++ killed by SIGKILL +++
319895 --- SIGCHLD {si_signo=SIGCHLD, si_code=CLD_KILLED, si_pid=319900, si_uid=1000, si_status=SIGKILL, si_utime=0, si_stime=0} ---
319895 +++ exited with 0 +++
319897 +++ killed by SIGKILL +++
319896 --- SIGCHLD {si_signo=SIGCHLD, si_code=CLD_KILLED, si_pid=319897, si_uid=1000, si_status=SIGKILL, si_utime=0, si_stime=0} ---
319887 +++ exited with 0 +++
319890 +++ exited with 0 +++
319898 +++ killed by SIGKILL +++
319883 --- SIGCHLD {si_signo=SIGCHLD, si_code=CLD_KILLED, si_pid=319898, si_uid=1000, si_status=SIGKILL, si_utime=0, si_stime=0} ---
319889 +++ exited with 0 +++
319885 +++ exited with 0 +++
319896 +++ killed by SIGKILL +++
319892 --- SIGCHLD {si_signo=SIGCHLD, si_code=CLD_KILLED, si_pid=319896, si_uid=1000, si_status=SIGKILL, si_utime=0, si_stime=0} ---
319916 +++ killed by SIGKILL +++
319915 --- SIGCHLD {si_signo=SIGCHLD, si_code=CLD_KILLED, si_pid=319916, si_uid=1000, si_status=SIGKILL, si_utime=0, si_stime=0} ---
319915 +++ killed by SIGKILL +++
319892 --- SIGCHLD {si_signo=SIGCHLD, si_code=CLD_KILLED, si_pid=319915, si_uid=1000, si_status=SIGKILL, si_utime=0, si_stime=0} ---
319892 +++ exited with 0 +++
319886 +++ exited with 0 +++
319883 +++ exited with 0 +++
