319941 +++ exited with 0 +++
319939 --- SIGCHLD {si_signo=SIGCHLD, si_code=CLD_EXITED, si_pid=319941, si_uid=1000, si_status=0, si_utime=0, si_stime=0} ---
319946 +++ exited with 0 +++
319927 +++ exited with 0 +++
319951 +++ exited with 0 +++
319945 +++ killed by SIGKILL +++
319942 --- SIGCHLD {si_signo=SIGCHLD, si_code=CLD_KILLED, si_pid=319945, si_uid=1000, si_status=SIGKILL, si_utime=0, si_stime=0} ---
319950 +++ exited with 0 +++
319943 --- SIGCHLD {si_signo=SIGCHLD, si_code=CLD_EXITED, si_pid=319950, si_uid=1000, si_status=0, si_utime=0, si_stime=0} ---
319953 +++ exited with 0 +++
319943 +++ exited with 0 +++
319940 --- SIGCHLD {si_signo=SIGCHLD, si_code=CLD_EXITED, si_pid=319943, si_uid=1000, si_status=0, si_utime=0, si_stime=0} ---
319948 --- SIGCHLD {si_signo=SIGCHLD, si_code=CLD_EXITED, si_pid=319953, si_uid=1000, si_status=0, si_utime=0, si_stime=0} ---
319947 +++ exited with 0 +++
319948 --- SIGTERM {si_signo=SIGTERM, si_code=SI_USER, si_pid=319944, si_uid=1000} ---
319948 +++ killed by SIGTERM +++
319944 --- SIGCHLD {si_signo=SIGCHLD, si_code=CLD_KILLED, si_pid=319948, si_uid=1000, si_status=SIGTERM, si_utime=0, si_stime=0} ---
319952 +++ exited with 0 +++
319931 +++ exited with 0 +++
319954 +++ exited with 0 +++
319944 --- SIGCHLD {si_signo=SIGCHLD, si_code=CLD_EXITED, si_pid=319954, si_uid=1000, si_status=0, si_utime=0, si_stime=0} ---
319942 +++ killed by SIGKILL +++
319937 --- SIGCHLD {si_signo=SIGCHLD, si_code=CLD_KILLED, si_pid=319942, si_uid=1000, si_status=SIGKILL, si_utime=0, si_stime=0} ---
319930 +++ exited with 0 +++
319957 +++ exited with 3 +++
319956 --- SIGCHLD {si_signo=SIGCHLD, si_code=CLD_EXITED, si_pid=319957, si_uid=1000, si_status=3, si_utime=0, si_stime=0} ---
319958 +++ exited with 0 +++
319937 +++ killed by SIGKILL +++
319928 --- SIGCHLD {si_signo=SIGCHLD, si_code=CLD_KILLED, si_pid=319937, si_uid=1000, si_status=SIGKILL, si_utime=0, si_stime=0} ---
319928 +++ exited with 0 +++
319923 +++ exited with 0 +++
319939 +++ killed by SIGKILL +++
319940 +++ killed by SIGKILL +++
319936 --- SIGCHLD {si_signo=SIGCHLD, si_code=CLD_KILLED, si_pid=319939, si_uid=1000, si_status=SIGKILL, si_utime=0, si_stime=0} ---
319935 --- SIGCHLD {si_signo=SIGCHLD, si_code=CLD_KILLED, si_pid=319940, si_uid=1000, si_status=SIGKILL, si_utime=0, si_stime=1 /* 0.01 s */} ---
319944 +++ killed by SIGKILL +++
319938 --- SIGCHLD {si_signo=SIGCHLD, si_code=CLD_KILLED, si_pid=319944, si_uid=1000, si_status=SIGKILL, si_utime=0, si_stime=1 /* 0.01 s */} ---
319929 +++ exited with 0 +++
319938 +++ killed by SIGKILL +++
319933 --- SIGCHLD {si_signo=SIGCHLD, si_code=CLD_KILLED, si_pid=319938, si_uid=1000, si_status=SIGKILL, si_utime=0, si_stime=1 /* 0.01 s */} ---
319936 +++ killed by SIGKILL +++
319934 --- SIGCHLD {si_signo=SIGCHLD, si_code=CLD_KILLED, si_pid=319936, si_uid=1000, si_status=SIGKILL, si_utime=0, si_stime=0} ---
319935 +++ killed by SIGKILL +++
319934 --- SIGCHLD {si_signo=SIGCHLD, si_code=CLD_KILLED, si_pid=319935, si_uid=1000, si_status=SIGKILL, si_utime=0, si_stime=0} ---
319933 +++ exited with 0 +++
319934 +++ exited with 0 +++
319924 +++ exited with 0 +++
319926 +++ exited with 0 +++
319956 +++ killed by SIGKILL +++
319955 --- SIGCHLD {si_signo=SIGCHLD, si_code=CLD_KILLED, si_pid=319956, si_uid=1000, si_status=SIGKILL, si_utime=0, si_stime=1 /* 0.01 s */} ---
319955 +++ killed by SIGKILL +++
319932 --- SIGCHLD {si_signo=SIGCHLD, si_code=CLD_KILLED, si_pid=319955, si_uid=1000, si_status=SIGKILL, si_utime=0, si_stime=3 /* 0.03 s */} ---
319932 +++ exited with 0 +++
319925 +++ exited with 0 +++
319922 +++ exited with 0 +++
