320022 +++ exited with 0 +++
320019 --- SIGCHLD {si_signo=SIGCHLD, si_code=CLD_EXITED, si_pid=320022, si_uid=1000, si_status=0, si_utime=0, si_stime=0} ---
320019 --- SIGTERM {si_signo=SIGTERM, si_code=SI_USER, si_pid=320018, si_uid=1000} ---
320019 +++ killed by SIGTERM +++
320018 --- SIGCHLD {si_signo=SIGCHLD, si_code=CLD_KILLED, si_pid=320019, si_uid=1000, si_status=SIGTERM, si_utime=0, si_stime=0} ---
320021 +++ exited with 0 +++
320028 +++ exited with 0 +++
320018 --- SIGCHLD {si_signo=SIGCHLD, si_code=CLD_EXITED, si_pid=320028, si_uid=1000, si_status=0, si_utime=0, si_stime=0} ---
320008 +++ exited with 0 +++
320027 +++ killed by SIGKILL +++
320025 --- SIGCHLD {si_signo=SIGCHLD, si_code=CLD_KILLED, si_pid=320027, si_uid=1000, si_status=SIGKILL, si_utime=0, si_stime=0} ---
320031 +++ exited with 0 +++
320023 --- SIGCHLD {si_signo=SIGCHLD, si_code=CLD_EXITED, si_pid=320031, si_uid=1000, si_status=0, si_utime=0, si_stime=0} ---
320032 +++ exited with 0 +++
320006 +++ exited with 0 +++
320026 +++ exited with 0 +++
320024 --- SIGCHLD {si_signo=SIGCHLD, si_code=CLD_EXITED, si_pid=320026, si_uid=1000, si_status=0, si_utime=0, si_stime=0} ---
320030 +++ exited with 0 +++
320023 +++ exited with 0 +++
320020 --- SIGCHLD {si_signo=SIGCHLD, si_code=CLD_EXITED, si_pid=320023, si_uid=1000, si_status=0, si_utime=0, si_stime=0} ---
320029 +++ exited with 0 +++
320011 +++ exited with 0 +++
320025 +++ killed by SIGKILL +++
320017 --- SIGCHLD {si_signo=SIGCHLD, si_code=CLD_KILLED, si_pid=320025, si_uid=1000, si_status=SIGKILL, si_utime=0, si_stime=1 /* 0.01 s */} ---
320018 +++ killed by SIGKILL +++
320015 --- SIGCHLD {si_signo=SIGCHLD, si_code=CLD_KILLED, si_pid=320018, si_uid=1000, si_status=SIGKILL, si_utime=0, si_stime=0} ---
320035 +++ exited with 3 +++
320034 --- SIGCHLD {si_signo=SIGCHLD, si_code=CLD_EXITED, si_pid=320035, si_uid=1000, si_status=3, si_utime=0, si_stime=0} ---
320036 +++ exited with 0 +++
320024 +++ killed by SIGKILL +++
320016 --- SIGCHLD {si_signo=SIGCHLD, si_code=CLD_KILLED, si_pid=320024, si_uid=1000, si_status=SIGKILL, si_utime=0, si_stime=0} ---
320017 +++ killed by SIGKILL +++
320009 --- SIGCHLD {si_signo=SIGCHLD, si_code=CLD_KILLED, si_pid=320017, si_uid=1000, si_status=SIGKILL, si_utime=0, si_stime=0} ---
320009 +++ exited with 0 +++
320002 +++ exited with 0 +++
320020 +++ killed by SIGKILL +++
320014 --- SIGCHLD {si_signo=SIGCHLD, si_code=CLD_KILLED, si_pid=320020, si_uid=1000, si_status=SIGKILL, si_utime=0, si_stime=0} ---
320010 +++ exited with 0 +++
320015 +++ killed by SIGKILL +++
320007 --- SIGCHLD {si_signo=SIGCHLD, si_code=CLD_KILLED, si_pid=320015, si_uid=1000, si_status=SIGKILL, si_utime=0, si_stime=0} ---
320007 +++ exited with 0 +++
320003 +++ exited with 0 +++
320016 +++ killed by SIGKILL +++
320001 --- SIGCHLD {si_signo=SIGCHLD, si_code=CLD_KILLED, si_pid=320016, si_uid=1000, si_status=SIGKILL, si_utime=0, si_stime=0} ---
320013 +++ exited with 0 +++
320005 +++ exited with 0 +++
320014 +++ killed by SIGKILL +++
320012 --- SIGCHLD {si_signo=SIGCHLD, si_code=CLD_KILLED, si_pid=320014, si_uid=1000, si_status=SIGKILL, si_utime=0, si_stime=1 /* 0.01 s */} ---
320034 +++ killed by SIGKILL +++
320033 --- SIGCHLD {si_signo=SIGCHLD, si_code=CLD_KILLED, si_pid=320034, si_uid=1000, si_status=SIGKILL, si_utime=0, si_stime=1 /* 0.01 s */} ---
320033 +++ killed by SIGKILL +++
320001 --- SIGCHLD {si_signo=SIGCHLD, si_code=CLD_KILLED, si_pid=320033, si_uid=1000, si_status=SIGKILL, si_utime=0, si_stime=0} ---
320012 +++ exited with 0 +++
320004 +++ exited with 0 +++
320001 +++ exited with 0 +++
