320045 +++ exited with 0 +++
320059 +++ exited with 0 +++
320057 +++ killed by SIGKILL +++
320055 --- SIGCHLD {si_signo=SIGCHLD, si_code=CLD_KILLED, si_pid=320057, si_uid=1000, si_status=SIGKILL, si_utime=0, si_stime=0} ---
320067 +++ exited with 0 +++
320064 --- SIGCHLD {si_signo=SIGCHLD, si_code=CLD_EXITED, si_pid=320067, si_uid=1000, si_status=0, si_utime=0, si_stime=0} ---
320062 +++ exited with 0 +++
320060 --- SIGCHLD {si_signo=SIGCHLD, si_code=CLD_EXITED, si_pid=320062, si_uid=1000, si_status=0, si_utime=0, si_stime=0} ---
320068 +++ exited with 0 +++
320064 +++ exited with 0 +++
320061 --- SIGCHLD {si_signo=SIGCHLD, si_code=CLD_EXITED, si_pid=320064, si_uid=1000, si_status=0, si_utime=0, si_stime=0} ---
320070 +++ exited with 0 +++
320065 --- SIGCHLD {si_signo=SIGCHLD, si_code=CLD_EXITED, si_pid=320070, si_uid=1000, si_status=0, si_utime=0, si_stime=0} ---
320066 +++ exited with 0 +++
320065 --- SIGTERM {si_signo=SIGTERM, si_code=SI_USER, si_pid=320063, si_uid=1000} ---
320065 +++ killed by SIGTERM +++
320063 --- SIGCHLD {si_signo=SIGCHLD, si_code=CLD_KILLED, si_pid=320065, si_uid=1000, si_status=SIGTERM, si_utime=0, si_stime=0} ---
320069 +++ exited with 0 +++
320071 +++ exited with 0 +++
320063 --- SIGCHLD {si_signo=SIGCHLD, si_code=CLD_EXITED, si_pid=320071, si_uid=1000, si_status=0, si_utime=0, si_stime=0} ---
320055 +++ killed by SIGKILL +++
320050 --- SIGCHLD {si_signo=SIGCHLD, si_code=CLD_KILLED, si_pid=320055, si_uid=1000, si_status=SIGKILL, si_utime=0, si_stime=0} ---
320047 +++ exited with 0 +++
320053 +++ exited with 0 +++
320074 +++ exited with 3 +++
320073 --- SIGCHLD {si_signo=SIGCHLD, si_code=CLD_EXITED, si_pid=320074, si_uid=1000, si_status=3, si_utime=0, si_stime=0} ---
320075 +++ exited with 0 +++
320050 +++ killed by SIGKILL +++
320046 --- SIGCHLD {si_signo=SIGCHLD, si_code=CLD_KILLED, si_pid=320050, si_uid=1000, si_status=SIGKILL, si_utime=0, si_stime=0} ---
320046 +++ exited with 0 +++
320060 +++ killed by SIGKILL +++
320052 --- SIGCHLD {si_signo=SIGCHLD, si_code=CLD_KILLED, si_pid=320060, si_uid=1000, si_status=SIGKILL, si_utime=0, si_stime=1 /* 0.01 s */} ---
320041 +++ exited with 0 +++
320048 +++ exited with 0 +++
320061 +++ killed by SIGKILL +++
320056 --- SIGCHLD {si_signo=SIGCHLD, si_code=CLD_KILLED, si_pid=320061, si_uid=1000, si_status=SIGKILL, si_utime=0, si_stime=1 /* 0.01 s */} ---
320063 +++ killed by SIGKILL +++
320058 --- SIGCHLD {si_signo=SIGCHLD, si_code=CLD_KILLED, si_pid=320063, si_uid=1000, si_status=SIGKILL, si_utime=0, si_stime=1 /* 0.01 s */} ---
320052 +++ killed by SIGKILL +++
320040 --- SIGCHLD {si_signo=SIGCHLD, si_code=CLD_KILLED, si_pid=320052, si_uid=1000, si_status=SIGKILL, si_utime=0, si_stime=0} ---
320049 +++ exited with 0 +++
320044 +++ exited with 0 +++
320058 +++ killed by SIGKILL +++
320040 --- SIGCHLD {si_signo=SIGCHLD, si_code=CLD_KILLED, si_pid=320058, si_uid=1000, si_status=SIGKILL, si_utime=0, si_stime=1 /* 0.01 s */} ---
320056 +++ killed by SIGKILL +++
320040 --- SIGCHLD {si_signo=SIGCHLD, si_code=CLD_KILLED, si_pid=320056, si_uid=1000, si_status=SIGKILL, si_utime=0, si_stime=1 /* 0.01 s */} ---
320073 +++ killed by SIGKILL +++
320072 --- SIGCHLD {si_signo=SIGCHLD, si_code=CLD_KILLED, si_pid=320073, si_uid=1000, si_status=SIGKILL, si_utime=0, si_stime=0} ---
320054 +++ exited with 0 +++
320042 +++ exited with 0 +++
320072 +++ killed by SIGKILL +++
320040 --- SIGCHLD {si_signo=SIGCHLD, si_code=CLD_KILLED, si_pid=320072, si_uid=1000, si_status=SIGKILL, si_utime=0, si_stime=2 /* 0.02 s */} ---
320051 +++ exited with 0 +++
320043 +++ exited with 0 +++
320040 +++ exited with 0 +++
