320086 +++ exited with 0 +++
320101 +++ exited with 0 +++
320099 +++ killed by SIGKILL +++
320097 --- SIGCHLD {si_signo=SIGCHLD, si_code=CLD_KILLED, si_pid=320099, si_uid=1000, si_status=SIGKILL, si_utime=0, si_stime=0} ---
320104 +++ exited with 0 +++
320098 --- SIGCHLD {si_signo=SIGCHLD, si_code=CLD_EXITED, si_pid=320104, si_uid=1000, si_status=0, si_utime=0, si_stime=0} ---
320098 --- SIGTERM {si_signo=SIGTERM, si_code=SI_USER, si_pid=320094, si_uid=1000} ---
320098 +++ killed by SIGTERM +++
320094 --- SIGCHLD {si_signo=SIGCHLD, si_code=CLD_KILLED, si_pid=320098, si_uid=1000, si_status=SIGTERM, si_utime=0, si_stime=0} ---
320100 +++ exited with 0 +++
320109 +++ exited with 0 +++
320094 --- SIGCHLD {si_signo=SIGCHLD, si_code=CLD_EXITED, si_pid=320109, si_uid=1000, si_status=0, si_utime=0, si_stime=0} ---
320106 +++ exited with 0 +++
320103 --- SIGCHLD {si_signo=SIGCHLD, si_code=CLD_EXITED, si_pid=320106, si_uid=1000, si_status=0, si_utime=0, si_stime=0} ---
320108 +++ exited with 0 +++
320110 +++ exited with 0 +++
320105 --- SIGCHLD {si_signo=SIGCHLD, si_code=CLD_EXITED, si_pid=320110, si_uid=1000, si_status=0, si_utime=0, si_stime=0} ---
320089 +++ exited with 0 +++
320105 +++ exited with 0 +++
320102 --- SIGCHLD {si_signo=SIGCHLD, si_code=CLD_EXITED, si_pid=320105, si_uid=1000, si_status=0, si_utime=0, si_stime=0} ---
320107 +++ exited with 0 +++
320084 +++ exited with 0 +++
320097 +++ killed by SIGKILL +++
320093 --- SIGCHLD {si_signo=SIGCHLD, si_code=CLD_KILLED, si_pid=320097, si_uid=1000, si_status=SIGKILL, si_utime=0, si_stime=0} ---
320103 +++ killed by SIGKILL +++
320095 --- SIGCHLD {si_signo=SIGCHLD, si_code=CLD_KILLED, si_pid=320103, si_uid=1000, si_status=SIGKILL, si_utime=0, si_stime=0} ---
320093 +++ killed by SIGKILL +++
320088 --- SIGCHLD {si_signo=SIGCHLD, si_code=CLD_KILLED, si_pid=320093, si_uid=1000, si_status=SIGKILL, si_utime=0, si_stime=0} ---
320088 +++ exited with 0 +++
320080 +++ exited with 0 +++
320113 +++ exited with 3 +++
320112 --- SIGCHLD {si_signo=SIGCHLD, si_code=CLD_EXITED, si_pid=320113, si_uid=1000, si_status=3, si_utime=0, si_stime=0} ---
320114 +++ exited with 0 +++
320094 +++ killed by SIGKILL +++
320087 --- SIGCHLD {si_signo=SIGCHLD, si_code=CLD_KILLED, si_pid=320094, si_uid=1000, si_status=SIGKILL, si_utime=0, si_stime=1 /* 0.01 s */} ---
320102 +++ killed by SIGKILL +++
320096 --- SIGCHLD {si_signo=SIGCHLD, si_code=CLD_KILLED, si_pid=320102, si_uid=1000, si_status=SIGKILL, si_utime=0, si_stime=2 /* 0.02 s */} ---
320095 +++ killed by SIGKILL +++
320091 --- SIGCHLD {si_signo=SIGCHLD, si_code=CLD_KILLED, si_pid=320095, si_uid=1000, si_status=SIGKILL, si_utime=0, si_stime=1 /* 0.01 s */} ---
320090 +++ exited with 0 +++
320091 +++ exited with 0 +++
320083 +++ exited with 0 +++
320087 +++ killed by SIGKILL +++
320079 --- SIGCHLD {si_signo=SIGCHLD, si_code=CLD_KILLED, si_pid=320087, si_uid=1000, si_status=SIGKILL, si_utime=0, si_stime=1 /* 0.01 s */} ---
320085 +++ exited with 0 +++
320096 +++ killed by SIGKILL +++
320081 --- SIGCHLD {si_signo=SIGCHLD, si_code=CLD_KILLED, si_pid=320096, si_uid=1000, si_status=SIGKILL, si_utime=0, si_stime=0} ---
320081 +++ exited with 0 +++
320112 +++ killed by SIGKILL +++
320111 --- SIGCHLD {si_signo=SIGCHLD, si_code=CLD_KILLED, si_pid=320112, si_uid=1000, si_status=SIGKILL, si_utime=0, si_stime=2 /* 0.02 s */} ---
320111 +++ killed by SIGKILL +++
320079 --- SIGCHLD {si_signo=SIGCHLD, si_code=CLD_KILLED, si_pid=320111, si_uid=1000, si_status=SIGKILL, si_utime=0, si_stime=1 /* 0.01 s */} ---
320092 +++ exited with 0 +++
320082 +++ exited with 0 +++
320079 +++ exited with 0 +++
