320140 +++ exited with 0 +++
320136 --- SIGCHLD {si_signo=SIGCHLD, si_code=CLD_EXITED, si_pid=320140, si_uid=1000, si_status=0, si_utime=0, si_stime=0} ---
320136 --- SIGTERM {si_signo=SIGTERM, si_code=SI_USER, si_pid=320134, si_uid=1000} ---
320136 +++ killed by SIGTERM +++
320134 --- SIGCHLD {si_signo=SIGCHLD, si_code=CLD_KILLED, si_pid=320136, si_uid=1000, si_status=SIGTERM, si_utime=0, si_stime=0} ---
320138 +++ exited with 0 +++
320146 +++ exited with 0 +++
320134 --- SIGCHLD {si_signo=SIGCHLD, si_code=CLD_EXITED, si_pid=320146, si_uid=1000, si_status=0, si_utime=0, si_stime=0} ---
320145 +++ exited with 0 +++
320139 --- SIGCHLD {si_signo=SIGCHLD, si_code=CLD_EXITED, si_pid=320145, si_uid=1000, si_status=0, si_utime=0, si_stime=0} ---
320144 +++ exited with 0 +++
320141 --- SIGCHLD {si_signo=SIGCHLD, si_code=CLD_EXITED, si_pid=320144, si_uid=1000, si_status=0, si_utime=0, si_stime=0} ---
320123 +++ exited with 0 +++
320149 +++ exited with 0 +++
320139 +++ exited with 0 +++
320147 +++ killed by SIGKILL +++
320143 --- SIGCHLD {si_signo=SIGCHLD, si_code=CLD_KILLED, si_pid=320147, si_uid=1000, si_status=SIGKILL, si_utime=0, si_stime=0} ---
320137 --- SIGCHLD {si_signo=SIGCHLD, si_code=CLD_EXITED, si_pid=320139, si_uid=1000, si_status=0, si_utime=0, si_stime=0} ---
320148 +++ exited with 0 +++
320142 +++ exited with 0 +++
320125 +++ exited with 0 +++
320124 +++ exited with 0 +++
320143 +++ killed by SIGKILL +++
320133 --- SIGCHLD {si_signo=SIGCHLD, si_code=CLD_KILLED, si_pid=320143, si_uid=1000, si_status=SIGKILL, si_utime=0, si_stime=0} ---
320152 +++ exited with 3 +++
320151 --- SIGCHLD {si_signo=SIGCHLD, si_code=CLD_EXITED, si_pid=320152, si_uid=1000, si_status=3, si_utime=0, si_stime=0} ---
320153 +++ exited with 0 +++
320134 +++ killed by SIGKILL +++
320131 --- SIGCHLD {si_signo=SIGCHLD, si_code=CLD_KILLED, si_pid=320134, si_uid=1000, si_status=SIGKILL, si_utime=0, si_stime=0} ---
320137 +++ killed by SIGKILL +++
320132 --- SIGCHLD {si_signo=SIGCHLD, si_code=CLD_KILLED, si_pid=320137, si_uid=1000, si_status=SIGKILL, si_utime=0, si_stime=1 /* 0.01 s */} ---
320141 +++ killed by SIGKILL +++
320135 --- SIGCHLD {si_signo=SIGCHLD, si_code=CLD_KILLED, si_pid=320141, si_uid=1000, si_status=SIGKILL, si_utime=0, si_stime=0} ---
320129 +++ exited with 0 +++
320133 +++ killed by SIGKILL +++
320126 --- SIGCHLD {si_signo=SIGCHLD, si_code=CLD_KILLED, si_pid=320133, si_uid=1000, si_status=SIGKILL, si_utime=0, si_stime=1 /* 0.01 s */} ---
320126 +++ exited with 0 +++
320119 +++ exited with 0 +++
320131 +++ killed by SIGKILL +++
320118 --- SIGCHLD {si_signo=SIGCHLD, si_code=CLD_KILLED, si_pid=320131, si_uid=1000, si_status=SIGKILL, si_utime=0, si_stime=0} ---
320135 +++ killed by SIGKILL +++
320128 --- SIGCHLD {si_signo=SIGCHLD, si_code=CLD_KILLED, si_pid=320135, si_uid=1000, si_status=SIGKILL, si_utime=0, si_stime=0} ---
320128 +++ exited with 0 +++
320132 +++ killed by SIGKILL +++
320127 +++ exited with 0 +++
320130 --- SIGCHLD {si_signo=SIGCHLD, si_code=CLD_KILLED, si_pid=320132, si_uid=1000, si_status=SIGKILL, si_utime=0, si_stime=0} ---
320120 +++ exited with 0 +++
320122 +++ exited with 0 +++
320151 +++ killed by SIGKILL +++
320150 --- SIGCHLD {si_signo=SIGCHLD, si_code=CLD_KILLED, si_pid=320151, si_uid=1000, si_status=SIGKILL, si_utime=0, si_stime=0} ---
320150 +++ killed by SIGKILL +++
320118 --- SIGCHLD {si_signo=SIGCHLD, si_code=CLD_KILLED, si_pid=320150, si_uid=1000, si_status=SIGKILL, si_utime=0, si_stime=1 /* 0.01 s */} ---
320130 +++ exited with 0 +++
320121 +++ exited with 0 +++
320118 +++ exited with 0 +++
