320221 +++ exited with 0 +++
320201 +++ exited with 0 +++
320215 --- SIGCHLD {si_signo=SIGCHLD, si_code=CLD_EXITED, si_pid=320221, si_uid=1000, si_status=0, si_utime=0, si_stime=0} ---
320223 +++ exited with 0 +++
320216 +++ killed by SIGKILL +++
320213 --- SIGCHLD {si_signo=SIGCHLD, si_code=CLD_KILLED, si_pid=320216, si_uid=1000, si_status=SIGKILL, si_utime=0, si_stime=0} ---
320215 --- SIGTERM {si_signo=SIGTERM, si_code=SI_USER, si_pid=320214, si_uid=1000} ---
320215 +++ killed by SIGTERM +++
320214 --- SIGCHLD {si_signo=SIGCHLD, si_code=CLD_KILLED, si_pid=320215, si_uid=1000, si_status=SIGTERM, si_utime=0, si_stime=0} ---
320222 +++ exited with 0 +++
320219 +++ exited with 0 +++
320217 --- SIGCHLD {si_signo=SIGCHLD, si_code=CLD_EXITED, si_pid=320219, si_uid=1000, si_status=0, si_utime=0, si_stime=0} ---
320224 +++ exited with 0 +++
320226 +++ exited with 0 +++
320214 --- SIGCHLD {si_signo=SIGCHLD, si_code=CLD_EXITED, si_pid=320226, si_uid=1000, si_status=0, si_utime=0, si_stime=0} ---
320227 +++ exited with 0 +++
320220 --- SIGCHLD {si_signo=SIGCHLD, si_code=CLD_EXITED, si_pid=320227, si_uid=1000, si_status=0, si_utime=0, si_stime=0} ---
320220 +++ exited with 0 +++
320218 --- SIGCHLD {si_signo=SIGCHLD, si_code=CLD_EXITED, si_pid=320220, si_uid=1000, si_status=0, si_utime=0, si_stime=0} ---
320225 +++ exited with 0 +++
320202 +++ exited with 0 +++
320205 +++ exited with 0 +++
320213 +++ killed by SIGKILL +++
320207 --- SIGCHLD {si_signo=SIGCHLD, si_code=CLD_KILLED, si_pid=320213, si_uid=1000, si_status=SIGKILL, si_utime=0, si_stime=0} ---
320230 +++ exited with 3 +++
320229 --- SIGCHLD {si_signo=SIGCHLD, si_code=CLD_EXITED, si_pid=320230, si_uid=1000, si_status=3, si_utime=0, si_stime=0} ---
320231 +++ exited with 0 +++
320214 +++ killed by SIGKILL +++
320217 +++ killed by SIGKILL +++
320210 --- SIGCHLD {si_signo=SIGCHLD, si_code=CLD_KILLED, si_pid=320214, si_uid=1000, si_status=SIGKILL, si_utime=0, si_stime=1 /* 0.01 s */} ---
320211 --- SIGCHLD {si_signo=SIGCHLD, si_code=CLD_KILLED, si_pid=320217, si_uid=1000, si_status=SIGKILL, si_utime=0, si_stime=1 /* 0.01 s */} ---
320207 +++ killed by SIGKILL +++
320203 --- SIGCHLD {si_signo=SIGCHLD, si_code=CLD_KILLED, si_pid=320207, si_uid=1000, si_status=SIGKILL, si_utime=0, si_stime=1 /* 0.01 s */} ---
320203 +++ exited with 0 +++
320197 +++ exited with 0 +++
320218 +++ killed by SIGKILL +++
320208 +++ exited with 0 +++
320212 --- SIGCHLD {si_signo=SIGCHLD, si_code=CLD_KILLED, si_pid=320218, si_uid=1000, si_status=SIGKILL, si_utime=0, si_stime=2 /* 0.02 s */} ---
320210 +++ killed by SIGKILL +++
320206 --- SIGCHLD {si_signo=SIGCHLD, si_code=CLD_KILLED, si_pid=320210, si_uid=1000, si_status=SIGKILL, si_utime=0, si_stime=1 /* 0.01 s */} ---
320211 +++ killed by SIGKILL +++
320204 --- SIGCHLD {si_signo=SIGCHLD, si_code=CLD_KILLED, si_pid=320211, si_uid=1000, si_status=SIGKILL, si_utime=0, si_stime=0} ---
320204 +++ exited with 0 +++
320206 +++ exited with 0 +++
320198 +++ exited with 0 +++
320200 +++ exited with 0 +++
320212 +++ killed by SIGKILL +++
320209 --- SIGCHLD {si_signo=SIGCHLD, si_code=CLD_KILLED, si_pid=320212, si_uid=1000, si_status=SIGKILL, si_utime=0, si_stime=1 /* 0.01 s */} ---
320229 +++ killed by SIGKILL +++
320228 --- SIGCHLD {si_signo=SIGCHLD, si_code=CLD_KILLED, si_pid=320229, si_uid=1000, si_status=SIGKILL, si_utime=0, si_stime=2 /* 0.02 s */} ---
320228 +++ killed by SIGKILL +++
320196 --- SIGCHLD {si_signo=SIGCHLD, si_code=CLD_KILLED, si_pid=320228, si_uid=1000, si_status=SIGKILL, si_utime=0, si_stime=1 /* 0.01 s */} ---
320209 +++ exited with 0 +++
320199 +++ exited with 0 +++
320196 +++ exited with 0 +++
