320240 +++ exited with 0 +++
320254 +++ exited with 0 +++
320251 +++ killed by SIGKILL +++
320248 --- SIGCHLD {si_signo=SIGCHLD, si_code=CLD_KILLED, si_pid=320251, si_uid=1000, si_status=SIGKILL, si_utime=0, si_stime=0} ---
320257 +++ exited with 0 +++
320255 --- SIGCHLD {si_signo=SIGCHLD, si_code=CLD_EXITED, si_pid=320257, si_uid=1000, si_status=0, si_utime=0, si_stime=0} ---
320260 +++ exited with 0 +++
320263 +++ exited with 0 +++
320258 --- SIGCHLD {si_signo=SIGCHLD, si_code=CLD_EXITED, si_pid=320263, si_uid=1000, si_status=0, si_utime=0, si_stime=0} ---
320258 +++ exited with 0 +++
320256 --- SIGCHLD {si_signo=SIGCHLD, si_code=CLD_EXITED, si_pid=320258, si_uid=1000, si_status=0, si_utime=0, si_stime=0} ---
320261 +++ exited with 0 +++
320265 +++ exited with 0 +++
320262 --- SIGCHLD {si_signo=SIGCHLD, si_code=CLD_EXITED, si_pid=320265, si_uid=1000, si_status=0, si_utime=0, si_stime=0} ---
320242 +++ exited with 0 +++
320248 +++ killed by SIGKILL +++
320246 --- SIGCHLD {si_signo=SIGCHLD, si_code=CLD_KILLED, si_pid=320248, si_uid=1000, si_status=SIGKILL, si_utime=0, si_stime=0} ---
320262 --- SIGTERM {si_signo=SIGTERM, si_code=SI_USER, si_pid=320259, si_uid=1000} ---
320262 +++ killed by SIGTERM +++
320259 --- SIGCHLD {si_signo=SIGCHLD, si_code=CLD_KILLED, si_pid=320262, si_uid=1000, si_status=SIGTERM, si_utime=0, si_stime=0} ---
320264 +++ exited with 0 +++
320266 +++ exited with 0 +++
320259 --- SIGCHLD {si_signo=SIGCHLD, si_code=CLD_EXITED, si_pid=320266, si_uid=1000, si_status=0, si_utime=0, si_stime=0} ---
320250 +++ exited with 0 +++
320246 +++ killed by SIGKILL +++
320241 --- SIGCHLD {si_signo=SIGCHLD, si_code=CLD_KILLED, si_pid=320246, si_uid=1000, si_status=SIGKILL, si_utime=0, si_stime=0} ---
320241 +++ exited with 0 +++
320236 +++ exited with 0 +++
320269 +++ exited with 3 +++
320268 --- SIGCHLD {si_signo=SIGCHLD, si_code=CLD_EXITED, si_pid=320269, si_uid=1000, si_status=3, si_utime=0, si_stime=0} ---
320270 +++ exited with 0 +++
320255 +++ killed by SIGKILL +++
320247 --- SIGCHLD {si_signo=SIGCHLD, si_code=CLD_KILLED, si_pid=320255, si_uid=1000, si_status=SIGKILL, si_utime=0, si_stime=1 /* 0.01 s */} ---
320256 +++ killed by SIGKILL +++
320249 --- SIGCHLD {si_signo=SIGCHLD, si_code=CLD_KILLED, si_pid=320256, si_uid=1000, si_status=SIGKILL, si_utime=0, si_stime=0} ---
320243 +++ exited with 0 +++
320259 +++ killed by SIGKILL +++
320253 --- SIGCHLD {si_signo=SIGCHLD, si_code=CLD_KILLED, si_pid=320259, si_uid=1000, si_status=SIGKILL, si_utime=0, si_stime=1 /* 0.01 s */} ---
320247 +++ killed by SIGKILL +++
320235 --- SIGCHLD {si_signo=SIGCHLD, si_code=CLD_KILLED, si_pid=320247, si_uid=1000, si_status=SIGKILL, si_utime=0, si_stime=0} ---
320244 +++ exited with 0 +++
320249 +++ killed by SIGKILL +++
320235 --- SIGCHLD {si_signo=SIGCHLD, si_code=CLD_KILLED, si_pid=320249, si_uid=1000, si_status=SIGKILL, si_utime=0, si_stime=0} ---
320239 +++ exited with 0 +++
320253 +++ killed by SIGKILL +++
320252 --- SIGCHLD {si_signo=SIGCHLD, si_code=CLD_KILLED, si_pid=320253, si_uid=1000, si_status=SIGKILL, si_utime=0, si_stime=0} ---
320252 +++ exited with 0 +++
320237 +++ exited with 0 +++
320268 +++ killed by SIGKILL +++
320267 --- SIGCHLD {si_signo=SIGCHLD, si_code=CLD_KILLED, si_pid=320268, si_uid=1000, si_status=SIGKILL, si_utime=0, si_stime=0} ---
320267 +++ killed by SIGKILL +++
320245 --- SIGCHLD {si_signo=SIGCHLD, si_code=CLD_KILLED, si_pid=320267, si_uid=1000, si_status=SIGKILL, si_utime=0, si_stime=1 /* 0.01 s */} ---
320245 +++ exited with 0 +++
320238 +++ exited with 0 +++
320235 +++ exited with 0 +++
