313371 +++ exited with 0 +++
313367 --- SIGCHLD {si_signo=SIGCHLD, si_code=CLD_EXITED, si_pid=313371, si_uid=1000, si_status=0, si_utime=0, si_stime=0} ---
313353 +++ exited with 0 +++
313367 +++ exited with 0 +++
313366 --- SIGCHLD {si_signo=SIGCHLD, si_code=CLD_EXITED, si_pid=313367, si_uid=1000, si_status=0, si_utime=0, si_stime=0} ---
313376 +++ exited with 0 +++
313370 +++ exited with 0 +++
313372 +++ killed by SIGKILL +++
313368 --- SIGCHLD {si_signo=SIGCHLD, si_code=CLD_KILLED, si_pid=313372, si_uid=1000, si_status=SIGKILL, si_utime=0, si_stime=0} ---
313377 +++ exited with 0 +++
313369 --- SIGCHLD {si_signo=SIGCHLD, si_code=CLD_EXITED, si_pid=313377, si_uid=1000, si_status=0, si_utime=0, si_stime=0} ---
313369 --- SIGTERM {si_signo=SIGTERM, si_code=SI_USER, si_pid=313365, si_uid=1000} ---
313369 +++ killed by SIGTERM +++
313365 --- SIGCHLD {si_signo=SIGCHLD, si_code=CLD_KILLED, si_pid=313369, si_uid=1000, si_status=SIGTERM, si_utime=0, si_stime=0} ---
313374 +++ exited with 0 +++
313375 +++ exited with 0 +++
313373 --- SIGCHLD {si_signo=SIGCHLD, si_code=CLD_EXITED, si_pid=313375, si_uid=1000, si_status=0, si_utime=0, si_stime=0} ---
313379 +++ exited with 0 +++
313365 --- SIGCHLD {si_signo=SIGCHLD, si_code=CLD_EXITED, si_pid=313379, si_uid=1000, si_status=0, si_utime=0, si_stime=0} ---
313378 +++ exited with 0 +++
313355 +++ exited with 0 +++
313359 +++ exited with 0 +++
313368 +++ killed by SIGKILL +++
313364 --- SIGCHLD {si_signo=SIGCHLD, si_code=CLD_KILLED, si_pid=313368, si_uid=1000, si_status=SIGKILL, si_utime=0, si_stime=0} ---
313382 +++ exited with 3 +++
313381 --- SIGCHLD {si_signo=SIGCHLD, si_code=CLD_EXITED, si_pid=313382, si_uid=1000, si_status=3, si_utime=0, si_stime=0} ---
313383 +++ exited with 0 +++
313366 +++ killed by SIGKILL +++
313363 --- SIGCHLD {si_signo=SIGCHLD, si_code=CLD_KILLED, si_pid=313366, si_uid=1000, si_status=SIGKILL, si_utime=0, si_stime=0} ---
313354 +++ exited with 0 +++
313364 +++ killed by SIGKILL +++
313358 --- SIGCHLD {si_signo=SIGCHLD, si_code=CLD_KILLED, si_pid=313364, si_uid=1000, si_status=SIGKILL, si_utime=0, si_stime=0} ---
313358 +++ exited with 0 +++
313349 +++ exited with 0 +++
313373 +++ killed by SIGKILL +++
313362 --- SIGCHLD {si_signo=SIGCHLD, si_code=CLD_KILLED, si_pid=313373, si_uid=1000, si_status=SIGKILL, si_utime=0, si_stime=1 /* 0.01 s */} ---
313365 +++ killed by SIGKILL +++
313361 --- SIGCHLD {si_signo=SIGCHLD, si_code=CLD_KILLED, si_pid=313365, si_uid=1000, si_status=SIGKILL, si_utime=0, si_stime=0} ---
313363 +++ killed by SIGKILL +++
313356 --- SIGCHLD {si_signo=SIGCHLD, si_code=CLD_KILLED, si_pid=313363, si_uid=1000, si_status=SIGKILL, si_utime=0, si_stime=1 /* 0.01 s */} ---
313381 +++ killed by SIGKILL +++
313380 --- SIGCHLD {si_signo=SIGCHLD, si_code=CLD_KILLED, si_pid=313381, si_uid=1000, si_status=SIGKILL, si_utime=0, si_stime=1 /* 0.01 s */} ---
313362 +++ killed by SIGKILL +++
313357 --- SIGCHLD {si_signo=SIGCHLD, si_code=CLD_KILLED, si_pid=313362, si_uid=1000, si_status=SIGKILL, si_utime=0, si_stime=1 /* 0.01 s */} ---
313361 +++ killed by SIGKILL +++
313360 --- SIGCHLD {si_signo=SIGCHLD, si_code=CLD_KILLED, si_pid=313361, si_uid=1000, si_status=SIGKILL, si_utime=0, si_stime=0} ---
313360 +++ exited with 0 +++
313357 +++ exited with 0 +++
313352 +++ exited with 0 +++
313350 +++ exited with 0 +++
313380 +++ killed by SIGKILL +++
313348 --- SIGCHLD {si_signo=SIGCHLD, si_code=CLD_KILLED, si_pid=313380, si_uid=1000, si_status=SIGKILL, si_utime=0, si_stime=0} ---
313356 +++ exited with 0 +++
313351 +++ exited with 0 +++
313348 +++ exited with 0 +++
