320296 +++ exited with 0 +++
320292 --- SIGCHLD {si_signo=SIGCHLD, si_code=CLD_EXITED, si_pid=320296, si_uid=1000, si_status=0, si_utime=0, si_stime=0} ---
320297 +++ exited with 0 +++
320294 --- SIGCHLD {si_signo=SIGCHLD, si_code=CLD_EXITED, si_pid=320297, si_uid=1000, si_status=0, si_utime=0, si_stime=0} ---
320300 +++ exited with 0 +++
320292 +++ exited with 0 +++
320291 --- SIGCHLD {si_signo=SIGCHLD, si_code=CLD_EXITED, si_pid=320292, si_uid=1000, si_status=0, si_utime=0, si_stime=0} ---
320295 +++ exited with 0 +++
320303 +++ exited with 0 +++
320285 +++ exited with 0 +++
320298 --- SIGCHLD {si_signo=SIGCHLD, si_code=CLD_EXITED, si_pid=320303, si_uid=1000, si_status=0, si_utime=0, si_stime=0} ---
320304 +++ exited with 0 +++
320301 +++ killed by SIGKILL +++
320299 --- SIGCHLD {si_signo=SIGCHLD, si_code=CLD_KILLED, si_pid=320301, si_uid=1000, si_status=SIGKILL, si_utime=0, si_stime=0} ---
320298 --- SIGTERM {si_signo=SIGTERM, si_code=SI_USER, si_pid=320293, si_uid=1000} ---
320298 +++ killed by SIGTERM +++
320293 --- SIGCHLD {si_signo=SIGCHLD, si_code=CLD_KILLED, si_pid=320298, si_uid=1000, si_status=SIGTERM, si_utime=0, si_stime=0} ---
320302 +++ exited with 0 +++
320305 +++ exited with 0 +++
320293 --- SIGCHLD {si_signo=SIGCHLD, si_code=CLD_EXITED, si_pid=320305, si_uid=1000, si_status=0, si_utime=0, si_stime=0} ---
320282 +++ exited with 0 +++
320281 +++ exited with 0 +++
320299 +++ killed by SIGKILL +++
320289 --- SIGCHLD {si_signo=SIGCHLD, si_code=CLD_KILLED, si_pid=320299, si_uid=1000, si_status=SIGKILL, si_utime=0, si_stime=0} ---
320308 +++ exited with 3 +++
320307 --- SIGCHLD {si_signo=SIGCHLD, si_code=CLD_EXITED, si_pid=320308, si_uid=1000, si_status=3, si_utime=0, si_stime=0} ---
320309 +++ exited with 0 +++
320294 +++ killed by SIGKILL +++
320290 --- SIGCHLD {si_signo=SIGCHLD, si_code=CLD_KILLED, si_pid=320294, si_uid=1000, si_status=SIGKILL, si_utime=0, si_stime=0} ---
320291 +++ killed by SIGKILL +++
320287 --- SIGCHLD {si_signo=SIGCHLD, si_code=CLD_KILLED, si_pid=320291, si_uid=1000, si_status=SIGKILL, si_utime=0, si_stime=0} ---
320289 +++ killed by SIGKILL +++
320274 --- SIGCHLD {si_signo=SIGCHLD, si_code=CLD_KILLED, si_pid=320289, si_uid=1000, si_status=SIGKILL, si_utime=0, si_stime=1 /* 0.01 s */} ---
320279 +++ exited with 0 +++
320286 +++ exited with 0 +++
320275 +++ exited with 0 +++
320293 +++ killed by SIGKILL +++
320288 --- SIGCHLD {si_signo=SIGCHLD, si_code=CLD_KILLED, si_pid=320293, si_uid=1000, si_status=SIGKILL, si_utime=0, si_stime=1 /* 0.01 s */} ---
320290 +++ killed by SIGKILL +++
320274 --- SIGCHLD {si_signo=SIGCHLD, si_code=CLD_KILLED, si_pid=320290, si_uid=1000, si_status=SIGKILL, si_utime=0, si_stime=0} ---
320284 +++ exited with 0 +++
320278 +++ exited with 0 +++
320287 +++ killed by SIGKILL +++
320280 --- SIGCHLD {si_signo=SIGCHLD, si_code=CLD_KILLED, si_pid=320287, si_uid=1000, si_status=SIGKILL, si_utime=0, si_stime=0} ---
320288 +++ killed by SIGKILL +++
320274 --- SIGCHLD {si_signo=SIGCHLD, si_code=CLD_KILLED, si_pid=320288, si_uid=1000, si_status=SIGKILL, si_utime=0, si_stime=1 /* 0.01 s */} ---
320283 +++ exited with 0 +++
320307 +++ killed by SIGKILL +++
320306 --- SIGCHLD {si_signo=SIGCHLD, si_code=CLD_KILLED, si_pid=320307, si_uid=1000, si_status=SIGKILL, si_utime=0, si_stime=1 /* 0.01 s */} ---
320276 +++ exited with 0 +++
320306 +++ killed by SIGKILL +++
320274 --- SIGCHLD {si_signo=SIGCHLD, si_code=CLD_KILLED, si_pid=320306, si_uid=1000, si_status=SIGKILL, si_utime=0, si_stime=1 /* 0.01 s */} ---
320280 +++ exited with 0 +++
320277 +++ exited with 0 +++
320274 +++ exited with 0 +++
