320541 +++ exited with 0 +++
320532 --- SIGCHLD {si_signo=SIGCHLD, si_code=CLD_EXITED, si_pid=320541, si_uid=1000, si_status=0, si_utime=0, si_stime=0} ---
320540 +++ exited with 0 +++
320537 +++ exited with 0 +++
320535 --- SIGCHLD {si_signo=SIGCHLD, si_code=CLD_EXITED, si_pid=320537, si_uid=1000, si_status=0, si_utime=0, si_stime=0} ---
320534 --- SIGCHLD {si_signo=SIGCHLD, si_code=CLD_EXITED, si_pid=320540, si_uid=1000, si_status=0, si_utime=0, si_stime=0} ---
320519 +++ exited with 0 +++
320542 +++ exited with 0 +++
320543 +++ exited with 0 +++
320536 +++ killed by SIGKILL +++
320533 --- SIGCHLD {si_signo=SIGCHLD, si_code=CLD_KILLED, si_pid=320536, si_uid=1000, si_status=SIGKILL, si_utime=0, si_stime=0} ---
320532 +++ exited with 0 +++
320530 --- SIGCHLD {si_signo=SIGCHLD, si_code=CLD_EXITED, si_pid=320532, si_uid=1000, si_status=0, si_utime=0, si_stime=0} ---
320534 --- SIGTERM {si_signo=SIGTERM, si_code=SI_USER, si_pid=320531, si_uid=1000} ---
320534 +++ killed by SIGTERM +++
320531 --- SIGCHLD {si_signo=SIGCHLD, si_code=CLD_KILLED, si_pid=320534, si_uid=1000, si_status=SIGTERM, si_utime=0, si_stime=0} ---
320539 +++ exited with 0 +++
320538 +++ exited with 0 +++
320544 +++ exited with 0 +++
320531 --- SIGCHLD {si_signo=SIGCHLD, si_code=CLD_EXITED, si_pid=320544, si_uid=1000, si_status=0, si_utime=0, si_stime=0} ---
320518 +++ exited with 0 +++
320521 +++ exited with 0 +++
320533 +++ killed by SIGKILL +++
320528 --- SIGCHLD {si_signo=SIGCHLD, si_code=CLD_KILLED, si_pid=320533, si_uid=1000, si_status=SIGKILL, si_utime=0, si_stime=0} ---
320547 +++ exited with 3 +++
320546 --- SIGCHLD {si_signo=SIGCHLD, si_code=CLD_EXITED, si_pid=320547, si_uid=1000, si_status=3, si_utime=0, si_stime=0} ---
320548 +++ exited with 0 +++
320535 +++ killed by SIGKILL +++
320529 --- SIGCHLD {si_signo=SIGCHLD, si_code=CLD_KILLED, si_pid=320535, si_uid=1000, si_status=SIGKILL, si_utime=0, si_stime=1 /* 0.01 s */} ---
320528 +++ killed by SIGKILL +++
320513 --- SIGCHLD {si_signo=SIGCHLD, si_code=CLD_KILLED, si_pid=320528, si_uid=1000, si_status=SIGKILL, si_utime=0, si_stime=0} ---
320523 +++ exited with 0 +++
320514 +++ exited with 0 +++
320520 +++ exited with 0 +++
320530 +++ killed by SIGKILL +++
320527 --- SIGCHLD {si_signo=SIGCHLD, si_code=CLD_KILLED, si_pid=320530, si_uid=1000, si_status=SIGKILL, si_utime=0, si_stime=0} ---
320531 +++ killed by SIGKILL +++
320526 --- SIGCHLD {si_signo=SIGCHLD, si_code=CLD_KILLED, si_pid=320531, si_uid=1000, si_status=SIGKILL, si_utime=0, si_stime=1 /* 0.01 s */} ---
320529 +++ killed by SIGKILL +++
320513 --- SIGCHLD {si_signo=SIGCHLD, si_code=CLD_KILLED, si_pid=320529, si_uid=1000, si_status=SIGKILL, si_utime=0, si_stime=0} ---
320525 +++ exited with 0 +++
320517 +++ exited with 0 +++
320527 +++ killed by SIGKILL +++
320513 --- SIGCHLD {si_signo=SIGCHLD, si_code=CLD_KILLED, si_pid=320527, si_uid=1000, si_status=SIGKILL, si_utime=0, si_stime=0} ---
320546 +++ killed by SIGKILL +++
320545 --- SIGCHLD {si_signo=SIGCHLD, si_code=CLD_KILLED, si_pid=320546, si_uid=1000, si_status=SIGKILL, si_utime=0, si_stime=1 /* 0.01 s */} ---
320526 +++ killed by SIGKILL +++
320513 --- SIGCHLD {si_signo=SIGCHLD, si_code=CLD_KILLED, si_pid=320526, si_uid=1000, si_status=SIGKILL, si_utime=0, si_stime=0} ---
320524 +++ exited with 0 +++
320515 +++ exited with 0 +++
320545 +++ killed by SIGKILL +++
320513 --- SIGCHLD {si_signo=SIGCHLD, si_code=CLD_KILLED, si_pid=320545, si_uid=1000, si_status=SIGKILL, si_utime=0, si_stime=1 /* 0.01 s */} ---
320522 +++ exited with 0 +++
320516 +++ exited with 0 +++
320513 +++ exited with 0 +++
