320571 +++ exited with 0 +++
320569 --- SIGCHLD {si_signo=SIGCHLD, si_code=CLD_EXITED, si_pid=320571, si_uid=1000, si_status=0, si_utime=0, si_stime=0} ---
320577 +++ exited with 0 +++
320561 +++ exited with 0 +++
320581 +++ exited with 0 +++
320579 +++ exited with 0 +++
320572 --- SIGCHLD {si_signo=SIGCHLD, si_code=CLD_EXITED, si_pid=320579, si_uid=1000, si_status=0, si_utime=0, si_stime=0} ---
320576 +++ killed by SIGKILL +++
320574 --- SIGCHLD {si_signo=SIGCHLD, si_code=CLD_KILLED, si_pid=320576, si_uid=1000, si_status=SIGKILL, si_utime=0, si_stime=0} ---
320582 +++ exited with 0 +++
320575 --- SIGCHLD {si_signo=SIGCHLD, si_code=CLD_EXITED, si_pid=320582, si_uid=1000, si_status=0, si_utime=0, si_stime=0} ---
320572 +++ exited with 0 +++
320570 --- SIGCHLD {si_signo=SIGCHLD, si_code=CLD_EXITED, si_pid=320572, si_uid=1000, si_status=0, si_utime=0, si_stime=0} ---
320575 --- SIGTERM {si_signo=SIGTERM, si_code=SI_USER, si_pid=320573, si_uid=1000} ---
320578 +++ exited with 0 +++
320575 +++ killed by SIGTERM +++
320573 --- SIGCHLD {si_signo=SIGCHLD, si_code=CLD_KILLED, si_pid=320575, si_uid=1000, si_status=SIGTERM, si_utime=0, si_stime=0} ---
320580 +++ exited with 0 +++
320583 +++ exited with 0 +++
320573 --- SIGCHLD {si_signo=SIGCHLD, si_code=CLD_EXITED, si_pid=320583, si_uid=1000, si_status=0, si_utime=0, si_stime=0} ---
320557 +++ exited with 0 +++
320562 +++ exited with 0 +++
320574 +++ killed by SIGKILL +++
320567 --- SIGCHLD {si_signo=SIGCHLD, si_code=CLD_KILLED, si_pid=320574, si_uid=1000, si_status=SIGKILL, si_utime=0, si_stime=0} ---
320586 +++ exited with 3 +++
320585 --- SIGCHLD {si_signo=SIGCHLD, si_code=CLD_EXITED, si_pid=320586, si_uid=1000, si_status=3, si_utime=0, si_stime=0} ---
320587 +++ exited with 0 +++
320567 +++ killed by SIGKILL +++
320563 --- SIGCHLD {si_signo=SIGCHLD, si_code=CLD_KILLED, si_pid=320567, si_uid=1000, si_status=SIGKILL, si_utime=0, si_stime=0} ---
320569 +++ killed by SIGKILL +++
320565 --- SIGCHLD {si_signo=SIGCHLD, si_code=CLD_KILLED, si_pid=320569, si_uid=1000, si_status=SIGKILL, si_utime=0, si_stime=1 /* 0.01 s */} ---
320563 +++ exited with 0 +++
320553 +++ exited with 0 +++
320570 +++ killed by SIGKILL +++
320566 --- SIGCHLD {si_signo=SIGCHLD, si_code=CLD_KILLED, si_pid=320570, si_uid=1000, si_status=SIGKILL, si_utime=0, si_stime=1 /* 0.01 s */} ---
320573 +++ killed by SIGKILL +++
320568 --- SIGCHLD {si_signo=SIGCHLD, si_code=CLD_KILLED, si_pid=320573, si_uid=1000, si_status=SIGKILL, si_utime=0, si_stime=0} ---
320559 +++ exited with 0 +++
320565 +++ killed by SIGKILL +++
320558 --- SIGCHLD {si_signo=SIGCHLD, si_code=CLD_KILLED, si_pid=320565, si_uid=1000, si_status=SIGKILL, si_utime=0, si_stime=1 /* 0.01 s */} ---
320558 +++ exited with 0 +++
320556 +++ exited with 0 +++
320568 +++ killed by SIGKILL +++
320552 --- SIGCHLD {si_signo=SIGCHLD, si_code=CLD_KILLED, si_pid=320568, si_uid=1000, si_status=SIGKILL, si_utime=0, si_stime=1 /* 0.01 s */} ---
320566 +++ killed by SIGKILL +++
320564 --- SIGCHLD {si_signo=SIGCHLD, si_code=CLD_KILLED, si_pid=320566, si_uid=1000, si_status=SIGKILL, si_utime=0, si_stime=0} ---
320564 +++ exited with 0 +++
320554 +++ exited with 0 +++
320585 +++ killed by SIGKILL +++
320584 --- SIGCHLD {si_signo=SIGCHLD, si_code=CLD_KILLED, si_pid=320585, si_uid=1000, si_status=SIGKILL, si_utime=0, si_stime=0} ---
320584 +++ killed by SIGKILL +++
320560 --- SIGCHLD {si_signo=SIGCHLD, si_code=CLD_KILLED, si_pid=320584, si_uid=1000, si_status=SIGKILL, si_utime=0, si_stime=1 /* 0.01 s */} ---
320560 +++ exited with 0 +++
320555 +++ exited with 0 +++
320552 +++ exited with 0 +++
