320653 +++ exited with 0 +++
320649 --- SIGCHLD {si_signo=SIGCHLD, si_code=CLD_EXITED, si_pid=320653, si_uid=1000, si_status=0, si_utime=0, si_stime=0} ---
320656 +++ exited with 0 +++
320658 +++ exited with 0 +++
320651 --- SIGCHLD {si_signo=SIGCHLD, si_code=CLD_EXITED, si_pid=320658, si_uid=1000, si_status=0, si_utime=0, si_stime=0} ---
320659 +++ exited with 0 +++
320652 --- SIGCHLD {si_signo=SIGCHLD, si_code=CLD_EXITED, si_pid=320659, si_uid=1000, si_status=0, si_utime=0, si_stime=0} ---
320635 +++ exited with 0 +++
320660 +++ exited with 0 +++
320654 +++ killed by SIGKILL +++
320650 --- SIGCHLD {si_signo=SIGCHLD, si_code=CLD_KILLED, si_pid=320654, si_uid=1000, si_status=SIGKILL, si_utime=0, si_stime=0} ---
320652 --- SIGTERM {si_signo=SIGTERM, si_code=SI_USER, si_pid=320648, si_uid=1000} ---
320652 +++ killed by SIGTERM +++
320651 +++ exited with 0 +++
320648 --- SIGCHLD {si_signo=SIGCHLD, si_code=CLD_KILLED, si_pid=320652, si_uid=1000, si_status=SIGTERM, si_utime=0, si_stime=0} ---
320647 --- SIGCHLD {si_signo=SIGCHLD, si_code=CLD_EXITED, si_pid=320651, si_uid=1000, si_status=0, si_utime=0, si_stime=0} ---
320655 +++ exited with 0 +++
320657 +++ exited with 0 +++
320661 +++ exited with 0 +++
320648 --- SIGCHLD {si_signo=SIGCHLD, si_code=CLD_EXITED, si_pid=320661, si_uid=1000, si_status=0, si_utime=0, si_stime=0} ---
320640 +++ exited with 0 +++
320639 +++ exited with 0 +++
320650 +++ killed by SIGKILL +++
320644 --- SIGCHLD {si_signo=SIGCHLD, si_code=CLD_KILLED, si_pid=320650, si_uid=1000, si_status=SIGKILL, si_utime=0, si_stime=0} ---
320664 +++ exited with 3 +++
320663 --- SIGCHLD {si_signo=SIGCHLD, si_code=CLD_EXITED, si_pid=320664, si_uid=1000, si_status=3, si_utime=0, si_stime=0} ---
320665 +++ exited with 0 +++
320644 +++ killed by SIGKILL +++
320649 +++ killed by SIGKILL +++
320642 --- SIGCHLD {si_signo=SIGCHLD, si_code=CLD_KILLED, si_pid=320644, si_uid=1000, si_status=SIGKILL, si_utime=0, si_stime=0} ---
320645 --- SIGCHLD {si_signo=SIGCHLD, si_code=CLD_KILLED, si_pid=320649, si_uid=1000, si_status=SIGKILL, si_utime=0, si_stime=0} ---
320636 +++ exited with 0 +++
320648 +++ killed by SIGKILL +++
320646 --- SIGCHLD {si_signo=SIGCHLD, si_code=CLD_KILLED, si_pid=320648, si_uid=1000, si_status=SIGKILL, si_utime=0, si_stime=1 /* 0.01 s */} ---
320647 +++ killed by SIGKILL +++
320643 --- SIGCHLD {si_signo=SIGCHLD, si_code=CLD_KILLED, si_pid=320647, si_uid=1000, si_status=SIGKILL, si_utime=0, si_stime=0} ---
320638 +++ exited with 0 +++
320631 +++ exited with 0 +++
320645 +++ killed by SIGKILL +++
320641 --- SIGCHLD {si_signo=SIGCHLD, si_code=CLD_KILLED, si_pid=320645, si_uid=1000, si_status=SIGKILL, si_utime=0, si_stime=2 /* 0.02 s */} ---
320646 +++ killed by SIGKILL +++
320642 --- SIGCHLD {si_signo=SIGCHLD, si_code=CLD_KILLED, si_pid=320646, si_uid=1000, si_status=SIGKILL, si_utime=0, si_stime=3 /* 0.03 s */} ---
320643 +++ killed by SIGKILL +++
320630 --- SIGCHLD {si_signo=SIGCHLD, si_code=CLD_KILLED, si_pid=320643, si_uid=1000, si_status=SIGKILL, si_utime=0, si_stime=1 /* 0.01 s */} ---
320642 +++ exited with 0 +++
320641 +++ exited with 0 +++
320634 +++ exited with 0 +++
320632 +++ exited with 0 +++
320663 +++ killed by SIGKILL +++
320662 --- SIGCHLD {si_signo=SIGCHLD, si_code=CLD_KILLED, si_pid=320663, si_uid=1000, si_status=SIGKILL, si_utime=0, si_stime=2 /* 0.02 s */} ---
320662 +++ killed by SIGKILL +++
320630 --- SIGCHLD {si_signo=SIGCHLD, si_code=CLD_KILLED, si_pid=320662, si_uid=1000, si_status=SIGKILL, si_utime=0, si_stime=2 /* 0.02 s */} ---
320637 +++ exited with 0 +++
320633 +++ exited with 0 +++
320630 +++ exited with 0 +++
