320674 +++ exited with 0 +++
320689 +++ exited with 0 +++
320687 +++ killed by SIGKILL +++
320684 --- SIGCHLD {si_signo=SIGCHLD, si_code=CLD_KILLED, si_pid=320687, si_uid=1000, si_status=SIGKILL, si_utime=0, si_stime=0} ---
320694 +++ exited with 0 +++
320693 --- SIGCHLD {si_signo=SIGCHLD, si_code=CLD_EXITED, si_pid=320694, si_uid=1000, si_status=0, si_utime=0, si_stime=0} ---
320697 +++ exited with 0 +++
320692 --- SIGCHLD {si_signo=SIGCHLD, si_code=CLD_EXITED, si_pid=320697, si_uid=1000, si_status=0, si_utime=0, si_stime=0} ---
320699 +++ exited with 0 +++
320691 --- SIGCHLD {si_signo=SIGCHLD, si_code=CLD_EXITED, si_pid=320699, si_uid=1000, si_status=0, si_utime=0, si_stime=0} ---
320698 +++ exited with 0 +++
320691 --- SIGTERM {si_signo=SIGTERM, si_code=SI_USER, si_pid=320688, si_uid=1000} ---
320691 +++ killed by SIGTERM +++
320688 --- SIGCHLD {si_signo=SIGCHLD, si_code=CLD_KILLED, si_pid=320691, si_uid=1000, si_status=SIGTERM, si_utime=0, si_stime=0} ---
320695 +++ exited with 0 +++
320700 +++ exited with 0 +++
320688 --- SIGCHLD {si_signo=SIGCHLD, si_code=CLD_EXITED, si_pid=320700, si_uid=1000, si_status=0, si_utime=0, si_stime=0} ---
320692 +++ exited with 0 +++
320690 --- SIGCHLD {si_signo=SIGCHLD, si_code=CLD_EXITED, si_pid=320692, si_uid=1000, si_status=0, si_utime=0, si_stime=0} ---
320696 +++ exited with 0 +++
320678 +++ exited with 0 +++
320676 +++ exited with 0 +++
320684 +++ killed by SIGKILL +++
320682 --- SIGCHLD {si_signo=SIGCHLD, si_code=CLD_KILLED, si_pid=320684, si_uid=1000, si_status=SIGKILL, si_utime=0, si_stime=0} ---
320693 +++ killed by SIGKILL +++
320686 --- SIGCHLD {si_signo=SIGCHLD, si_code=CLD_KILLED, si_pid=320693, si_uid=1000, si_status=SIGKILL, si_utime=0, si_stime=2 /* 0.02 s */} ---
320703 +++ exited with 3 +++
320702 --- SIGCHLD {si_signo=SIGCHLD, si_code=CLD_EXITED, si_pid=320703, si_uid=1000, si_status=3, si_utime=0, si_stime=0} ---
320704 +++ exited with 0 +++
320682 +++ killed by SIGKILL +++
320669 --- SIGCHLD {si_signo=SIGCHLD, si_code=CLD_KILLED, si_pid=320682, si_uid=1000, si_status=SIGKILL, si_utime=0, si_stime=1 /* 0.01 s */} ---
320675 +++ exited with 0 +++
320670 +++ exited with 0 +++
320688 +++ killed by SIGKILL +++
320683 --- SIGCHLD {si_signo=SIGCHLD, si_code=CLD_KILLED, si_pid=320688, si_uid=1000, si_status=SIGKILL, si_utime=0, si_stime=0} ---
320690 +++ killed by SIGKILL +++
320679 +++ exited with 0 +++
320685 --- SIGCHLD {si_signo=SIGCHLD, si_code=CLD_KILLED, si_pid=320690, si_uid=1000, si_status=SIGKILL, si_utime=0, si_stime=1 /* 0.01 s */} ---
320686 +++ killed by SIGKILL +++
320680 --- SIGCHLD {si_signo=SIGCHLD, si_code=CLD_KILLED, si_pid=320686, si_uid=1000, si_status=SIGKILL, si_utime=0, si_stime=1 /* 0.01 s */} ---
320680 +++ exited with 0 +++
320673 +++ exited with 0 +++
320685 +++ killed by SIGKILL +++
320669 --- SIGCHLD {si_signo=SIGCHLD, si_code=CLD_KILLED, si_pid=320685, si_uid=1000, si_status=SIGKILL, si_utime=0, si_stime=1 /* 0.01 s */} ---
320683 +++ killed by SIGKILL +++
320681 --- SIGCHLD {si_signo=SIGCHLD, si_code=CLD_KILLED, si_pid=320683, si_uid=1000, si_status=SIGKILL, si_utime=0, si_stime=0} ---
320677 +++ exited with 0 +++
320671 +++ exited with 0 +++
320702 +++ killed by SIGKILL +++
320701 --- SIGCHLD {si_signo=SIGCHLD, si_code=CLD_KILLED, si_pid=320702, si_uid=1000, si_status=SIGKILL, si_utime=0, si_stime=1 /* 0.01 s */} ---
320701 +++ killed by SIGKILL +++
320669 --- SIGCHLD {si_signo=SIGCHLD, si_code=CLD_KILLED, si_pid=320701, si_uid=1000, si_status=SIGKILL, si_utime=0, si_stime=1 /* 0.01 s */} ---
320681 +++ exited with 0 +++
320672 +++ exited with 0 +++
320669 +++ exited with 0 +++
