320924 +++ exited with 0 +++
320941 +++ exited with 0 +++
320939 +++ killed by SIGKILL +++
320937 --- SIGCHLD {si_signo=SIGCHLD, si_code=CLD_KILLED, si_pid=320939, si_uid=1000, si_status=SIGKILL, si_utime=0, si_stime=0} ---
320945 +++ exited with 0 +++
320938 --- SIGCHLD {si_signo=SIGCHLD, si_code=CLD_EXITED, si_pid=320945, si_uid=1000, si_status=0, si_utime=0, si_stime=0} ---
320942 +++ exited with 0 +++
320940 --- SIGCHLD {si_signo=SIGCHLD, si_code=CLD_EXITED, si_pid=320942, si_uid=1000, si_status=0, si_utime=0, si_stime=0} ---
320946 +++ exited with 0 +++
320938 +++ exited with 0 +++
320936 --- SIGCHLD {si_signo=SIGCHLD, si_code=CLD_EXITED, si_pid=320938, si_uid=1000, si_status=0, si_utime=0, si_stime=1 /* 0.01 s */} ---
320943 +++ exited with 0 +++
320949 +++ exited with 0 +++
320947 --- SIGCHLD {si_signo=SIGCHLD, si_code=CLD_EXITED, si_pid=320949, si_uid=1000, si_status=0, si_utime=0, si_stime=0} ---
320947 --- SIGTERM {si_signo=SIGTERM, si_code=SI_USER, si_pid=320944, si_uid=1000} ---
320947 +++ killed by SIGTERM +++
320944 --- SIGCHLD {si_signo=SIGCHLD, si_code=CLD_KILLED, si_pid=320947, si_uid=1000, si_status=SIGTERM, si_utime=0, si_stime=0} ---
320948 +++ exited with 0 +++
320950 +++ exited with 0 +++
320944 --- SIGCHLD {si_signo=SIGCHLD, si_code=CLD_EXITED, si_pid=320950, si_uid=1000, si_status=0, si_utime=0, si_stime=0} ---
320928 +++ exited with 0 +++
320937 +++ killed by SIGKILL +++
320930 --- SIGCHLD {si_signo=SIGCHLD, si_code=CLD_KILLED, si_pid=320937, si_uid=1000, si_status=SIGKILL, si_utime=0, si_stime=1 /* 0.01 s */} ---
320933 +++ exited with 0 +++
320953 +++ exited with 3 +++
320952 --- SIGCHLD {si_signo=SIGCHLD, si_code=CLD_EXITED, si_pid=320953, si_uid=1000, si_status=3, si_utime=0, si_stime=0} ---
320954 +++ exited with 0 +++
320930 +++ killed by SIGKILL +++
320919 --- SIGCHLD {si_signo=SIGCHLD, si_code=CLD_KILLED, si_pid=320930, si_uid=1000, si_status=SIGKILL, si_utime=0, si_stime=1 /* 0.01 s */} ---
320925 +++ exited with 0 +++
320920 +++ exited with 0 +++
320940 +++ killed by SIGKILL +++
320932 --- SIGCHLD {si_signo=SIGCHLD, si_code=CLD_KILLED, si_pid=320940, si_uid=1000, si_status=SIGKILL, si_utime=0, si_stime=1 /* 0.01 s */} ---
320926 +++ exited with 0 +++
320936 +++ killed by SIGKILL +++
320931 --- SIGCHLD {si_signo=SIGCHLD, si_code=CLD_KILLED, si_pid=320936, si_uid=1000, si_status=SIGKILL, si_utime=0, si_stime=1 /* 0.01 s */} ---
320944 +++ killed by SIGKILL +++
320935 --- SIGCHLD {si_signo=SIGCHLD, si_code=CLD_KILLED, si_pid=320944, si_uid=1000, si_status=SIGKILL, si_utime=0, si_stime=1 /* 0.01 s */} ---
320932 +++ killed by SIGKILL +++
320919 --- SIGCHLD {si_signo=SIGCHLD, si_code=CLD_KILLED, si_pid=320932, si_uid=1000, si_status=SIGKILL, si_utime=0, si_stime=1 /* 0.01 s */} ---
320931 +++ killed by SIGKILL +++
320929 --- SIGCHLD {si_signo=SIGCHLD, si_code=CLD_KILLED, si_pid=320931, si_uid=1000, si_status=SIGKILL, si_utime=0, si_stime=0} ---
320929 +++ exited with 0 +++
320935 +++ killed by SIGKILL +++
320923 +++ exited with 0 +++
320919 --- SIGCHLD {si_signo=SIGCHLD, si_code=CLD_KILLED, si_pid=320935, si_uid=1000, si_status=SIGKILL, si_utime=0, si_stime=1 /* 0.01 s */} ---
320934 +++ exited with 0 +++
320952 +++ killed by SIGKILL +++
320951 --- SIGCHLD {si_signo=SIGCHLD, si_code=CLD_KILLED, si_pid=320952, si_uid=1000, si_status=SIGKILL, si_utime=0, si_stime=1 /* 0.01 s */} ---
320921 +++ exited with 0 +++
320951 +++ killed by SIGKILL +++
320927 --- SIGCHLD {si_signo=SIGCHLD, si_code=CLD_KILLED, si_pid=320951, si_uid=1000, si_status=SIGKILL, si_utime=0, si_stime=1 /* 0.01 s */} ---
320927 +++ exited with 0 +++
320922 +++ exited with 0 +++
320919 +++ exited with 0 +++
