321094 +++ exited with 0 +++
321090 --- SIGCHLD {si_signo=SIGCHLD, si_code=CLD_EXITED, si_pid=321094, si_uid=1000, si_status=0, si_utime=0, si_stime=0} ---
321096 +++ exited with 0 +++
321103 +++ exited with 0 +++
321098 --- SIGCHLD {si_signo=SIGCHLD, si_code=CLD_EXITED, si_pid=321103, si_uid=1000, si_status=0, si_utime=0, si_stime=0} ---
321085 +++ exited with 0 +++
321106 +++ exited with 0 +++
321105 +++ exited with 0 +++
321099 --- SIGCHLD {si_signo=SIGCHLD, si_code=CLD_EXITED, si_pid=321105, si_uid=1000, si_status=0, si_utime=0, si_stime=0} ---
321101 +++ killed by SIGKILL +++
321100 --- SIGCHLD {si_signo=SIGCHLD, si_code=CLD_KILLED, si_pid=321101, si_uid=1000, si_status=SIGKILL, si_utime=0, si_stime=0} ---
321098 --- SIGTERM {si_signo=SIGTERM, si_code=SI_USER, si_pid=321095, si_uid=1000} ---
321098 +++ killed by SIGTERM +++
321095 --- SIGCHLD {si_signo=SIGCHLD, si_code=CLD_KILLED, si_pid=321098, si_uid=1000, si_status=SIGTERM, si_utime=0, si_stime=0} ---
321102 +++ exited with 0 +++
321099 +++ exited with 0 +++
321097 --- SIGCHLD {si_signo=SIGCHLD, si_code=CLD_EXITED, si_pid=321099, si_uid=1000, si_status=0, si_utime=0, si_stime=0} ---
321104 +++ exited with 0 +++
321107 +++ exited with 0 +++
321095 --- SIGCHLD {si_signo=SIGCHLD, si_code=CLD_EXITED, si_pid=321107, si_uid=1000, si_status=0, si_utime=0, si_stime=0} ---
321081 +++ exited with 0 +++
321083 +++ exited with 0 +++
321100 +++ killed by SIGKILL +++
321092 --- SIGCHLD {si_signo=SIGCHLD, si_code=CLD_KILLED, si_pid=321100, si_uid=1000, si_status=SIGKILL, si_utime=0, si_stime=2 /* 0.02 s */} ---
321110 +++ exited with 3 +++
321109 --- SIGCHLD {si_signo=SIGCHLD, si_code=CLD_EXITED, si_pid=321110, si_uid=1000, si_status=3, si_utime=0, si_stime=0} ---
321090 +++ killed by SIGKILL +++
321087 --- SIGCHLD {si_signo=SIGCHLD, si_code=CLD_KILLED, si_pid=321090, si_uid=1000, si_status=SIGKILL, si_utime=0, si_stime=1 /* 0.01 s */} ---
321111 +++ exited with 0 +++
321092 +++ killed by SIGKILL +++
321097 +++ killed by SIGKILL +++
321086 --- SIGCHLD {si_signo=SIGCHLD, si_code=CLD_KILLED, si_pid=321092, si_uid=1000, si_status=SIGKILL, si_utime=0, si_stime=0} ---
321093 --- SIGCHLD {si_signo=SIGCHLD, si_code=CLD_KILLED, si_pid=321097, si_uid=1000, si_status=SIGKILL, si_utime=0, si_stime=2 /* 0.02 s */} ---
321086 +++ exited with 0 +++
321095 +++ killed by SIGKILL +++
321091 --- SIGCHLD {si_signo=SIGCHLD, si_code=CLD_KILLED, si_pid=321095, si_uid=1000, si_status=SIGKILL, si_utime=0, si_stime=2 /* 0.02 s */} ---
321077 +++ exited with 0 +++
321088 +++ exited with 0 +++
321087 +++ killed by SIGKILL +++
321076 --- SIGCHLD {si_signo=SIGCHLD, si_code=CLD_KILLED, si_pid=321087, si_uid=1000, si_status=SIGKILL, si_utime=0, si_stime=0} ---
321082 +++ exited with 0 +++
321080 +++ exited with 0 +++
321093 +++ killed by SIGKILL +++
321089 --- SIGCHLD {si_signo=SIGCHLD, si_code=CLD_KILLED, si_pid=321093, si_uid=1000, si_status=SIGKILL, si_utime=0, si_stime=1 /* 0.01 s */} ---
321091 +++ killed by SIGKILL +++
321076 --- SIGCHLD {si_signo=SIGCHLD, si_code=CLD_KILLED, si_pid=321091, si_uid=1000, si_status=SIGKILL, si_utime=0, si_stime=1 /* 0.01 s */} ---
321084 +++ exited with 0 +++
321078 +++ exited with 0 +++
321109 +++ killed by SIGKILL +++
321108 --- SIGCHLD {si_signo=SIGCHLD, si_code=CLD_KILLED, si_pid=321109, si_uid=1000, si_status=SIGKILL, si_utime=0, si_stime=2 /* 0.02 s */} ---
321108 +++ killed by SIGKILL +++
321089 --- SIGCHLD {si_signo=SIGCHLD, si_code=CLD_KILLED, si_pid=321108, si_uid=1000, si_status=SIGKILL, si_utime=0, si_stime=1 /* 0.01 s */} ---
321089 +++ exited with 0 +++
321079 +++ exited with 0 +++
321076 +++ exited with 0 +++
