321137 +++ exited with 0 +++
321132 --- SIGCHLD {si_signo=SIGCHLD, si_code=CLD_EXITED, si_pid=321137, si_uid=1000, si_status=0, si_utime=0, si_stime=0} ---
321120 +++ exited with 0 +++
321143 +++ exited with 0 +++
321138 +++ killed by SIGKILL +++
321134 --- SIGCHLD {si_signo=SIGCHLD, si_code=CLD_KILLED, si_pid=321138, si_uid=1000, si_status=SIGKILL, si_utime=0, si_stime=0} ---
321141 +++ exited with 0 +++
321142 +++ exited with 0 +++
321136 --- SIGCHLD {si_signo=SIGCHLD, si_code=CLD_EXITED, si_pid=321142, si_uid=1000, si_status=0, si_utime=0, si_stime=0} ---
321145 +++ exited with 0 +++
321139 --- SIGCHLD {si_signo=SIGCHLD, si_code=CLD_EXITED, si_pid=321145, si_uid=1000, si_status=0, si_utime=0, si_stime=0} ---
321139 --- SIGTERM {si_signo=SIGTERM, si_code=SI_USER, si_pid=321135, si_uid=1000} ---
321139 +++ killed by SIGTERM +++
321135 --- SIGCHLD {si_signo=SIGCHLD, si_code=CLD_KILLED, si_pid=321139, si_uid=1000, si_status=SIGTERM, si_utime=0, si_stime=0} ---
321122 +++ exited with 0 +++
321144 +++ exited with 0 +++
321146 +++ exited with 0 +++
321135 --- SIGCHLD {si_signo=SIGCHLD, si_code=CLD_EXITED, si_pid=321146, si_uid=1000, si_status=0, si_utime=0, si_stime=0} ---
321136 +++ exited with 0 +++
321133 --- SIGCHLD {si_signo=SIGCHLD, si_code=CLD_EXITED, si_pid=321136, si_uid=1000, si_status=0, si_utime=0, si_stime=0} ---
321140 +++ exited with 0 +++
321121 +++ exited with 0 +++
321134 +++ killed by SIGKILL +++
321130 --- SIGCHLD {si_signo=SIGCHLD, si_code=CLD_KILLED, si_pid=321134, si_uid=1000, si_status=SIGKILL, si_utime=0, si_stime=0} ---
321132 +++ killed by SIGKILL +++
321128 --- SIGCHLD {si_signo=SIGCHLD, si_code=CLD_KILLED, si_pid=321132, si_uid=1000, si_status=SIGKILL, si_utime=0, si_stime=0} ---
321130 +++ killed by SIGKILL +++
321126 --- SIGCHLD {si_signo=SIGCHLD, si_code=CLD_KILLED, si_pid=321130, si_uid=1000, si_status=SIGKILL, si_utime=0, si_stime=1 /* 0.01 s */} ---
321123 +++ exited with 0 +++
321149 +++ exited with 3 +++
321148 --- SIGCHLD {si_signo=SIGCHLD, si_code=CLD_EXITED, si_pid=321149, si_uid=1000, si_status=3, si_utime=0, si_stime=0} ---
321116 +++ exited with 0 +++
321150 +++ exited with 0 +++
321135 +++ killed by SIGKILL +++
321131 --- SIGCHLD {si_signo=SIGCHLD, si_code=CLD_KILLED, si_pid=321135, si_uid=1000, si_status=SIGKILL, si_utime=0, si_stime=1 /* 0.01 s */} ---
321133 +++ killed by SIGKILL +++
321129 --- SIGCHLD {si_signo=SIGCHLD, si_code=CLD_KILLED, si_pid=321133, si_uid=1000, si_status=SIGKILL, si_utime=0, si_stime=0} ---
321128 +++ killed by SIGKILL +++
321115 --- SIGCHLD {si_signo=SIGCHLD, si_code=CLD_KILLED, si_pid=321128, si_uid=1000, si_status=SIGKILL, si_utime=0, si_stime=0} ---
321126 +++ exited with 0 +++
321125 +++ exited with 0 +++
321119 +++ exited with 0 +++
321131 +++ killed by SIGKILL +++
321115 --- SIGCHLD {si_signo=SIGCHLD, si_code=CLD_KILLED, si_pid=321131, si_uid=1000, si_status=SIGKILL, si_utime=0, si_stime=0} ---
321124 +++ exited with 0 +++
321117 +++ exited with 0 +++
321129 +++ killed by SIGKILL +++
321115 --- SIGCHLD {si_signo=SIGCHLD, si_code=CLD_KILLED, si_pid=321129, si_uid=1000, si_status=SIGKILL, si_utime=0, si_stime=0} ---
321148 +++ killed by SIGKILL +++
321147 --- SIGCHLD {si_signo=SIGCHLD, si_code=CLD_KILLED, si_pid=321148, si_uid=1000, si_status=SIGKILL, si_utime=0, si_stime=1 /* 0.01 s */} ---
321147 +++ killed by SIGKILL +++
321115 --- SIGCHLD {si_signo=SIGCHLD, si_code=CLD_KILLED, si_pid=321147, si_uid=1000, si_status=SIGKILL, si_utime=0, si_stime=1 /* 0.01 s */} ---
321127 +++ exited with 0 +++
321118 +++ exited with 0 +++
321115 +++ exited with 0 +++
