312693 +++ exited with 0 +++
312691 --- SIGCHLD {si_signo=SIGCHLD, si_code=CLD_EXITED, si_pid=312693, si_uid=1000, si_status=0, si_utime=0, si_stime=0} ---
312698 +++ exited with 0 +++
312682 +++ exited with 0 +++
312699 +++ killed by SIGKILL +++
312695 --- SIGCHLD {si_signo=SIGCHLD, si_code=CLD_KILLED, si_pid=312699, si_uid=1000, si_status=SIGKILL, si_utime=0, si_stime=0} ---
312700 +++ exited with 0 +++
312683 +++ exited with 0 +++
312708 +++ exited with 0 +++
312705 --- SIGCHLD {si_signo=SIGCHLD, si_code=CLD_EXITED, si_pid=312708, si_uid=1000, si_status=0, si_utime=0, si_stime=0} ---
312709 +++ exited with 0 +++
312702 --- SIGCHLD {si_signo=SIGCHLD, si_code=CLD_EXITED, si_pid=312709, si_uid=1000, si_status=0, si_utime=0, si_stime=0} ---
312705 --- SIGTERM {si_signo=SIGTERM, si_code=SI_USER, si_pid=312703, si_uid=1000} ---
312705 +++ killed by SIGTERM +++
312703 --- SIGCHLD {si_signo=SIGCHLD, si_code=CLD_KILLED, si_pid=312705, si_uid=1000, si_status=SIGTERM, si_utime=0, si_stime=0} ---
312707 +++ exited with 0 +++
312702 +++ exited with 0 +++
312701 --- SIGCHLD {si_signo=SIGCHLD, si_code=CLD_EXITED, si_pid=312702, si_uid=1000, si_status=0, si_utime=0, si_stime=0} ---
312710 +++ exited with 0 +++
312706 +++ exited with 0 +++
312703 --- SIGCHLD {si_signo=SIGCHLD, si_code=CLD_EXITED, si_pid=312710, si_uid=1000, si_status=0, si_utime=0, si_stime=0} ---
312695 +++ killed by SIGKILL +++
312687 --- SIGCHLD {si_signo=SIGCHLD, si_code=CLD_KILLED, si_pid=312695, si_uid=1000, si_status=SIGKILL, si_utime=0, si_stime=0} ---
312689 +++ exited with 0 +++
312691 +++ killed by SIGKILL +++
312686 --- SIGCHLD {si_signo=SIGCHLD, si_code=CLD_KILLED, si_pid=312691, si_uid=1000, si_status=SIGKILL, si_utime=0, si_stime=1 /* 0.01 s */} ---
312687 +++ killed by SIGKILL +++
312677 --- SIGCHLD {si_signo=SIGCHLD, si_code=CLD_KILLED, si_pid=312687, si_uid=1000, si_status=SIGKILL, si_utime=0, si_stime=0} ---
312685 +++ exited with 0 +++
312678 +++ exited with 0 +++
312714 +++ exited with 3 +++
312713 --- SIGCHLD {si_signo=SIGCHLD, si_code=CLD_EXITED, si_pid=312714, si_uid=1000, si_status=3, si_utime=0, si_stime=0} ---
312715 +++ exited with 0 +++
312703 +++ killed by SIGKILL +++
312694 --- SIGCHLD {si_signo=SIGCHLD, si_code=CLD_KILLED, si_pid=312703, si_uid=1000, si_status=SIGKILL, si_utime=0, si_stime=1 /* 0.01 s */} ---
312701 +++ killed by SIGKILL +++
312697 --- SIGCHLD {si_signo=SIGCHLD, si_code=CLD_KILLED, si_pid=312701, si_uid=1000, si_status=SIGKILL, si_utime=0, si_stime=1 /* 0.01 s */} ---
312688 +++ exited with 0 +++
312686 +++ killed by SIGKILL +++
312677 --- SIGCHLD {si_signo=SIGCHLD, si_code=CLD_KILLED, si_pid=312686, si_uid=1000, si_status=SIGKILL, si_utime=0, si_stime=1 /* 0.01 s */} ---
312684 +++ exited with 0 +++
312681 +++ exited with 0 +++
312694 +++ killed by SIGKILL +++
312677 --- SIGCHLD {si_signo=SIGCHLD, si_code=CLD_KILLED, si_pid=312694, si_uid=1000, si_status=SIGKILL, si_utime=0, si_stime=1 /* 0.01 s */} ---
312697 +++ killed by SIGKILL +++
312692 --- SIGCHLD {si_signo=SIGCHLD, si_code=CLD_KILLED, si_pid=312697, si_uid=1000, si_status=SIGKILL, si_utime=0, si_stime=1 /* 0.01 s */} ---
312692 +++ exited with 0 +++
312679 +++ exited with 0 +++
312713 +++ killed by SIGKILL +++
312712 --- SIGCHLD {si_signo=SIGCHLD, si_code=CLD_KILLED, si_pid=312713, si_uid=1000, si_status=SIGKILL, si_utime=0, si_stime=1 /* 0.01 s */} ---
312712 +++ killed by SIGKILL +++
312690 --- SIGCHLD {si_signo=SIGCHLD, si_code=CLD_KILLED, si_pid=312712, si_uid=1000, si_status=SIGKILL, si_utime=0, si_stime=1 /* 0.01 s */} ---
312690 +++ exited with 0 +++
312680 +++ exited with 0 +++
312677 +++ exited with 0 +++
