313588 +++ exited with 0 +++
313609 +++ exited with 0 +++
313604 +++ killed by SIGKILL +++
313600 --- SIGCHLD {si_signo=SIGCHLD, si_code=CLD_KILLED, si_pid=313604, si_uid=1000, si_status=SIGKILL, si_utime=0, si_stime=0} ---
313603 +++ exited with 0 +++
313601 --- SIGCHLD {si_signo=SIGCHLD, si_code=CLD_EXITED, si_pid=313603, si_uid=1000, si_status=0, si_utime=0, si_stime=0} ---
313610 +++ exited with 0 +++
313612 +++ exited with 0 +++
313606 --- SIGCHLD {si_signo=SIGCHLD, si_code=CLD_EXITED, si_pid=313612, si_uid=1000, si_status=0, si_utime=0, si_stime=0} ---
313613 +++ exited with 0 +++
313607 --- SIGCHLD {si_signo=SIGCHLD, si_code=CLD_EXITED, si_pid=313613, si_uid=1000, si_status=0, si_utime=0, si_stime=0} ---
313606 --- SIGTERM {si_signo=SIGTERM, si_code=SI_USER, si_pid=313602, si_uid=1000} ---
313606 +++ killed by SIGTERM +++
313602 --- SIGCHLD {si_signo=SIGCHLD, si_code=CLD_KILLED, si_pid=313606, si_uid=1000, si_status=SIGTERM, si_utime=0, si_stime=0} ---
313608 +++ exited with 0 +++
313607 +++ exited with 0 +++
313605 --- SIGCHLD {si_signo=SIGCHLD, si_code=CLD_EXITED, si_pid=313607, si_uid=1000, si_status=0, si_utime=0, si_stime=0} ---
313614 +++ exited with 0 +++
313602 --- SIGCHLD {si_signo=SIGCHLD, si_code=CLD_EXITED, si_pid=313614, si_uid=1000, si_status=0, si_utime=0, si_stime=0} ---
313611 +++ exited with 0 +++
313591 +++ exited with 0 +++
313589 +++ exited with 0 +++
313600 +++ killed by SIGKILL +++
313596 --- SIGCHLD {si_signo=SIGCHLD, si_code=CLD_KILLED, si_pid=313600, si_uid=1000, si_status=SIGKILL, si_utime=0, si_stime=0} ---
313601 +++ killed by SIGKILL +++
313598 --- SIGCHLD {si_signo=SIGCHLD, si_code=CLD_KILLED, si_pid=313601, si_uid=1000, si_status=SIGKILL, si_utime=0, si_stime=0} ---
313617 +++ exited with 3 +++
313616 --- SIGCHLD {si_signo=SIGCHLD, si_code=CLD_EXITED, si_pid=313617, si_uid=1000, si_status=3, si_utime=0, si_stime=0} ---
313618 +++ exited with 0 +++
313605 +++ killed by SIGKILL +++
313599 --- SIGCHLD {si_signo=SIGCHLD, si_code=CLD_KILLED, si_pid=313605, si_uid=1000, si_status=SIGKILL, si_utime=0, si_stime=1 /* 0.01 s */} ---
313602 +++ killed by SIGKILL +++
313597 --- SIGCHLD {si_signo=SIGCHLD, si_code=CLD_KILLED, si_pid=313602, si_uid=1000, si_status=SIGKILL, si_utime=0, si_stime=0} ---
313596 +++ killed by SIGKILL +++
313583 --- SIGCHLD {si_signo=SIGCHLD, si_code=CLD_KILLED, si_pid=313596, si_uid=1000, si_status=SIGKILL, si_utime=0, si_stime=1 /* 0.01 s */} ---
313590 +++ exited with 0 +++
313584 +++ exited with 0 +++
313594 +++ exited with 0 +++
313598 +++ killed by SIGKILL +++
313593 --- SIGCHLD {si_signo=SIGCHLD, si_code=CLD_KILLED, si_pid=313598, si_uid=1000, si_status=SIGKILL, si_utime=0, si_stime=0} ---
313593 +++ exited with 0 +++
313599 +++ killed by SIGKILL +++
313592 --- SIGCHLD {si_signo=SIGCHLD, si_code=CLD_KILLED, si_pid=313599, si_uid=1000, si_status=SIGKILL, si_utime=0, si_stime=0} ---
313587 +++ exited with 0 +++
313597 +++ killed by SIGKILL +++
313592 --- SIGCHLD {si_signo=SIGCHLD, si_code=CLD_KILLED, si_pid=313597, si_uid=1000, si_status=SIGKILL, si_utime=0, si_stime=1 /* 0.01 s */} ---
313592 +++ exited with 0 +++
313585 +++ exited with 0 +++
313616 +++ killed by SIGKILL +++
313615 --- SIGCHLD {si_signo=SIGCHLD, si_code=CLD_KILLED, si_pid=313616, si_uid=1000, si_status=SIGKILL, si_utime=0, si_stime=1 /* 0.01 s */} ---
313615 +++ killed by SIGKILL +++
313583 --- SIGCHLD {si_signo=SIGCHLD, si_code=CLD_KILLED, si_pid=313615, si_uid=1000, si_status=SIGKILL, si_utime=0, si_stime=1 /* 0.01 s */} ---
313595 +++ exited with 0 +++
313586 +++ exited with 0 +++
313583 +++ exited with 0 +++
