313629 +++ exited with 0 +++
313648 +++ exited with 0 +++
313643 +++ killed by SIGKILL +++
313640 --- SIGCHLD {si_signo=SIGCHLD, si_code=CLD_KILLED, si_pid=313643, si_uid=1000, si_status=SIGKILL, si_utime=0, si_stime=0} ---
313647 +++ exited with 0 +++
313641 --- SIGCHLD {si_signo=SIGCHLD, si_code=CLD_EXITED, si_pid=313647, si_uid=1000, si_status=0, si_utime=0, si_stime=0} ---
313644 +++ exited with 0 +++
313642 --- SIGCHLD {si_signo=SIGCHLD, si_code=CLD_EXITED, si_pid=313644, si_uid=1000, si_status=0, si_utime=0, si_stime=0} ---
313649 +++ exited with 0 +++
313641 --- SIGTERM {si_signo=SIGTERM, si_code=SI_USER, si_pid=313639, si_uid=1000} ---
313641 +++ killed by SIGTERM +++
313639 --- SIGCHLD {si_signo=SIGCHLD, si_code=CLD_KILLED, si_pid=313641, si_uid=1000, si_status=SIGTERM, si_utime=0, si_stime=0} ---
313651 +++ exited with 0 +++
313639 --- SIGCHLD {si_signo=SIGCHLD, si_code=CLD_EXITED, si_pid=313651, si_uid=1000, si_status=0, si_utime=0, si_stime=0} ---
313645 +++ exited with 0 +++
313653 +++ exited with 0 +++
313650 --- SIGCHLD {si_signo=SIGCHLD, si_code=CLD_EXITED, si_pid=313653, si_uid=1000, si_status=0, si_utime=0, si_stime=0} ---
313630 +++ exited with 0 +++
313650 +++ exited with 0 +++
313646 --- SIGCHLD {si_signo=SIGCHLD, si_code=CLD_EXITED, si_pid=313650, si_uid=1000, si_status=0, si_utime=0, si_stime=0} ---
313652 +++ exited with 0 +++
313627 +++ exited with 0 +++
313640 +++ killed by SIGKILL +++
313636 --- SIGCHLD {si_signo=SIGCHLD, si_code=CLD_KILLED, si_pid=313640, si_uid=1000, si_status=SIGKILL, si_utime=0, si_stime=0} ---
313636 +++ killed by SIGKILL +++
313631 --- SIGCHLD {si_signo=SIGCHLD, si_code=CLD_KILLED, si_pid=313636, si_uid=1000, si_status=SIGKILL, si_utime=0, si_stime=1 /* 0.01 s */} ---
313631 +++ exited with 0 +++
313656 +++ exited with 3 +++
313655 --- SIGCHLD {si_signo=SIGCHLD, si_code=CLD_EXITED, si_pid=313656, si_uid=1000, si_status=3, si_utime=0, si_stime=0} ---
313642 +++ killed by SIGKILL +++
313657 +++ exited with 0 +++
313637 --- SIGCHLD {si_signo=SIGCHLD, si_code=CLD_KILLED, si_pid=313642, si_uid=1000, si_status=SIGKILL, si_utime=0, si_stime=1 /* 0.01 s */} ---
313623 +++ exited with 0 +++
313639 +++ killed by SIGKILL +++
313635 --- SIGCHLD {si_signo=SIGCHLD, si_code=CLD_KILLED, si_pid=313639, si_uid=1000, si_status=SIGKILL, si_utime=0, si_stime=1 /* 0.01 s */} ---
313632 +++ exited with 0 +++
313646 +++ killed by SIGKILL +++
313638 --- SIGCHLD {si_signo=SIGCHLD, si_code=CLD_KILLED, si_pid=313646, si_uid=1000, si_status=SIGKILL, si_utime=0, si_stime=1 /* 0.01 s */} ---
313637 +++ killed by SIGKILL +++
313633 --- SIGCHLD {si_signo=SIGCHLD, si_code=CLD_KILLED, si_pid=313637, si_uid=1000, si_status=SIGKILL, si_utime=0, si_stime=1 /* 0.01 s */} ---
313633 +++ exited with 0 +++
313626 +++ exited with 0 +++
313635 +++ killed by SIGKILL +++
313628 --- SIGCHLD {si_signo=SIGCHLD, si_code=CLD_KILLED, si_pid=313635, si_uid=1000, si_status=SIGKILL, si_utime=0, si_stime=1 /* 0.01 s */} ---
313628 +++ exited with 0 +++
313624 +++ exited with 0 +++
313638 +++ killed by SIGKILL +++
313634 --- SIGCHLD {si_signo=SIGCHLD, si_code=CLD_KILLED, si_pid=313638, si_uid=1000, si_status=SIGKILL, si_utime=0, si_stime=0} ---
313655 +++ killed by SIGKILL +++
313654 --- SIGCHLD {si_signo=SIGCHLD, si_code=CLD_KILLED, si_pid=313655, si_uid=1000, si_status=SIGKILL, si_utime=0, si_stime=1 /* 0.01 s */} ---
313654 +++ killed by SIGKILL +++
313622 --- SIGCHLD {si_signo=SIGCHLD, si_code=CLD_KILLED, si_pid=313654, si_uid=1000, si_status=SIGKILL, si_utime=0, si_stime=1 /* 0.01 s */} ---
313634 +++ exited with 0 +++
313625 +++ exited with 0 +++
313622 +++ exited with 0 +++
