313807 +++ exited with 0 +++
313785 +++ exited with 0 +++
313801 +++ killed by SIGKILL +++
313799 --- SIGCHLD {si_signo=SIGCHLD, si_code=CLD_KILLED, si_pid=313801, si_uid=1000, si_status=SIGKILL, si_utime=0, si_stime=0} ---
313806 +++ exited with 0 +++
313798 --- SIGCHLD {si_signo=SIGCHLD, si_code=CLD_EXITED, si_pid=313806, si_uid=1000, si_status=0, si_utime=0, si_stime=0} ---
313805 +++ exited with 0 +++
313802 --- SIGCHLD {si_signo=SIGCHLD, si_code=CLD_EXITED, si_pid=313805, si_uid=1000, si_status=0, si_utime=0, si_stime=0} ---
313798 --- SIGTERM {si_signo=SIGTERM, si_code=SI_USER, si_pid=313797, si_uid=1000} ---
313798 +++ killed by SIGTERM +++
313808 +++ exited with 0 +++
313797 --- SIGCHLD {si_signo=SIGCHLD, si_code=CLD_KILLED, si_pid=313798, si_uid=1000, si_status=SIGTERM, si_utime=0, si_stime=0} ---
313804 +++ exited with 0 +++
313810 +++ exited with 0 +++
313797 --- SIGCHLD {si_signo=SIGCHLD, si_code=CLD_EXITED, si_pid=313810, si_uid=1000, si_status=0, si_utime=0, si_stime=0} ---
313811 +++ exited with 0 +++
313803 --- SIGCHLD {si_signo=SIGCHLD, si_code=CLD_EXITED, si_pid=313811, si_uid=1000, si_status=0, si_utime=0, si_stime=0} ---
313803 +++ exited with 0 +++
313800 --- SIGCHLD {si_signo=SIGCHLD, si_code=CLD_EXITED, si_pid=313803, si_uid=1000, si_status=0, si_utime=0, si_stime=0} ---
313809 +++ exited with 0 +++
313792 +++ exited with 0 +++
313786 +++ exited with 0 +++
313799 +++ killed by SIGKILL +++
313793 --- SIGCHLD {si_signo=SIGCHLD, si_code=CLD_KILLED, si_pid=313799, si_uid=1000, si_status=SIGKILL, si_utime=0, si_stime=0} ---
313802 +++ killed by SIGKILL +++
313796 --- SIGCHLD {si_signo=SIGCHLD, si_code=CLD_KILLED, si_pid=313802, si_uid=1000, si_status=SIGKILL, si_utime=0, si_stime=0} ---
313797 +++ killed by SIGKILL +++
313791 --- SIGCHLD {si_signo=SIGCHLD, si_code=CLD_KILLED, si_pid=313797, si_uid=1000, si_status=SIGKILL, si_utime=0, si_stime=0} ---
313793 +++ killed by SIGKILL +++
313815 --- SIGCHLD {si_signo=SIGCHLD, si_code=CLD_KILLED, si_pid=313793, si_uid=1000, si_status=SIGKILL, si_utime=0, si_stime=0} ---
313814 +++ exited with 3 +++
313813 --- SIGCHLD {si_signo=SIGCHLD, si_code=CLD_EXITED, si_pid=313814, si_uid=1000, si_status=3, si_utime=0, si_stime=0} ---
313787 +++ exited with 0 +++
313815 +++ exited with 0 +++
313781 +++ exited with 0 +++
313800 +++ killed by SIGKILL +++
313795 --- SIGCHLD {si_signo=SIGCHLD, si_code=CLD_KILLED, si_pid=313800, si_uid=1000, si_status=SIGKILL, si_utime=0, si_stime=1 /* 0.01 s */} ---
313788 +++ exited with 0 +++
313796 +++ killed by SIGKILL +++
313789 --- SIGCHLD {si_signo=SIGCHLD, si_code=CLD_KILLED, si_pid=313796, si_uid=1000, si_status=SIGKILL, si_utime=0, si_stime=1 /* 0.01 s */} ---
313794 +++ exited with 0 +++
313784 +++ exited with 0 +++
313791 +++ killed by SIGKILL +++
313790 --- SIGCHLD {si_signo=SIGCHLD, si_code=CLD_KILLED, si_pid=313791, si_uid=1000, si_status=SIGKILL, si_utime=0, si_stime=0} ---
313790 +++ exited with 0 +++
313782 +++ exited with 0 +++
313795 +++ killed by SIGKILL +++
313789 --- SIGCHLD {si_signo=SIGCHLD, si_code=CLD_KILLED, si_pid=313795, si_uid=1000, si_status=SIGKILL, si_utime=0, si_stime=1 /* 0.01 s */} ---
313813 +++ killed by SIGKILL +++
313812 --- SIGCHLD {si_signo=SIGCHLD, si_code=CLD_KILLED, si_pid=313813, si_uid=1000, si_status=SIGKILL, si_utime=0, si_stime=1 /* 0.01 s */} ---
313812 +++ killed by SIGKILL +++
313780 --- SIGCHLD {si_signo=SIGCHLD, si_code=CLD_KILLED, si_pid=313812, si_uid=1000, si_status=SIGKILL, si_utime=0, si_stime=1 /* 0.01 s */} ---
313789 +++ exited with 0 +++
313783 +++ exited with 0 +++
313780 +++ exited with 0 +++
