313826 +++ exited with 0 +++
313838 +++ exited with 0 +++
313837 +++ killed by SIGKILL +++
313833 --- SIGCHLD {si_signo=SIGCHLD, si_code=CLD_KILLED, si_pid=313837, si_uid=1000, si_status=SIGKILL, si_utime=0, si_stime=0} ---
313847 +++ exited with 0 +++
313841 --- SIGCHLD {si_signo=SIGCHLD, si_code=CLD_EXITED, si_pid=313847, si_uid=1000, si_status=0, si_utime=0, si_stime=0} ---
313844 +++ exited with 0 +++
313842 --- SIGCHLD {si_signo=SIGCHLD, si_code=CLD_EXITED, si_pid=313844, si_uid=1000, si_status=0, si_utime=0, si_stime=1 /* 0.01 s */} ---
313848 +++ exited with 0 +++
313841 --- SIGTERM {si_signo=SIGTERM, si_code=SI_USER, si_pid=313839, si_uid=1000} ---
313849 +++ exited with 0 +++
313843 --- SIGCHLD {si_signo=SIGCHLD, si_code=CLD_EXITED, si_pid=313849, si_uid=1000, si_status=0, si_utime=0, si_stime=0} ---
313841 +++ killed by SIGTERM +++
313839 --- SIGCHLD {si_signo=SIGCHLD, si_code=CLD_KILLED, si_pid=313841, si_uid=1000, si_status=SIGTERM, si_utime=0, si_stime=0} ---
313845 +++ exited with 0 +++
313850 +++ exited with 0 +++
313839 --- SIGCHLD {si_signo=SIGCHLD, si_code=CLD_EXITED, si_pid=313850, si_uid=1000, si_status=0, si_utime=0, si_stime=0} ---
313843 +++ exited with 0 +++
313840 --- SIGCHLD {si_signo=SIGCHLD, si_code=CLD_EXITED, si_pid=313843, si_uid=1000, si_status=0, si_utime=0, si_stime=1 /* 0.01 s */} ---
313846 +++ exited with 0 +++
313828 +++ exited with 0 +++
313833 +++ killed by SIGKILL +++
313832 --- SIGCHLD {si_signo=SIGCHLD, si_code=CLD_KILLED, si_pid=313833, si_uid=1000, si_status=SIGKILL, si_utime=0, si_stime=0} ---
313827 +++ exited with 0 +++
313853 +++ exited with 3 +++
313852 --- SIGCHLD {si_signo=SIGCHLD, si_code=CLD_EXITED, si_pid=313853, si_uid=1000, si_status=3, si_utime=0, si_stime=0} ---
313832 +++ killed by SIGKILL +++
313854 --- SIGCHLD {si_signo=SIGCHLD, si_code=CLD_KILLED, si_pid=313832, si_uid=1000, si_status=SIGKILL, si_utime=0, si_stime=0} ---
313854 +++ exited with 0 +++
313829 +++ exited with 0 +++
313820 +++ exited with 0 +++
313842 +++ killed by SIGKILL +++
313836 --- SIGCHLD {si_signo=SIGCHLD, si_code=CLD_KILLED, si_pid=313842, si_uid=1000, si_status=SIGKILL, si_utime=0, si_stime=1 /* 0.01 s */} ---
313824 +++ exited with 0 +++
313839 +++ killed by SIGKILL +++
313834 --- SIGCHLD {si_signo=SIGCHLD, si_code=CLD_KILLED, si_pid=313839, si_uid=1000, si_status=SIGKILL, si_utime=0, si_stime=0} ---
313840 +++ killed by SIGKILL +++
313835 --- SIGCHLD {si_signo=SIGCHLD, si_code=CLD_KILLED, si_pid=313840, si_uid=1000, si_status=SIGKILL, si_utime=0, si_stime=0} ---
313836 +++ killed by SIGKILL +++
313819 --- SIGCHLD {si_signo=SIGCHLD, si_code=CLD_KILLED, si_pid=313836, si_uid=1000, si_status=SIGKILL, si_utime=0, si_stime=1 /* 0.01 s */} ---
313831 +++ exited with 0 +++
313823 +++ exited with 0 +++
313835 +++ killed by SIGKILL +++
313830 --- SIGCHLD {si_signo=SIGCHLD, si_code=CLD_KILLED, si_pid=313835, si_uid=1000, si_status=SIGKILL, si_utime=0, si_stime=1 /* 0.01 s */} ---
313834 +++ killed by SIGKILL +++
313825 --- SIGCHLD {si_signo=SIGCHLD, si_code=CLD_KILLED, si_pid=313834, si_uid=1000, si_status=SIGKILL, si_utime=0, si_stime=1 /* 0.01 s */} ---
313830 +++ exited with 0 +++
313821 +++ exited with 0 +++
313852 +++ killed by SIGKILL +++
313851 --- SIGCHLD {si_signo=SIGCHLD, si_code=CLD_KILLED, si_pid=313852, si_uid=1000, si_status=SIGKILL, si_utime=0, si_stime=0} ---
313851 +++ killed by SIGKILL +++
313819 --- SIGCHLD {si_signo=SIGCHLD, si_code=CLD_KILLED, si_pid=313851, si_uid=1000, si_status=SIGKILL, si_utime=0, si_stime=0} ---
313825 +++ exited with 0 +++
313822 +++ exited with 0 +++
313819 +++ exited with 0 +++
