312731 +++ exited with 0 +++
312766 +++ exited with 0 +++
312758 +++ killed by SIGKILL +++
312754 --- SIGCHLD {si_signo=SIGCHLD, si_code=CLD_KILLED, si_pid=312758, si_uid=1000, si_status=SIGKILL, si_utime=0, si_stime=0} ---
312765 +++ exited with 0 +++
312755 --- SIGCHLD {si_signo=SIGCHLD, si_code=CLD_EXITED, si_pid=312765, si_uid=1000, si_status=0, si_utime=0, si_stime=0} ---
312755 +++ exited with 0 +++
312753 --- SIGCHLD {si_signo=SIGCHLD, si_code=CLD_EXITED, si_pid=312755, si_uid=1000, si_status=0, si_utime=0, si_stime=0} ---
312760 +++ exited with 0 +++
312757 --- SIGCHLD {si_signo=SIGCHLD, si_code=CLD_EXITED, si_pid=312760, si_uid=1000, si_status=0, si_utime=0, si_stime=0} ---
312764 +++ exited with 0 +++
312769 +++ exited with 0 +++
312759 --- SIGCHLD {si_signo=SIGCHLD, si_code=CLD_EXITED, si_pid=312769, si_uid=1000, si_status=0, si_utime=0, si_stime=0} ---
312770 +++ exited with 0 +++
312754 +++ killed by SIGKILL +++
312739 --- SIGCHLD {si_signo=SIGCHLD, si_code=CLD_KILLED, si_pid=312754, si_uid=1000, si_status=SIGKILL, si_utime=0, si_stime=0} ---
312759 --- SIGTERM {si_signo=SIGTERM, si_code=SI_USER, si_pid=312756, si_uid=1000} ---
312759 +++ killed by SIGTERM +++
312756 --- SIGCHLD {si_signo=SIGCHLD, si_code=CLD_KILLED, si_pid=312759, si_uid=1000, si_status=SIGTERM, si_utime=0, si_stime=0} ---
312768 +++ exited with 0 +++
312771 +++ exited with 0 +++
312756 --- SIGCHLD {si_signo=SIGCHLD, si_code=CLD_EXITED, si_pid=312771, si_uid=1000, si_status=0, si_utime=0, si_stime=0} ---
312739 +++ killed by SIGKILL +++
312735 --- SIGCHLD {si_signo=SIGCHLD, si_code=CLD_KILLED, si_pid=312739, si_uid=1000, si_status=SIGKILL, si_utime=0, si_stime=0} ---
312746 +++ exited with 0 +++
312732 +++ exited with 0 +++
312720 +++ exited with 0 +++
312736 +++ exited with 0 +++
312775 +++ exited with 3 +++
312774 --- SIGCHLD {si_signo=SIGCHLD, si_code=CLD_EXITED, si_pid=312775, si_uid=1000, si_status=3, si_utime=0, si_stime=0} ---
312776 +++ exited with 0 +++
312753 +++ killed by SIGKILL +++
312740 --- SIGCHLD {si_signo=SIGCHLD, si_code=CLD_KILLED, si_pid=312753, si_uid=1000, si_status=SIGKILL, si_utime=0, si_stime=0} ---
312740 +++ killed by SIGKILL +++
312735 --- SIGCHLD {si_signo=SIGCHLD, si_code=CLD_KILLED, si_pid=312740, si_uid=1000, si_status=SIGKILL, si_utime=0, si_stime=0} ---
312733 +++ exited with 0 +++
312757 +++ killed by SIGKILL +++
312752 --- SIGCHLD {si_signo=SIGCHLD, si_code=CLD_KILLED, si_pid=312757, si_uid=1000, si_status=SIGKILL, si_utime=0, si_stime=1 /* 0.01 s */} ---
312756 +++ killed by SIGKILL +++
312749 --- SIGCHLD {si_signo=SIGCHLD, si_code=CLD_KILLED, si_pid=312756, si_uid=1000, si_status=SIGKILL, si_utime=0, si_stime=1 /* 0.01 s */} ---
312774 +++ killed by SIGKILL +++
312773 --- SIGCHLD {si_signo=SIGCHLD, si_code=CLD_KILLED, si_pid=312774, si_uid=1000, si_status=SIGKILL, si_utime=0, si_stime=1 /* 0.01 s */} ---
312752 +++ killed by SIGKILL +++
312747 --- SIGCHLD {si_signo=SIGCHLD, si_code=CLD_KILLED, si_pid=312752, si_uid=1000, si_status=SIGKILL, si_utime=0, si_stime=0} ---
312747 +++ exited with 0 +++
312725 +++ exited with 0 +++
312749 +++ killed by SIGKILL +++
312719 --- SIGCHLD {si_signo=SIGCHLD, si_code=CLD_KILLED, si_pid=312749, si_uid=1000, si_status=SIGKILL, si_utime=0, si_stime=1 /* 0.01 s */} ---
312743 +++ exited with 0 +++
312722 +++ exited with 0 +++
312773 +++ killed by SIGKILL +++
312719 --- SIGCHLD {si_signo=SIGCHLD, si_code=CLD_KILLED, si_pid=312773, si_uid=1000, si_status=SIGKILL, si_utime=0, si_stime=1 /* 0.01 s */} ---
312735 +++ exited with 0 +++
312724 +++ exited with 0 +++
312719 +++ exited with 0 +++
