313989 +++ exited with 0 +++
314009 +++ exited with 0 +++
314004 +++ killed by SIGKILL +++
314002 --- SIGCHLD {si_signo=SIGCHLD, si_code=CLD_KILLED, si_pid=314004, si_uid=1000, si_status=SIGKILL, si_utime=0, si_stime=0} ---
314006 +++ exited with 0 +++
314003 --- SIGCHLD {si_signo=SIGCHLD, si_code=CLD_EXITED, si_pid=314006, si_uid=1000, si_status=0, si_utime=0, si_stime=0} ---
314012 +++ exited with 0 +++
314007 --- SIGCHLD {si_signo=SIGCHLD, si_code=CLD_EXITED, si_pid=314012, si_uid=1000, si_status=0, si_utime=0, si_stime=0} ---
314011 +++ exited with 0 +++
314014 +++ exited with 0 +++
314008 --- SIGCHLD {si_signo=SIGCHLD, si_code=CLD_EXITED, si_pid=314014, si_uid=1000, si_status=0, si_utime=0, si_stime=0} ---
314007 +++ exited with 0 +++
314001 --- SIGCHLD {si_signo=SIGCHLD, si_code=CLD_EXITED, si_pid=314007, si_uid=1000, si_status=0, si_utime=0, si_stime=0} ---
314013 +++ exited with 0 +++
314008 --- SIGTERM {si_signo=SIGTERM, si_code=SI_USER, si_pid=314005, si_uid=1000} ---
314008 +++ killed by SIGTERM +++
314005 --- SIGCHLD {si_signo=SIGCHLD, si_code=CLD_KILLED, si_pid=314008, si_uid=1000, si_status=SIGTERM, si_utime=0, si_stime=0} ---
314010 +++ exited with 0 +++
314015 +++ exited with 0 +++
314005 --- SIGCHLD {si_signo=SIGCHLD, si_code=CLD_EXITED, si_pid=314015, si_uid=1000, si_status=0, si_utime=0, si_stime=0} ---
313994 +++ exited with 0 +++
313991 +++ exited with 0 +++
314002 +++ killed by SIGKILL +++
313997 --- SIGCHLD {si_signo=SIGCHLD, si_code=CLD_KILLED, si_pid=314002, si_uid=1000, si_status=SIGKILL, si_utime=0, si_stime=0} ---
314018 +++ exited with 3 +++
314017 --- SIGCHLD {si_signo=SIGCHLD, si_code=CLD_EXITED, si_pid=314018, si_uid=1000, si_status=3, si_utime=0, si_stime=0} ---
314019 +++ exited with 0 +++
313997 +++ killed by SIGKILL +++
313993 --- SIGCHLD {si_signo=SIGCHLD, si_code=CLD_KILLED, si_pid=313997, si_uid=1000, si_status=SIGKILL, si_utime=0, si_stime=1 /* 0.01 s */} ---
314003 +++ killed by SIGKILL +++
313999 --- SIGCHLD {si_signo=SIGCHLD, si_code=CLD_KILLED, si_pid=314003, si_uid=1000, si_status=SIGKILL, si_utime=0, si_stime=1 /* 0.01 s */} ---
314005 +++ killed by SIGKILL +++
314000 --- SIGCHLD {si_signo=SIGCHLD, si_code=CLD_KILLED, si_pid=314005, si_uid=1000, si_status=SIGKILL, si_utime=0, si_stime=1 /* 0.01 s */} ---
313993 +++ exited with 0 +++
313985 +++ exited with 0 +++
314001 +++ killed by SIGKILL +++
313998 --- SIGCHLD {si_signo=SIGCHLD, si_code=CLD_KILLED, si_pid=314001, si_uid=1000, si_status=SIGKILL, si_utime=0, si_stime=1 /* 0.01 s */} ---
313990 +++ exited with 0 +++
314000 +++ killed by SIGKILL +++
313984 --- SIGCHLD {si_signo=SIGCHLD, si_code=CLD_KILLED, si_pid=314000, si_uid=1000, si_status=SIGKILL, si_utime=0, si_stime=0} ---
313999 +++ killed by SIGKILL +++
313984 --- SIGCHLD {si_signo=SIGCHLD, si_code=CLD_KILLED, si_pid=313999, si_uid=1000, si_status=SIGKILL, si_utime=0, si_stime=1 /* 0.01 s */} ---
313995 +++ exited with 0 +++
313996 +++ exited with 0 +++
313986 +++ exited with 0 +++
313988 +++ exited with 0 +++
313998 +++ killed by SIGKILL +++
313984 --- SIGCHLD {si_signo=SIGCHLD, si_code=CLD_KILLED, si_pid=313998, si_uid=1000, si_status=SIGKILL, si_utime=0, si_stime=0} ---
314017 +++ killed by SIGKILL +++
314016 --- SIGCHLD {si_signo=SIGCHLD, si_code=CLD_KILLED, si_pid=314017, si_uid=1000, si_status=SIGKILL, si_utime=0, si_stime=1 /* 0.01 s */} ---
314016 +++ killed by SIGKILL +++
313984 --- SIGCHLD {si_signo=SIGCHLD, si_code=CLD_KILLED, si_pid=314016, si_uid=1000, si_status=SIGKILL, si_utime=0, si_stime=1 /* 0.01 s */} ---
313992 +++ exited with 0 +++
313987 +++ exited with 0 +++
313984 +++ exited with 0 +++
