314029 +++ exited with 0 +++
314047 +++ killed by SIGKILL +++
314046 --- SIGCHLD {si_signo=SIGCHLD, si_code=CLD_KILLED, si_pid=314047, si_uid=1000, si_status=SIGKILL, si_utime=0, si_stime=0} ---
314050 +++ exited with 0 +++
314043 +++ exited with 0 +++
314041 --- SIGCHLD {si_signo=SIGCHLD, si_code=CLD_EXITED, si_pid=314043, si_uid=1000, si_status=0, si_utime=0, si_stime=0} ---
314053 +++ exited with 0 +++
314048 --- SIGCHLD {si_signo=SIGCHLD, si_code=CLD_EXITED, si_pid=314053, si_uid=1000, si_status=0, si_utime=0, si_stime=0} ---
314051 +++ exited with 0 +++
314045 --- SIGCHLD {si_signo=SIGCHLD, si_code=CLD_EXITED, si_pid=314051, si_uid=1000, si_status=0, si_utime=0, si_stime=0} ---
314052 +++ exited with 0 +++
314045 --- SIGTERM {si_signo=SIGTERM, si_code=SI_USER, si_pid=314042, si_uid=1000} ---
314045 +++ killed by SIGTERM +++
314042 --- SIGCHLD {si_signo=SIGCHLD, si_code=CLD_KILLED, si_pid=314045, si_uid=1000, si_status=SIGTERM, si_utime=0, si_stime=0} ---
314049 +++ exited with 0 +++
314048 +++ exited with 0 +++
314046 +++ killed by SIGKILL +++
314044 --- SIGCHLD {si_signo=SIGCHLD, si_code=CLD_EXITED, si_pid=314048, si_uid=1000, si_status=0, si_utime=0, si_stime=0} ---
314037 --- SIGCHLD {si_signo=SIGCHLD, si_code=CLD_KILLED, si_pid=314046, si_uid=1000, si_status=SIGKILL, si_utime=0, si_stime=0} ---
314055 +++ exited with 0 +++
314042 --- SIGCHLD {si_signo=SIGCHLD, si_code=CLD_EXITED, si_pid=314055, si_uid=1000, si_status=0, si_utime=0, si_stime=0} ---
314054 +++ exited with 0 +++
314032 +++ exited with 0 +++
314031 +++ exited with 0 +++
314037 +++ killed by SIGKILL +++
314024 --- SIGCHLD {si_signo=SIGCHLD, si_code=CLD_KILLED, si_pid=314037, si_uid=1000, si_status=SIGKILL, si_utime=0, si_stime=0} ---
314030 +++ exited with 0 +++
314025 +++ exited with 0 +++
314058 +++ exited with 3 +++
314057 --- SIGCHLD {si_signo=SIGCHLD, si_code=CLD_EXITED, si_pid=314058, si_uid=1000, si_status=3, si_utime=0, si_stime=0} ---
314059 +++ exited with 0 +++
314042 +++ killed by SIGKILL +++
314038 --- SIGCHLD {si_signo=SIGCHLD, si_code=CLD_KILLED, si_pid=314042, si_uid=1000, si_status=SIGKILL, si_utime=0, si_stime=0} ---
314044 +++ killed by SIGKILL +++
314041 +++ killed by SIGKILL +++
314040 --- SIGCHLD {si_signo=SIGCHLD, si_code=CLD_KILLED, si_pid=314044, si_uid=1000, si_status=SIGKILL, si_utime=0, si_stime=0} ---
314039 --- SIGCHLD {si_signo=SIGCHLD, si_code=CLD_KILLED, si_pid=314041, si_uid=1000, si_status=SIGKILL, si_utime=0, si_stime=1 /* 0.01 s */} ---
314035 +++ exited with 0 +++
314040 +++ killed by SIGKILL +++
314036 --- SIGCHLD {si_signo=SIGCHLD, si_code=CLD_KILLED, si_pid=314040, si_uid=1000, si_status=SIGKILL, si_utime=0, si_stime=1 /* 0.01 s */} ---
314038 +++ killed by SIGKILL +++
314036 --- SIGCHLD {si_signo=SIGCHLD, si_code=CLD_KILLED, si_pid=314038, si_uid=1000, si_status=SIGKILL, si_utime=0, si_stime=0} ---
314039 +++ killed by SIGKILL +++
314034 --- SIGCHLD {si_signo=SIGCHLD, si_code=CLD_KILLED, si_pid=314039, si_uid=1000, si_status=SIGKILL, si_utime=0, si_stime=0} ---
314034 +++ exited with 0 +++
314033 +++ exited with 0 +++
314026 +++ exited with 0 +++
314028 +++ exited with 0 +++
314057 +++ killed by SIGKILL +++
314056 --- SIGCHLD {si_signo=SIGCHLD, si_code=CLD_KILLED, si_pid=314057, si_uid=1000, si_status=SIGKILL, si_utime=0, si_stime=1 /* 0.01 s */} ---
314056 +++ killed by SIGKILL +++
314024 --- SIGCHLD {si_signo=SIGCHLD, si_code=CLD_KILLED, si_pid=314056, si_uid=1000, si_status=SIGKILL, si_utime=0, si_stime=1 /* 0.01 s */} ---
314036 +++ exited with 0 +++
314027 +++ exited with 0 +++
314024 +++ exited with 0 +++
