314081 +++ exited with 0 +++
314080 --- SIGCHLD {si_signo=SIGCHLD, si_code=CLD_EXITED, si_pid=314081, si_uid=1000, si_status=0, si_utime=0, si_stime=0} ---
314086 +++ exited with 0 +++
314090 +++ exited with 0 +++
314087 --- SIGCHLD {si_signo=SIGCHLD, si_code=CLD_EXITED, si_pid=314090, si_uid=1000, si_status=0, si_utime=0, si_stime=0} ---
314070 +++ exited with 0 +++
314092 +++ exited with 0 +++
314088 +++ killed by SIGKILL +++
314084 --- SIGCHLD {si_signo=SIGCHLD, si_code=CLD_KILLED, si_pid=314088, si_uid=1000, si_status=SIGKILL, si_utime=0, si_stime=0} ---
314093 +++ exited with 0 +++
314085 --- SIGCHLD {si_signo=SIGCHLD, si_code=CLD_EXITED, si_pid=314093, si_uid=1000, si_status=0, si_utime=0, si_stime=0} ---
314087 +++ exited with 0 +++
314082 --- SIGCHLD {si_signo=SIGCHLD, si_code=CLD_EXITED, si_pid=314087, si_uid=1000, si_status=0, si_utime=0, si_stime=0} ---
314068 +++ exited with 0 +++
314085 --- SIGTERM {si_signo=SIGTERM, si_code=SI_USER, si_pid=314083, si_uid=1000} ---
314085 +++ killed by SIGTERM +++
314083 --- SIGCHLD {si_signo=SIGCHLD, si_code=CLD_KILLED, si_pid=314085, si_uid=1000, si_status=SIGTERM, si_utime=0, si_stime=0} ---
314091 +++ exited with 0 +++
314089 +++ exited with 0 +++
314094 +++ exited with 0 +++
314083 --- SIGCHLD {si_signo=SIGCHLD, si_code=CLD_EXITED, si_pid=314094, si_uid=1000, si_status=0, si_utime=0, si_stime=0} ---
314074 +++ exited with 0 +++
314084 +++ killed by SIGKILL +++
314078 --- SIGCHLD {si_signo=SIGCHLD, si_code=CLD_KILLED, si_pid=314084, si_uid=1000, si_status=SIGKILL, si_utime=0, si_stime=0} ---
314080 +++ killed by SIGKILL +++
314079 --- SIGCHLD {si_signo=SIGCHLD, si_code=CLD_KILLED, si_pid=314080, si_uid=1000, si_status=SIGKILL, si_utime=0, si_stime=0} ---
314097 +++ exited with 3 +++
314096 --- SIGCHLD {si_signo=SIGCHLD, si_code=CLD_EXITED, si_pid=314097, si_uid=1000, si_status=3, si_utime=0, si_stime=0} ---
314098 +++ exited with 0 +++
314078 +++ killed by SIGKILL +++
314072 --- SIGCHLD {si_signo=SIGCHLD, si_code=CLD_KILLED, si_pid=314078, si_uid=1000, si_status=SIGKILL, si_utime=0, si_stime=1 /* 0.01 s */} ---
314073 +++ exited with 0 +++
314083 +++ killed by SIGKILL +++
314077 --- SIGCHLD {si_signo=SIGCHLD, si_code=CLD_KILLED, si_pid=314083, si_uid=1000, si_status=SIGKILL, si_utime=0, si_stime=1 /* 0.01 s */} ---
314069 +++ exited with 0 +++
314064 +++ exited with 0 +++
314082 +++ killed by SIGKILL +++
314076 --- SIGCHLD {si_signo=SIGCHLD, si_code=CLD_KILLED, si_pid=314082, si_uid=1000, si_status=SIGKILL, si_utime=0, si_stime=0} ---
314079 +++ killed by SIGKILL +++
314072 --- SIGCHLD {si_signo=SIGCHLD, si_code=CLD_KILLED, si_pid=314079, si_uid=1000, si_status=SIGKILL, si_utime=0, si_stime=1 /* 0.01 s */} ---
314072 +++ exited with 0 +++
314067 +++ exited with 0 +++
314077 +++ killed by SIGKILL +++
314075 --- SIGCHLD {si_signo=SIGCHLD, si_code=CLD_KILLED, si_pid=314077, si_uid=1000, si_status=SIGKILL, si_utime=0, si_stime=1 /* 0.01 s */} ---
314075 +++ exited with 0 +++
314065 +++ exited with 0 +++
314076 +++ killed by SIGKILL +++
314063 --- SIGCHLD {si_signo=SIGCHLD, si_code=CLD_KILLED, si_pid=314076, si_uid=1000, si_status=SIGKILL, si_utime=0, si_stime=2 /* 0.02 s */} ---
314096 +++ killed by SIGKILL +++
314095 --- SIGCHLD {si_signo=SIGCHLD, si_code=CLD_KILLED, si_pid=314096, si_uid=1000, si_status=SIGKILL, si_utime=0, si_stime=2 /* 0.02 s */} ---
314095 +++ killed by SIGKILL +++
314071 --- SIGCHLD {si_signo=SIGCHLD, si_code=CLD_KILLED, si_pid=314095, si_uid=1000, si_status=SIGKILL, si_utime=0, si_stime=1 /* 0.01 s */} ---
314071 +++ exited with 0 +++
314066 +++ exited with 0 +++
314063 +++ exited with 0 +++
