314185 +++ exited with 0 +++
314203 +++ exited with 0 +++
314198 +++ killed by SIGKILL +++
314197 --- SIGCHLD {si_signo=SIGCHLD, si_code=CLD_KILLED, si_pid=314198, si_uid=1000, si_status=SIGKILL, si_utime=0, si_stime=0} ---
314204 +++ exited with 0 +++
314200 --- SIGCHLD {si_signo=SIGCHLD, si_code=CLD_EXITED, si_pid=314204, si_uid=1000, si_status=0, si_utime=0, si_stime=0} ---
314207 +++ exited with 0 +++
314209 +++ exited with 0 +++
314201 --- SIGCHLD {si_signo=SIGCHLD, si_code=CLD_EXITED, si_pid=314209, si_uid=1000, si_status=0, si_utime=0, si_stime=0} ---
314210 +++ exited with 0 +++
314205 --- SIGCHLD {si_signo=SIGCHLD, si_code=CLD_EXITED, si_pid=314210, si_uid=1000, si_status=0, si_utime=0, si_stime=0} ---
314201 --- SIGTERM {si_signo=SIGTERM, si_code=SI_USER, si_pid=314199, si_uid=1000} ---
314201 +++ killed by SIGTERM +++
314199 --- SIGCHLD {si_signo=SIGCHLD, si_code=CLD_KILLED, si_pid=314201, si_uid=1000, si_status=SIGTERM, si_utime=0, si_stime=0} ---
314206 +++ exited with 0 +++
314211 +++ exited with 0 +++
314199 --- SIGCHLD {si_signo=SIGCHLD, si_code=CLD_EXITED, si_pid=314211, si_uid=1000, si_status=0, si_utime=0, si_stime=0} ---
314205 +++ exited with 0 +++
314202 --- SIGCHLD {si_signo=SIGCHLD, si_code=CLD_EXITED, si_pid=314205, si_uid=1000, si_status=0, si_utime=0, si_stime=0} ---
314208 +++ exited with 0 +++
314190 +++ exited with 0 +++
314187 +++ exited with 0 +++
314197 +++ killed by SIGKILL +++
314193 --- SIGCHLD {si_signo=SIGCHLD, si_code=CLD_KILLED, si_pid=314197, si_uid=1000, si_status=SIGKILL, si_utime=0, si_stime=0} ---
314214 +++ exited with 3 +++
314213 --- SIGCHLD {si_signo=SIGCHLD, si_code=CLD_EXITED, si_pid=314214, si_uid=1000, si_status=3, si_utime=0, si_stime=0} ---
314215 +++ exited with 0 +++
314200 +++ killed by SIGKILL +++
314195 --- SIGCHLD {si_signo=SIGCHLD, si_code=CLD_KILLED, si_pid=314200, si_uid=1000, si_status=SIGKILL, si_utime=0, si_stime=1 /* 0.01 s */} ---
314193 +++ killed by SIGKILL +++
314186 --- SIGCHLD {si_signo=SIGCHLD, si_code=CLD_KILLED, si_pid=314193, si_uid=1000, si_status=SIGKILL, si_utime=0, si_stime=0} ---
314186 +++ exited with 0 +++
314202 +++ killed by SIGKILL +++
314196 --- SIGCHLD {si_signo=SIGCHLD, si_code=CLD_KILLED, si_pid=314202, si_uid=1000, si_status=SIGKILL, si_utime=0, si_stime=0} ---
314199 +++ killed by SIGKILL +++
314194 --- SIGCHLD {si_signo=SIGCHLD, si_code=CLD_KILLED, si_pid=314199, si_uid=1000, si_status=SIGKILL, si_utime=0, si_stime=1 /* 0.01 s */} ---
314181 +++ exited with 0 +++
314189 +++ exited with 0 +++
314195 +++ killed by SIGKILL +++
314192 --- SIGCHLD {si_signo=SIGCHLD, si_code=CLD_KILLED, si_pid=314195, si_uid=1000, si_status=SIGKILL, si_utime=0, si_stime=0} ---
314192 +++ exited with 0 +++
314184 +++ exited with 0 +++
314196 +++ killed by SIGKILL +++
314180 --- SIGCHLD {si_signo=SIGCHLD, si_code=CLD_KILLED, si_pid=314196, si_uid=1000, si_status=SIGKILL, si_utime=0, si_stime=0} ---
314194 +++ killed by SIGKILL +++
314180 --- SIGCHLD {si_signo=SIGCHLD, si_code=CLD_KILLED, si_pid=314194, si_uid=1000, si_status=SIGKILL, si_utime=0, si_stime=0} ---
314188 +++ exited with 0 +++
314182 +++ exited with 0 +++
314213 +++ killed by SIGKILL +++
314212 --- SIGCHLD {si_signo=SIGCHLD, si_code=CLD_KILLED, si_pid=314213, si_uid=1000, si_status=SIGKILL, si_utime=0, si_stime=0} ---
314212 +++ killed by SIGKILL +++
314180 --- SIGCHLD {si_signo=SIGCHLD, si_code=CLD_KILLED, si_pid=314212, si_uid=1000, si_status=SIGKILL, si_utime=0, si_stime=0} ---
314191 +++ exited with 0 +++
314183 +++ exited with 0 +++
314180 +++ exited with 0 +++
