312810 +++ exited with 0 +++
312808 --- SIGCHLD {si_signo=SIGCHLD, si_code=CLD_EXITED, si_pid=312810, si_uid=1000, si_status=0, si_utime=0, si_stime=0} ---
312821 +++ exited with 0 +++
312799 +++ exited with 0 +++
312819 +++ killed by SIGKILL +++
312811 --- SIGCHLD {si_signo=SIGCHLD, si_code=CLD_KILLED, si_pid=312819, si_uid=1000, si_status=SIGKILL, si_utime=0, si_stime=0} ---
312825 +++ exited with 0 +++
312826 +++ exited with 0 +++
312814 --- SIGCHLD {si_signo=SIGCHLD, si_code=CLD_EXITED, si_pid=312826, si_uid=1000, si_status=0, si_utime=0, si_stime=0} ---
312802 +++ exited with 0 +++
312828 +++ exited with 0 +++
312817 --- SIGCHLD {si_signo=SIGCHLD, si_code=CLD_EXITED, si_pid=312828, si_uid=1000, si_status=0, si_utime=0, si_stime=0} ---
312814 +++ exited with 0 +++
312809 --- SIGCHLD {si_signo=SIGCHLD, si_code=CLD_EXITED, si_pid=312814, si_uid=1000, si_status=0, si_utime=0, si_stime=0} ---
312823 +++ exited with 0 +++
312817 --- SIGTERM {si_signo=SIGTERM, si_code=SI_USER, si_pid=312812, si_uid=1000} ---
312817 +++ killed by SIGTERM +++
312812 clone(child_stack=NULL, flags=CLONE_CHILD_CLEARTID|CLONE_CHILD_SETTID|SIGCHLD, child_tidptr=0x7dde21a16a10) = ? ERESTARTNOINTR (To be restarted)
312812 --- SIGCHLD {si_signo=SIGCHLD, si_code=CLD_KILLED, si_pid=312817, si_uid=1000, si_status=SIGTERM, si_utime=0, si_stime=0} ---
312827 +++ exited with 0 +++
312829 +++ exited with 0 +++
312812 --- SIGCHLD {si_signo=SIGCHLD, si_code=CLD_EXITED, si_pid=312829, si_uid=1000, si_status=0, si_utime=0, si_stime=0} ---
312811 +++ killed by SIGKILL +++
312805 --- SIGCHLD {si_signo=SIGCHLD, si_code=CLD_KILLED, si_pid=312811, si_uid=1000, si_status=SIGKILL, si_utime=0, si_stime=0} ---
312796 +++ exited with 0 +++
312808 +++ killed by SIGKILL +++
312806 --- SIGCHLD {si_signo=SIGCHLD, si_code=CLD_KILLED, si_pid=312808, si_uid=1000, si_status=SIGKILL, si_utime=0, si_stime=1 /* 0.01 s */} ---
312805 +++ killed by SIGKILL +++
312791 --- SIGCHLD {si_signo=SIGCHLD, si_code=CLD_KILLED, si_pid=312805, si_uid=1000, si_status=SIGKILL, si_utime=0, si_stime=1 /* 0.01 s */} ---
312832 +++ exited with 3 +++
312831 --- SIGCHLD {si_signo=SIGCHLD, si_code=CLD_EXITED, si_pid=312832, si_uid=1000, si_status=3, si_utime=0, si_stime=0} ---
312833 +++ exited with 0 +++
312801 +++ exited with 0 +++
312792 +++ exited with 0 +++
312798 +++ exited with 0 +++
312809 +++ killed by SIGKILL +++
312804 --- SIGCHLD {si_signo=SIGCHLD, si_code=CLD_KILLED, si_pid=312809, si_uid=1000, si_status=SIGKILL, si_utime=0, si_stime=1 /* 0.01 s */} ---
312812 +++ killed by SIGKILL +++
312807 --- SIGCHLD {si_signo=SIGCHLD, si_code=CLD_KILLED, si_pid=312812, si_uid=1000, si_status=SIGKILL, si_utime=0, si_stime=0} ---
312806 +++ killed by SIGKILL +++
312803 --- SIGCHLD {si_signo=SIGCHLD, si_code=CLD_KILLED, si_pid=312806, si_uid=1000, si_status=SIGKILL, si_utime=0, si_stime=0} ---
312803 +++ exited with 0 +++
312795 +++ exited with 0 +++
312804 +++ killed by SIGKILL +++
312797 --- SIGCHLD {si_signo=SIGCHLD, si_code=CLD_KILLED, si_pid=312804, si_uid=1000, si_status=SIGKILL, si_utime=0, si_stime=0} ---
312807 +++ killed by SIGKILL +++
312791 --- SIGCHLD {si_signo=SIGCHLD, si_code=CLD_KILLED, si_pid=312807, si_uid=1000, si_status=SIGKILL, si_utime=0, si_stime=0} ---
312831 +++ killed by SIGKILL +++
312830 --- SIGCHLD {si_signo=SIGCHLD, si_code=CLD_KILLED, si_pid=312831, si_uid=1000, si_status=SIGKILL, si_utime=0, si_stime=1 /* 0.01 s */} ---
312797 +++ exited with 0 +++
312793 +++ exited with 0 +++
312830 +++ killed by SIGKILL +++
312791 --- SIGCHLD {si_signo=SIGCHLD, si_code=CLD_KILLED, si_pid=312830, si_uid=1000, si_status=SIGKILL, si_utime=0, si_stime=1 /* 0.01 s */} ---
312800 +++ exited with 0 +++
312794 +++ exited with 0 +++
312791 +++ exited with 0 +++
