314287 +++ exited with 0 +++
314314 +++ exited with 0 +++
314313 +++ exited with 0 +++
314299 --- SIGCHLD {si_signo=SIGCHLD, si_code=CLD_EXITED, si_pid=314313, si_uid=1000, si_status=0, si_utime=0, si_stime=0} ---
314309 +++ killed by SIGKILL +++
314303 --- SIGCHLD {si_signo=SIGCHLD, si_code=CLD_KILLED, si_pid=314309, si_uid=1000, si_status=SIGKILL, si_utime=0, si_stime=0} ---
314299 --- SIGTERM {si_signo=SIGTERM, si_code=SI_USER, si_pid=314296, si_uid=1000} ---
314299 +++ killed by SIGTERM +++
314296 --- SIGCHLD {si_signo=SIGCHLD, si_code=CLD_KILLED, si_pid=314299, si_uid=1000, si_status=SIGTERM, si_utime=0, si_stime=0} ---
314301 +++ exited with 0 +++
314297 --- SIGCHLD {si_signo=SIGCHLD, si_code=CLD_EXITED, si_pid=314301, si_uid=1000, si_status=0, si_utime=0, si_stime=0} ---
314316 +++ exited with 0 +++
314312 --- SIGCHLD {si_signo=SIGCHLD, si_code=CLD_EXITED, si_pid=314316, si_uid=1000, si_status=0, si_utime=0, si_stime=0} ---
314308 +++ exited with 0 +++
314311 +++ exited with 0 +++
314317 +++ exited with 0 +++
314296 --- SIGCHLD {si_signo=SIGCHLD, si_code=CLD_EXITED, si_pid=314317, si_uid=1000, si_status=0, si_utime=0, si_stime=0} ---
314312 +++ exited with 0 +++
314304 --- SIGCHLD {si_signo=SIGCHLD, si_code=CLD_EXITED, si_pid=314312, si_uid=1000, si_status=0, si_utime=0, si_stime=0} ---
314315 +++ exited with 0 +++
314303 +++ killed by SIGKILL +++
314293 --- SIGCHLD {si_signo=SIGCHLD, si_code=CLD_KILLED, si_pid=314303, si_uid=1000, si_status=SIGKILL, si_utime=0, si_stime=0} ---
314284 +++ exited with 0 +++
314285 +++ exited with 0 +++
314293 +++ killed by SIGKILL +++
314289 --- SIGCHLD {si_signo=SIGCHLD, si_code=CLD_KILLED, si_pid=314293, si_uid=1000, si_status=SIGKILL, si_utime=0, si_stime=0} ---
314289 +++ exited with 0 +++
314280 +++ exited with 0 +++
314324 +++ exited with 3 +++
314323 --- SIGCHLD {si_signo=SIGCHLD, si_code=CLD_EXITED, si_pid=314324, si_uid=1000, si_status=3, si_utime=0, si_stime=0} ---
314325 +++ exited with 0 +++
314304 +++ killed by SIGKILL +++
314295 --- SIGCHLD {si_signo=SIGCHLD, si_code=CLD_KILLED, si_pid=314304, si_uid=1000, si_status=SIGKILL, si_utime=0, si_stime=0} ---
314297 +++ killed by SIGKILL +++
314294 --- SIGCHLD {si_signo=SIGCHLD, si_code=CLD_KILLED, si_pid=314297, si_uid=1000, si_status=SIGKILL, si_utime=0, si_stime=2 /* 0.02 s */} ---
314296 +++ killed by SIGKILL +++
314291 --- SIGCHLD {si_signo=SIGCHLD, si_code=CLD_KILLED, si_pid=314296, si_uid=1000, si_status=SIGKILL, si_utime=0, si_stime=1 /* 0.01 s */} ---
314290 +++ exited with 0 +++
314295 +++ killed by SIGKILL +++
314292 --- SIGCHLD {si_signo=SIGCHLD, si_code=CLD_KILLED, si_pid=314295, si_uid=1000, si_status=SIGKILL, si_utime=0, si_stime=0} ---
314294 +++ killed by SIGKILL +++
314286 --- SIGCHLD {si_signo=SIGCHLD, si_code=CLD_KILLED, si_pid=314294, si_uid=1000, si_status=SIGKILL, si_utime=0, si_stime=1 /* 0.01 s */} ---
314291 +++ killed by SIGKILL +++
314279 --- SIGCHLD {si_signo=SIGCHLD, si_code=CLD_KILLED, si_pid=314291, si_uid=1000, si_status=SIGKILL, si_utime=0, si_stime=0} ---
314286 +++ exited with 0 +++
314283 +++ exited with 0 +++
314288 +++ exited with 0 +++
314281 +++ exited with 0 +++
314323 +++ killed by SIGKILL +++
314322 --- SIGCHLD {si_signo=SIGCHLD, si_code=CLD_KILLED, si_pid=314323, si_uid=1000, si_status=SIGKILL, si_utime=0, si_stime=1 /* 0.01 s */} ---
314322 +++ killed by SIGKILL +++
314292 --- SIGCHLD {si_signo=SIGCHLD, si_code=CLD_KILLED, si_pid=314322, si_uid=1000, si_status=SIGKILL, si_utime=0, si_stime=1 /* 0.01 s */} ---
314292 +++ exited with 0 +++
314282 +++ exited with 0 +++
314279 +++ exited with 0 +++
