314397 +++ exited with 0 +++
314380 +++ exited with 0 +++
314392 +++ killed by SIGKILL +++
314391 --- SIGCHLD {si_signo=SIGCHLD, si_code=CLD_KILLED, si_pid=314392, si_uid=1000, si_status=SIGKILL, si_utime=0, si_stime=0} ---
314400 +++ exited with 0 +++
314395 --- SIGCHLD {si_signo=SIGCHLD, si_code=CLD_EXITED, si_pid=314400, si_uid=1000, si_status=0, si_utime=0, si_stime=0} ---
314399 +++ exited with 0 +++
314395 --- SIGTERM {si_signo=SIGTERM, si_code=SI_USER, si_pid=314393, si_uid=1000} ---
314396 --- SIGCHLD {si_signo=SIGCHLD, si_code=CLD_EXITED, si_pid=314399, si_uid=1000, si_status=0, si_utime=0, si_stime=0} ---
314395 +++ killed by SIGTERM +++
314393 --- SIGCHLD {si_signo=SIGCHLD, si_code=CLD_KILLED, si_pid=314395, si_uid=1000, si_status=SIGTERM, si_utime=0, si_stime=0} ---
314403 +++ exited with 0 +++
314398 +++ exited with 0 +++
314404 +++ exited with 0 +++
314393 --- SIGCHLD {si_signo=SIGCHLD, si_code=CLD_EXITED, si_pid=314404, si_uid=1000, si_status=0, si_utime=0, si_stime=0} ---
314384 +++ exited with 0 +++
314406 +++ exited with 0 +++
314402 --- SIGCHLD {si_signo=SIGCHLD, si_code=CLD_EXITED, si_pid=314406, si_uid=1000, si_status=0, si_utime=0, si_stime=0} ---
314382 +++ exited with 0 +++
314402 +++ exited with 0 +++
314401 --- SIGCHLD {si_signo=SIGCHLD, si_code=CLD_EXITED, si_pid=314402, si_uid=1000, si_status=0, si_utime=0, si_stime=0} ---
314405 +++ exited with 0 +++
314391 +++ killed by SIGKILL +++
314388 --- SIGCHLD {si_signo=SIGCHLD, si_code=CLD_KILLED, si_pid=314391, si_uid=1000, si_status=SIGKILL, si_utime=0, si_stime=0} ---
314393 +++ killed by SIGKILL +++
314390 --- SIGCHLD {si_signo=SIGCHLD, si_code=CLD_KILLED, si_pid=314393, si_uid=1000, si_status=SIGKILL, si_utime=0, si_stime=1 /* 0.01 s */} ---
314388 +++ killed by SIGKILL +++
314381 --- SIGCHLD {si_signo=SIGCHLD, si_code=CLD_KILLED, si_pid=314388, si_uid=1000, si_status=SIGKILL, si_utime=0, si_stime=1 /* 0.01 s */} ---
314396 +++ killed by SIGKILL +++
314389 --- SIGCHLD {si_signo=SIGCHLD, si_code=CLD_KILLED, si_pid=314396, si_uid=1000, si_status=SIGKILL, si_utime=0, si_stime=1 /* 0.01 s */} ---
314409 +++ exited with 3 +++
314408 --- SIGCHLD {si_signo=SIGCHLD, si_code=CLD_EXITED, si_pid=314409, si_uid=1000, si_status=3, si_utime=0, si_stime=0} ---
314381 +++ exited with 0 +++
314410 +++ exited with 0 +++
314376 +++ exited with 0 +++
314390 +++ killed by SIGKILL +++
314386 --- SIGCHLD {si_signo=SIGCHLD, si_code=CLD_KILLED, si_pid=314390, si_uid=1000, si_status=SIGKILL, si_utime=0, si_stime=1 /* 0.01 s */} ---
314386 +++ exited with 0 +++
314377 +++ exited with 0 +++
314401 +++ killed by SIGKILL +++
314394 --- SIGCHLD {si_signo=SIGCHLD, si_code=CLD_KILLED, si_pid=314401, si_uid=1000, si_status=SIGKILL, si_utime=0, si_stime=2 /* 0.02 s */} ---
314385 +++ exited with 0 +++
314389 +++ killed by SIGKILL +++
314383 --- SIGCHLD {si_signo=SIGCHLD, si_code=CLD_KILLED, si_pid=314389, si_uid=1000, si_status=SIGKILL, si_utime=0, si_stime=1 /* 0.01 s */} ---
314383 +++ exited with 0 +++
314379 +++ exited with 0 +++
314394 +++ killed by SIGKILL +++
314387 --- SIGCHLD {si_signo=SIGCHLD, si_code=CLD_KILLED, si_pid=314394, si_uid=1000, si_status=SIGKILL, si_utime=0, si_stime=1 /* 0.01 s */} ---
314408 +++ killed by SIGKILL +++
314407 --- SIGCHLD {si_signo=SIGCHLD, si_code=CLD_KILLED, si_pid=314408, si_uid=1000, si_status=SIGKILL, si_utime=0, si_stime=1 /* 0.01 s */} ---
314407 +++ killed by SIGKILL +++
314375 --- SIGCHLD {si_signo=SIGCHLD, si_code=CLD_KILLED, si_pid=314407, si_uid=1000, si_status=SIGKILL, si_utime=0, si_stime=2 /* 0.02 s */} ---
314387 +++ exited with 0 +++
314378 +++ exited with 0 +++
314375 +++ exited with 0 +++
