314437 +++ exited with 0 +++
314433 --- SIGCHLD {si_signo=SIGCHLD, si_code=CLD_EXITED, si_pid=314437, si_uid=1000, si_status=0, si_utime=0, si_stime=0} ---
314433 --- SIGTERM {si_signo=SIGTERM, si_code=SI_USER, si_pid=314429, si_uid=1000} ---
314433 +++ killed by SIGTERM +++
314429 --- SIGCHLD {si_signo=SIGCHLD, si_code=CLD_KILLED, si_pid=314433, si_uid=1000, si_status=SIGTERM, si_utime=0, si_stime=0} ---
314441 +++ exited with 0 +++
314420 +++ exited with 0 +++
314436 +++ killed by SIGKILL +++
314432 --- SIGCHLD {si_signo=SIGCHLD, si_code=CLD_KILLED, si_pid=314436, si_uid=1000, si_status=SIGKILL, si_utime=0, si_stime=0} ---
314434 +++ exited with 0 +++
314443 +++ exited with 0 +++
314429 --- SIGCHLD {si_signo=SIGCHLD, si_code=CLD_EXITED, si_pid=314443, si_uid=1000, si_status=0, si_utime=0, si_stime=0} ---
314439 +++ exited with 0 +++
314435 --- SIGCHLD {si_signo=SIGCHLD, si_code=CLD_EXITED, si_pid=314439, si_uid=1000, si_status=0, si_utime=0, si_stime=0} ---
314442 +++ exited with 0 +++
314445 +++ exited with 0 +++
314440 --- SIGCHLD {si_signo=SIGCHLD, si_code=CLD_EXITED, si_pid=314445, si_uid=1000, si_status=0, si_utime=0, si_stime=0} ---
314440 +++ exited with 0 +++
314438 --- SIGCHLD {si_signo=SIGCHLD, si_code=CLD_EXITED, si_pid=314440, si_uid=1000, si_status=0, si_utime=0, si_stime=0} ---
314444 +++ exited with 0 +++
314421 +++ exited with 0 +++
314419 +++ exited with 0 +++
314432 +++ killed by SIGKILL +++
314427 --- SIGCHLD {si_signo=SIGCHLD, si_code=CLD_KILLED, si_pid=314432, si_uid=1000, si_status=SIGKILL, si_utime=0, si_stime=0} ---
314448 +++ exited with 3 +++
314447 --- SIGCHLD {si_signo=SIGCHLD, si_code=CLD_EXITED, si_pid=314448, si_uid=1000, si_status=3, si_utime=0, si_stime=0} ---
314449 +++ exited with 0 +++
314429 +++ killed by SIGKILL +++
314428 --- SIGCHLD {si_signo=SIGCHLD, si_code=CLD_KILLED, si_pid=314429, si_uid=1000, si_status=SIGKILL, si_utime=0, si_stime=1 /* 0.01 s */} ---
314427 +++ killed by SIGKILL +++
314424 --- SIGCHLD {si_signo=SIGCHLD, si_code=CLD_KILLED, si_pid=314427, si_uid=1000, si_status=SIGKILL, si_utime=0, si_stime=0} ---
314423 +++ exited with 0 +++
314435 +++ killed by SIGKILL +++
314430 --- SIGCHLD {si_signo=SIGCHLD, si_code=CLD_KILLED, si_pid=314435, si_uid=1000, si_status=SIGKILL, si_utime=0, si_stime=0} ---
314415 +++ exited with 0 +++
314438 +++ killed by SIGKILL +++
314431 --- SIGCHLD {si_signo=SIGCHLD, si_code=CLD_KILLED, si_pid=314438, si_uid=1000, si_status=SIGKILL, si_utime=0, si_stime=1 /* 0.01 s */} ---
314425 +++ exited with 0 +++
314428 +++ killed by SIGKILL +++
314422 --- SIGCHLD {si_signo=SIGCHLD, si_code=CLD_KILLED, si_pid=314428, si_uid=1000, si_status=SIGKILL, si_utime=0, si_stime=1 /* 0.01 s */} ---
314430 +++ killed by SIGKILL +++
314414 --- SIGCHLD {si_signo=SIGCHLD, si_code=CLD_KILLED, si_pid=314430, si_uid=1000, si_status=SIGKILL, si_utime=0, si_stime=0} ---
314431 +++ killed by SIGKILL +++
314424 --- SIGCHLD {si_signo=SIGCHLD, si_code=CLD_KILLED, si_pid=314431, si_uid=1000, si_status=SIGKILL, si_utime=0, si_stime=0} ---
314424 +++ exited with 0 +++
314422 +++ exited with 0 +++
314418 +++ exited with 0 +++
314416 +++ exited with 0 +++
314447 +++ killed by SIGKILL +++
314446 --- SIGCHLD {si_signo=SIGCHLD, si_code=CLD_KILLED, si_pid=314447, si_uid=1000, si_status=SIGKILL, si_utime=0, si_stime=1 /* 0.01 s */} ---
314446 +++ killed by SIGKILL +++
314426 --- SIGCHLD {si_signo=SIGCHLD, si_code=CLD_KILLED, si_pid=314446, si_uid=1000, si_status=SIGKILL, si_utime=0, si_stime=1 /* 0.01 s */} ---
314426 +++ exited with 0 +++
314417 +++ exited with 0 +++
314414 +++ exited with 0 +++
