314459 +++ exited with 0 +++
314477 +++ exited with 0 +++
314474 +++ killed by SIGKILL +++
314472 --- SIGCHLD {si_signo=SIGCHLD, si_code=CLD_KILLED, si_pid=314474, si_uid=1000, si_status=SIGKILL, si_utime=0, si_stime=0} ---
314482 +++ exited with 0 +++
314475 --- SIGCHLD {si_signo=SIGCHLD, si_code=CLD_EXITED, si_pid=314482, si_uid=1000, si_status=0, si_utime=0, si_stime=0} ---
314481 +++ exited with 0 +++
314478 --- SIGCHLD {si_signo=SIGCHLD, si_code=CLD_EXITED, si_pid=314481, si_uid=1000, si_status=0, si_utime=0, si_stime=0} ---
314484 +++ exited with 0 +++
314485 +++ exited with 0 +++
314480 --- SIGCHLD {si_signo=SIGCHLD, si_code=CLD_EXITED, si_pid=314485, si_uid=1000, si_status=0, si_utime=0, si_stime=0} ---
314475 +++ exited with 0 +++
314473 --- SIGCHLD {si_signo=SIGCHLD, si_code=CLD_EXITED, si_pid=314475, si_uid=1000, si_status=0, si_utime=0, si_stime=0} ---
314480 --- SIGTERM {si_signo=SIGTERM, si_code=SI_USER, si_pid=314476, si_uid=1000} ---
314479 +++ exited with 0 +++
314480 +++ killed by SIGTERM +++
314476 --- SIGCHLD {si_signo=SIGCHLD, si_code=CLD_KILLED, si_pid=314480, si_uid=1000, si_status=SIGTERM, si_utime=0, si_stime=0} ---
314483 +++ exited with 0 +++
314486 +++ exited with 0 +++
314476 --- SIGCHLD {si_signo=SIGCHLD, si_code=CLD_EXITED, si_pid=314486, si_uid=1000, si_status=0, si_utime=0, si_stime=0} ---
314465 +++ exited with 0 +++
314472 +++ killed by SIGKILL +++
314466 --- SIGCHLD {si_signo=SIGCHLD, si_code=CLD_KILLED, si_pid=314472, si_uid=1000, si_status=SIGKILL, si_utime=0, si_stime=0} ---
314461 +++ exited with 0 +++
314489 +++ exited with 3 +++
314488 --- SIGCHLD {si_signo=SIGCHLD, si_code=CLD_EXITED, si_pid=314489, si_uid=1000, si_status=3, si_utime=0, si_stime=0} ---
314466 +++ killed by SIGKILL +++
314490 +++ exited with 0 +++
314460 --- SIGCHLD {si_signo=SIGCHLD, si_code=CLD_KILLED, si_pid=314466, si_uid=1000, si_status=SIGKILL, si_utime=0, si_stime=0} ---
314460 +++ exited with 0 +++
314478 +++ killed by SIGKILL +++
314471 --- SIGCHLD {si_signo=SIGCHLD, si_code=CLD_KILLED, si_pid=314478, si_uid=1000, si_status=SIGKILL, si_utime=0, si_stime=1 /* 0.01 s */} ---
314454 +++ exited with 0 +++
314473 +++ killed by SIGKILL +++
314469 --- SIGCHLD {si_signo=SIGCHLD, si_code=CLD_KILLED, si_pid=314473, si_uid=1000, si_status=SIGKILL, si_utime=0, si_stime=2 /* 0.02 s */} ---
314463 +++ exited with 0 +++
314476 +++ killed by SIGKILL +++
314470 --- SIGCHLD {si_signo=SIGCHLD, si_code=CLD_KILLED, si_pid=314476, si_uid=1000, si_status=SIGKILL, si_utime=0, si_stime=2 /* 0.02 s */} ---
314471 +++ killed by SIGKILL +++
314453 --- SIGCHLD {si_signo=SIGCHLD, si_code=CLD_KILLED, si_pid=314471, si_uid=1000, si_status=SIGKILL, si_utime=0, si_stime=1 /* 0.01 s */} ---
314468 +++ exited with 0 +++
314458 +++ exited with 0 +++
314469 +++ killed by SIGKILL +++
314453 --- SIGCHLD {si_signo=SIGCHLD, si_code=CLD_KILLED, si_pid=314469, si_uid=1000, si_status=SIGKILL, si_utime=0, si_stime=1 /* 0.01 s */} ---
314470 +++ killed by SIGKILL +++
314462 --- SIGCHLD {si_signo=SIGCHLD, si_code=CLD_KILLED, si_pid=314470, si_uid=1000, si_status=SIGKILL, si_utime=0, si_stime=1 /* 0.01 s */} ---
314488 +++ killed by SIGKILL +++
314487 --- SIGCHLD {si_signo=SIGCHLD, si_code=CLD_KILLED, si_pid=314488, si_uid=1000, si_status=SIGKILL, si_utime=0, si_stime=0} ---
314462 +++ exited with 0 +++
314455 +++ exited with 0 +++
314487 +++ killed by SIGKILL +++
314453 --- SIGCHLD {si_signo=SIGCHLD, si_code=CLD_KILLED, si_pid=314487, si_uid=1000, si_status=SIGKILL, si_utime=0, si_stime=0} ---
314464 +++ exited with 0 +++
314457 +++ exited with 0 +++
314453 +++ exited with 0 +++
