314557 +++ exited with 0 +++
314552 --- SIGCHLD {si_signo=SIGCHLD, si_code=CLD_EXITED, si_pid=314557, si_uid=1000, si_status=0, si_utime=0, si_stime=0} ---
314556 +++ exited with 0 +++
314553 --- SIGCHLD {si_signo=SIGCHLD, si_code=CLD_EXITED, si_pid=314556, si_uid=1000, si_status=0, si_utime=0, si_stime=0} ---
314541 +++ exited with 0 +++
314562 +++ exited with 0 +++
314552 --- SIGTERM {si_signo=SIGTERM, si_code=SI_USER, si_pid=314550, si_uid=1000} ---
314560 +++ exited with 0 +++
314552 +++ killed by SIGTERM +++
314550 clone(child_stack=NULL, flags=CLONE_CHILD_CLEARTID|CLONE_CHILD_SETTID|SIGCHLD, child_tidptr=0x7094c659ca10) = ? ERESTARTNOINTR (To be restarted)
314550 --- SIGCHLD {si_signo=SIGCHLD, si_code=CLD_KILLED, si_pid=314552, si_uid=1000, si_status=SIGTERM, si_utime=0, si_stime=0} ---
314559 +++ killed by SIGKILL +++
314554 --- SIGCHLD {si_signo=SIGCHLD, si_code=CLD_KILLED, si_pid=314559, si_uid=1000, si_status=SIGKILL, si_utime=0, si_stime=0} ---
314555 +++ exited with 0 +++
314563 +++ exited with 0 +++
314550 --- SIGCHLD {si_signo=SIGCHLD, si_code=CLD_EXITED, si_pid=314563, si_uid=1000, si_status=0, si_utime=0, si_stime=0} ---
314565 +++ exited with 0 +++
314561 --- SIGCHLD {si_signo=SIGCHLD, si_code=CLD_EXITED, si_pid=314565, si_uid=1000, si_status=0, si_utime=0, si_stime=0} ---
314561 +++ exited with 0 +++
314558 --- SIGCHLD {si_signo=SIGCHLD, si_code=CLD_EXITED, si_pid=314561, si_uid=1000, si_status=0, si_utime=0, si_stime=0} ---
314542 +++ exited with 0 +++
314564 +++ exited with 0 +++
314539 +++ exited with 0 +++
314554 +++ killed by SIGKILL +++
314549 --- SIGCHLD {si_signo=SIGCHLD, si_code=CLD_KILLED, si_pid=314554, si_uid=1000, si_status=SIGKILL, si_utime=0, si_stime=0} ---
314553 +++ killed by SIGKILL +++
314548 --- SIGCHLD {si_signo=SIGCHLD, si_code=CLD_KILLED, si_pid=314553, si_uid=1000, si_status=SIGKILL, si_utime=0, si_stime=1 /* 0.01 s */} ---
314549 +++ killed by SIGKILL +++
314534 --- SIGCHLD {si_signo=SIGCHLD, si_code=CLD_KILLED, si_pid=314549, si_uid=1000, si_status=SIGKILL, si_utime=0, si_stime=0} ---
314568 +++ exited with 3 +++
314567 --- SIGCHLD {si_signo=SIGCHLD, si_code=CLD_EXITED, si_pid=314568, si_uid=1000, si_status=3, si_utime=0, si_stime=0} ---
314543 +++ exited with 0 +++
314569 +++ exited with 0 +++
314550 +++ killed by SIGKILL +++
314545 --- SIGCHLD {si_signo=SIGCHLD, si_code=CLD_KILLED, si_pid=314550, si_uid=1000, si_status=SIGKILL, si_utime=0, si_stime=1 /* 0.01 s */} ---
314535 +++ exited with 0 +++
314558 +++ killed by SIGKILL +++
314551 --- SIGCHLD {si_signo=SIGCHLD, si_code=CLD_KILLED, si_pid=314558, si_uid=1000, si_status=SIGKILL, si_utime=0, si_stime=0} ---
314546 +++ exited with 0 +++
314548 +++ killed by SIGKILL +++
314544 --- SIGCHLD {si_signo=SIGCHLD, si_code=CLD_KILLED, si_pid=314548, si_uid=1000, si_status=SIGKILL, si_utime=0, si_stime=0} ---
314544 +++ exited with 0 +++
314538 +++ exited with 0 +++
314545 +++ killed by SIGKILL +++
314534 --- SIGCHLD {si_signo=SIGCHLD, si_code=CLD_KILLED, si_pid=314545, si_uid=1000, si_status=SIGKILL, si_utime=0, si_stime=0} ---
314540 +++ exited with 0 +++
314536 +++ exited with 0 +++
314551 +++ killed by SIGKILL +++
314534 --- SIGCHLD {si_signo=SIGCHLD, si_code=CLD_KILLED, si_pid=314551, si_uid=1000, si_status=SIGKILL, si_utime=0, si_stime=0} ---
314567 +++ killed by SIGKILL +++
314566 --- SIGCHLD {si_signo=SIGCHLD, si_code=CLD_KILLED, si_pid=314567, si_uid=1000, si_status=SIGKILL, si_utime=0, si_stime=1 /* 0.01 s */} ---
314566 +++ killed by SIGKILL +++
314547 --- SIGCHLD {si_signo=SIGCHLD, si_code=CLD_KILLED, si_pid=314566, si_uid=1000, si_status=SIGKILL, si_utime=0, si_stime=1 /* 0.01 s */} ---
314547 +++ exited with 0 +++
314537 +++ exited with 0 +++
314534 +++ exited with 0 +++
