314617 +++ exited with 0 +++
314633 +++ exited with 0 +++
314638 +++ exited with 0 +++
314631 --- SIGCHLD {si_signo=SIGCHLD, si_code=CLD_EXITED, si_pid=314633, si_uid=1000, si_status=0, si_utime=0, si_stime=0} ---
314637 +++ exited with 0 +++
314632 +++ killed by SIGKILL +++
314629 --- SIGCHLD {si_signo=SIGCHLD, si_code=CLD_KILLED, si_pid=314632, si_uid=1000, si_status=SIGKILL, si_utime=0, si_stime=0} ---
314640 +++ exited with 0 +++
314634 --- SIGCHLD {si_signo=SIGCHLD, si_code=CLD_EXITED, si_pid=314640, si_uid=1000, si_status=0, si_utime=0, si_stime=0} ---
314634 --- SIGTERM {si_signo=SIGTERM, si_code=SI_USER, si_pid=314630, si_uid=1000} ---
314634 +++ killed by SIGTERM +++
314630 --- SIGCHLD {si_signo=SIGCHLD, si_code=CLD_KILLED, si_pid=314634, si_uid=1000, si_status=SIGTERM, si_utime=0, si_stime=0} ---
314642 +++ exited with 0 +++
314636 --- SIGCHLD {si_signo=SIGCHLD, si_code=CLD_EXITED, si_pid=314642, si_uid=1000, si_status=0, si_utime=0, si_stime=0} ---
314639 +++ exited with 0 +++
314643 +++ exited with 0 +++
314630 --- SIGCHLD {si_signo=SIGCHLD, si_code=CLD_EXITED, si_pid=314643, si_uid=1000, si_status=0, si_utime=0, si_stime=0} ---
314636 +++ exited with 0 +++
314635 --- SIGCHLD {si_signo=SIGCHLD, si_code=CLD_EXITED, si_pid=314636, si_uid=1000, si_status=0, si_utime=0, si_stime=0} ---
314641 +++ exited with 0 +++
314619 +++ exited with 0 +++
314620 +++ exited with 0 +++
314629 +++ killed by SIGKILL +++
314624 --- SIGCHLD {si_signo=SIGCHLD, si_code=CLD_KILLED, si_pid=314629, si_uid=1000, si_status=SIGKILL, si_utime=0, si_stime=0} ---
314631 +++ killed by SIGKILL +++
314627 --- SIGCHLD {si_signo=SIGCHLD, si_code=CLD_KILLED, si_pid=314631, si_uid=1000, si_status=SIGKILL, si_utime=0, si_stime=0} ---
314646 +++ exited with 3 +++
314645 --- SIGCHLD {si_signo=SIGCHLD, si_code=CLD_EXITED, si_pid=314646, si_uid=1000, si_status=3, si_utime=0, si_stime=0} ---
314647 +++ exited with 0 +++
314635 +++ killed by SIGKILL +++
314628 --- SIGCHLD {si_signo=SIGCHLD, si_code=CLD_KILLED, si_pid=314635, si_uid=1000, si_status=SIGKILL, si_utime=0, si_stime=0} ---
314624 +++ killed by SIGKILL +++
314612 --- SIGCHLD {si_signo=SIGCHLD, si_code=CLD_KILLED, si_pid=314624, si_uid=1000, si_status=SIGKILL, si_utime=0, si_stime=0} ---
314618 +++ exited with 0 +++
314630 +++ killed by SIGKILL +++
314626 --- SIGCHLD {si_signo=SIGCHLD, si_code=CLD_KILLED, si_pid=314630, si_uid=1000, si_status=SIGKILL, si_utime=0, si_stime=0} ---
314613 +++ exited with 0 +++
314623 +++ exited with 0 +++
314627 +++ killed by SIGKILL +++
314612 --- SIGCHLD {si_signo=SIGCHLD, si_code=CLD_KILLED, si_pid=314627, si_uid=1000, si_status=SIGKILL, si_utime=0, si_stime=0} ---
314621 +++ exited with 0 +++
314616 +++ exited with 0 +++
314628 +++ killed by SIGKILL +++
314625 --- SIGCHLD {si_signo=SIGCHLD, si_code=CLD_KILLED, si_pid=314628, si_uid=1000, si_status=SIGKILL, si_utime=0, si_stime=1 /* 0.01 s */} ---
314645 +++ killed by SIGKILL +++
314644 --- SIGCHLD {si_signo=SIGCHLD, si_code=CLD_KILLED, si_pid=314645, si_uid=1000, si_status=SIGKILL, si_utime=0, si_stime=0} ---
314626 +++ killed by SIGKILL +++
314625 --- SIGCHLD {si_signo=SIGCHLD, si_code=CLD_KILLED, si_pid=314626, si_uid=1000, si_status=SIGKILL, si_utime=0, si_stime=0} ---
314622 +++ exited with 0 +++
314614 +++ exited with 0 +++
314644 +++ killed by SIGKILL +++
314612 --- SIGCHLD {si_signo=SIGCHLD, si_code=CLD_KILLED, si_pid=314644, si_uid=1000, si_status=SIGKILL, si_utime=0, si_stime=1 /* 0.01 s */} ---
314625 +++ exited with 0 +++
314615 +++ exited with 0 +++
314612 +++ exited with 0 +++
