314656 +++ exited with 0 +++
314675 +++ exited with 0 +++
314671 +++ killed by SIGKILL +++
314668 --- SIGCHLD {si_signo=SIGCHLD, si_code=CLD_KILLED, si_pid=314671, si_uid=1000, si_status=SIGKILL, si_utime=0, si_stime=0} ---
314679 +++ exited with 0 +++
314670 --- SIGCHLD {si_signo=SIGCHLD, si_code=CLD_EXITED, si_pid=314679, si_uid=1000, si_status=0, si_utime=0, si_stime=0} ---
314670 --- SIGTERM {si_signo=SIGTERM, si_code=SI_USER, si_pid=314669, si_uid=1000} ---
314670 +++ killed by SIGTERM +++
314669 --- SIGCHLD {si_signo=SIGCHLD, si_code=CLD_KILLED, si_pid=314670, si_uid=1000, si_status=SIGTERM, si_utime=0, si_stime=0} ---
314680 +++ exited with 0 +++
314673 --- SIGCHLD {si_signo=SIGCHLD, si_code=CLD_EXITED, si_pid=314680, si_uid=1000, si_status=0, si_utime=0, si_stime=0} ---
314678 +++ exited with 0 +++
314674 --- SIGCHLD {si_signo=SIGCHLD, si_code=CLD_EXITED, si_pid=314678, si_uid=1000, si_status=0, si_utime=0, si_stime=0} ---
314676 +++ exited with 0 +++
314681 +++ exited with 0 +++
314682 +++ exited with 0 +++
314669 --- SIGCHLD {si_signo=SIGCHLD, si_code=CLD_EXITED, si_pid=314682, si_uid=1000, si_status=0, si_utime=0, si_stime=0} ---
314673 +++ exited with 0 +++
314672 --- SIGCHLD {si_signo=SIGCHLD, si_code=CLD_EXITED, si_pid=314673, si_uid=1000, si_status=0, si_utime=0, si_stime=0} ---
314677 +++ exited with 0 +++
314659 +++ exited with 0 +++
314657 +++ exited with 0 +++
314668 +++ killed by SIGKILL +++
314664 --- SIGCHLD {si_signo=SIGCHLD, si_code=CLD_KILLED, si_pid=314668, si_uid=1000, si_status=SIGKILL, si_utime=0, si_stime=1 /* 0.01 s */} ---
314685 +++ exited with 3 +++
314684 --- SIGCHLD {si_signo=SIGCHLD, si_code=CLD_EXITED, si_pid=314685, si_uid=1000, si_status=3, si_utime=0, si_stime=0} ---
314686 +++ exited with 0 +++
314672 +++ killed by SIGKILL +++
314665 --- SIGCHLD {si_signo=SIGCHLD, si_code=CLD_KILLED, si_pid=314672, si_uid=1000, si_status=SIGKILL, si_utime=0, si_stime=0} ---
314674 +++ killed by SIGKILL +++
314667 --- SIGCHLD {si_signo=SIGCHLD, si_code=CLD_KILLED, si_pid=314674, si_uid=1000, si_status=SIGKILL, si_utime=0, si_stime=0} ---
314658 +++ exited with 0 +++
314664 +++ killed by SIGKILL +++
314651 --- SIGCHLD {si_signo=SIGCHLD, si_code=CLD_KILLED, si_pid=314664, si_uid=1000, si_status=SIGKILL, si_utime=0, si_stime=0} ---
314660 +++ exited with 0 +++
314652 +++ exited with 0 +++
314669 +++ killed by SIGKILL +++
314666 --- SIGCHLD {si_signo=SIGCHLD, si_code=CLD_KILLED, si_pid=314669, si_uid=1000, si_status=SIGKILL, si_utime=0, si_stime=1 /* 0.01 s */} ---
314667 +++ killed by SIGKILL +++
314651 --- SIGCHLD {si_signo=SIGCHLD, si_code=CLD_KILLED, si_pid=314667, si_uid=1000, si_status=SIGKILL, si_utime=0, si_stime=1 /* 0.01 s */} ---
314665 +++ killed by SIGKILL +++
314661 --- SIGCHLD {si_signo=SIGCHLD, si_code=CLD_KILLED, si_pid=314665, si_uid=1000, si_status=SIGKILL, si_utime=0, si_stime=0} ---
314663 +++ exited with 0 +++
314655 +++ exited with 0 +++
314666 +++ killed by SIGKILL +++
314651 --- SIGCHLD {si_signo=SIGCHLD, si_code=CLD_KILLED, si_pid=314666, si_uid=1000, si_status=SIGKILL, si_utime=0, si_stime=0} ---
314684 +++ killed by SIGKILL +++
314683 --- SIGCHLD {si_signo=SIGCHLD, si_code=CLD_KILLED, si_pid=314684, si_uid=1000, si_status=SIGKILL, si_utime=0, si_stime=1 /* 0.01 s */} ---
314662 +++ exited with 0 +++
314653 +++ exited with 0 +++
314683 +++ killed by SIGKILL +++
314661 --- SIGCHLD {si_signo=SIGCHLD, si_code=CLD_KILLED, si_pid=314683, si_uid=1000, si_status=SIGKILL, si_utime=0, si_stime=2 /* 0.02 s */} ---
314661 +++ exited with 0 +++
314654 +++ exited with 0 +++
314651 +++ exited with 0 +++
