314851 +++ exited with 0 +++
314867 +++ exited with 0 +++
314865 +++ killed by SIGKILL +++
314862 --- SIGCHLD {si_signo=SIGCHLD, si_code=CLD_KILLED, si_pid=314865, si_uid=1000, si_status=SIGKILL, si_utime=0, si_stime=0} ---
314866 +++ exited with 0 +++
314864 --- SIGCHLD {si_signo=SIGCHLD, si_code=CLD_EXITED, si_pid=314866, si_uid=1000, si_status=0, si_utime=0, si_stime=0} ---
314869 +++ exited with 0 +++
314875 +++ exited with 0 +++
314871 --- SIGCHLD {si_signo=SIGCHLD, si_code=CLD_EXITED, si_pid=314875, si_uid=1000, si_status=0, si_utime=0, si_stime=0} ---
314876 +++ exited with 0 +++
314872 --- SIGCHLD {si_signo=SIGCHLD, si_code=CLD_EXITED, si_pid=314876, si_uid=1000, si_status=0, si_utime=0, si_stime=0} ---
314854 +++ exited with 0 +++
314872 --- SIGTERM {si_signo=SIGTERM, si_code=SI_USER, si_pid=314870, si_uid=1000} ---
314872 +++ killed by SIGTERM +++
314870 --- SIGCHLD {si_signo=SIGCHLD, si_code=CLD_KILLED, si_pid=314872, si_uid=1000, si_status=SIGTERM, si_utime=0, si_stime=0} ---
314871 +++ exited with 0 +++
314868 --- SIGCHLD {si_signo=SIGCHLD, si_code=CLD_EXITED, si_pid=314871, si_uid=1000, si_status=0, si_utime=0, si_stime=0} ---
314874 +++ exited with 0 +++
314873 +++ exited with 0 +++
314877 +++ exited with 0 +++
314870 --- SIGCHLD {si_signo=SIGCHLD, si_code=CLD_EXITED, si_pid=314877, si_uid=1000, si_status=0, si_utime=0, si_stime=0} ---
314862 +++ killed by SIGKILL +++
314860 --- SIGCHLD {si_signo=SIGCHLD, si_code=CLD_KILLED, si_pid=314862, si_uid=1000, si_status=SIGKILL, si_utime=0, si_stime=0} ---
314853 +++ exited with 0 +++
314860 +++ killed by SIGKILL +++
314852 --- SIGCHLD {si_signo=SIGCHLD, si_code=CLD_KILLED, si_pid=314860, si_uid=1000, si_status=SIGKILL, si_utime=0, si_stime=0} ---
314852 +++ exited with 0 +++
314847 +++ exited with 0 +++
314864 +++ killed by SIGKILL +++
314880 +++ exited with 3 +++
314879 --- SIGCHLD {si_signo=SIGCHLD, si_code=CLD_EXITED, si_pid=314880, si_uid=1000, si_status=3, si_utime=0, si_stime=0} ---
314859 --- SIGCHLD {si_signo=SIGCHLD, si_code=CLD_KILLED, si_pid=314864, si_uid=1000, si_status=SIGKILL, si_utime=0, si_stime=1 /* 0.01 s */} ---
314881 +++ exited with 0 +++
314870 +++ killed by SIGKILL +++
314861 --- SIGCHLD {si_signo=SIGCHLD, si_code=CLD_KILLED, si_pid=314870, si_uid=1000, si_status=SIGKILL, si_utime=0, si_stime=1 /* 0.01 s */} ---
314857 +++ exited with 0 +++
314868 +++ killed by SIGKILL +++
314863 --- SIGCHLD {si_signo=SIGCHLD, si_code=CLD_KILLED, si_pid=314868, si_uid=1000, si_status=SIGKILL, si_utime=0, si_stime=1 /* 0.01 s */} ---
314859 +++ killed by SIGKILL +++
314846 --- SIGCHLD {si_signo=SIGCHLD, si_code=CLD_KILLED, si_pid=314859, si_uid=1000, si_status=SIGKILL, si_utime=0, si_stime=1 /* 0.01 s */} ---
314855 +++ exited with 0 +++
314850 +++ exited with 0 +++
314861 +++ killed by SIGKILL +++
314856 --- SIGCHLD {si_signo=SIGCHLD, si_code=CLD_KILLED, si_pid=314861, si_uid=1000, si_status=SIGKILL, si_utime=0, si_stime=1 /* 0.01 s */} ---
314863 +++ killed by SIGKILL +++
314856 --- SIGCHLD {si_signo=SIGCHLD, si_code=CLD_KILLED, si_pid=314863, si_uid=1000, si_status=SIGKILL, si_utime=0, si_stime=0} ---
314856 +++ exited with 0 +++
314848 +++ exited with 0 +++
314879 +++ killed by SIGKILL +++
314878 --- SIGCHLD {si_signo=SIGCHLD, si_code=CLD_KILLED, si_pid=314879, si_uid=1000, si_status=SIGKILL, si_utime=0, si_stime=2 /* 0.02 s */} ---
314878 +++ killed by SIGKILL +++
314858 --- SIGCHLD {si_signo=SIGCHLD, si_code=CLD_KILLED, si_pid=314878, si_uid=1000, si_status=SIGKILL, si_utime=0, si_stime=0} ---
314858 +++ exited with 0 +++
314849 +++ exited with 0 +++
314846 +++ exited with 0 +++
