314905 +++ exited with 0 +++
314900 --- SIGCHLD {si_signo=SIGCHLD, si_code=CLD_EXITED, si_pid=314905, si_uid=1000, si_status=0, si_utime=0, si_stime=0} ---
314900 +++ exited with 0 +++
314899 --- SIGCHLD {si_signo=SIGCHLD, si_code=CLD_EXITED, si_pid=314900, si_uid=1000, si_status=0, si_utime=0, si_stime=0} ---
314904 +++ exited with 0 +++
314908 +++ exited with 0 +++
314906 --- SIGCHLD {si_signo=SIGCHLD, si_code=CLD_EXITED, si_pid=314908, si_uid=1000, si_status=0, si_utime=0, si_stime=0} ---
314912 +++ exited with 0 +++
314911 +++ killed by SIGKILL +++
314910 --- SIGCHLD {si_signo=SIGCHLD, si_code=CLD_KILLED, si_pid=314911, si_uid=1000, si_status=SIGKILL, si_utime=0, si_stime=0} ---
314891 +++ exited with 0 +++
314914 +++ exited with 0 +++
314909 --- SIGCHLD {si_signo=SIGCHLD, si_code=CLD_EXITED, si_pid=314914, si_uid=1000, si_status=0, si_utime=0, si_stime=0} ---
314915 +++ exited with 0 +++
314893 +++ exited with 0 +++
314909 --- SIGTERM {si_signo=SIGTERM, si_code=SI_USER, si_pid=314907, si_uid=1000} ---
314909 +++ killed by SIGTERM +++
314907 --- SIGCHLD {si_signo=SIGCHLD, si_code=CLD_KILLED, si_pid=314909, si_uid=1000, si_status=SIGTERM, si_utime=0, si_stime=0} ---
314913 +++ exited with 0 +++
314916 +++ exited with 0 +++
314907 --- SIGCHLD {si_signo=SIGCHLD, si_code=CLD_EXITED, si_pid=314916, si_uid=1000, si_status=0, si_utime=0, si_stime=0} ---
314895 +++ exited with 0 +++
314910 +++ killed by SIGKILL +++
314903 --- SIGCHLD {si_signo=SIGCHLD, si_code=CLD_KILLED, si_pid=314910, si_uid=1000, si_status=SIGKILL, si_utime=0, si_stime=0} ---
314919 +++ exited with 3 +++
314918 --- SIGCHLD {si_signo=SIGCHLD, si_code=CLD_EXITED, si_pid=314919, si_uid=1000, si_status=3, si_utime=0, si_stime=0} ---
314920 +++ exited with 0 +++
314906 +++ killed by SIGKILL +++
314901 --- SIGCHLD {si_signo=SIGCHLD, si_code=CLD_KILLED, si_pid=314906, si_uid=1000, si_status=SIGKILL, si_utime=0, si_stime=0} ---
314890 +++ exited with 0 +++
314899 +++ killed by SIGKILL +++
314903 +++ killed by SIGKILL +++
314898 --- SIGCHLD {si_signo=SIGCHLD, si_code=CLD_KILLED, si_pid=314899, si_uid=1000, si_status=SIGKILL, si_utime=0, si_stime=1 /* 0.01 s */} ---
314885 --- SIGCHLD {si_signo=SIGCHLD, si_code=CLD_KILLED, si_pid=314903, si_uid=1000, si_status=SIGKILL, si_utime=0, si_stime=0} ---
314892 +++ exited with 0 +++
314886 +++ exited with 0 +++
314907 +++ killed by SIGKILL +++
314902 --- SIGCHLD {si_signo=SIGCHLD, si_code=CLD_KILLED, si_pid=314907, si_uid=1000, si_status=SIGKILL, si_utime=0, si_stime=1 /* 0.01 s */} ---
314901 +++ killed by SIGKILL +++
314885 --- SIGCHLD {si_signo=SIGCHLD, si_code=CLD_KILLED, si_pid=314901, si_uid=1000, si_status=SIGKILL, si_utime=0, si_stime=0} ---
314896 +++ exited with 0 +++
314889 +++ exited with 0 +++
314918 +++ killed by SIGKILL +++
314917 --- SIGCHLD {si_signo=SIGCHLD, si_code=CLD_KILLED, si_pid=314918, si_uid=1000, si_status=SIGKILL, si_utime=0, si_stime=1 /* 0.01 s */} ---
314898 +++ killed by SIGKILL +++
314885 --- SIGCHLD {si_signo=SIGCHLD, si_code=CLD_KILLED, si_pid=314898, si_uid=1000, si_status=SIGKILL, si_utime=0, si_stime=0} ---
314902 +++ killed by SIGKILL +++
314897 --- SIGCHLD {si_signo=SIGCHLD, si_code=CLD_KILLED, si_pid=314902, si_uid=1000, si_status=SIGKILL, si_utime=0, si_stime=0} ---
314897 +++ exited with 0 +++
314887 +++ exited with 0 +++
314917 +++ killed by SIGKILL +++
314885 --- SIGCHLD {si_signo=SIGCHLD, si_code=CLD_KILLED, si_pid=314917, si_uid=1000, si_status=SIGKILL, si_utime=0, si_stime=1 /* 0.01 s */} ---
314894 +++ exited with 0 +++
314888 +++ exited with 0 +++
314885 +++ exited with 0 +++
