314988 +++ exited with 0 +++
314981 --- SIGCHLD {si_signo=SIGCHLD, si_code=CLD_EXITED, si_pid=314988, si_uid=1000, si_status=0, si_utime=0, si_stime=0} ---
314972 +++ exited with 0 +++
314993 +++ exited with 0 +++
314987 +++ exited with 0 +++
314983 --- SIGCHLD {si_signo=SIGCHLD, si_code=CLD_EXITED, si_pid=314987, si_uid=1000, si_status=0, si_utime=0, si_stime=0} ---
314990 +++ killed by SIGKILL +++
314986 --- SIGCHLD {si_signo=SIGCHLD, si_code=CLD_KILLED, si_pid=314990, si_uid=1000, si_status=SIGKILL, si_utime=0, si_stime=0} ---
314991 +++ exited with 0 +++
314994 +++ exited with 0 +++
314989 --- SIGCHLD {si_signo=SIGCHLD, si_code=CLD_EXITED, si_pid=314994, si_uid=1000, si_status=0, si_utime=0, si_stime=0} ---
314981 +++ exited with 0 +++
314978 --- SIGCHLD {si_signo=SIGCHLD, si_code=CLD_EXITED, si_pid=314981, si_uid=1000, si_status=0, si_utime=0, si_stime=0} ---
314984 +++ exited with 0 +++
314989 --- SIGTERM {si_signo=SIGTERM, si_code=SI_USER, si_pid=314985, si_uid=1000} ---
314989 +++ killed by SIGTERM +++
314985 --- SIGCHLD {si_signo=SIGCHLD, si_code=CLD_KILLED, si_pid=314989, si_uid=1000, si_status=SIGTERM, si_utime=0, si_stime=0} ---
314992 +++ exited with 0 +++
315002 +++ exited with 0 +++
314985 --- SIGCHLD {si_signo=SIGCHLD, si_code=CLD_EXITED, si_pid=315002, si_uid=1000, si_status=0, si_utime=0, si_stime=0} ---
314971 +++ exited with 0 +++
314970 +++ exited with 0 +++
314986 +++ killed by SIGKILL +++
314977 --- SIGCHLD {si_signo=SIGCHLD, si_code=CLD_KILLED, si_pid=314986, si_uid=1000, si_status=SIGKILL, si_utime=0, si_stime=0} ---
314985 +++ killed by SIGKILL +++
314979 --- SIGCHLD {si_signo=SIGCHLD, si_code=CLD_KILLED, si_pid=314985, si_uid=1000, si_status=SIGKILL, si_utime=0, si_stime=0} ---
314978 +++ killed by SIGKILL +++
314976 --- SIGCHLD {si_signo=SIGCHLD, si_code=CLD_KILLED, si_pid=314978, si_uid=1000, si_status=SIGKILL, si_utime=0, si_stime=0} ---
315015 +++ exited with 3 +++
315014 --- SIGCHLD {si_signo=SIGCHLD, si_code=CLD_EXITED, si_pid=315015, si_uid=1000, si_status=3, si_utime=0, si_stime=0} ---
315016 +++ exited with 0 +++
314983 +++ killed by SIGKILL +++
314980 --- SIGCHLD {si_signo=SIGCHLD, si_code=CLD_KILLED, si_pid=314983, si_uid=1000, si_status=SIGKILL, si_utime=0, si_stime=1 /* 0.01 s */} ---
314979 +++ killed by SIGKILL +++
314973 --- SIGCHLD {si_signo=SIGCHLD, si_code=CLD_KILLED, si_pid=314979, si_uid=1000, si_status=SIGKILL, si_utime=0, si_stime=0} ---
314968 +++ exited with 0 +++
314977 +++ killed by SIGKILL +++
314975 --- SIGCHLD {si_signo=SIGCHLD, si_code=CLD_KILLED, si_pid=314977, si_uid=1000, si_status=SIGKILL, si_utime=0, si_stime=0} ---
314976 +++ killed by SIGKILL +++
314963 --- SIGCHLD {si_signo=SIGCHLD, si_code=CLD_KILLED, si_pid=314976, si_uid=1000, si_status=SIGKILL, si_utime=0, si_stime=0} ---
314973 +++ exited with 0 +++
314975 +++ exited with 0 +++
314965 +++ exited with 0 +++
314964 +++ exited with 0 +++
314980 +++ killed by SIGKILL +++
314963 --- SIGCHLD {si_signo=SIGCHLD, si_code=CLD_KILLED, si_pid=314980, si_uid=1000, si_status=SIGKILL, si_utime=0, si_stime=0} ---
314974 +++ exited with 0 +++
314967 +++ exited with 0 +++
315014 +++ killed by SIGKILL +++
315006 --- SIGCHLD {si_signo=SIGCHLD, si_code=CLD_KILLED, si_pid=315014, si_uid=1000, si_status=SIGKILL, si_utime=0, si_stime=1 /* 0.01 s */} ---
315006 +++ killed by SIGKILL +++
314963 --- SIGCHLD {si_signo=SIGCHLD, si_code=CLD_KILLED, si_pid=315006, si_uid=1000, si_status=SIGKILL, si_utime=0, si_stime=2 /* 0.02 s */} ---
314969 +++ exited with 0 +++
314966 +++ exited with 0 +++
314963 +++ exited with 0 +++
