315045 +++ exited with 0 +++
315059 +++ killed by SIGKILL +++
315058 --- SIGCHLD {si_signo=SIGCHLD, si_code=CLD_KILLED, si_pid=315059, si_uid=1000, si_status=SIGKILL, si_utime=0, si_stime=0} ---
315062 +++ exited with 0 +++
315066 +++ exited with 0 +++
315058 +++ killed by SIGKILL +++
315056 --- SIGCHLD {si_signo=SIGCHLD, si_code=CLD_KILLED, si_pid=315058, si_uid=1000, si_status=SIGKILL, si_utime=0, si_stime=0} ---
315063 --- SIGCHLD {si_signo=SIGCHLD, si_code=CLD_EXITED, si_pid=315066, si_uid=1000, si_status=0, si_utime=0, si_stime=0} ---
315063 --- SIGTERM {si_signo=SIGTERM, si_code=SI_USER, si_pid=315060, si_uid=1000} ---
315069 +++ exited with 0 +++
315068 --- SIGCHLD {si_signo=SIGCHLD, si_code=CLD_EXITED, si_pid=315069, si_uid=1000, si_status=0, si_utime=0, si_stime=0} ---
315063 +++ killed by SIGTERM +++
315060 --- SIGCHLD {si_signo=SIGCHLD, si_code=CLD_KILLED, si_pid=315063, si_uid=1000, si_status=SIGTERM, si_utime=0, si_stime=0} ---
315056 +++ killed by SIGKILL +++
315046 --- SIGCHLD {si_signo=SIGCHLD, si_code=CLD_KILLED, si_pid=315056, si_uid=1000, si_status=SIGKILL, si_utime=0, si_stime=0} ---
315046 +++ exited with 0 +++
315038 +++ exited with 0 +++
315065 +++ exited with 0 +++
315070 +++ exited with 0 +++
315072 +++ exited with 0 +++
315060 --- SIGCHLD {si_signo=SIGCHLD, si_code=CLD_EXITED, si_pid=315072, si_uid=1000, si_status=0, si_utime=0, si_stime=0} ---
315073 +++ exited with 0 +++
315067 --- SIGCHLD {si_signo=SIGCHLD, si_code=CLD_EXITED, si_pid=315073, si_uid=1000, si_status=0, si_utime=0, si_stime=0} ---
315067 +++ exited with 0 +++
315064 --- SIGCHLD {si_signo=SIGCHLD, si_code=CLD_EXITED, si_pid=315067, si_uid=1000, si_status=0, si_utime=0, si_stime=0} ---
315048 +++ exited with 0 +++
315071 +++ exited with 0 +++
315051 +++ exited with 0 +++
315068 +++ killed by SIGKILL +++
315061 --- SIGCHLD {si_signo=SIGCHLD, si_code=CLD_KILLED, si_pid=315068, si_uid=1000, si_status=SIGKILL, si_utime=0, si_stime=6 /* 0.06 s */} ---
315076 +++ exited with 3 +++
315075 --- SIGCHLD {si_signo=SIGCHLD, si_code=CLD_EXITED, si_pid=315076, si_uid=1000, si_status=3, si_utime=0, si_stime=1 /* 0.01 s */} ---
315060 +++ killed by SIGKILL +++
315057 --- SIGCHLD {si_signo=SIGCHLD, si_code=CLD_KILLED, si_pid=315060, si_uid=1000, si_status=SIGKILL, si_utime=0, si_stime=3 /* 0.03 s */} ---
315077 +++ exited with 0 +++
315050 +++ exited with 0 +++
315064 +++ killed by SIGKILL +++
315055 --- SIGCHLD {si_signo=SIGCHLD, si_code=CLD_KILLED, si_pid=315064, si_uid=1000, si_status=SIGKILL, si_utime=0, si_stime=1 /* 0.01 s */} ---
315061 +++ killed by SIGKILL +++
315035 --- SIGCHLD {si_signo=SIGCHLD, si_code=CLD_KILLED, si_pid=315061, si_uid=1000, si_status=SIGKILL, si_utime=0, si_stime=1 /* 0.01 s */} ---
315057 +++ killed by SIGKILL +++
315053 --- SIGCHLD {si_signo=SIGCHLD, si_code=CLD_KILLED, si_pid=315057, si_uid=1000, si_status=SIGKILL, si_utime=0, si_stime=0} ---
315049 +++ exited with 0 +++
315041 +++ exited with 0 +++
315053 +++ exited with 0 +++
315039 +++ exited with 0 +++
315055 +++ killed by SIGKILL +++
315035 --- SIGCHLD {si_signo=SIGCHLD, si_code=CLD_KILLED, si_pid=315055, si_uid=1000, si_status=SIGKILL, si_utime=0, si_stime=1 /* 0.01 s */} ---
315075 +++ killed by SIGKILL +++
315074 --- SIGCHLD {si_signo=SIGCHLD, si_code=CLD_KILLED, si_pid=315075, si_uid=1000, si_status=SIGKILL, si_utime=0, si_stime=2 /* 0.02 s */} ---
315074 +++ killed by SIGKILL +++
315035 --- SIGCHLD {si_signo=SIGCHLD, si_code=CLD_KILLED, si_pid=315074, si_uid=1000, si_status=SIGKILL, si_utime=0, si_stime=2 /* 0.02 s */} ---
315052 +++ exited with 0 +++
315040 +++ exited with 0 +++
315035 +++ exited with 0 +++
