315099 +++ exited with 0 +++
315098 --- SIGCHLD {si_signo=SIGCHLD, si_code=CLD_EXITED, si_pid=315099, si_uid=1000, si_status=0, si_utime=0, si_stime=0} ---
315108 +++ exited with 0 +++
315103 --- SIGCHLD {si_signo=SIGCHLD, si_code=CLD_EXITED, si_pid=315108, si_uid=1000, si_status=0, si_utime=0, si_stime=0} ---
315105 +++ exited with 0 +++
315103 --- SIGTERM {si_signo=SIGTERM, si_code=SI_USER, si_pid=315101, si_uid=1000} ---
315103 +++ killed by SIGTERM +++
315101 --- SIGCHLD {si_signo=SIGCHLD, si_code=CLD_KILLED, si_pid=315103, si_uid=1000, si_status=SIGTERM, si_utime=0, si_stime=0} ---
315086 +++ exited with 0 +++
315110 +++ exited with 0 +++
315104 +++ killed by SIGKILL +++
315107 +++ exited with 0 +++
315100 --- SIGCHLD {si_signo=SIGCHLD, si_code=CLD_KILLED, si_pid=315104, si_uid=1000, si_status=SIGKILL, si_utime=0, si_stime=0} ---
315112 +++ exited with 0 +++
315101 --- SIGCHLD {si_signo=SIGCHLD, si_code=CLD_EXITED, si_pid=315112, si_uid=1000, si_status=0, si_utime=0, si_stime=0} ---
315089 +++ exited with 0 +++
315111 +++ exited with 0 +++
315106 --- SIGCHLD {si_signo=SIGCHLD, si_code=CLD_EXITED, si_pid=315111, si_uid=1000, si_status=0, si_utime=0, si_stime=0} ---
315106 +++ exited with 0 +++
315102 --- SIGCHLD {si_signo=SIGCHLD, si_code=CLD_EXITED, si_pid=315106, si_uid=1000, si_status=0, si_utime=0, si_stime=0} ---
315109 +++ exited with 0 +++
315092 +++ exited with 0 +++
315101 +++ killed by SIGKILL +++
315095 --- SIGCHLD {si_signo=SIGCHLD, si_code=CLD_KILLED, si_pid=315101, si_uid=1000, si_status=SIGKILL, si_utime=0, si_stime=1 /* 0.01 s */} ---
315100 +++ killed by SIGKILL +++
315097 --- SIGCHLD {si_signo=SIGCHLD, si_code=CLD_KILLED, si_pid=315100, si_uid=1000, si_status=SIGKILL, si_utime=0, si_stime=0} ---
315115 +++ exited with 3 +++
315114 --- SIGCHLD {si_signo=SIGCHLD, si_code=CLD_EXITED, si_pid=315115, si_uid=1000, si_status=3, si_utime=0, si_stime=0} ---
315116 +++ exited with 0 +++
315095 +++ killed by SIGKILL +++
315081 --- SIGCHLD {si_signo=SIGCHLD, si_code=CLD_KILLED, si_pid=315095, si_uid=1000, si_status=SIGKILL, si_utime=0, si_stime=0} ---
315097 +++ killed by SIGKILL +++
315091 --- SIGCHLD {si_signo=SIGCHLD, si_code=CLD_KILLED, si_pid=315097, si_uid=1000, si_status=SIGKILL, si_utime=0, si_stime=1 /* 0.01 s */} ---
315102 +++ killed by SIGKILL +++
315096 --- SIGCHLD {si_signo=SIGCHLD, si_code=CLD_KILLED, si_pid=315102, si_uid=1000, si_status=SIGKILL, si_utime=0, si_stime=1 /* 0.01 s */} ---
315098 +++ killed by SIGKILL +++
315094 --- SIGCHLD {si_signo=SIGCHLD, si_code=CLD_KILLED, si_pid=315098, si_uid=1000, si_status=SIGKILL, si_utime=0, si_stime=1 /* 0.01 s */} ---
315090 +++ exited with 0 +++
315087 +++ exited with 0 +++
315082 +++ exited with 0 +++
315083 +++ exited with 0 +++
315088 +++ exited with 0 +++
315096 +++ killed by SIGKILL +++
315081 --- SIGCHLD {si_signo=SIGCHLD, si_code=CLD_KILLED, si_pid=315096, si_uid=1000, si_status=SIGKILL, si_utime=0, si_stime=0} ---
315094 +++ killed by SIGKILL +++
315093 --- SIGCHLD {si_signo=SIGCHLD, si_code=CLD_KILLED, si_pid=315094, si_uid=1000, si_status=SIGKILL, si_utime=0, si_stime=1 /* 0.01 s */} ---
315093 +++ exited with 0 +++
315085 +++ exited with 0 +++
315114 +++ killed by SIGKILL +++
315113 --- SIGCHLD {si_signo=SIGCHLD, si_code=CLD_KILLED, si_pid=315114, si_uid=1000, si_status=SIGKILL, si_utime=0, si_stime=1 /* 0.01 s */} ---
315113 +++ killed by SIGKILL +++
315081 --- SIGCHLD {si_signo=SIGCHLD, si_code=CLD_KILLED, si_pid=315113, si_uid=1000, si_status=SIGKILL, si_utime=0, si_stime=4 /* 0.04 s */} ---
315091 +++ exited with 0 +++
315084 +++ exited with 0 +++
315081 +++ exited with 0 +++
