312897 +++ exited with 0 +++
312892 --- SIGCHLD {si_signo=SIGCHLD, si_code=CLD_EXITED, si_pid=312897, si_uid=1000, si_status=0, si_utime=0, si_stime=0} ---
312894 +++ exited with 0 +++
312893 --- SIGCHLD {si_signo=SIGCHLD, si_code=CLD_EXITED, si_pid=312894, si_uid=1000, si_status=0, si_utime=0, si_stime=0} ---
312898 +++ exited with 0 +++
312882 +++ exited with 0 +++
312892 --- SIGTERM {si_signo=SIGTERM, si_code=SI_USER, si_pid=312891, si_uid=1000} ---
312892 +++ killed by SIGTERM +++
312891 --- SIGCHLD {si_signo=SIGCHLD, si_code=CLD_KILLED, si_pid=312892, si_uid=1000, si_status=SIGTERM, si_utime=0, si_stime=0} ---
312895 +++ exited with 0 +++
312901 +++ exited with 0 +++
312891 --- SIGCHLD {si_signo=SIGCHLD, si_code=CLD_EXITED, si_pid=312901, si_uid=1000, si_status=0, si_utime=0, si_stime=0} ---
312881 +++ exited with 0 +++
312903 +++ killed by SIGKILL +++
312900 --- SIGCHLD {si_signo=SIGCHLD, si_code=CLD_KILLED, si_pid=312903, si_uid=1000, si_status=SIGKILL, si_utime=0, si_stime=0} ---
312905 +++ exited with 0 +++
312907 +++ exited with 0 +++
312904 --- SIGCHLD {si_signo=SIGCHLD, si_code=CLD_EXITED, si_pid=312907, si_uid=1000, si_status=0, si_utime=0, si_stime=0} ---
312884 +++ exited with 0 +++
312904 +++ exited with 0 +++
312902 --- SIGCHLD {si_signo=SIGCHLD, si_code=CLD_EXITED, si_pid=312904, si_uid=1000, si_status=0, si_utime=0, si_stime=0} ---
312906 +++ exited with 0 +++
312893 +++ killed by SIGKILL +++
312890 --- SIGCHLD {si_signo=SIGCHLD, si_code=CLD_KILLED, si_pid=312893, si_uid=1000, si_status=SIGKILL, si_utime=0, si_stime=1 /* 0.01 s */} ---
312900 +++ killed by SIGKILL +++
312899 --- SIGCHLD {si_signo=SIGCHLD, si_code=CLD_KILLED, si_pid=312900, si_uid=1000, si_status=SIGKILL, si_utime=0, si_stime=0} ---
312891 +++ killed by SIGKILL +++
312889 --- SIGCHLD {si_signo=SIGCHLD, si_code=CLD_KILLED, si_pid=312891, si_uid=1000, si_status=SIGKILL, si_utime=0, si_stime=1 /* 0.01 s */} ---
312890 +++ killed by SIGKILL +++
312876 --- SIGCHLD {si_signo=SIGCHLD, si_code=CLD_KILLED, si_pid=312890, si_uid=1000, si_status=SIGKILL, si_utime=0, si_stime=0} ---
312899 +++ killed by SIGKILL +++
312885 --- SIGCHLD {si_signo=SIGCHLD, si_code=CLD_KILLED, si_pid=312899, si_uid=1000, si_status=SIGKILL, si_utime=0, si_stime=1 /* 0.01 s */} ---
312883 +++ exited with 0 +++
312885 +++ exited with 0 +++
312877 +++ exited with 0 +++
312880 +++ exited with 0 +++
312912 +++ exited with 3 +++
312911 --- SIGCHLD {si_signo=SIGCHLD, si_code=CLD_EXITED, si_pid=312912, si_uid=1000, si_status=3, si_utime=0, si_stime=0} ---
312889 +++ killed by SIGKILL +++
312913 --- SIGCHLD {si_signo=SIGCHLD, si_code=CLD_KILLED, si_pid=312889, si_uid=1000, si_status=SIGKILL, si_utime=0, si_stime=1 /* 0.01 s */} ---
312913 +++ exited with 0 +++
312887 +++ exited with 0 +++
312878 +++ exited with 0 +++
312902 +++ killed by SIGKILL +++
312896 --- SIGCHLD {si_signo=SIGCHLD, si_code=CLD_KILLED, si_pid=312902, si_uid=1000, si_status=SIGKILL, si_utime=0, si_stime=1 /* 0.01 s */} ---
312886 +++ exited with 0 +++
312896 +++ killed by SIGKILL +++
312888 --- SIGCHLD {si_signo=SIGCHLD, si_code=CLD_KILLED, si_pid=312896, si_uid=1000, si_status=SIGKILL, si_utime=0, si_stime=1 /* 0.01 s */} ---
312911 +++ killed by SIGKILL +++
312910 --- SIGCHLD {si_signo=SIGCHLD, si_code=CLD_KILLED, si_pid=312911, si_uid=1000, si_status=SIGKILL, si_utime=0, si_stime=1 /* 0.01 s */} ---
312910 +++ killed by SIGKILL +++
312888 --- SIGCHLD {si_signo=SIGCHLD, si_code=CLD_KILLED, si_pid=312910, si_uid=1000, si_status=SIGKILL, si_utime=0, si_stime=1 /* 0.01 s */} ---
312888 +++ exited with 0 +++
312879 +++ exited with 0 +++
312876 +++ exited with 0 +++
