315146 +++ exited with 0 +++
315138 --- SIGCHLD {si_signo=SIGCHLD, si_code=CLD_EXITED, si_pid=315146, si_uid=1000, si_status=0, si_utime=0, si_stime=0} ---
315125 +++ exited with 0 +++
315147 +++ exited with 0 +++
315143 +++ killed by SIGKILL +++
315139 --- SIGCHLD {si_signo=SIGCHLD, si_code=CLD_KILLED, si_pid=315143, si_uid=1000, si_status=SIGKILL, si_utime=0, si_stime=0} ---
315144 +++ exited with 0 +++
315140 --- SIGCHLD {si_signo=SIGCHLD, si_code=CLD_EXITED, si_pid=315144, si_uid=1000, si_status=0, si_utime=0, si_stime=0} ---
315138 --- SIGTERM {si_signo=SIGTERM, si_code=SI_USER, si_pid=315137, si_uid=1000} ---
315138 +++ killed by SIGTERM +++
315137 --- SIGCHLD {si_signo=SIGCHLD, si_code=CLD_KILLED, si_pid=315138, si_uid=1000, si_status=SIGTERM, si_utime=0, si_stime=0} ---
315148 +++ exited with 0 +++
315150 +++ exited with 0 +++
315145 --- SIGCHLD {si_signo=SIGCHLD, si_code=CLD_EXITED, si_pid=315150, si_uid=1000, si_status=0, si_utime=0, si_stime=0} ---
315142 +++ exited with 0 +++
315151 +++ exited with 0 +++
315137 --- SIGCHLD {si_signo=SIGCHLD, si_code=CLD_EXITED, si_pid=315151, si_uid=1000, si_status=0, si_utime=0, si_stime=0} ---
315145 +++ exited with 0 +++
315141 --- SIGCHLD {si_signo=SIGCHLD, si_code=CLD_EXITED, si_pid=315145, si_uid=1000, si_status=0, si_utime=0, si_stime=0} ---
315149 +++ exited with 0 +++
315130 +++ exited with 0 +++
315126 +++ exited with 0 +++
315139 +++ killed by SIGKILL +++
315136 --- SIGCHLD {si_signo=SIGCHLD, si_code=CLD_KILLED, si_pid=315139, si_uid=1000, si_status=SIGKILL, si_utime=0, si_stime=0} ---
315154 +++ exited with 3 +++
315153 --- SIGCHLD {si_signo=SIGCHLD, si_code=CLD_EXITED, si_pid=315154, si_uid=1000, si_status=3, si_utime=0, si_stime=0} ---
315155 +++ exited with 0 +++
315140 +++ killed by SIGKILL +++
315134 --- SIGCHLD {si_signo=SIGCHLD, si_code=CLD_KILLED, si_pid=315140, si_uid=1000, si_status=SIGKILL, si_utime=0, si_stime=1 /* 0.01 s */} ---
315136 +++ killed by SIGKILL +++
315132 --- SIGCHLD {si_signo=SIGCHLD, si_code=CLD_KILLED, si_pid=315136, si_uid=1000, si_status=SIGKILL, si_utime=0, si_stime=0} ---
315141 +++ killed by SIGKILL +++
315135 --- SIGCHLD {si_signo=SIGCHLD, si_code=CLD_KILLED, si_pid=315141, si_uid=1000, si_status=SIGKILL, si_utime=0, si_stime=1 /* 0.01 s */} ---
315127 +++ exited with 0 +++
315137 +++ killed by SIGKILL +++
315133 --- SIGCHLD {si_signo=SIGCHLD, si_code=CLD_KILLED, si_pid=315137, si_uid=1000, si_status=SIGKILL, si_utime=0, si_stime=1 /* 0.01 s */} ---
315121 +++ exited with 0 +++
315128 +++ exited with 0 +++
315135 +++ killed by SIGKILL +++
315131 --- SIGCHLD {si_signo=SIGCHLD, si_code=CLD_KILLED, si_pid=315135, si_uid=1000, si_status=SIGKILL, si_utime=0, si_stime=1 /* 0.01 s */} ---
315134 +++ killed by SIGKILL +++
315132 --- SIGCHLD {si_signo=SIGCHLD, si_code=CLD_KILLED, si_pid=315134, si_uid=1000, si_status=SIGKILL, si_utime=0, si_stime=1 /* 0.01 s */} ---
315132 +++ exited with 0 +++
315124 +++ exited with 0 +++
315133 +++ killed by SIGKILL +++
315120 --- SIGCHLD {si_signo=SIGCHLD, si_code=CLD_KILLED, si_pid=315133, si_uid=1000, si_status=SIGKILL, si_utime=0, si_stime=1 /* 0.01 s */} ---
315129 +++ exited with 0 +++
315122 +++ exited with 0 +++
315153 +++ killed by SIGKILL +++
315152 --- SIGCHLD {si_signo=SIGCHLD, si_code=CLD_KILLED, si_pid=315153, si_uid=1000, si_status=SIGKILL, si_utime=0, si_stime=1 /* 0.01 s */} ---
315152 +++ killed by SIGKILL +++
315131 --- SIGCHLD {si_signo=SIGCHLD, si_code=CLD_KILLED, si_pid=315152, si_uid=1000, si_status=SIGKILL, si_utime=0, si_stime=1 /* 0.01 s */} ---
315131 +++ exited with 0 +++
315123 +++ exited with 0 +++
315120 +++ exited with 0 +++
