315169 +++ exited with 0 +++
315185 +++ exited with 0 +++
315180 +++ killed by SIGKILL +++
315178 --- SIGCHLD {si_signo=SIGCHLD, si_code=CLD_KILLED, si_pid=315180, si_uid=1000, si_status=SIGKILL, si_utime=0, si_stime=0} ---
315189 +++ exited with 0 +++
315181 --- SIGCHLD {si_signo=SIGCHLD, si_code=CLD_EXITED, si_pid=315189, si_uid=1000, si_status=0, si_utime=0, si_stime=0} ---
315186 +++ exited with 0 +++
315184 --- SIGCHLD {si_signo=SIGCHLD, si_code=CLD_EXITED, si_pid=315186, si_uid=1000, si_status=0, si_utime=0, si_stime=0} ---
315190 +++ exited with 0 +++
315183 --- SIGCHLD {si_signo=SIGCHLD, si_code=CLD_EXITED, si_pid=315190, si_uid=1000, si_status=0, si_utime=0, si_stime=0} ---
315191 +++ exited with 0 +++
315181 +++ exited with 0 +++
315183 --- SIGTERM {si_signo=SIGTERM, si_code=SI_USER, si_pid=315179, si_uid=1000} ---
315177 --- SIGCHLD {si_signo=SIGCHLD, si_code=CLD_EXITED, si_pid=315181, si_uid=1000, si_status=0, si_utime=0, si_stime=0} ---
315183 +++ killed by SIGTERM +++
315179 clone(child_stack=NULL, flags=CLONE_CHILD_CLEARTID|CLONE_CHILD_SETTID|SIGCHLD, child_tidptr=0x7af425ca6a10) = ? ERESTARTNOINTR (To be restarted)
315179 --- SIGCHLD {si_signo=SIGCHLD, si_code=CLD_KILLED, si_pid=315183, si_uid=1000, si_status=SIGTERM, si_utime=0, si_stime=0} ---
315188 +++ exited with 0 +++
315187 +++ exited with 0 +++
315192 +++ exited with 0 +++
315179 --- SIGCHLD {si_signo=SIGCHLD, si_code=CLD_EXITED, si_pid=315192, si_uid=1000, si_status=0, si_utime=0, si_stime=0} ---
315165 +++ exited with 0 +++
315164 +++ exited with 0 +++
315178 +++ killed by SIGKILL +++
315172 --- SIGCHLD {si_signo=SIGCHLD, si_code=CLD_KILLED, si_pid=315178, si_uid=1000, si_status=SIGKILL, si_utime=0, si_stime=0} ---
315195 +++ exited with 3 +++
315194 --- SIGCHLD {si_signo=SIGCHLD, si_code=CLD_EXITED, si_pid=315195, si_uid=1000, si_status=3, si_utime=0, si_stime=0} ---
315196 +++ exited with 0 +++
315184 +++ killed by SIGKILL +++
315176 --- SIGCHLD {si_signo=SIGCHLD, si_code=CLD_KILLED, si_pid=315184, si_uid=1000, si_status=SIGKILL, si_utime=0, si_stime=0} ---
315172 +++ killed by SIGKILL +++
315159 --- SIGCHLD {si_signo=SIGCHLD, si_code=CLD_KILLED, si_pid=315172, si_uid=1000, si_status=SIGKILL, si_utime=0, si_stime=0} ---
315171 +++ exited with 0 +++
315160 +++ exited with 0 +++
315179 +++ killed by SIGKILL +++
315175 --- SIGCHLD {si_signo=SIGCHLD, si_code=CLD_KILLED, si_pid=315179, si_uid=1000, si_status=SIGKILL, si_utime=0, si_stime=1 /* 0.01 s */} ---
315177 +++ killed by SIGKILL +++
315173 --- SIGCHLD {si_signo=SIGCHLD, si_code=CLD_KILLED, si_pid=315177, si_uid=1000, si_status=SIGKILL, si_utime=0, si_stime=0} ---
315167 +++ exited with 0 +++
315176 +++ killed by SIGKILL +++
315159 --- SIGCHLD {si_signo=SIGCHLD, si_code=CLD_KILLED, si_pid=315176, si_uid=1000, si_status=SIGKILL, si_utime=0, si_stime=0} ---
315168 +++ exited with 0 +++
315163 +++ exited with 0 +++
315175 +++ killed by SIGKILL +++
315159 --- SIGCHLD {si_signo=SIGCHLD, si_code=CLD_KILLED, si_pid=315175, si_uid=1000, si_status=SIGKILL, si_utime=0, si_stime=0} ---
315166 +++ exited with 0 +++
315173 +++ killed by SIGKILL +++
315170 --- SIGCHLD {si_signo=SIGCHLD, si_code=CLD_KILLED, si_pid=315173, si_uid=1000, si_status=SIGKILL, si_utime=0, si_stime=0} ---
315161 +++ exited with 0 +++
315194 +++ killed by SIGKILL +++
315193 --- SIGCHLD {si_signo=SIGCHLD, si_code=CLD_KILLED, si_pid=315194, si_uid=1000, si_status=SIGKILL, si_utime=0, si_stime=0} ---
315193 +++ killed by SIGKILL +++
315170 --- SIGCHLD {si_signo=SIGCHLD, si_code=CLD_KILLED, si_pid=315193, si_uid=1000, si_status=SIGKILL, si_utime=0, si_stime=1 /* 0.01 s */} ---
315170 +++ exited with 0 +++
315162 +++ exited with 0 +++
315159 +++ exited with 0 +++
