315283 +++ exited with 0 +++
315303 +++ exited with 0 +++
315298 +++ killed by SIGKILL +++
315295 --- SIGCHLD {si_signo=SIGCHLD, si_code=CLD_KILLED, si_pid=315298, si_uid=1000, si_status=SIGKILL, si_utime=0, si_stime=0} ---
315301 +++ exited with 0 +++
315296 --- SIGCHLD {si_signo=SIGCHLD, si_code=CLD_EXITED, si_pid=315301, si_uid=1000, si_status=0, si_utime=0, si_stime=0} ---
315306 +++ exited with 0 +++
315299 --- SIGCHLD {si_signo=SIGCHLD, si_code=CLD_EXITED, si_pid=315306, si_uid=1000, si_status=0, si_utime=0, si_stime=0} ---
315305 +++ exited with 0 +++
315308 +++ exited with 0 +++
315304 --- SIGCHLD {si_signo=SIGCHLD, si_code=CLD_EXITED, si_pid=315308, si_uid=1000, si_status=0, si_utime=0, si_stime=0} ---
315299 --- SIGTERM {si_signo=SIGTERM, si_code=SI_USER, si_pid=315297, si_uid=1000} ---
315299 +++ killed by SIGTERM +++
315297 --- SIGCHLD {si_signo=SIGCHLD, si_code=CLD_KILLED, si_pid=315299, si_uid=1000, si_status=SIGTERM, si_utime=0, si_stime=0} ---
315302 +++ exited with 0 +++
315309 +++ exited with 0 +++
315297 --- SIGCHLD {si_signo=SIGCHLD, si_code=CLD_EXITED, si_pid=315309, si_uid=1000, si_status=0, si_utime=0, si_stime=0} ---
315304 +++ exited with 0 +++
315300 --- SIGCHLD {si_signo=SIGCHLD, si_code=CLD_EXITED, si_pid=315304, si_uid=1000, si_status=0, si_utime=0, si_stime=0} ---
315307 +++ exited with 0 +++
315286 +++ exited with 0 +++
315289 +++ exited with 0 +++
315295 +++ killed by SIGKILL +++
315291 --- SIGCHLD {si_signo=SIGCHLD, si_code=CLD_KILLED, si_pid=315295, si_uid=1000, si_status=SIGKILL, si_utime=0, si_stime=1 /* 0.01 s */} ---
315312 +++ exited with 3 +++
315311 --- SIGCHLD {si_signo=SIGCHLD, si_code=CLD_EXITED, si_pid=315312, si_uid=1000, si_status=3, si_utime=0, si_stime=0} ---
315313 +++ exited with 0 +++
315291 +++ killed by SIGKILL +++
315278 --- SIGCHLD {si_signo=SIGCHLD, si_code=CLD_KILLED, si_pid=315291, si_uid=1000, si_status=SIGKILL, si_utime=0, si_stime=0} ---
315296 +++ killed by SIGKILL +++
315292 --- SIGCHLD {si_signo=SIGCHLD, si_code=CLD_KILLED, si_pid=315296, si_uid=1000, si_status=SIGKILL, si_utime=0, si_stime=1 /* 0.01 s */} ---
315284 +++ exited with 0 +++
315297 +++ killed by SIGKILL +++
315294 --- SIGCHLD {si_signo=SIGCHLD, si_code=CLD_KILLED, si_pid=315297, si_uid=1000, si_status=SIGKILL, si_utime=0, si_stime=1 /* 0.01 s */} ---
315300 +++ killed by SIGKILL +++
315293 --- SIGCHLD {si_signo=SIGCHLD, si_code=CLD_KILLED, si_pid=315300, si_uid=1000, si_status=SIGKILL, si_utime=0, si_stime=1 /* 0.01 s */} ---
315279 +++ exited with 0 +++
315285 +++ exited with 0 +++
315294 +++ killed by SIGKILL +++
315278 --- SIGCHLD {si_signo=SIGCHLD, si_code=CLD_KILLED, si_pid=315294, si_uid=1000, si_status=SIGKILL, si_utime=0, si_stime=1 /* 0.01 s */} ---
315292 +++ killed by SIGKILL +++
315290 --- SIGCHLD {si_signo=SIGCHLD, si_code=CLD_KILLED, si_pid=315292, si_uid=1000, si_status=SIGKILL, si_utime=0, si_stime=0} ---
315293 +++ killed by SIGKILL +++
315278 --- SIGCHLD {si_signo=SIGCHLD, si_code=CLD_KILLED, si_pid=315293, si_uid=1000, si_status=SIGKILL, si_utime=0, si_stime=0} ---
315290 +++ exited with 0 +++
315288 +++ exited with 0 +++
315280 +++ exited with 0 +++
315282 +++ exited with 0 +++
315311 +++ killed by SIGKILL +++
315310 --- SIGCHLD {si_signo=SIGCHLD, si_code=CLD_KILLED, si_pid=315311, si_uid=1000, si_status=SIGKILL, si_utime=0, si_stime=0} ---
315310 +++ killed by SIGKILL +++
315287 --- SIGCHLD {si_signo=SIGCHLD, si_code=CLD_KILLED, si_pid=315310, si_uid=1000, si_status=SIGKILL, si_utime=0, si_stime=1 /* 0.01 s */} ---
315287 +++ exited with 0 +++
315281 +++ exited with 0 +++
315278 +++ exited with 0 +++
