315323 +++ exited with 0 +++
315342 +++ exited with 0 +++
315335 --- SIGCHLD {si_signo=SIGCHLD, si_code=CLD_EXITED, si_pid=315342, si_uid=1000, si_status=0, si_utime=0, si_stime=0} ---
315340 +++ exited with 0 +++
315339 +++ killed by SIGKILL +++
315337 --- SIGCHLD {si_signo=SIGCHLD, si_code=CLD_KILLED, si_pid=315339, si_uid=1000, si_status=SIGKILL, si_utime=0, si_stime=0} ---
315336 --- SIGCHLD {si_signo=SIGCHLD, si_code=CLD_EXITED, si_pid=315340, si_uid=1000, si_status=0, si_utime=0, si_stime=0} ---
315345 +++ exited with 0 +++
315344 +++ exited with 0 +++
315335 --- SIGTERM {si_signo=SIGTERM, si_code=SI_USER, si_pid=315334, si_uid=1000} ---
315335 +++ killed by SIGTERM +++
315334 --- SIGCHLD {si_signo=SIGCHLD, si_code=CLD_KILLED, si_pid=315335, si_uid=1000, si_status=SIGTERM, si_utime=0, si_stime=0} ---
315338 +++ exited with 0 +++
315348 +++ exited with 0 +++
315334 --- SIGCHLD {si_signo=SIGCHLD, si_code=CLD_EXITED, si_pid=315348, si_uid=1000, si_status=0, si_utime=0, si_stime=0} ---
315347 +++ exited with 0 +++
315343 --- SIGCHLD {si_signo=SIGCHLD, si_code=CLD_EXITED, si_pid=315347, si_uid=1000, si_status=0, si_utime=0, si_stime=0} ---
315343 +++ exited with 0 +++
315341 --- SIGCHLD {si_signo=SIGCHLD, si_code=CLD_EXITED, si_pid=315343, si_uid=1000, si_status=0, si_utime=0, si_stime=0} ---
315326 +++ exited with 0 +++
315346 +++ exited with 0 +++
315322 +++ exited with 0 +++
315337 +++ killed by SIGKILL +++
315329 --- SIGCHLD {si_signo=SIGCHLD, si_code=CLD_KILLED, si_pid=315337, si_uid=1000, si_status=SIGKILL, si_utime=0, si_stime=0} ---
315336 +++ killed by SIGKILL +++
315330 --- SIGCHLD {si_signo=SIGCHLD, si_code=CLD_KILLED, si_pid=315336, si_uid=1000, si_status=SIGKILL, si_utime=0, si_stime=0} ---
315351 +++ exited with 3 +++
315350 --- SIGCHLD {si_signo=SIGCHLD, si_code=CLD_EXITED, si_pid=315351, si_uid=1000, si_status=3, si_utime=0, si_stime=0} ---
315352 +++ exited with 0 +++
315329 +++ killed by SIGKILL +++
315325 --- SIGCHLD {si_signo=SIGCHLD, si_code=CLD_KILLED, si_pid=315329, si_uid=1000, si_status=SIGKILL, si_utime=0, si_stime=0} ---
315325 +++ exited with 0 +++
315318 +++ exited with 0 +++
315334 +++ killed by SIGKILL +++
315327 --- SIGCHLD {si_signo=SIGCHLD, si_code=CLD_KILLED, si_pid=315334, si_uid=1000, si_status=SIGKILL, si_utime=0, si_stime=1 /* 0.01 s */} ---
315341 +++ killed by SIGKILL +++
315333 --- SIGCHLD {si_signo=SIGCHLD, si_code=CLD_KILLED, si_pid=315341, si_uid=1000, si_status=SIGKILL, si_utime=0, si_stime=1 /* 0.01 s */} ---
315331 +++ exited with 0 +++
315330 +++ killed by SIGKILL +++
315317 --- SIGCHLD {si_signo=SIGCHLD, si_code=CLD_KILLED, si_pid=315330, si_uid=1000, si_status=SIGKILL, si_utime=0, si_stime=0} ---
315328 +++ exited with 0 +++
315321 +++ exited with 0 +++
315333 +++ killed by SIGKILL +++
315317 --- SIGCHLD {si_signo=SIGCHLD, si_code=CLD_KILLED, si_pid=315333, si_uid=1000, si_status=SIGKILL, si_utime=0, si_stime=0} ---
315327 +++ killed by SIGKILL +++
315317 --- SIGCHLD {si_signo=SIGCHLD, si_code=CLD_KILLED, si_pid=315327, si_uid=1000, si_status=SIGKILL, si_utime=0, si_stime=0} ---
315324 +++ exited with 0 +++
315319 +++ exited with 0 +++
315350 +++ killed by SIGKILL +++
315349 --- SIGCHLD {si_signo=SIGCHLD, si_code=CLD_KILLED, si_pid=315350, si_uid=1000, si_status=SIGKILL, si_utime=0, si_stime=1 /* 0.01 s */} ---
315349 +++ killed by SIGKILL +++
315317 --- SIGCHLD {si_signo=SIGCHLD, si_code=CLD_KILLED, si_pid=315349, si_uid=1000, si_status=SIGKILL, si_utime=0, si_stime=1 /* 0.01 s */} ---
315332 +++ exited with 0 +++
315320 +++ exited with 0 +++
315317 +++ exited with 0 +++
