315374 +++ exited with 0 +++
315373 --- SIGCHLD {si_signo=SIGCHLD, si_code=CLD_EXITED, si_pid=315374, si_uid=1000, si_status=0, si_utime=0, si_stime=0} ---
315378 +++ exited with 0 +++
315366 +++ exited with 0 +++
315383 +++ exited with 0 +++
315379 +++ killed by SIGKILL +++
315376 --- SIGCHLD {si_signo=SIGCHLD, si_code=CLD_KILLED, si_pid=315379, si_uid=1000, si_status=SIGKILL, si_utime=0, si_stime=0} ---
315384 +++ exited with 0 +++
315377 --- SIGCHLD {si_signo=SIGCHLD, si_code=CLD_EXITED, si_pid=315384, si_uid=1000, si_status=0, si_utime=0, si_stime=0} ---
315377 +++ exited with 0 +++
315375 --- SIGCHLD {si_signo=SIGCHLD, si_code=CLD_EXITED, si_pid=315377, si_uid=1000, si_status=0, si_utime=0, si_stime=0} ---
315381 +++ exited with 0 +++
315363 +++ exited with 0 +++
315386 +++ exited with 0 +++
315382 --- SIGCHLD {si_signo=SIGCHLD, si_code=CLD_EXITED, si_pid=315386, si_uid=1000, si_status=0, si_utime=0, si_stime=0} ---
315382 --- SIGTERM {si_signo=SIGTERM, si_code=SI_USER, si_pid=315380, si_uid=1000} ---
315382 +++ killed by SIGTERM +++
315380 --- SIGCHLD {si_signo=SIGCHLD, si_code=CLD_KILLED, si_pid=315382, si_uid=1000, si_status=SIGTERM, si_utime=0, si_stime=0} ---
315385 +++ exited with 0 +++
315387 +++ exited with 0 +++
315380 --- SIGCHLD {si_signo=SIGCHLD, si_code=CLD_EXITED, si_pid=315387, si_uid=1000, si_status=0, si_utime=0, si_stime=0} ---
315376 +++ killed by SIGKILL +++
315371 --- SIGCHLD {si_signo=SIGCHLD, si_code=CLD_KILLED, si_pid=315376, si_uid=1000, si_status=SIGKILL, si_utime=0, si_stime=0} ---
315365 +++ exited with 0 +++
315390 +++ exited with 3 +++
315389 --- SIGCHLD {si_signo=SIGCHLD, si_code=CLD_EXITED, si_pid=315390, si_uid=1000, si_status=3, si_utime=0, si_stime=0} ---
315391 +++ exited with 0 +++
315371 +++ killed by SIGKILL +++
315368 --- SIGCHLD {si_signo=SIGCHLD, si_code=CLD_KILLED, si_pid=315371, si_uid=1000, si_status=SIGKILL, si_utime=0, si_stime=0} ---
315373 +++ killed by SIGKILL +++
315370 --- SIGCHLD {si_signo=SIGCHLD, si_code=CLD_KILLED, si_pid=315373, si_uid=1000, si_status=SIGKILL, si_utime=0, si_stime=0} ---
315368 +++ exited with 0 +++
315357 +++ exited with 0 +++
315375 +++ killed by SIGKILL +++
315369 --- SIGCHLD {si_signo=SIGCHLD, si_code=CLD_KILLED, si_pid=315375, si_uid=1000, si_status=SIGKILL, si_utime=0, si_stime=0} ---
315361 +++ exited with 0 +++
315380 +++ killed by SIGKILL +++
315372 --- SIGCHLD {si_signo=SIGCHLD, si_code=CLD_KILLED, si_pid=315380, si_uid=1000, si_status=SIGKILL, si_utime=0, si_stime=0} ---
315370 +++ killed by SIGKILL +++
315356 --- SIGCHLD {si_signo=SIGCHLD, si_code=CLD_KILLED, si_pid=315370, si_uid=1000, si_status=SIGKILL, si_utime=0, si_stime=0} ---
315364 +++ exited with 0 +++
315369 +++ killed by SIGKILL +++
315360 --- SIGCHLD {si_signo=SIGCHLD, si_code=CLD_KILLED, si_pid=315369, si_uid=1000, si_status=SIGKILL, si_utime=0, si_stime=0} ---
315360 +++ exited with 0 +++
315372 +++ killed by SIGKILL +++
315367 --- SIGCHLD {si_signo=SIGCHLD, si_code=CLD_KILLED, si_pid=315372, si_uid=1000, si_status=SIGKILL, si_utime=0, si_stime=1 /* 0.01 s */} ---
315367 +++ exited with 0 +++
315358 +++ exited with 0 +++
315389 +++ killed by SIGKILL +++
315388 --- SIGCHLD {si_signo=SIGCHLD, si_code=CLD_KILLED, si_pid=315389, si_uid=1000, si_status=SIGKILL, si_utime=0, si_stime=1 /* 0.01 s */} ---
315388 +++ killed by SIGKILL +++
315356 --- SIGCHLD {si_signo=SIGCHLD, si_code=CLD_KILLED, si_pid=315388, si_uid=1000, si_status=SIGKILL, si_utime=0, si_stime=1 /* 0.01 s */} ---
315362 +++ exited with 0 +++
315359 +++ exited with 0 +++
315356 +++ exited with 0 +++
