315414 +++ exited with 0 +++
315412 --- SIGCHLD {si_signo=SIGCHLD, si_code=CLD_EXITED, si_pid=315414, si_uid=1000, si_status=0, si_utime=0, si_stime=0} ---
315418 +++ exited with 0 +++
315424 +++ exited with 0 +++
315423 +++ exited with 0 +++
315417 --- SIGCHLD {si_signo=SIGCHLD, si_code=CLD_EXITED, si_pid=315423, si_uid=1000, si_status=0, si_utime=0, si_stime=0} ---
315416 --- SIGCHLD {si_signo=SIGCHLD, si_code=CLD_EXITED, si_pid=315424, si_uid=1000, si_status=0, si_utime=0, si_stime=0} ---
315408 +++ exited with 0 +++
315425 +++ exited with 0 +++
315422 +++ killed by SIGKILL +++
315419 --- SIGCHLD {si_signo=SIGCHLD, si_code=CLD_KILLED, si_pid=315422, si_uid=1000, si_status=SIGKILL, si_utime=0, si_stime=0} ---
315416 --- SIGTERM {si_signo=SIGTERM, si_code=SI_USER, si_pid=315413, si_uid=1000} ---
315416 +++ killed by SIGTERM +++
315413 --- SIGCHLD {si_signo=SIGCHLD, si_code=CLD_KILLED, si_pid=315416, si_uid=1000, si_status=SIGTERM, si_utime=0, si_stime=0} ---
315420 +++ exited with 0 +++
315417 +++ exited with 0 +++
315415 --- SIGCHLD {si_signo=SIGCHLD, si_code=CLD_EXITED, si_pid=315417, si_uid=1000, si_status=0, si_utime=0, si_stime=0} ---
315421 +++ exited with 0 +++
315426 +++ exited with 0 +++
315413 --- SIGCHLD {si_signo=SIGCHLD, si_code=CLD_EXITED, si_pid=315426, si_uid=1000, si_status=0, si_utime=0, si_stime=0} ---
315419 +++ killed by SIGKILL +++
315411 --- SIGCHLD {si_signo=SIGCHLD, si_code=CLD_KILLED, si_pid=315419, si_uid=1000, si_status=SIGKILL, si_utime=0, si_stime=0} ---
315400 +++ exited with 0 +++
315402 +++ exited with 0 +++
315411 +++ killed by SIGKILL +++
315409 --- SIGCHLD {si_signo=SIGCHLD, si_code=CLD_KILLED, si_pid=315411, si_uid=1000, si_status=SIGKILL, si_utime=0, si_stime=0} ---
315409 +++ exited with 0 +++
315396 +++ exited with 0 +++
315429 +++ exited with 3 +++
315428 --- SIGCHLD {si_signo=SIGCHLD, si_code=CLD_EXITED, si_pid=315429, si_uid=1000, si_status=3, si_utime=0, si_stime=0} ---
315430 +++ exited with 0 +++
315415 +++ killed by SIGKILL +++
315410 --- SIGCHLD {si_signo=SIGCHLD, si_code=CLD_KILLED, si_pid=315415, si_uid=1000, si_status=SIGKILL, si_utime=0, si_stime=1 /* 0.01 s */} ---
315413 +++ killed by SIGKILL +++
315406 --- SIGCHLD {si_signo=SIGCHLD, si_code=CLD_KILLED, si_pid=315413, si_uid=1000, si_status=SIGKILL, si_utime=0, si_stime=1 /* 0.01 s */} ---
315412 +++ killed by SIGKILL +++
315407 --- SIGCHLD {si_signo=SIGCHLD, si_code=CLD_KILLED, si_pid=315412, si_uid=1000, si_status=SIGKILL, si_utime=0, si_stime=0} ---
315404 +++ exited with 0 +++
315406 +++ killed by SIGKILL +++
315407 +++ killed by SIGKILL +++
315401 --- SIGCHLD {si_signo=SIGCHLD, si_code=CLD_KILLED, si_pid=315406, si_uid=1000, si_status=SIGKILL, si_utime=0, si_stime=1 /* 0.01 s */} ---
315410 +++ killed by SIGKILL +++
315405 --- SIGCHLD {si_signo=SIGCHLD, si_code=CLD_KILLED, si_pid=315410, si_uid=1000, si_status=SIGKILL, si_utime=0, si_stime=1 /* 0.01 s */} ---
315401 +++ exited with 0 +++
315403 +++ exited with 0 +++
315399 +++ exited with 0 +++
315397 +++ exited with 0 +++
315428 +++ killed by SIGKILL +++
315427 --- SIGCHLD {si_signo=SIGCHLD, si_code=CLD_KILLED, si_pid=315428, si_uid=1000, si_status=SIGKILL, si_utime=0, si_stime=1 /* 0.01 s */} ---
315427 +++ killed by SIGKILL +++
315395 --- SIGCHLD {si_signo=SIGCHLD, si_code=CLD_KILLED, si_pid=315427, si_uid=1000, si_status=SIGKILL, si_utime=0, si_stime=1 /* 0.01 s */} ---
315405 +++ exited with 0 +++
315398 +++ exited with 0 +++
315395 +++ exited with 0 +++
