312923 +++ exited with 0 +++
312944 +++ exited with 0 +++
312938 +++ killed by SIGKILL +++
312935 --- SIGCHLD {si_signo=SIGCHLD, si_code=CLD_KILLED, si_pid=312938, si_uid=1000, si_status=SIGKILL, si_utime=0, si_stime=0} ---
312943 +++ exited with 0 +++
312936 --- SIGCHLD {si_signo=SIGCHLD, si_code=CLD_EXITED, si_pid=312943, si_uid=1000, si_status=0, si_utime=0, si_stime=0} ---
312947 +++ exited with 0 +++
312940 --- SIGCHLD {si_signo=SIGCHLD, si_code=CLD_EXITED, si_pid=312947, si_uid=1000, si_status=0, si_utime=0, si_stime=0} ---
312936 +++ exited with 0 +++
312934 --- SIGCHLD {si_signo=SIGCHLD, si_code=CLD_EXITED, si_pid=312936, si_uid=1000, si_status=0, si_utime=0, si_stime=0} ---
312941 +++ exited with 0 +++
312937 --- SIGCHLD {si_signo=SIGCHLD, si_code=CLD_EXITED, si_pid=312941, si_uid=1000, si_status=0, si_utime=0, si_stime=0} ---
312946 +++ exited with 0 +++
312942 +++ exited with 0 +++
312940 --- SIGTERM {si_signo=SIGTERM, si_code=SI_USER, si_pid=312939, si_uid=1000} ---
312940 +++ killed by SIGTERM +++
312939 --- SIGCHLD {si_signo=SIGCHLD, si_code=CLD_KILLED, si_pid=312940, si_uid=1000, si_status=SIGTERM, si_utime=0, si_stime=0} ---
312945 +++ exited with 0 +++
312948 +++ exited with 0 +++
312939 --- SIGCHLD {si_signo=SIGCHLD, si_code=CLD_EXITED, si_pid=312948, si_uid=1000, si_status=0, si_utime=0, si_stime=0} ---
312925 +++ exited with 0 +++
312935 +++ killed by SIGKILL +++
312932 --- SIGCHLD {si_signo=SIGCHLD, si_code=CLD_KILLED, si_pid=312935, si_uid=1000, si_status=SIGKILL, si_utime=0, si_stime=0} ---
312930 +++ exited with 0 +++
312951 +++ exited with 3 +++
312950 --- SIGCHLD {si_signo=SIGCHLD, si_code=CLD_EXITED, si_pid=312951, si_uid=1000, si_status=3, si_utime=0, si_stime=0} ---
312952 +++ exited with 0 +++
312932 +++ killed by SIGKILL +++
312926 --- SIGCHLD {si_signo=SIGCHLD, si_code=CLD_KILLED, si_pid=312932, si_uid=1000, si_status=SIGKILL, si_utime=0, si_stime=0} ---
312926 +++ exited with 0 +++
312922 +++ exited with 0 +++
312934 +++ killed by SIGKILL +++
312929 --- SIGCHLD {si_signo=SIGCHLD, si_code=CLD_KILLED, si_pid=312934, si_uid=1000, si_status=SIGKILL, si_utime=0, si_stime=1 /* 0.01 s */} ---
312918 +++ exited with 0 +++
312939 +++ killed by SIGKILL +++
312933 --- SIGCHLD {si_signo=SIGCHLD, si_code=CLD_KILLED, si_pid=312939, si_uid=1000, si_status=SIGKILL, si_utime=0, si_stime=0} ---
312937 +++ killed by SIGKILL +++
312928 --- SIGCHLD {si_signo=SIGCHLD, si_code=CLD_KILLED, si_pid=312937, si_uid=1000, si_status=SIGKILL, si_utime=0, si_stime=0} ---
312933 +++ killed by SIGKILL +++
312931 --- SIGCHLD {si_signo=SIGCHLD, si_code=CLD_KILLED, si_pid=312933, si_uid=1000, si_status=SIGKILL, si_utime=0, si_stime=0} ---
312929 +++ killed by SIGKILL +++
312917 --- SIGCHLD {si_signo=SIGCHLD, si_code=CLD_KILLED, si_pid=312929, si_uid=1000, si_status=SIGKILL, si_utime=0, si_stime=0} ---
312931 +++ exited with 0 +++
312928 +++ killed by SIGKILL +++
312924 --- SIGCHLD {si_signo=SIGCHLD, si_code=CLD_KILLED, si_pid=312928, si_uid=1000, si_status=SIGKILL, si_utime=0, si_stime=0} ---
312919 +++ exited with 0 +++
312927 +++ exited with 0 +++
312921 +++ exited with 0 +++
312950 +++ killed by SIGKILL +++
312949 --- SIGCHLD {si_signo=SIGCHLD, si_code=CLD_KILLED, si_pid=312950, si_uid=1000, si_status=SIGKILL, si_utime=0, si_stime=0} ---
312949 +++ killed by SIGKILL +++
312917 --- SIGCHLD {si_signo=SIGCHLD, si_code=CLD_KILLED, si_pid=312949, si_uid=1000, si_status=SIGKILL, si_utime=0, si_stime=0} ---
312924 +++ exited with 0 +++
312920 +++ exited with 0 +++
312917 +++ exited with 0 +++
