315521 +++ exited with 0 +++
315532 +++ killed by SIGKILL +++
315529 --- SIGCHLD {si_signo=SIGCHLD, si_code=CLD_KILLED, si_pid=315532, si_uid=1000, si_status=SIGKILL, si_utime=0, si_stime=0} ---
315535 +++ exited with 0 +++
315538 +++ exited with 0 +++
315533 --- SIGCHLD {si_signo=SIGCHLD, si_code=CLD_EXITED, si_pid=315538, si_uid=1000, si_status=0, si_utime=0, si_stime=0} ---
315537 +++ exited with 0 +++
315534 --- SIGCHLD {si_signo=SIGCHLD, si_code=CLD_EXITED, si_pid=315537, si_uid=1000, si_status=0, si_utime=0, si_stime=0} ---
315540 +++ exited with 0 +++
315533 +++ exited with 0 +++
315531 --- SIGCHLD {si_signo=SIGCHLD, si_code=CLD_EXITED, si_pid=315533, si_uid=1000, si_status=0, si_utime=0, si_stime=0} ---
315536 +++ exited with 0 +++
315543 +++ exited with 0 +++
315541 --- SIGCHLD {si_signo=SIGCHLD, si_code=CLD_EXITED, si_pid=315543, si_uid=1000, si_status=0, si_utime=0, si_stime=0} ---
315541 --- SIGTERM {si_signo=SIGTERM, si_code=SI_USER, si_pid=315539, si_uid=1000} ---
315541 +++ killed by SIGTERM +++
315539 clone(child_stack=NULL, flags=CLONE_CHILD_CLEARTID|CLONE_CHILD_SETTID|SIGCHLD, child_tidptr=0x7f06198d9a10) = ? ERESTARTNOINTR (To be restarted)
315539 --- SIGCHLD {si_signo=SIGCHLD, si_code=CLD_KILLED, si_pid=315541, si_uid=1000, si_status=SIGTERM, si_utime=0, si_stime=0} ---
315542 +++ exited with 0 +++
315544 +++ exited with 0 +++
315539 --- SIGCHLD {si_signo=SIGCHLD, si_code=CLD_EXITED, si_pid=315544, si_uid=1000, si_status=0, si_utime=0, si_stime=0} ---
315524 +++ exited with 0 +++
315529 +++ killed by SIGKILL +++
315527 --- SIGCHLD {si_signo=SIGCHLD, si_code=CLD_KILLED, si_pid=315529, si_uid=1000, si_status=SIGKILL, si_utime=0, si_stime=1 /* 0.01 s */} ---
315520 +++ exited with 0 +++
315547 +++ exited with 3 +++
315546 --- SIGCHLD {si_signo=SIGCHLD, si_code=CLD_EXITED, si_pid=315547, si_uid=1000, si_status=3, si_utime=0, si_stime=0} ---
315548 +++ exited with 0 +++
315527 +++ killed by SIGKILL +++
315513 --- SIGCHLD {si_signo=SIGCHLD, si_code=CLD_KILLED, si_pid=315527, si_uid=1000, si_status=SIGKILL, si_utime=0, si_stime=0} ---
315534 +++ killed by SIGKILL +++
315530 --- SIGCHLD {si_signo=SIGCHLD, si_code=CLD_KILLED, si_pid=315534, si_uid=1000, si_status=SIGKILL, si_utime=0, si_stime=1 /* 0.01 s */} ---
315522 +++ exited with 0 +++
315514 +++ exited with 0 +++
315531 +++ killed by SIGKILL +++
315526 --- SIGCHLD {si_signo=SIGCHLD, si_code=CLD_KILLED, si_pid=315531, si_uid=1000, si_status=SIGKILL, si_utime=0, si_stime=1 /* 0.01 s */} ---
315518 +++ exited with 0 +++
315539 +++ killed by SIGKILL +++
315528 --- SIGCHLD {si_signo=SIGCHLD, si_code=CLD_KILLED, si_pid=315539, si_uid=1000, si_status=SIGKILL, si_utime=0, si_stime=1 /* 0.01 s */} ---
315530 +++ killed by SIGKILL +++
315525 --- SIGCHLD {si_signo=SIGCHLD, si_code=CLD_KILLED, si_pid=315530, si_uid=1000, si_status=SIGKILL, si_utime=0, si_stime=0} ---
315525 +++ exited with 0 +++
315517 +++ exited with 0 +++
315526 +++ killed by SIGKILL +++
315519 --- SIGCHLD {si_signo=SIGCHLD, si_code=CLD_KILLED, si_pid=315526, si_uid=1000, si_status=SIGKILL, si_utime=0, si_stime=0} ---
315528 +++ killed by SIGKILL +++
315523 --- SIGCHLD {si_signo=SIGCHLD, si_code=CLD_KILLED, si_pid=315528, si_uid=1000, si_status=SIGKILL, si_utime=0, si_stime=1 /* 0.01 s */} ---
315546 +++ killed by SIGKILL +++
315545 --- SIGCHLD {si_signo=SIGCHLD, si_code=CLD_KILLED, si_pid=315546, si_uid=1000, si_status=SIGKILL, si_utime=0, si_stime=1 /* 0.01 s */} ---
315523 +++ exited with 0 +++
315515 +++ exited with 0 +++
315545 +++ killed by SIGKILL +++
315519 --- SIGCHLD {si_signo=SIGCHLD, si_code=CLD_KILLED, si_pid=315545, si_uid=1000, si_status=SIGKILL, si_utime=0, si_stime=0} ---
315519 +++ exited with 0 +++
315516 +++ exited with 0 +++
315513 +++ exited with 0 +++
