315557 +++ exited with 0 +++
315571 +++ exited with 0 +++
315570 +++ killed by SIGKILL +++
315568 --- SIGCHLD {si_signo=SIGCHLD, si_code=CLD_KILLED, si_pid=315570, si_uid=1000, si_status=SIGKILL, si_utime=0, si_stime=0} ---
315575 +++ exited with 0 +++
315573 --- SIGCHLD {si_signo=SIGCHLD, si_code=CLD_EXITED, si_pid=315575, si_uid=1000, si_status=0, si_utime=0, si_stime=0} ---
315579 +++ exited with 0 +++
315580 +++ exited with 0 +++
315576 --- SIGCHLD {si_signo=SIGCHLD, si_code=CLD_EXITED, si_pid=315580, si_uid=1000, si_status=0, si_utime=0, si_stime=0} ---
315582 +++ exited with 0 +++
315577 --- SIGCHLD {si_signo=SIGCHLD, si_code=CLD_EXITED, si_pid=315582, si_uid=1000, si_status=0, si_utime=0, si_stime=0} ---
315576 +++ exited with 0 +++
315572 --- SIGCHLD {si_signo=SIGCHLD, si_code=CLD_EXITED, si_pid=315576, si_uid=1000, si_status=0, si_utime=0, si_stime=0} ---
315578 +++ exited with 0 +++
315577 --- SIGTERM {si_signo=SIGTERM, si_code=SI_USER, si_pid=315574, si_uid=1000} ---
315577 +++ killed by SIGTERM +++
315574 --- SIGCHLD {si_signo=SIGCHLD, si_code=CLD_KILLED, si_pid=315577, si_uid=1000, si_status=SIGTERM, si_utime=0, si_stime=0} ---
315581 +++ exited with 0 +++
315568 +++ killed by SIGKILL +++
315565 --- SIGCHLD {si_signo=SIGCHLD, si_code=CLD_KILLED, si_pid=315568, si_uid=1000, si_status=SIGKILL, si_utime=0, si_stime=0} ---
315561 +++ exited with 0 +++
315583 --- SIGTERM {si_signo=SIGTERM, si_code=SI_USER, si_pid=315583, si_uid=1000} ---
315559 +++ exited with 0 +++
315586 +++ exited with 3 +++
315585 --- SIGCHLD {si_signo=SIGCHLD, si_code=CLD_EXITED, si_pid=315586, si_uid=1000, si_status=3, si_utime=0, si_stime=0} ---
315587 +++ exited with 0 +++
315583 +++ killed by SIGKILL +++
315574 --- SIGCHLD {si_signo=SIGCHLD, si_code=CLD_KILLED, si_pid=315583, si_uid=1000, si_status=SIGKILL, si_utime=0, si_stime=0} ---
315565 +++ killed by SIGKILL +++
315552 --- SIGCHLD {si_signo=SIGCHLD, si_code=CLD_KILLED, si_pid=315565, si_uid=1000, si_status=SIGKILL, si_utime=0, si_stime=0} ---
315558 +++ exited with 0 +++
315553 +++ exited with 0 +++
315562 +++ exited with 0 +++
315573 +++ killed by SIGKILL +++
315569 --- SIGCHLD {si_signo=SIGCHLD, si_code=CLD_KILLED, si_pid=315573, si_uid=1000, si_status=SIGKILL, si_utime=0, si_stime=1 /* 0.01 s */} ---
315572 +++ killed by SIGKILL +++
315567 --- SIGCHLD {si_signo=SIGCHLD, si_code=CLD_KILLED, si_pid=315572, si_uid=1000, si_status=SIGKILL, si_utime=0, si_stime=0} ---
315574 +++ killed by SIGKILL +++
315566 --- SIGCHLD {si_signo=SIGCHLD, si_code=CLD_KILLED, si_pid=315574, si_uid=1000, si_status=SIGKILL, si_utime=0, si_stime=0} ---
315569 +++ killed by SIGKILL +++
315552 --- SIGCHLD {si_signo=SIGCHLD, si_code=CLD_KILLED, si_pid=315569, si_uid=1000, si_status=SIGKILL, si_utime=0, si_stime=0} ---
315564 +++ exited with 0 +++
315585 +++ killed by SIGKILL +++
315584 --- SIGCHLD {si_signo=SIGCHLD, si_code=CLD_KILLED, si_pid=315585, si_uid=1000, si_status=SIGKILL, si_utime=0, si_stime=0} ---
315556 +++ exited with 0 +++
315567 +++ killed by SIGKILL +++
315552 --- SIGCHLD {si_signo=SIGCHLD, si_code=CLD_KILLED, si_pid=315567, si_uid=1000, si_status=SIGKILL, si_utime=0, si_stime=0} ---
315566 +++ killed by SIGKILL +++
315560 --- SIGCHLD {si_signo=SIGCHLD, si_code=CLD_KILLED, si_pid=315566, si_uid=1000, si_status=SIGKILL, si_utime=0, si_stime=2 /* 0.02 s */} ---
315560 +++ exited with 0 +++
315554 +++ exited with 0 +++
315584 +++ killed by SIGKILL +++
315563 --- SIGCHLD {si_signo=SIGCHLD, si_code=CLD_KILLED, si_pid=315584, si_uid=1000, si_status=SIGKILL, si_utime=0, si_stime=2 /* 0.02 s */} ---
315563 +++ exited with 0 +++
315555 +++ exited with 0 +++
315552 +++ exited with 0 +++
