315635 +++ exited with 0 +++
315657 +++ exited with 0 +++
315651 +++ killed by SIGKILL +++
315647 --- SIGCHLD {si_signo=SIGCHLD, si_code=CLD_KILLED, si_pid=315651, si_uid=1000, si_status=SIGKILL, si_utime=0, si_stime=0} ---
315656 +++ exited with 0 +++
315649 --- SIGCHLD {si_signo=SIGCHLD, si_code=CLD_EXITED, si_pid=315656, si_uid=1000, si_status=0, si_utime=0, si_stime=0} ---
315655 +++ exited with 0 +++
315652 --- SIGCHLD {si_signo=SIGCHLD, si_code=CLD_EXITED, si_pid=315655, si_uid=1000, si_status=0, si_utime=0, si_stime=0} ---
315649 --- SIGTERM {si_signo=SIGTERM, si_code=SI_USER, si_pid=315648, si_uid=1000} ---
315649 +++ killed by SIGTERM +++
315648 --- SIGCHLD {si_signo=SIGCHLD, si_code=CLD_KILLED, si_pid=315649, si_uid=1000, si_status=SIGTERM, si_utime=0, si_stime=0} ---
315658 +++ exited with 0 +++
315654 +++ exited with 0 +++
315661 +++ exited with 0 +++
315648 --- SIGCHLD {si_signo=SIGCHLD, si_code=CLD_EXITED, si_pid=315661, si_uid=1000, si_status=0, si_utime=0, si_stime=0} ---
315660 +++ exited with 0 +++
315653 --- SIGCHLD {si_signo=SIGCHLD, si_code=CLD_EXITED, si_pid=315660, si_uid=1000, si_status=0, si_utime=0, si_stime=0} ---
315653 +++ exited with 0 +++
315650 --- SIGCHLD {si_signo=SIGCHLD, si_code=CLD_EXITED, si_pid=315653, si_uid=1000, si_status=0, si_utime=0, si_stime=0} ---
315659 +++ exited with 0 +++
315639 +++ exited with 0 +++
315637 +++ exited with 0 +++
315647 +++ killed by SIGKILL +++
315638 --- SIGCHLD {si_signo=SIGCHLD, si_code=CLD_KILLED, si_pid=315647, si_uid=1000, si_status=SIGKILL, si_utime=0, si_stime=0} ---
315664 +++ exited with 3 +++
315663 --- SIGCHLD {si_signo=SIGCHLD, si_code=CLD_EXITED, si_pid=315664, si_uid=1000, si_status=3, si_utime=0, si_stime=0} ---
315652 +++ killed by SIGKILL +++
315645 --- SIGCHLD {si_signo=SIGCHLD, si_code=CLD_KILLED, si_pid=315652, si_uid=1000, si_status=SIGKILL, si_utime=0, si_stime=0} ---
315665 +++ exited with 0 +++
315638 +++ killed by SIGKILL +++
315630 --- SIGCHLD {si_signo=SIGCHLD, si_code=CLD_KILLED, si_pid=315638, si_uid=1000, si_status=SIGKILL, si_utime=0, si_stime=1 /* 0.01 s */} ---
315650 +++ killed by SIGKILL +++
315646 --- SIGCHLD {si_signo=SIGCHLD, si_code=CLD_KILLED, si_pid=315650, si_uid=1000, si_status=SIGKILL, si_utime=0, si_stime=0} ---
315636 +++ exited with 0 +++
315648 +++ killed by SIGKILL +++
315644 --- SIGCHLD {si_signo=SIGCHLD, si_code=CLD_KILLED, si_pid=315648, si_uid=1000, si_status=SIGKILL, si_utime=0, si_stime=0} ---
315631 +++ exited with 0 +++
315642 +++ exited with 0 +++
315645 +++ killed by SIGKILL +++
315630 --- SIGCHLD {si_signo=SIGCHLD, si_code=CLD_KILLED, si_pid=315645, si_uid=1000, si_status=SIGKILL, si_utime=0, si_stime=0} ---
315640 +++ exited with 0 +++
315634 +++ exited with 0 +++
315646 +++ killed by SIGKILL +++
315641 --- SIGCHLD {si_signo=SIGCHLD, si_code=CLD_KILLED, si_pid=315646, si_uid=1000, si_status=SIGKILL, si_utime=0, si_stime=0} ---
315644 +++ killed by SIGKILL +++
315641 --- SIGCHLD {si_signo=SIGCHLD, si_code=CLD_KILLED, si_pid=315644, si_uid=1000, si_status=SIGKILL, si_utime=0, si_stime=0} ---
315641 +++ exited with 0 +++
315632 +++ exited with 0 +++
315663 +++ killed by SIGKILL +++
315662 --- SIGCHLD {si_signo=SIGCHLD, si_code=CLD_KILLED, si_pid=315663, si_uid=1000, si_status=SIGKILL, si_utime=0, si_stime=1 /* 0.01 s */} ---
315662 +++ killed by SIGKILL +++
315630 --- SIGCHLD {si_signo=SIGCHLD, si_code=CLD_KILLED, si_pid=315662, si_uid=1000, si_status=SIGKILL, si_utime=0, si_stime=1 /* 0.01 s */} ---
315643 +++ exited with 0 +++
315633 +++ exited with 0 +++
315630 +++ exited with 0 +++
