315738 +++ exited with 0 +++
315726 --- SIGCHLD {si_signo=SIGCHLD, si_code=CLD_EXITED, si_pid=315738, si_uid=1000, si_status=0, si_utime=0, si_stime=0} ---
315726 --- SIGTERM {si_signo=SIGTERM, si_code=SI_USER, si_pid=315724, si_uid=1000} ---
315726 +++ killed by SIGTERM +++
315724 --- SIGCHLD {si_signo=SIGCHLD, si_code=CLD_KILLED, si_pid=315726, si_uid=1000, si_status=SIGTERM, si_utime=0, si_stime=0} ---
315730 +++ exited with 0 +++
315713 +++ exited with 0 +++
315750 +++ exited with 0 +++
315724 --- SIGCHLD {si_signo=SIGCHLD, si_code=CLD_EXITED, si_pid=315750, si_uid=1000, si_status=0, si_utime=0, si_stime=0} ---
315751 +++ exited with 0 +++
315741 +++ killed by SIGKILL +++
315732 --- SIGCHLD {si_signo=SIGCHLD, si_code=CLD_KILLED, si_pid=315741, si_uid=1000, si_status=SIGKILL, si_utime=0, si_stime=0} ---
315740 +++ exited with 0 +++
315731 --- SIGCHLD {si_signo=SIGCHLD, si_code=CLD_EXITED, si_pid=315740, si_uid=1000, si_status=0, si_utime=0, si_stime=0} ---
315753 +++ exited with 0 +++
315748 +++ exited with 0 +++
315739 --- SIGCHLD {si_signo=SIGCHLD, si_code=CLD_EXITED, si_pid=315753, si_uid=1000, si_status=0, si_utime=0, si_stime=0} ---
315719 +++ exited with 0 +++
315716 +++ exited with 0 +++
315739 +++ exited with 0 +++
315729 --- SIGCHLD {si_signo=SIGCHLD, si_code=CLD_EXITED, si_pid=315739, si_uid=1000, si_status=0, si_utime=0, si_stime=0} ---
315746 +++ exited with 0 +++
315732 +++ killed by SIGKILL +++
315722 --- SIGCHLD {si_signo=SIGCHLD, si_code=CLD_KILLED, si_pid=315732, si_uid=1000, si_status=SIGKILL, si_utime=0, si_stime=0} ---
315724 +++ killed by SIGKILL +++
315721 --- SIGCHLD {si_signo=SIGCHLD, si_code=CLD_KILLED, si_pid=315724, si_uid=1000, si_status=SIGKILL, si_utime=0, si_stime=0} ---
315731 +++ killed by SIGKILL +++
315723 --- SIGCHLD {si_signo=SIGCHLD, si_code=CLD_KILLED, si_pid=315731, si_uid=1000, si_status=SIGKILL, si_utime=0, si_stime=1 /* 0.01 s */} ---
315722 +++ killed by SIGKILL +++
315708 --- SIGCHLD {si_signo=SIGCHLD, si_code=CLD_KILLED, si_pid=315722, si_uid=1000, si_status=SIGKILL, si_utime=0, si_stime=1 /* 0.01 s */} ---
315714 +++ exited with 0 +++
315763 +++ exited with 3 +++
315761 --- SIGCHLD {si_signo=SIGCHLD, si_code=CLD_EXITED, si_pid=315763, si_uid=1000, si_status=3, si_utime=0, si_stime=0} ---
315709 +++ exited with 0 +++
315764 +++ exited with 0 +++
315721 +++ killed by SIGKILL +++
315708 --- SIGCHLD {si_signo=SIGCHLD, si_code=CLD_KILLED, si_pid=315721, si_uid=1000, si_status=SIGKILL, si_utime=0, si_stime=1 /* 0.01 s */} ---
315715 +++ exited with 0 +++
315729 +++ killed by SIGKILL +++
315725 --- SIGCHLD {si_signo=SIGCHLD, si_code=CLD_KILLED, si_pid=315729, si_uid=1000, si_status=SIGKILL, si_utime=0, si_stime=0} ---
315720 +++ exited with 0 +++
315710 +++ exited with 0 +++
315723 +++ killed by SIGKILL +++
315708 --- SIGCHLD {si_signo=SIGCHLD, si_code=CLD_KILLED, si_pid=315723, si_uid=1000, si_status=SIGKILL, si_utime=0, si_stime=0} ---
315717 +++ exited with 0 +++
315712 +++ exited with 0 +++
315725 +++ killed by SIGKILL +++
315718 --- SIGCHLD {si_signo=SIGCHLD, si_code=CLD_KILLED, si_pid=315725, si_uid=1000, si_status=SIGKILL, si_utime=0, si_stime=1 /* 0.01 s */} ---
315761 +++ killed by SIGKILL +++
315760 --- SIGCHLD {si_signo=SIGCHLD, si_code=CLD_KILLED, si_pid=315761, si_uid=1000, si_status=SIGKILL, si_utime=0, si_stime=1 /* 0.01 s */} ---
315760 +++ killed by SIGKILL +++
315718 --- SIGCHLD {si_signo=SIGCHLD, si_code=CLD_KILLED, si_pid=315760, si_uid=1000, si_status=SIGKILL, si_utime=0, si_stime=0} ---
315718 +++ exited with 0 +++
315711 +++ exited with 0 +++
315708 +++ exited with 0 +++
