315832 +++ exited with 0 +++
315844 +++ exited with 0 +++
315842 +++ killed by SIGKILL +++
315840 --- SIGCHLD {si_signo=SIGCHLD, si_code=CLD_KILLED, si_pid=315842, si_uid=1000, si_status=SIGKILL, si_utime=0, si_stime=0} ---
315848 +++ exited with 0 +++
315846 --- SIGCHLD {si_signo=SIGCHLD, si_code=CLD_EXITED, si_pid=315848, si_uid=1000, si_status=0, si_utime=0, si_stime=0} ---
315851 +++ exited with 0 +++
315850 +++ exited with 0 +++
315847 --- SIGCHLD {si_signo=SIGCHLD, si_code=CLD_EXITED, si_pid=315850, si_uid=1000, si_status=0, si_utime=0, si_stime=0} ---
315847 --- SIGTERM {si_signo=SIGTERM, si_code=SI_USER, si_pid=315845, si_uid=1000} ---
315847 +++ killed by SIGTERM +++
315845 --- SIGCHLD {si_signo=SIGCHLD, si_code=CLD_KILLED, si_pid=315847, si_uid=1000, si_status=SIGTERM, si_utime=0, si_stime=0} ---
315852 +++ exited with 0 +++
315855 +++ exited with 0 +++
315845 --- SIGCHLD {si_signo=SIGCHLD, si_code=CLD_EXITED, si_pid=315855, si_uid=1000, si_status=0, si_utime=0, si_stime=0} ---
315856 +++ exited with 0 +++
315853 --- SIGCHLD {si_signo=SIGCHLD, si_code=CLD_EXITED, si_pid=315856, si_uid=1000, si_status=0, si_utime=0, si_stime=0} ---
315834 +++ exited with 0 +++
315853 +++ exited with 0 +++
315849 --- SIGCHLD {si_signo=SIGCHLD, si_code=CLD_EXITED, si_pid=315853, si_uid=1000, si_status=0, si_utime=0, si_stime=0} ---
315840 +++ killed by SIGKILL +++
315838 --- SIGCHLD {si_signo=SIGCHLD, si_code=CLD_KILLED, si_pid=315840, si_uid=1000, si_status=SIGKILL, si_utime=0, si_stime=0} ---
315854 +++ exited with 0 +++
315830 +++ exited with 0 +++
315838 +++ killed by SIGKILL +++
315833 --- SIGCHLD {si_signo=SIGCHLD, si_code=CLD_KILLED, si_pid=315838, si_uid=1000, si_status=SIGKILL, si_utime=0, si_stime=0} ---
315833 +++ exited with 0 +++
315826 +++ exited with 0 +++
315846 +++ killed by SIGKILL +++
315841 --- SIGCHLD {si_signo=SIGCHLD, si_code=CLD_KILLED, si_pid=315846, si_uid=1000, si_status=SIGKILL, si_utime=0, si_stime=1 /* 0.01 s */} ---
315859 +++ exited with 3 +++
315858 --- SIGCHLD {si_signo=SIGCHLD, si_code=CLD_EXITED, si_pid=315859, si_uid=1000, si_status=3, si_utime=0, si_stime=0} ---
315860 +++ exited with 0 +++
315845 +++ killed by SIGKILL +++
315839 --- SIGCHLD {si_signo=SIGCHLD, si_code=CLD_KILLED, si_pid=315845, si_uid=1000, si_status=SIGKILL, si_utime=0, si_stime=1 /* 0.01 s */} ---
315849 +++ killed by SIGKILL +++
315843 --- SIGCHLD {si_signo=SIGCHLD, si_code=CLD_KILLED, si_pid=315849, si_uid=1000, si_status=SIGKILL, si_utime=0, si_stime=0} ---
315835 +++ exited with 0 +++
315841 +++ killed by SIGKILL +++
315837 --- SIGCHLD {si_signo=SIGCHLD, si_code=CLD_KILLED, si_pid=315841, si_uid=1000, si_status=SIGKILL, si_utime=0, si_stime=1 /* 0.01 s */} ---
315837 +++ exited with 0 +++
315829 +++ exited with 0 +++
315839 +++ killed by SIGKILL +++
315836 --- SIGCHLD {si_signo=SIGCHLD, si_code=CLD_KILLED, si_pid=315839, si_uid=1000, si_status=SIGKILL, si_utime=0, si_stime=0} ---
315831 +++ exited with 0 +++
315827 +++ exited with 0 +++
315843 +++ killed by SIGKILL +++
315836 --- SIGCHLD {si_signo=SIGCHLD, si_code=CLD_KILLED, si_pid=315843, si_uid=1000, si_status=SIGKILL, si_utime=0, si_stime=0} ---
315858 +++ killed by SIGKILL +++
315857 --- SIGCHLD {si_signo=SIGCHLD, si_code=CLD_KILLED, si_pid=315858, si_uid=1000, si_status=SIGKILL, si_utime=0, si_stime=2 /* 0.02 s */} ---
315857 +++ killed by SIGKILL +++
315825 --- SIGCHLD {si_signo=SIGCHLD, si_code=CLD_KILLED, si_pid=315857, si_uid=1000, si_status=SIGKILL, si_utime=0, si_stime=1 /* 0.01 s */} ---
315836 +++ exited with 0 +++
315828 +++ exited with 0 +++
315825 +++ exited with 0 +++
