312974 +++ exited with 0 +++
312973 --- SIGCHLD {si_signo=SIGCHLD, si_code=CLD_EXITED, si_pid=312974, si_uid=1000, si_status=0, si_utime=0, si_stime=0} ---
312978 +++ exited with 0 +++
312982 +++ exited with 0 +++
312977 --- SIGCHLD {si_signo=SIGCHLD, si_code=CLD_EXITED, si_pid=312982, si_uid=1000, si_status=0, si_utime=0, si_stime=0} ---
312965 +++ exited with 0 +++
312961 +++ exited with 0 +++
312986 +++ exited with 0 +++
312985 +++ exited with 0 +++
312979 --- SIGCHLD {si_signo=SIGCHLD, si_code=CLD_EXITED, si_pid=312985, si_uid=1000, si_status=0, si_utime=0, si_stime=0} ---
312983 +++ killed by SIGKILL +++
312980 --- SIGCHLD {si_signo=SIGCHLD, si_code=CLD_KILLED, si_pid=312983, si_uid=1000, si_status=SIGKILL, si_utime=0, si_stime=0} ---
312979 --- SIGTERM {si_signo=SIGTERM, si_code=SI_USER, si_pid=312976, si_uid=1000} ---
312979 +++ killed by SIGTERM +++
312976 --- SIGCHLD {si_signo=SIGCHLD, si_code=CLD_KILLED, si_pid=312979, si_uid=1000, si_status=SIGTERM, si_utime=0, si_stime=0} ---
312984 +++ exited with 0 +++
312977 +++ exited with 0 +++
312975 --- SIGCHLD {si_signo=SIGCHLD, si_code=CLD_EXITED, si_pid=312977, si_uid=1000, si_status=0, si_utime=0, si_stime=0} ---
312987 +++ exited with 0 +++
312976 --- SIGCHLD {si_signo=SIGCHLD, si_code=CLD_EXITED, si_pid=312987, si_uid=1000, si_status=0, si_utime=0, si_stime=0} ---
312981 +++ exited with 0 +++
312967 +++ exited with 0 +++
312973 +++ killed by SIGKILL +++
312969 --- SIGCHLD {si_signo=SIGCHLD, si_code=CLD_KILLED, si_pid=312973, si_uid=1000, si_status=SIGKILL, si_utime=0, si_stime=0} ---
312980 +++ killed by SIGKILL +++
312972 --- SIGCHLD {si_signo=SIGCHLD, si_code=CLD_KILLED, si_pid=312980, si_uid=1000, si_status=SIGKILL, si_utime=0, si_stime=0} ---
312990 +++ exited with 3 +++
312989 --- SIGCHLD {si_signo=SIGCHLD, si_code=CLD_EXITED, si_pid=312990, si_uid=1000, si_status=3, si_utime=0, si_stime=0} ---
312991 +++ exited with 0 +++
312969 +++ killed by SIGKILL +++
312964 --- SIGCHLD {si_signo=SIGCHLD, si_code=CLD_KILLED, si_pid=312969, si_uid=1000, si_status=SIGKILL, si_utime=0, si_stime=0} ---
312966 +++ exited with 0 +++
312960 +++ exited with 0 +++
312976 +++ killed by SIGKILL +++
312971 --- SIGCHLD {si_signo=SIGCHLD, si_code=CLD_KILLED, si_pid=312976, si_uid=1000, si_status=SIGKILL, si_utime=0, si_stime=0} ---
312975 +++ killed by SIGKILL +++
312970 --- SIGCHLD {si_signo=SIGCHLD, si_code=CLD_KILLED, si_pid=312975, si_uid=1000, si_status=SIGKILL, si_utime=0, si_stime=1 /* 0.01 s */} ---
312972 +++ killed by SIGKILL +++
312962 --- SIGCHLD {si_signo=SIGCHLD, si_code=CLD_KILLED, si_pid=312972, si_uid=1000, si_status=SIGKILL, si_utime=0, si_stime=0} ---
312962 +++ exited with 0 +++
312963 +++ exited with 0 +++
312957 +++ exited with 0 +++
312971 +++ killed by SIGKILL +++
312968 --- SIGCHLD {si_signo=SIGCHLD, si_code=CLD_KILLED, si_pid=312971, si_uid=1000, si_status=SIGKILL, si_utime=0, si_stime=1 /* 0.01 s */} ---
312970 +++ killed by SIGKILL +++
312964 --- SIGCHLD {si_signo=SIGCHLD, si_code=CLD_KILLED, si_pid=312970, si_uid=1000, si_status=SIGKILL, si_utime=0, si_stime=0} ---
312968 +++ exited with 0 +++
312958 +++ exited with 0 +++
312989 +++ killed by SIGKILL +++
312988 --- SIGCHLD {si_signo=SIGCHLD, si_code=CLD_KILLED, si_pid=312989, si_uid=1000, si_status=SIGKILL, si_utime=0, si_stime=1 /* 0.01 s */} ---
312988 +++ killed by SIGKILL +++
312956 --- SIGCHLD {si_signo=SIGCHLD, si_code=CLD_KILLED, si_pid=312988, si_uid=1000, si_status=SIGKILL, si_utime=0, si_stime=1 /* 0.01 s */} ---
312964 +++ exited with 0 +++
312959 +++ exited with 0 +++
312956 +++ exited with 0 +++
