315987 +++ exited with 0 +++
316004 +++ exited with 0 +++
316000 +++ killed by SIGKILL +++
315998 --- SIGCHLD {si_signo=SIGCHLD, si_code=CLD_KILLED, si_pid=316000, si_uid=1000, si_status=SIGKILL, si_utime=0, si_stime=0} ---
316006 +++ exited with 0 +++
316002 --- SIGCHLD {si_signo=SIGCHLD, si_code=CLD_EXITED, si_pid=316006, si_uid=1000, si_status=0, si_utime=0, si_stime=0} ---
316009 +++ exited with 0 +++
316010 +++ exited with 0 +++
316003 --- SIGCHLD {si_signo=SIGCHLD, si_code=CLD_EXITED, si_pid=316010, si_uid=1000, si_status=0, si_utime=0, si_stime=0} ---
316012 +++ exited with 0 +++
316007 --- SIGCHLD {si_signo=SIGCHLD, si_code=CLD_EXITED, si_pid=316012, si_uid=1000, si_status=0, si_utime=0, si_stime=0} ---
316003 +++ exited with 0 +++
316001 --- SIGCHLD {si_signo=SIGCHLD, si_code=CLD_EXITED, si_pid=316003, si_uid=1000, si_status=0, si_utime=0, si_stime=0} ---
316008 +++ exited with 0 +++
316007 --- SIGTERM {si_signo=SIGTERM, si_code=SI_USER, si_pid=316005, si_uid=1000} ---
316007 +++ killed by SIGTERM +++
316005 --- SIGCHLD {si_signo=SIGCHLD, si_code=CLD_KILLED, si_pid=316007, si_uid=1000, si_status=SIGTERM, si_utime=0, si_stime=0} ---
316011 +++ exited with 0 +++
316013 +++ exited with 0 +++
316005 --- SIGCHLD {si_signo=SIGCHLD, si_code=CLD_EXITED, si_pid=316013, si_uid=1000, si_status=0, si_utime=0, si_stime=0} ---
315993 +++ exited with 0 +++
315998 +++ killed by SIGKILL +++
315995 --- SIGCHLD {si_signo=SIGCHLD, si_code=CLD_KILLED, si_pid=315998, si_uid=1000, si_status=SIGKILL, si_utime=0, si_stime=0} ---
315989 +++ exited with 0 +++
316002 +++ killed by SIGKILL +++
315999 --- SIGCHLD {si_signo=SIGCHLD, si_code=CLD_KILLED, si_pid=316002, si_uid=1000, si_status=SIGKILL, si_utime=0, si_stime=1 /* 0.01 s */} ---
315995 +++ killed by SIGKILL +++
315982 --- SIGCHLD {si_signo=SIGCHLD, si_code=CLD_KILLED, si_pid=315995, si_uid=1000, si_status=SIGKILL, si_utime=0, si_stime=1 /* 0.01 s */} ---
316016 +++ exited with 3 +++
316015 --- SIGCHLD {si_signo=SIGCHLD, si_code=CLD_EXITED, si_pid=316016, si_uid=1000, si_status=3, si_utime=0, si_stime=0} ---
315988 +++ exited with 0 +++
316017 +++ exited with 0 +++
315983 +++ exited with 0 +++
316005 +++ killed by SIGKILL +++
315996 --- SIGCHLD {si_signo=SIGCHLD, si_code=CLD_KILLED, si_pid=316005, si_uid=1000, si_status=SIGKILL, si_utime=0, si_stime=1 /* 0.01 s */} ---
316001 +++ killed by SIGKILL +++
315997 --- SIGCHLD {si_signo=SIGCHLD, si_code=CLD_KILLED, si_pid=316001, si_uid=1000, si_status=SIGKILL, si_utime=0, si_stime=1 /* 0.01 s */} ---
315991 +++ exited with 0 +++
315999 +++ killed by SIGKILL +++
315994 --- SIGCHLD {si_signo=SIGCHLD, si_code=CLD_KILLED, si_pid=315999, si_uid=1000, si_status=SIGKILL, si_utime=0, si_stime=1 /* 0.01 s */} ---
315994 +++ exited with 0 +++
315986 +++ exited with 0 +++
315996 +++ killed by SIGKILL +++
315990 --- SIGCHLD {si_signo=SIGCHLD, si_code=CLD_KILLED, si_pid=315996, si_uid=1000, si_status=SIGKILL, si_utime=0, si_stime=1 /* 0.01 s */} ---
315997 +++ killed by SIGKILL +++
315982 --- SIGCHLD {si_signo=SIGCHLD, si_code=CLD_KILLED, si_pid=315997, si_uid=1000, si_status=SIGKILL, si_utime=0, si_stime=0} ---
315990 +++ exited with 0 +++
315984 +++ exited with 0 +++
316015 +++ killed by SIGKILL +++
316014 --- SIGCHLD {si_signo=SIGCHLD, si_code=CLD_KILLED, si_pid=316015, si_uid=1000, si_status=SIGKILL, si_utime=0, si_stime=1 /* 0.01 s */} ---
316014 +++ killed by SIGKILL +++
315992 --- SIGCHLD {si_signo=SIGCHLD, si_code=CLD_KILLED, si_pid=316014, si_uid=1000, si_status=SIGKILL, si_utime=0, si_stime=1 /* 0.01 s */} ---
315992 +++ exited with 0 +++
315985 +++ exited with 0 +++
315982 +++ exited with 0 +++
