316107 +++ exited with 0 +++
316126 +++ exited with 0 +++
316122 +++ killed by SIGKILL +++
316120 --- SIGCHLD {si_signo=SIGCHLD, si_code=CLD_KILLED, si_pid=316122, si_uid=1000, si_status=SIGKILL, si_utime=0, si_stime=0} ---
316123 +++ exited with 0 +++
316119 --- SIGCHLD {si_signo=SIGCHLD, si_code=CLD_EXITED, si_pid=316123, si_uid=1000, si_status=0, si_utime=0, si_stime=0} ---
316127 +++ exited with 0 +++
316129 +++ exited with 0 +++
316121 --- SIGCHLD {si_signo=SIGCHLD, si_code=CLD_EXITED, si_pid=316129, si_uid=1000, si_status=0, si_utime=0, si_stime=0} ---
316121 +++ exited with 0 +++
316118 --- SIGCHLD {si_signo=SIGCHLD, si_code=CLD_EXITED, si_pid=316121, si_uid=1000, si_status=0, si_utime=0, si_stime=0} ---
316131 +++ exited with 0 +++
316128 --- SIGCHLD {si_signo=SIGCHLD, si_code=CLD_EXITED, si_pid=316131, si_uid=1000, si_status=0, si_utime=0, si_stime=0} ---
316125 +++ exited with 0 +++
316128 --- SIGTERM {si_signo=SIGTERM, si_code=SI_USER, si_pid=316124, si_uid=1000} ---
316128 +++ killed by SIGTERM +++
316124 --- SIGCHLD {si_signo=SIGCHLD, si_code=CLD_KILLED, si_pid=316128, si_uid=1000, si_status=SIGTERM, si_utime=0, si_stime=0} ---
316130 +++ exited with 0 +++
316132 +++ exited with 0 +++
316124 --- SIGCHLD {si_signo=SIGCHLD, si_code=CLD_EXITED, si_pid=316132, si_uid=1000, si_status=0, si_utime=0, si_stime=0} ---
316106 +++ exited with 0 +++
316120 +++ killed by SIGKILL +++
316115 --- SIGCHLD {si_signo=SIGCHLD, si_code=CLD_KILLED, si_pid=316120, si_uid=1000, si_status=SIGKILL, si_utime=0, si_stime=0} ---
316112 +++ exited with 0 +++
316135 +++ exited with 3 +++
316134 --- SIGCHLD {si_signo=SIGCHLD, si_code=CLD_EXITED, si_pid=316135, si_uid=1000, si_status=3, si_utime=0, si_stime=0} ---
316136 +++ exited with 0 +++
316119 +++ killed by SIGKILL +++
316116 --- SIGCHLD {si_signo=SIGCHLD, si_code=CLD_KILLED, si_pid=316119, si_uid=1000, si_status=SIGKILL, si_utime=0, si_stime=1 /* 0.01 s */} ---
316115 +++ killed by SIGKILL +++
316108 --- SIGCHLD {si_signo=SIGCHLD, si_code=CLD_KILLED, si_pid=316115, si_uid=1000, si_status=SIGKILL, si_utime=0, si_stime=1 /* 0.01 s */} ---
316108 +++ exited with 0 +++
316110 +++ exited with 0 +++
316102 +++ exited with 0 +++
316118 +++ killed by SIGKILL +++
316124 +++ killed by SIGKILL +++
316117 --- SIGCHLD {si_signo=SIGCHLD, si_code=CLD_KILLED, si_pid=316124, si_uid=1000, si_status=SIGKILL, si_utime=0, si_stime=1 /* 0.01 s */} ---
316114 --- SIGCHLD {si_signo=SIGCHLD, si_code=CLD_KILLED, si_pid=316118, si_uid=1000, si_status=SIGKILL, si_utime=0, si_stime=1 /* 0.01 s */} ---
316116 +++ killed by SIGKILL +++
316113 --- SIGCHLD {si_signo=SIGCHLD, si_code=CLD_KILLED, si_pid=316116, si_uid=1000, si_status=SIGKILL, si_utime=0, si_stime=0} ---
316109 +++ exited with 0 +++
316105 +++ exited with 0 +++
316117 +++ killed by SIGKILL +++
316113 --- SIGCHLD {si_signo=SIGCHLD, si_code=CLD_KILLED, si_pid=316117, si_uid=1000, si_status=SIGKILL, si_utime=0, si_stime=0} ---
316134 +++ killed by SIGKILL +++
316133 --- SIGCHLD {si_signo=SIGCHLD, si_code=CLD_KILLED, si_pid=316134, si_uid=1000, si_status=SIGKILL, si_utime=0, si_stime=1 /* 0.01 s */} ---
316114 +++ killed by SIGKILL +++
316101 --- SIGCHLD {si_signo=SIGCHLD, si_code=CLD_KILLED, si_pid=316114, si_uid=1000, si_status=SIGKILL, si_utime=0, si_stime=0} ---
316113 +++ exited with 0 +++
316103 +++ exited with 0 +++
316133 +++ killed by SIGKILL +++
316101 --- SIGCHLD {si_signo=SIGCHLD, si_code=CLD_KILLED, si_pid=316133, si_uid=1000, si_status=SIGKILL, si_utime=0, si_stime=1 /* 0.01 s */} ---
316111 +++ exited with 0 +++
316104 +++ exited with 0 +++
316101 +++ exited with 0 +++
