316223 +++ exited with 0 +++
316237 +++ exited with 0 +++
316236 +++ killed by SIGKILL +++
316232 --- SIGCHLD {si_signo=SIGCHLD, si_code=CLD_KILLED, si_pid=316236, si_uid=1000, si_status=SIGKILL, si_utime=0, si_stime=0} ---
316240 +++ exited with 0 +++
316238 --- SIGCHLD {si_signo=SIGCHLD, si_code=CLD_EXITED, si_pid=316240, si_uid=1000, si_status=0, si_utime=0, si_stime=0} ---
316243 +++ exited with 0 +++
316246 +++ exited with 0 +++
316241 --- SIGCHLD {si_signo=SIGCHLD, si_code=CLD_EXITED, si_pid=316246, si_uid=1000, si_status=0, si_utime=0, si_stime=0} ---
316241 --- SIGTERM {si_signo=SIGTERM, si_code=SI_USER, si_pid=316239, si_uid=1000} ---
316241 +++ killed by SIGTERM +++
316239 --- SIGCHLD {si_signo=SIGCHLD, si_code=CLD_KILLED, si_pid=316241, si_uid=1000, si_status=SIGTERM, si_utime=0, si_stime=0} ---
316245 +++ exited with 0 +++
316249 +++ exited with 0 +++
316248 +++ exited with 0 +++
316239 --- SIGCHLD {si_signo=SIGCHLD, si_code=CLD_EXITED, si_pid=316249, si_uid=1000, si_status=0, si_utime=0, si_stime=0} ---
316244 --- SIGCHLD {si_signo=SIGCHLD, si_code=CLD_EXITED, si_pid=316248, si_uid=1000, si_status=0, si_utime=0, si_stime=0} ---
316244 +++ exited with 0 +++
316242 --- SIGCHLD {si_signo=SIGCHLD, si_code=CLD_EXITED, si_pid=316244, si_uid=1000, si_status=0, si_utime=0, si_stime=0} ---
316225 +++ exited with 0 +++
316247 +++ exited with 0 +++
316232 +++ killed by SIGKILL +++
316231 --- SIGCHLD {si_signo=SIGCHLD, si_code=CLD_KILLED, si_pid=316232, si_uid=1000, si_status=SIGKILL, si_utime=0, si_stime=0} ---
316228 +++ exited with 0 +++
316231 +++ killed by SIGKILL +++
316253 --- SIGCHLD {si_signo=SIGCHLD, si_code=CLD_KILLED, si_pid=316231, si_uid=1000, si_status=SIGKILL, si_utime=0, si_stime=0} ---
316224 +++ exited with 0 +++
316252 +++ exited with 3 +++
316251 --- SIGCHLD {si_signo=SIGCHLD, si_code=CLD_EXITED, si_pid=316252, si_uid=1000, si_status=3, si_utime=0, si_stime=0} ---
316253 +++ exited with 0 +++
316219 +++ exited with 0 +++
316238 +++ killed by SIGKILL +++
316233 --- SIGCHLD {si_signo=SIGCHLD, si_code=CLD_KILLED, si_pid=316238, si_uid=1000, si_status=SIGKILL, si_utime=0, si_stime=0} ---
316239 +++ killed by SIGKILL +++
316235 --- SIGCHLD {si_signo=SIGCHLD, si_code=CLD_KILLED, si_pid=316239, si_uid=1000, si_status=SIGKILL, si_utime=0, si_stime=0} ---
316242 +++ killed by SIGKILL +++
316234 --- SIGCHLD {si_signo=SIGCHLD, si_code=CLD_KILLED, si_pid=316242, si_uid=1000, si_status=SIGKILL, si_utime=0, si_stime=1 /* 0.01 s */} ---
316227 +++ exited with 0 +++
316233 +++ killed by SIGKILL +++
316218 --- SIGCHLD {si_signo=SIGCHLD, si_code=CLD_KILLED, si_pid=316233, si_uid=1000, si_status=SIGKILL, si_utime=0, si_stime=0} ---
316234 +++ killed by SIGKILL +++
316218 --- SIGCHLD {si_signo=SIGCHLD, si_code=CLD_KILLED, si_pid=316234, si_uid=1000, si_status=SIGKILL, si_utime=0, si_stime=1 /* 0.01 s */} ---
316235 +++ killed by SIGKILL +++
316229 --- SIGCHLD {si_signo=SIGCHLD, si_code=CLD_KILLED, si_pid=316235, si_uid=1000, si_status=SIGKILL, si_utime=0, si_stime=1 /* 0.01 s */} ---
316226 +++ exited with 0 +++
316230 +++ exited with 0 +++
316220 +++ exited with 0 +++
316222 +++ exited with 0 +++
316251 +++ killed by SIGKILL +++
316250 --- SIGCHLD {si_signo=SIGCHLD, si_code=CLD_KILLED, si_pid=316251, si_uid=1000, si_status=SIGKILL, si_utime=0, si_stime=1 /* 0.01 s */} ---
316250 +++ killed by SIGKILL +++
316229 --- SIGCHLD {si_signo=SIGCHLD, si_code=CLD_KILLED, si_pid=316250, si_uid=1000, si_status=SIGKILL, si_utime=0, si_stime=1 /* 0.01 s */} ---
316229 +++ exited with 0 +++
316221 +++ exited with 0 +++
316218 +++ exited with 0 +++
