316287 +++ exited with 0 +++
316282 --- SIGCHLD {si_signo=SIGCHLD, si_code=CLD_EXITED, si_pid=316287, si_uid=1000, si_status=0, si_utime=0, si_stime=0} ---
316282 --- SIGTERM {si_signo=SIGTERM, si_code=SI_USER, si_pid=316281, si_uid=1000} ---
316282 +++ killed by SIGTERM +++
316281 --- SIGCHLD {si_signo=SIGCHLD, si_code=CLD_KILLED, si_pid=316282, si_uid=1000, si_status=SIGTERM, si_utime=0, si_stime=0} ---
316285 +++ exited with 0 +++
316289 +++ exited with 0 +++
316286 --- SIGCHLD {si_signo=SIGCHLD, si_code=CLD_EXITED, si_pid=316289, si_uid=1000, si_status=0, si_utime=0, si_stime=0} ---
316293 +++ exited with 0 +++
316276 +++ exited with 0 +++
316296 +++ exited with 0 +++
316292 +++ killed by SIGKILL +++
316290 --- SIGCHLD {si_signo=SIGCHLD, si_code=CLD_KILLED, si_pid=316292, si_uid=1000, si_status=SIGKILL, si_utime=0, si_stime=0} ---
316297 +++ exited with 0 +++
316291 --- SIGCHLD {si_signo=SIGCHLD, si_code=CLD_EXITED, si_pid=316297, si_uid=1000, si_status=0, si_utime=0, si_stime=0} ---
316291 +++ exited with 0 +++
316288 --- SIGCHLD {si_signo=SIGCHLD, si_code=CLD_EXITED, si_pid=316291, si_uid=1000, si_status=0, si_utime=0, si_stime=0} ---
316295 +++ exited with 0 +++
316294 --- SIGTERM {si_signo=SIGTERM, si_code=SI_USER, si_pid=316294, si_uid=1000} ---
316271 +++ exited with 0 +++
316273 +++ exited with 0 +++
316290 +++ killed by SIGKILL +++
316284 --- SIGCHLD {si_signo=SIGCHLD, si_code=CLD_KILLED, si_pid=316290, si_uid=1000, si_status=SIGKILL, si_utime=0, si_stime=1 /* 0.01 s */} ---
316294 +++ killed by SIGKILL +++
316281 --- SIGCHLD {si_signo=SIGCHLD, si_code=CLD_KILLED, si_pid=316294, si_uid=1000, si_status=SIGKILL, si_utime=0, si_stime=0} ---
316300 +++ exited with 3 +++
316299 --- SIGCHLD {si_signo=SIGCHLD, si_code=CLD_EXITED, si_pid=316300, si_uid=1000, si_status=3, si_utime=0, si_stime=0} ---
316301 +++ exited with 0 +++
316284 +++ killed by SIGKILL +++
316274 --- SIGCHLD {si_signo=SIGCHLD, si_code=CLD_KILLED, si_pid=316284, si_uid=1000, si_status=SIGKILL, si_utime=0, si_stime=1 /* 0.01 s */} ---
316278 +++ exited with 0 +++
316267 +++ exited with 0 +++
316288 +++ killed by SIGKILL +++
316283 --- SIGCHLD {si_signo=SIGCHLD, si_code=CLD_KILLED, si_pid=316288, si_uid=1000, si_status=SIGKILL, si_utime=0, si_stime=0} ---
316286 +++ killed by SIGKILL +++
316280 --- SIGCHLD {si_signo=SIGCHLD, si_code=CLD_KILLED, si_pid=316286, si_uid=1000, si_status=SIGKILL, si_utime=0, si_stime=1 /* 0.01 s */} ---
316275 +++ exited with 0 +++
316281 +++ killed by SIGKILL +++
316277 --- SIGCHLD {si_signo=SIGCHLD, si_code=CLD_KILLED, si_pid=316281, si_uid=1000, si_status=SIGKILL, si_utime=0, si_stime=1 /* 0.01 s */} ---
316283 +++ killed by SIGKILL +++
316266 --- SIGCHLD {si_signo=SIGCHLD, si_code=CLD_KILLED, si_pid=316283, si_uid=1000, si_status=SIGKILL, si_utime=0, si_stime=0} ---
316280 +++ killed by SIGKILL +++
316266 --- SIGCHLD {si_signo=SIGCHLD, si_code=CLD_KILLED, si_pid=316280, si_uid=1000, si_status=SIGKILL, si_utime=0, si_stime=0} ---
316274 +++ exited with 0 +++
316277 +++ killed by SIGKILL +++
316266 --- SIGCHLD {si_signo=SIGCHLD, si_code=CLD_KILLED, si_pid=316277, si_uid=1000, si_status=SIGKILL, si_utime=0, si_stime=1 /* 0.01 s */} ---
316270 +++ exited with 0 +++
316272 +++ exited with 0 +++
316268 +++ exited with 0 +++
316299 +++ killed by SIGKILL +++
316298 --- SIGCHLD {si_signo=SIGCHLD, si_code=CLD_KILLED, si_pid=316299, si_uid=1000, si_status=SIGKILL, si_utime=0, si_stime=1 /* 0.01 s */} ---
316298 +++ killed by SIGKILL +++
316266 --- SIGCHLD {si_signo=SIGCHLD, si_code=CLD_KILLED, si_pid=316298, si_uid=1000, si_status=SIGKILL, si_utime=0, si_stime=1 /* 0.01 s */} ---
316279 +++ exited with 0 +++
316269 +++ exited with 0 +++
316266 +++ exited with 0 +++
