316323 +++ exited with 0 +++
316320 --- SIGCHLD {si_signo=SIGCHLD, si_code=CLD_EXITED, si_pid=316323, si_uid=1000, si_status=0, si_utime=0, si_stime=0} ---
316325 +++ exited with 0 +++
316314 +++ exited with 0 +++
316331 +++ exited with 0 +++
316328 +++ killed by SIGKILL +++
316327 --- SIGCHLD {si_signo=SIGCHLD, si_code=CLD_KILLED, si_pid=316328, si_uid=1000, si_status=SIGKILL, si_utime=0, si_stime=0} ---
316332 +++ exited with 0 +++
316326 --- SIGCHLD {si_signo=SIGCHLD, si_code=CLD_EXITED, si_pid=316332, si_uid=1000, si_status=0, si_utime=0, si_stime=0} ---
316311 +++ exited with 0 +++
316326 --- SIGTERM {si_signo=SIGTERM, si_code=SI_USER, si_pid=316324, si_uid=1000} ---
316326 +++ killed by SIGTERM +++
316324 --- SIGCHLD {si_signo=SIGCHLD, si_code=CLD_KILLED, si_pid=316326, si_uid=1000, si_status=SIGTERM, si_utime=0, si_stime=0} ---
316329 +++ exited with 0 +++
316335 +++ exited with 0 +++
316324 --- SIGCHLD {si_signo=SIGCHLD, si_code=CLD_EXITED, si_pid=316335, si_uid=1000, si_status=0, si_utime=0, si_stime=0} ---
316336 +++ exited with 0 +++
316333 --- SIGCHLD {si_signo=SIGCHLD, si_code=CLD_EXITED, si_pid=316336, si_uid=1000, si_status=0, si_utime=0, si_stime=0} ---
316333 +++ exited with 0 +++
316330 --- SIGCHLD {si_signo=SIGCHLD, si_code=CLD_EXITED, si_pid=316333, si_uid=1000, si_status=0, si_utime=0, si_stime=0} ---
316334 +++ exited with 0 +++
316327 +++ killed by SIGKILL +++
316321 --- SIGCHLD {si_signo=SIGCHLD, si_code=CLD_KILLED, si_pid=316327, si_uid=1000, si_status=SIGKILL, si_utime=0, si_stime=0} ---
316310 +++ exited with 0 +++
316320 +++ killed by SIGKILL +++
316318 --- SIGCHLD {si_signo=SIGCHLD, si_code=CLD_KILLED, si_pid=316320, si_uid=1000, si_status=SIGKILL, si_utime=0, si_stime=0} ---
316321 +++ killed by SIGKILL +++
316305 --- SIGCHLD {si_signo=SIGCHLD, si_code=CLD_KILLED, si_pid=316321, si_uid=1000, si_status=SIGKILL, si_utime=0, si_stime=0} ---
316316 +++ exited with 0 +++
316339 +++ exited with 3 +++
316338 --- SIGCHLD {si_signo=SIGCHLD, si_code=CLD_EXITED, si_pid=316339, si_uid=1000, si_status=3, si_utime=0, si_stime=0} ---
316340 +++ exited with 0 +++
316306 +++ exited with 0 +++
316324 +++ killed by SIGKILL +++
316319 --- SIGCHLD {si_signo=SIGCHLD, si_code=CLD_KILLED, si_pid=316324, si_uid=1000, si_status=SIGKILL, si_utime=0, si_stime=0} ---
316330 +++ killed by SIGKILL +++
316322 --- SIGCHLD {si_signo=SIGCHLD, si_code=CLD_KILLED, si_pid=316330, si_uid=1000, si_status=SIGKILL, si_utime=0, si_stime=0} ---
316315 +++ exited with 0 +++
316318 +++ killed by SIGKILL +++
316313 --- SIGCHLD {si_signo=SIGCHLD, si_code=CLD_KILLED, si_pid=316318, si_uid=1000, si_status=SIGKILL, si_utime=0, si_stime=1 /* 0.01 s */} ---
316313 +++ exited with 0 +++
316309 +++ exited with 0 +++
316322 +++ killed by SIGKILL +++
316305 --- SIGCHLD {si_signo=SIGCHLD, si_code=CLD_KILLED, si_pid=316322, si_uid=1000, si_status=SIGKILL, si_utime=0, si_stime=0} ---
316319 +++ killed by SIGKILL +++
316317 --- SIGCHLD {si_signo=SIGCHLD, si_code=CLD_KILLED, si_pid=316319, si_uid=1000, si_status=SIGKILL, si_utime=0, si_stime=0} ---
316312 +++ exited with 0 +++
316307 +++ exited with 0 +++
316338 +++ killed by SIGKILL +++
316337 --- SIGCHLD {si_signo=SIGCHLD, si_code=CLD_KILLED, si_pid=316338, si_uid=1000, si_status=SIGKILL, si_utime=0, si_stime=0} ---
316337 +++ killed by SIGKILL +++
316305 --- SIGCHLD {si_signo=SIGCHLD, si_code=CLD_KILLED, si_pid=316337, si_uid=1000, si_status=SIGKILL, si_utime=0, si_stime=0} ---
316317 +++ exited with 0 +++
316308 +++ exited with 0 +++
316305 +++ exited with 0 +++
