316444 +++ exited with 0 +++
316441 --- SIGCHLD {si_signo=SIGCHLD, si_code=CLD_EXITED, si_pid=316444, si_uid=1000, si_status=0, si_utime=0, si_stime=0} ---
316428 +++ exited with 0 +++
316449 +++ exited with 0 +++
316451 +++ exited with 0 +++
316446 +++ killed by SIGKILL +++
316442 --- SIGCHLD {si_signo=SIGCHLD, si_code=CLD_KILLED, si_pid=316446, si_uid=1000, si_status=SIGKILL, si_utime=0, si_stime=0} ---
316447 +++ exited with 0 +++
316443 --- SIGCHLD {si_signo=SIGCHLD, si_code=CLD_EXITED, si_pid=316447, si_uid=1000, si_status=0, si_utime=0, si_stime=0} ---
316452 +++ exited with 0 +++
316445 --- SIGCHLD {si_signo=SIGCHLD, si_code=CLD_EXITED, si_pid=316452, si_uid=1000, si_status=0, si_utime=0, si_stime=0} ---
316443 --- SIGTERM {si_signo=SIGTERM, si_code=SI_USER, si_pid=316439, si_uid=1000} ---
316443 +++ killed by SIGTERM +++
316439 --- SIGCHLD {si_signo=SIGCHLD, si_code=CLD_KILLED, si_pid=316443, si_uid=1000, si_status=SIGTERM, si_utime=0, si_stime=0} ---
316448 +++ exited with 0 +++
316453 +++ exited with 0 +++
316439 --- SIGCHLD {si_signo=SIGCHLD, si_code=CLD_EXITED, si_pid=316453, si_uid=1000, si_status=0, si_utime=0, si_stime=0} ---
316445 +++ exited with 0 +++
316450 +++ exited with 0 +++
316440 --- SIGCHLD {si_signo=SIGCHLD, si_code=CLD_EXITED, si_pid=316445, si_uid=1000, si_status=0, si_utime=0, si_stime=0} ---
316427 +++ exited with 0 +++
316432 +++ exited with 0 +++
316442 +++ killed by SIGKILL +++
316435 --- SIGCHLD {si_signo=SIGCHLD, si_code=CLD_KILLED, si_pid=316442, si_uid=1000, si_status=SIGKILL, si_utime=0, si_stime=0} ---
316456 +++ exited with 3 +++
316455 --- SIGCHLD {si_signo=SIGCHLD, si_code=CLD_EXITED, si_pid=316456, si_uid=1000, si_status=3, si_utime=0, si_stime=0} ---
316457 +++ exited with 0 +++
316435 +++ killed by SIGKILL +++
316422 --- SIGCHLD {si_signo=SIGCHLD, si_code=CLD_KILLED, si_pid=316435, si_uid=1000, si_status=SIGKILL, si_utime=0, si_stime=0} ---
316430 +++ exited with 0 +++
316441 +++ killed by SIGKILL +++
316437 --- SIGCHLD {si_signo=SIGCHLD, si_code=CLD_KILLED, si_pid=316441, si_uid=1000, si_status=SIGKILL, si_utime=0, si_stime=1 /* 0.01 s */} ---
316439 +++ killed by SIGKILL +++
316438 --- SIGCHLD {si_signo=SIGCHLD, si_code=CLD_KILLED, si_pid=316439, si_uid=1000, si_status=SIGKILL, si_utime=0, si_stime=0} ---
316423 +++ exited with 0 +++
316431 +++ exited with 0 +++
316440 +++ killed by SIGKILL +++
316436 --- SIGCHLD {si_signo=SIGCHLD, si_code=CLD_KILLED, si_pid=316440, si_uid=1000, si_status=SIGKILL, si_utime=0, si_stime=1 /* 0.01 s */} ---
316438 +++ killed by SIGKILL +++
316434 --- SIGCHLD {si_signo=SIGCHLD, si_code=CLD_KILLED, si_pid=316438, si_uid=1000, si_status=SIGKILL, si_utime=0, si_stime=0} ---
316437 +++ killed by SIGKILL +++
316422 --- SIGCHLD {si_signo=SIGCHLD, si_code=CLD_KILLED, si_pid=316437, si_uid=1000, si_status=SIGKILL, si_utime=0, si_stime=0} ---
316434 +++ exited with 0 +++
316429 +++ exited with 0 +++
316424 +++ exited with 0 +++
316426 +++ exited with 0 +++
316436 +++ killed by SIGKILL +++
316422 --- SIGCHLD {si_signo=SIGCHLD, si_code=CLD_KILLED, si_pid=316436, si_uid=1000, si_status=SIGKILL, si_utime=0, si_stime=1 /* 0.01 s */} ---
316455 +++ killed by SIGKILL +++
316454 --- SIGCHLD {si_signo=SIGCHLD, si_code=CLD_KILLED, si_pid=316455, si_uid=1000, si_status=SIGKILL, si_utime=0, si_stime=0} ---
316454 +++ killed by SIGKILL +++
316422 --- SIGCHLD {si_signo=SIGCHLD, si_code=CLD_KILLED, si_pid=316454, si_uid=1000, si_status=SIGKILL, si_utime=0, si_stime=1 /* 0.01 s */} ---
316433 +++ exited with 0 +++
316425 +++ exited with 0 +++
316422 +++ exited with 0 +++
