316466 +++ exited with 0 +++
316478 +++ exited with 0 +++
316477 +++ killed by SIGKILL +++
316476 --- SIGCHLD {si_signo=SIGCHLD, si_code=CLD_KILLED, si_pid=316477, si_uid=1000, si_status=SIGKILL, si_utime=0, si_stime=0} ---
316482 +++ exited with 0 +++
316481 --- SIGCHLD {si_signo=SIGCHLD, si_code=CLD_EXITED, si_pid=316482, si_uid=1000, si_status=0, si_utime=0, si_stime=0} ---
316486 +++ exited with 0 +++
316490 +++ exited with 0 +++
316485 --- SIGCHLD {si_signo=SIGCHLD, si_code=CLD_EXITED, si_pid=316490, si_uid=1000, si_status=0, si_utime=0, si_stime=0} ---
316485 --- SIGTERM {si_signo=SIGTERM, si_code=SI_USER, si_pid=316483, si_uid=1000} ---
316485 +++ killed by SIGTERM +++
316483 --- SIGCHLD {si_signo=SIGCHLD, si_code=CLD_KILLED, si_pid=316485, si_uid=1000, si_status=SIGTERM, si_utime=0, si_stime=0} ---
316488 +++ exited with 0 +++
316492 +++ exited with 0 +++
316483 --- SIGCHLD {si_signo=SIGCHLD, si_code=CLD_EXITED, si_pid=316492, si_uid=1000, si_status=0, si_utime=0, si_stime=0} ---
316491 +++ exited with 0 +++
316487 --- SIGCHLD {si_signo=SIGCHLD, si_code=CLD_EXITED, si_pid=316491, si_uid=1000, si_status=0, si_utime=0, si_stime=0} ---
316487 +++ exited with 0 +++
316484 --- SIGCHLD {si_signo=SIGCHLD, si_code=CLD_EXITED, si_pid=316487, si_uid=1000, si_status=0, si_utime=0, si_stime=0} ---
316471 +++ exited with 0 +++
316489 +++ exited with 0 +++
316476 +++ killed by SIGKILL +++
316472 --- SIGCHLD {si_signo=SIGCHLD, si_code=CLD_KILLED, si_pid=316476, si_uid=1000, si_status=SIGKILL, si_utime=0, si_stime=0} ---
316470 +++ exited with 0 +++
316472 +++ killed by SIGKILL +++
316467 --- SIGCHLD {si_signo=SIGCHLD, si_code=CLD_KILLED, si_pid=316472, si_uid=1000, si_status=SIGKILL, si_utime=0, si_stime=0} ---
316467 +++ exited with 0 +++
316462 +++ exited with 0 +++
316496 +++ exited with 3 +++
316495 --- SIGCHLD {si_signo=SIGCHLD, si_code=CLD_EXITED, si_pid=316496, si_uid=1000, si_status=3, si_utime=0, si_stime=0} ---
316497 +++ exited with 0 +++
316481 +++ killed by SIGKILL +++
316475 --- SIGCHLD {si_signo=SIGCHLD, si_code=CLD_KILLED, si_pid=316481, si_uid=1000, si_status=SIGKILL, si_utime=0, si_stime=1 /* 0.01 s */} ---
316483 +++ killed by SIGKILL +++
316480 --- SIGCHLD {si_signo=SIGCHLD, si_code=CLD_KILLED, si_pid=316483, si_uid=1000, si_status=SIGKILL, si_utime=0, si_stime=1 /* 0.01 s */} ---
316484 +++ killed by SIGKILL +++
316479 --- SIGCHLD {si_signo=SIGCHLD, si_code=CLD_KILLED, si_pid=316484, si_uid=1000, si_status=SIGKILL, si_utime=0, si_stime=0} ---
316468 +++ exited with 0 +++
316475 +++ killed by SIGKILL +++
316461 --- SIGCHLD {si_signo=SIGCHLD, si_code=CLD_KILLED, si_pid=316475, si_uid=1000, si_status=SIGKILL, si_utime=0, si_stime=1 /* 0.01 s */} ---
316480 +++ killed by SIGKILL +++
316474 --- SIGCHLD {si_signo=SIGCHLD, si_code=CLD_KILLED, si_pid=316480, si_uid=1000, si_status=SIGKILL, si_utime=0, si_stime=0} ---
316473 +++ exited with 0 +++
316474 +++ exited with 0 +++
316465 +++ exited with 0 +++
316463 +++ exited with 0 +++
316479 +++ killed by SIGKILL +++
316469 --- SIGCHLD {si_signo=SIGCHLD, si_code=CLD_KILLED, si_pid=316479, si_uid=1000, si_status=SIGKILL, si_utime=0, si_stime=1 /* 0.01 s */} ---
316495 +++ killed by SIGKILL +++
316493 --- SIGCHLD {si_signo=SIGCHLD, si_code=CLD_KILLED, si_pid=316495, si_uid=1000, si_status=SIGKILL, si_utime=0, si_stime=0} ---
316493 +++ killed by SIGKILL +++
316461 --- SIGCHLD {si_signo=SIGCHLD, si_code=CLD_KILLED, si_pid=316493, si_uid=1000, si_status=SIGKILL, si_utime=0, si_stime=1 /* 0.01 s */} ---
316469 +++ exited with 0 +++
316464 +++ exited with 0 +++
316461 +++ exited with 0 +++
