316677 +++ exited with 0 +++
316675 --- SIGCHLD {si_signo=SIGCHLD, si_code=CLD_EXITED, si_pid=316677, si_uid=1000, si_status=0, si_utime=0, si_stime=0} ---
316678 +++ exited with 0 +++
316666 +++ exited with 0 +++
316686 +++ exited with 0 +++
316682 +++ killed by SIGKILL +++
316681 --- SIGCHLD {si_signo=SIGCHLD, si_code=CLD_KILLED, si_pid=316682, si_uid=1000, si_status=SIGKILL, si_utime=0, si_stime=0} ---
316685 +++ exited with 0 +++
316684 --- SIGCHLD {si_signo=SIGCHLD, si_code=CLD_EXITED, si_pid=316685, si_uid=1000, si_status=0, si_utime=0, si_stime=0} ---
316684 +++ exited with 0 +++
316680 --- SIGCHLD {si_signo=SIGCHLD, si_code=CLD_EXITED, si_pid=316684, si_uid=1000, si_status=0, si_utime=0, si_stime=0} ---
316689 +++ exited with 0 +++
316683 --- SIGCHLD {si_signo=SIGCHLD, si_code=CLD_EXITED, si_pid=316689, si_uid=1000, si_status=0, si_utime=0, si_stime=0} ---
316688 +++ exited with 0 +++
316683 --- SIGTERM {si_signo=SIGTERM, si_code=SI_USER, si_pid=316679, si_uid=1000} ---
316683 +++ killed by SIGTERM +++
316679 --- SIGCHLD {si_signo=SIGCHLD, si_code=CLD_KILLED, si_pid=316683, si_uid=1000, si_status=SIGTERM, si_utime=0, si_stime=0} ---
316665 +++ exited with 0 +++
316687 +++ exited with 0 +++
316690 +++ exited with 0 +++
316679 --- SIGCHLD {si_signo=SIGCHLD, si_code=CLD_EXITED, si_pid=316690, si_uid=1000, si_status=0, si_utime=0, si_stime=0} ---
316681 +++ killed by SIGKILL +++
316673 --- SIGCHLD {si_signo=SIGCHLD, si_code=CLD_KILLED, si_pid=316681, si_uid=1000, si_status=SIGKILL, si_utime=0, si_stime=0} ---
316664 +++ exited with 0 +++
316675 +++ killed by SIGKILL +++
316672 --- SIGCHLD {si_signo=SIGCHLD, si_code=CLD_KILLED, si_pid=316675, si_uid=1000, si_status=SIGKILL, si_utime=0, si_stime=1 /* 0.01 s */} ---
316693 +++ exited with 3 +++
316692 --- SIGCHLD {si_signo=SIGCHLD, si_code=CLD_EXITED, si_pid=316693, si_uid=1000, si_status=3, si_utime=0, si_stime=0} ---
316694 +++ exited with 0 +++
316680 +++ killed by SIGKILL +++
316676 --- SIGCHLD {si_signo=SIGCHLD, si_code=CLD_KILLED, si_pid=316680, si_uid=1000, si_status=SIGKILL, si_utime=0, si_stime=0} ---
316673 +++ killed by SIGKILL +++
316671 --- SIGCHLD {si_signo=SIGCHLD, si_code=CLD_KILLED, si_pid=316673, si_uid=1000, si_status=SIGKILL, si_utime=0, si_stime=0} ---
316671 +++ exited with 0 +++
316660 +++ exited with 0 +++
316669 +++ exited with 0 +++
316679 +++ killed by SIGKILL +++
316674 --- SIGCHLD {si_signo=SIGCHLD, si_code=CLD_KILLED, si_pid=316679, si_uid=1000, si_status=SIGKILL, si_utime=0, si_stime=0} ---
316672 +++ killed by SIGKILL +++
316659 --- SIGCHLD {si_signo=SIGCHLD, si_code=CLD_KILLED, si_pid=316672, si_uid=1000, si_status=SIGKILL, si_utime=0, si_stime=0} ---
316667 +++ exited with 0 +++
316676 +++ killed by SIGKILL +++
316663 +++ exited with 0 +++
316670 --- SIGCHLD {si_signo=SIGCHLD, si_code=CLD_KILLED, si_pid=316676, si_uid=1000, si_status=SIGKILL, si_utime=0, si_stime=0} ---
316674 +++ killed by SIGKILL +++
316668 --- SIGCHLD {si_signo=SIGCHLD, si_code=CLD_KILLED, si_pid=316674, si_uid=1000, si_status=SIGKILL, si_utime=0, si_stime=0} ---
316668 +++ exited with 0 +++
316661 +++ exited with 0 +++
316692 +++ killed by SIGKILL +++
316691 --- SIGCHLD {si_signo=SIGCHLD, si_code=CLD_KILLED, si_pid=316692, si_uid=1000, si_status=SIGKILL, si_utime=0, si_stime=1 /* 0.01 s */} ---
316691 +++ killed by SIGKILL +++
316670 --- SIGCHLD {si_signo=SIGCHLD, si_code=CLD_KILLED, si_pid=316691, si_uid=1000, si_status=SIGKILL, si_utime=0, si_stime=1 /* 0.01 s */} ---
316670 +++ exited with 0 +++
316662 +++ exited with 0 +++
316659 +++ exited with 0 +++
