1/33 test.test_0...OK
2/33 src.terminal.bitmap_allocator.test.findFreeChunks single found...OK
3/33 src.terminal.bitmap_allocator.test.findFreeChunks single not found...OK
4/33 src.terminal.bitmap_allocator.test.findFreeChunks multiple found...OK
5/33 src.terminal.bitmap_allocator.test.findFreeChunks exactly 64 chunks...OK
6/33 src.terminal.bitmap_allocator.test.findFreeChunks larger than 64 chunks...OK
7/33 src.terminal.bitmap_allocator.test.findFreeChunks larger than 64 chunks not at beginning...OK
8/33 src.terminal.bitmap_allocator.test.findFreeChunks larger than 64 chunks exact...OK
9/33 src.terminal.bitmap_allocator.test.BitmapAllocator layout...OK
10/33 src.terminal.bitmap_allocator.test.BitmapAllocator layout chunks region matches bitmap addressable bytes...OK
11/33 src.terminal.bitmap_allocator.test.BitmapAllocator layout small capacity cannot alloc out of bounds...OK
12/33 src.terminal.bitmap_allocator.test.BitmapAllocator alloc sequentially...OK
13/33 src.terminal.bitmap_allocator.test.BitmapAllocator alloc non-byte...OK
14/33 src.terminal.bitmap_allocator.test.BitmapAllocator alloc non-byte multi-chunk...OK
15/33 src.terminal.bitmap_allocator.test.BitmapAllocator alloc large...OK
16/33 src.terminal.bitmap_allocator.test.BitmapAllocator alloc and free one bitmap...OK
17/33 src.terminal.bitmap_allocator.test.BitmapAllocator search hint skips full words...OK
18/33 src.terminal.bitmap_allocator.test.BitmapAllocator search hint does not skip partial words...OK
19/33 src.terminal.bitmap_allocator.test.BitmapAllocator alloc and free half bitmap...OK
20/33 src.terminal.bitmap_allocator.test.BitmapAllocator alloc and free two half bitmaps...OK
21/33 src.terminal.bitmap_allocator.test.BitmapAllocator alloc and free 1.5 bitmaps...OK
22/33 src.terminal.bitmap_allocator.test.BitmapAllocator alloc and free two 1.5 bitmaps...OK
23/33 src.terminal.bitmap_allocator.test.BitmapAllocator alloc and free 1.5 bitmaps offset by 0.75...OK
24/33 src.terminal.bitmap_allocator.test.BitmapAllocator alloc and free three 0.75 bitmaps...OK
25/33 src.terminal.bitmap_allocator.test.BitmapAllocator alloc and free two 1.5 bitmaps offset 0.75...OK
26/33 src.terminal.bitmap_allocator.test.BitmapAllocator bytesRequired...OK
27/33 src.terminal.bitmap_allocator.test.findFreeChunks refuses spans beyond final bitmap...OK
28/33 src.terminal.bitmap_allocator.test.BitmapAllocator capacity rejection preserves allocations and retry...OK
29/33 src.terminal.size.test.Offset...OK
30/33 src.terminal.size.test.Offset ptr u8...OK
31/33 src.terminal.size.test.Offset ptr structural...OK
32/33 src.terminal.size.test.getOffset bytes...OK
33/33 src.terminal.size.test.getOffset structs...OK
All 33 tests passed.
