+ python3 -m unittest discover -s scripts/tests -v
test_actual_workspace_is_accepted (test_gate.ArchitectureGateTests) ... ok
test_correctly_named_dependency_pointing_elsewhere_is_rejected (test_gate.ArchitectureGateTests) ... ok
test_external_core_dependencies_in_all_declaration_kinds_are_rejected (test_gate.ArchitectureGateTests) ... ok
test_infrastructure_to_facade_reverse_edge_is_rejected (test_gate.ArchitectureGateTests) ... ok
test_missing_each_required_package_is_rejected (test_gate.ArchitectureGateTests) ... ok
test_registry_dependency_impersonating_domain_is_rejected (test_gate.ArchitectureGateTests) ... ok
test_relocated_package_is_rejected (test_gate.ArchitectureGateTests) ... ok
test_renamed_alias_does_not_hide_wrong_path (test_gate.ArchitectureGateTests) ... ok
test_renamed_core_package_is_rejected (test_gate.ArchitectureGateTests) ... ok
test_required_nonmember_is_rejected (test_gate.ArchitectureGateTests) ... ok
test_valid_domain_alias_remains_allowed (test_gate.ArchitectureGateTests) ... ok
test_existing_evidence_is_never_overwritten (test_performance.PerformanceEvidence) ... ok
test_timeout_preserves_raw_and_metadata (test_performance.PerformanceEvidence) ... Evidence directory: /var/folders/1w/wp9n0wwd22qgrf0zkhb2fk6r0000gn/T/tmp53yt31_q/evidence
ok
test_oversized_native_rust_c_and_header_are_rejected (test_sizes.SizeGateTests) ... ok

----------------------------------------------------------------------
Ran 14 tests in 0.095s

OK
partial test output
+ cargo test --locked -p pty-runtime-domain --no-default-features
   Compiling pty-runtime-domain v0.1.0 (/Users/nessa/Documents/NessaLabs/pty-runtime/crates/domain)
    Finished `test` profile [unoptimized + debuginfo] target(s) in 0.21s
     Running unittests src/lib.rs (target/debug/deps/pty_runtime_domain-53f1a539f3ca9b2a)

running 17 tests
test process::tests::deadline_and_allocation_extremes_are_rejected ... ok
test identity::tests::accepted_identity_discards_excess_owned_capacity_and_redacts ... ok
test process::tests::commands_are_literal_bounded_and_redacted ... ok
test process::tests::environment_keys_validate_and_overrides_remain_last ... ok
test identity::tests::identity_enforces_byte_limit_and_control_policy ... ok
test identity::tests::identity_equality_is_literal_and_lifetimes_include_both_parts ... ok
test projection::tests::close_rejects_late_commit_and_usable_completion_cannot_revive ... ok
test projection::tests::failed_retries_are_bounded_until_real_mutation ... ok
test projection::tests::invalid_policy_and_out_of_order_processed_controls_are_rejected ... ok
test projection::tests::mutation_invalidates_parking_without_advancing_unprocessed_position ... ok
test projection::tests::restoration_rejects_unadmitted_sources_and_preserves_failures ... ok
test projection::tests::successful_parking_does_not_consume_failed_retry_budget ... ok
test replay::tests::eviction_reports_gap_before_exact_suffix_and_reads_do_not_advance ... ok
test replay::tests::identities_and_future_positions_are_validated_even_when_empty ... ok
test replay::tests::offset_overflow_is_atomic_and_debug_redacts_content ... ok
test replay::tests::zero_retention_and_global_eviction_keep_stream_position ... ok
test replay::tests::chunking_matches_reference_suffix_across_capacities ... ok

test result: ok. 17 passed; 0 failed; 0 ignored; 0 measured; 0 filtered out; finished in 0.01s

     Running tests/replay_model.rs (target/debug/deps/replay_model-7d47b4b21cc3a474)

running 1 test
test seeded_interleavings_match_an_append_only_ledger ... ok

test result: ok. 1 passed; 0 failed; 0 ignored; 0 measured; 0 filtered out; finished in 0.12s

   Doc-tests pty_runtime_domain

running 0 tests

test result: ok. 0 passed; 0 failed; 0 ignored; 0 measured; 0 filtered out; finished in 0.00s

+ cargo test --locked -p pty-runtime-application --no-default-features
   Compiling pty-runtime-application v0.1.0 (/Users/nessa/Documents/NessaLabs/pty-runtime/crates/application)
    Finished `test` profile [unoptimized + debuginfo] target(s) in 0.32s
     Running unittests src/lib.rs (target/debug/deps/pty_runtime_application-fe125b4250f4aa0f)

running 21 tests
test projection::tests::cleanup::scheduler_shutdown_fallback_finishes_late_commit_without_retaining_services ... ok
test projection::tests::cleanup::rejected_blocking_admission_schedules_bounded_retry_without_losing_model ... ok
test projection::tests::cleanup::permanent_delete_failure_closes_truthfully_and_stays_charged_in_bounded_ledger ... ok
test projection::tests::cleanup::authentication_failure_retains_only_source_and_close_releases_pool_handles ... ok
test projection::tests::cleanup::close_during_pending_commit_deletes_late_result_and_releases_services ... ok
test projection::tests::cleanup::failed_storage_has_finite_retries_and_retains_original_live_model ... ok
test projection::tests::cleanup::close_progresses_with_every_normal_request_slot_held ... ok
test projection::tests::cleanup::failed_restore_retains_source_and_bounded_unprocessed_output_without_empty_model ... ok
test projection::tests::parking::idle_park_restore_orders_bytes_resize_history_and_single_authoritative_reply ... ok
test projection::tests::parking::output_during_commit_retains_model_and_cleanup_does_not_block_feed ... ok
test projection::tests::parking::parked_transfer_pin_uses_saved_source_without_native_restore ... ok
test projection::tests::parking::output_during_encode_is_bounded_and_stale_commit_never_releases_live_model ... ok
test projection::tests::cleanup::uncertain_commits_stay_charged_and_report_failure_on_every_close ... ok
test projection::tests::parking::ready_view_captures_its_own_history_and_exact_order_boundary ... ok
test projection::tests::pressure::copied_views_retain_global_memory_admission_until_consumer_drop ... ok
test projection::tests::pressure::generated_reply_waits_for_single_writer_admission_without_refeeding_or_duplicate_send ... ok
test projection::tests::pressure::global_parser_capacity_released_by_another_session_wakes_waiter ... ok
test projection::tests::pressure::independent_parser_admission_is_all_or_none_and_early_capacity_notice_survives ... ok
test projection::tests::pressure::partial_generated_reply_fails_projection_and_is_never_resent ... ok
test projection::tests::pressure::native_feed_panic_preserves_unprocessed_staging_and_rejects_projection_operations ... ok
test projection::tests::pressure::resident_checkpoint_pin_reserves_plaintext_even_when_protection_bound_is_smaller ... ok

test result: ok. 21 passed; 0 failed; 0 ignored; 0 measured; 0 filtered out; finished in 0.00s

   Doc-tests pty_runtime_application

running 0 tests

test result: ok. 0 passed; 0 failed; 0 ignored; 0 measured; 0 filtered out; finished in 0.00s

+ cargo fmt --all --check
+ python3 scripts/native/bootstrap.py
+ cargo clippy --locked --workspace --all-targets --all-features -- -D warnings
    Checking pty-runtime-domain v0.1.0 (/Users/nessa/Documents/NessaLabs/pty-runtime/crates/domain)
    Checking pty-runtime-application v0.1.0 (/Users/nessa/Documents/NessaLabs/pty-runtime/crates/application)
    Checking pty-runtime-infrastructure v0.1.0 (/Users/nessa/Documents/NessaLabs/pty-runtime/crates/infrastructure)
    Checking pty-runtime v0.1.0 (/Users/nessa/Documents/NessaLabs/pty-runtime)
    Finished `dev` profile [unoptimized + debuginfo] target(s) in 1.20s
+ cargo test --locked --workspace --all-targets --all-features
   Compiling pty-runtime-infrastructure v0.1.0 (/Users/nessa/Documents/NessaLabs/pty-runtime/crates/infrastructure)
   Compiling pty-runtime v0.1.0 (/Users/nessa/Documents/NessaLabs/pty-runtime)
    Finished `test` profile [unoptimized + debuginfo] target(s) in 2.00s
     Running unittests src/lib.rs (target/debug/deps/pty_runtime-065b5173b668fc1b)

running 0 tests

test result: ok. 0 passed; 0 failed; 0 ignored; 0 measured; 0 filtered out; finished in 0.00s

     Running unittests tests/fixtures/pty_fixture.rs (target/debug/deps/pty_runtime_fixture-a025c4acd711fc91)

running 0 tests

test result: ok. 0 passed; 0 failed; 0 ignored; 0 measured; 0 filtered out; finished in 0.00s

     Running tests/ddd_spawn_failure.rs (target/debug/deps/ddd_spawn_failure-2f12bb34963c727b)

running 1 test
test lookup_handle_obtained_during_failed_spawn_reaches_terminal_state ... ok

test result: ok. 1 passed; 0 failed; 0 ignored; 0 measured; 0 filtered out; finished in 0.00s

     Running tests/default_parking.rs (target/debug/deps/default_parking-5dca9a471f130d61)

running 1 test
test default_policy_parks_at_sixty_seconds_and_keeps_process_alive ... ignored, explicit real-clock sixty-second parking qualification

test result: ok. 0 passed; 0 failed; 1 ignored; 0 measured; 0 filtered out; finished in 0.00s

     Running tests/input_reservation.rs (target/debug/deps/input_reservation-14c36612d5930c0e)

running 1 test
test global_bytes_and_slots_survive_abandoned_wait_and_release_on_adapter_completion ... ok

test result: ok. 1 passed; 0 failed; 0 ignored; 0 measured; 0 filtered out; finished in 0.00s

     Running tests/process_handle_resources.rs (target/debug/deps/process_handle_resources-69135155182bf902)

running 1 test
test completed_old_handles_do_not_keep_process_wake_descriptors ... ok

test result: ok. 1 passed; 0 failed; 0 ignored; 0 measured; 0 filtered out; finished in 0.26s

     Running tests/projected_runtime.rs (target/debug/deps/projected_runtime-f7e3f2186a3a45f3)

running 2 tests
test real_query_reply_is_sent_once_with_multiple_observers ... ok
test detached_real_model_parks_transfers_restores_and_resizes_without_losing_bytes ... ok

test result: ok. 2 passed; 0 failed; 0 ignored; 0 measured; 0 filtered out; finished in 0.22s

     Running tests/projection_cleanup_outcome.rs (target/debug/deps/projection_cleanup_outcome-1d1a9a33d6e97f57)

running 2 tests
test domain_session_validation_rejects_incompatible_projection_admission ... ok
test forget_preserves_delete_and_uncertain_commit_failures_including_repeated_calls ... ok

test result: ok. 2 passed; 0 failed; 0 ignored; 0 measured; 0 filtered out; finished in 0.01s

     Running tests/projection_correctness.rs (target/debug/deps/projection_correctness-f13ce9f482ec5ba6)

running 4 tests
test impossible_global_parser_budgets_reject_before_child_launch ... ok
test shutdown_closes_model_with_completed_request_wait_retained ... ok
test process_future_panic_does_not_strand_runtime_shutdown ... ok
test resize_panic_during_close_keeps_cleanup_scheduled ... ok

test result: ok. 4 passed; 0 failed; 0 ignored; 0 measured; 0 filtered out; finished in 0.00s

     Running tests/raw_adversarial.rs (target/debug/deps/raw_adversarial-b58bba2bb13f89d0)

running 1 test
test dropping_polled_pending_waits_releases_admission_and_preserves_cursor ... ok

test result: ok. 1 passed; 0 failed; 0 ignored; 0 measured; 0 filtered out; finished in 0.00s

     Running tests/raw_child_contract.rs (target/debug/deps/raw_child_contract-a4ac94fbd3fbe720)

running 2 tests
test merged_stdout_stderr_preserves_binary_bytes_through_public_observer ... ok
test explicit_environment_literal_args_canonical_cwd_and_ordered_resize_reach_real_child ... ok

test result: ok. 2 passed; 0 failed; 0 ignored; 0 measured; 0 filtered out; finished in 0.02s

     Running tests/raw_completion.rs (target/debug/deps/raw_completion-f7c0e007cdc60eb8)

running 1 test
test signal_death_and_descendant_drain_never_become_fabricated_success ... ok

test result: ok. 1 passed; 0 failed; 0 ignored; 0 measured; 0 filtered out; finished in 0.02s

     Running tests/raw_registration.rs (target/debug/deps/raw_registration-adb1362464869f3e)

running 1 test
test simultaneous_duplicate_calls_launch_once_even_after_completion_until_forgetting ... ok

test result: ok. 1 passed; 0 failed; 0 ignored; 0 measured; 0 filtered out; finished in 0.01s

     Running tests/raw_runtime.rs (target/debug/deps/raw_runtime-351b64347a8c6f84)

running 4 tests
test admission_bounds_and_owner_drop_preserve_explicit_completion ... ok
test synthetic_input_is_not_echoed_or_exposed_in_debug ... ok
test detach_and_cancelled_observation_preserve_live_process_and_cursor ... ok
test raw_suffix_gap_completion_and_completed_id_are_stable ... ok

test result: ok. 4 passed; 0 failed; 0 ignored; 0 measured; 0 filtered out; finished in 0.01s

     Running tests/runtime_performance.rs (target/debug/deps/runtime_performance-153955e99abcf37e)

running 1 test
test projected_real_pty_producers ... ignored, scoped release performance measurement: scripts/performance.py

test result: ok. 0 passed; 0 failed; 1 ignored; 0 measured; 0 filtered out; finished in 0.00s

     Running unittests src/lib.rs (target/debug/deps/pty_runtime_application-fe125b4250f4aa0f)

running 21 tests
test projection::tests::cleanup::close_progresses_with_every_normal_request_slot_held ... ok
test projection::tests::cleanup::close_during_pending_commit_deletes_late_result_and_releases_services ... ok
test projection::tests::cleanup::failed_restore_retains_source_and_bounded_unprocessed_output_without_empty_model ... ok
test projection::tests::cleanup::authentication_failure_retains_only_source_and_close_releases_pool_handles ... ok
test projection::tests::cleanup::failed_storage_has_finite_retries_and_retains_original_live_model ... ok
test projection::tests::cleanup::permanent_delete_failure_closes_truthfully_and_stays_charged_in_bounded_ledger ... ok
test projection::tests::cleanup::rejected_blocking_admission_schedules_bounded_retry_without_losing_model ... ok
test projection::tests::cleanup::scheduler_shutdown_fallback_finishes_late_commit_without_retaining_services ... ok
test projection::tests::parking::idle_park_restore_orders_bytes_resize_history_and_single_authoritative_reply ... ok
test projection::tests::cleanup::uncertain_commits_stay_charged_and_report_failure_on_every_close ... ok
test projection::tests::parking::output_during_commit_retains_model_and_cleanup_does_not_block_feed ... ok
test projection::tests::parking::parked_transfer_pin_uses_saved_source_without_native_restore ... ok
test projection::tests::parking::output_during_encode_is_bounded_and_stale_commit_never_releases_live_model ... ok
test projection::tests::parking::ready_view_captures_its_own_history_and_exact_order_boundary ... ok
test projection::tests::pressure::copied_views_retain_global_memory_admission_until_consumer_drop ... ok
test projection::tests::pressure::generated_reply_waits_for_single_writer_admission_without_refeeding_or_duplicate_send ... ok
test projection::tests::pressure::global_parser_capacity_released_by_another_session_wakes_waiter ... ok
test projection::tests::pressure::independent_parser_admission_is_all_or_none_and_early_capacity_notice_survives ... ok
test projection::tests::pressure::partial_generated_reply_fails_projection_and_is_never_resent ... ok
test projection::tests::pressure::native_feed_panic_preserves_unprocessed_staging_and_rejects_projection_operations ... ok
test projection::tests::pressure::resident_checkpoint_pin_reserves_plaintext_even_when_protection_bound_is_smaller ... ok

test result: ok. 21 passed; 0 failed; 0 ignored; 0 measured; 0 filtered out; finished in 0.00s

     Running unittests src/lib.rs (target/debug/deps/pty_runtime_domain-53f1a539f3ca9b2a)

running 17 tests
test identity::tests::accepted_identity_discards_excess_owned_capacity_and_redacts ... ok
test identity::tests::identity_enforces_byte_limit_and_control_policy ... ok
test identity::tests::identity_equality_is_literal_and_lifetimes_include_both_parts ... ok
test process::tests::deadline_and_allocation_extremes_are_rejected ... ok
test process::tests::environment_keys_validate_and_overrides_remain_last ... ok
test process::tests::commands_are_literal_bounded_and_redacted ... ok
test projection::tests::close_rejects_late_commit_and_usable_completion_cannot_revive ... ok
test projection::tests::failed_retries_are_bounded_until_real_mutation ... ok
test projection::tests::invalid_policy_and_out_of_order_processed_controls_are_rejected ... ok
test projection::tests::mutation_invalidates_parking_without_advancing_unprocessed_position ... ok
test projection::tests::restoration_rejects_unadmitted_sources_and_preserves_failures ... ok
test projection::tests::successful_parking_does_not_consume_failed_retry_budget ... ok
test replay::tests::eviction_reports_gap_before_exact_suffix_and_reads_do_not_advance ... ok
test replay::tests::identities_and_future_positions_are_validated_even_when_empty ... ok
test replay::tests::offset_overflow_is_atomic_and_debug_redacts_content ... ok
test replay::tests::zero_retention_and_global_eviction_keep_stream_position ... ok
test replay::tests::chunking_matches_reference_suffix_across_capacities ... ok

test result: ok. 17 passed; 0 failed; 0 ignored; 0 measured; 0 filtered out; finished in 0.01s

     Running tests/replay_model.rs (target/debug/deps/replay_model-7d47b4b21cc3a474)

running 1 test
test seeded_interleavings_match_an_append_only_ledger ... ok

test result: ok. 1 passed; 0 failed; 0 ignored; 0 measured; 0 filtered out; finished in 0.11s

     Running unittests src/lib.rs (target/debug/deps/pty_runtime_infrastructure-122876f2b742dffe)

running 8 tests
test scheduling::pool::tests::shutdown_joins_all_workers_and_releases_worker_state ... ok
test scheduling::blocking::tests::shutdown_joins_all_workers_and_releases_worker_state ... ok
test checkpoint::file::tests::failed_orphan_cleanup_retains_a_distinct_quota_charge ... ok
test process::spawn_barrier_tests::blocked_and_failed_spawn_does_not_delay_existing_controls_or_reaping ... ok
test checkpoint::file::tests::concurrent_commit_reservation_cannot_exceed_quota ... ok
test process::spawn_barrier_tests::immediate_shutdown_reaps_existing_child_before_stalled_launch_finishes ... ok
test checkpoint::file::tests::renamed_namespace_drop_does_not_remove_unrelated_replacement ... ok
test checkpoint::file::tests::partial_failed_writes_full_disk_and_zero_writes_clean_temporary_state ... ok

test result: ok. 8 passed; 0 failed; 0 ignored; 0 measured; 0 filtered out; finished in 0.02s

     Running tests/checkpoint_adversarial.rs (target/debug/deps/checkpoint_adversarial-1eab129c9424831d)

running 4 tests
test repeated_protection_uses_distinct_nonces_and_remains_authentic ... ok
test failed_namespace_construction_rolls_back_under_restrictive_umask ... ok
test drop_does_not_remove_foreign_replacement_directory ... ok
test permission_or_hardlink_change_rejects_read_without_exposing_payload ... ok

test result: ok. 4 passed; 0 failed; 0 ignored; 0 measured; 0 filtered out; finished in 0.01s

     Running tests/checkpoint_contract.rs (target/debug/deps/checkpoint_contract-7af3d9777340dca4)

running 5 tests
test injected_provider_same_contract ... ok
test ciphertext_corruption_truncation_wrong_key_and_metadata_replay_rejected ... ok
test existing_or_symlink_root_rejected_without_cleanup_of_foreign_content ... ok
test real_disk_quota_short_reads_symlinks_and_corrupt_files ... ok
test real_disk_contract_private_permissions_and_cleanup ... ok

test result: ok. 5 passed; 0 failed; 0 ignored; 0 measured; 0 filtered out; finished in 0.02s

     Running tests/checkpoint_opaque_envelope.rs (target/debug/deps/checkpoint_opaque_envelope-e7b66a80992eba7c)

running 1 test
test storage_roundtrips_short_opaque_envelope_without_cipher_assumptions ... ok

test result: ok. 1 passed; 0 failed; 0 ignored; 0 measured; 0 filtered out; finished in 0.01s

     Running tests/process_adversarial.rs (target/debug/deps/process_adversarial-cf49e558b6438b64)

running 1 test
test failed_reader_terminates_long_lived_child_without_owner_shutdown ... ok

test result: ok. 1 passed; 0 failed; 0 ignored; 0 measured; 0 filtered out; finished in 0.01s

     Running tests/process_contract.rs (target/debug/deps/process_contract-82f03e6203ed40a9)

running 7 tests
test descendant_endpoint_has_bounded_drain_separate_from_exit ... ok
test literal_arguments_empty_environment_overrides_and_canonical_roots ... ok
test controlling_terminal_echo_off_ordered_input_and_real_exit ... ok
test resize_and_quiet_reader_shutdown_are_interruptible ... ok
test failed_spawn_releases_admission_and_drop_reaps_child ... ok
test cancellation_bypasses_full_input_and_escalates_once ... ok
test blocked_output_does_not_block_exit_or_shutdown ... ok

test result: ok. 7 passed; 0 failed; 0 ignored; 0 measured; 0 filtered out; finished in 0.34s

     Running tests/process_handle_teardown.rs (target/debug/deps/process_handle_teardown-47c8ef92a0c76c4d)

running 1 test
test retained_closed_handles_release_all_wake_descriptors ... ok

test result: ok. 1 passed; 0 failed; 0 ignored; 0 measured; 0 filtered out; finished in 0.08s

     Running tests/process_host_contract.rs (target/debug/deps/process_host_contract-fef6931ebfa8d11a)

running 4 tests
test sigchld_policy_fixture ... ignored, runs only inside the isolated host-policy subprocess
test constructor_rejects_auto_reaping_policies_in_isolated_hosts ... ok
test backend_drop_ignores_twenty_four_hour_grace_and_reaps ... ok
test unexpected_reader_failure_kills_long_lived_child_without_grace_delay ... ok

test result: ok. 3 passed; 0 failed; 1 ignored; 0 measured; 0 filtered out; finished in 0.01s

     Running tests/process_pressure.rs (target/debug/deps/process_pressure-6120a5a5481cde7c)

running 4 tests
test symlinks_cannot_escape_allowed_launch_roots ... ok
test callback_panics_do_not_orphan_children_or_break_other_sessions ... ok
test simultaneous_producers_deliver_complete_bytes_and_quiet_cancel_remains_live ... ok
test stalled_input_times_out_with_partial_ack_and_retains_no_admission ... ok

test result: ok. 4 passed; 0 failed; 0 ignored; 0 measured; 0 filtered out; finished in 0.06s

     Running tests/scheduling_adversarial.rs (target/debug/deps/scheduling_adversarial-8a97cfae7ffff697)

running 4 tests
test excessive_worker_counts_are_rejected_before_thread_creation ... ok
test impossible_registration_bounds_return_errors_without_panicking ... ok
test impossible_blocking_queue_bound_returns_error_without_panicking ... ok
test callback_owner_destructor_panic_does_not_destroy_worker_capacity ... ok

test result: ok. 4 passed; 0 failed; 0 ignored; 0 measured; 0 filtered out; finished in 0.00s

     Running tests/scheduling_blocking.rs (target/debug/deps/scheduling_blocking-b759acd1c2e9f113)

running 3 tests
test capacity_generation_preserves_early_notifications ... ok
test blocked_job_admission_is_bounded_and_shutdown_drains_accepted_jobs ... ok
test job_panic_does_not_kill_worker_and_drop_joins_work ... ok

test result: ok. 3 passed; 0 failed; 0 ignored; 0 measured; 0 filtered out; finished in 0.00s

     Running tests/scheduling_pool.rs (target/debug/deps/scheduling_pool-571cb28b29047d52)

running 5 tests
test registration_caps_handle_drop_and_weak_drop_reclaim_slots ... ok
test callback_can_request_shutdown_without_self_join ... ok
test running_wakes_coalesce_without_overlap_and_close_releases_after_run ... ok
test panic_reports_failure_and_other_work_continues ... ok
test timer_fires_without_external_wake_and_finished_closes_handle ... ok

test result: ok. 5 passed; 0 failed; 0 ignored; 0 measured; 0 filtered out; finished in 0.02s

     Running tests/terminal_bounds.rs (target/debug/deps/terminal_bounds-4929709e2a2e2997)

running 5 tests
test chunk_admission_does_not_mutate_and_reply_overflow_invalidates_projection ... ok
test rejects_invalid_dimensions_config_and_incompatible_checkpoints ... ok
test checkpoint_and_native_allocations_are_bounded ... ok
test view_and_parser_continuation_have_explicit_budgets ... ok
test corrupted_and_truncated_snapshots_never_complete_successfully ... ok

test result: ok. 5 passed; 0 failed; 0 ignored; 0 measured; 0 filtered out; finished in 0.06s

     Running tests/terminal_contract.rs (target/debug/deps/terminal_contract-f2a70ac40af86072)

running 6 tests
test palette_and_default_color_overrides_are_domain_values ... ok
test incremental_text_styles_modes_cursor_and_ordered_resize ... ok
test compression_preserves_wide_combining_text_and_full_history ... ok
test terminal_owner_can_move_threads_and_drop_with_pending_history ... ok
test checkpoints_preserve_parser_continuation_and_uninterrupted_state ... ok
test ready_fences_mutations_to_preserve_one_hundred_thousand_history_lines ... ok

test result: ok. 6 passed; 0 failed; 0 ignored; 0 measured; 0 filtered out; finished in 1.55s

+ cargo test --locked --workspace --no-default-features
   Compiling pty-runtime-infrastructure v0.1.0 (/Users/nessa/Documents/NessaLabs/pty-runtime/crates/infrastructure)
   Compiling pty-runtime v0.1.0 (/Users/nessa/Documents/NessaLabs/pty-runtime)
    Finished `test` profile [unoptimized + debuginfo] target(s) in 2.12s
     Running unittests src/lib.rs (target/debug/deps/pty_runtime-5dba98ac6f80a463)

running 0 tests

test result: ok. 0 passed; 0 failed; 0 ignored; 0 measured; 0 filtered out; finished in 0.00s

     Running tests/ddd_spawn_failure.rs (target/debug/deps/ddd_spawn_failure-12630734fa773342)

running 1 test
test lookup_handle_obtained_during_failed_spawn_reaches_terminal_state ... ok

test result: ok. 1 passed; 0 failed; 0 ignored; 0 measured; 0 filtered out; finished in 0.00s

     Running tests/default_parking.rs (target/debug/deps/default_parking-0b081737b1706926)

running 0 tests

test result: ok. 0 passed; 0 failed; 0 ignored; 0 measured; 0 filtered out; finished in 0.00s

     Running tests/input_reservation.rs (target/debug/deps/input_reservation-bd839dca7d495e87)

running 1 test
test global_bytes_and_slots_survive_abandoned_wait_and_release_on_adapter_completion ... ok

test result: ok. 1 passed; 0 failed; 0 ignored; 0 measured; 0 filtered out; finished in 0.00s

     Running tests/process_handle_resources.rs (target/debug/deps/process_handle_resources-e5f80fd473b48d5c)

running 1 test
test completed_old_handles_do_not_keep_process_wake_descriptors ... ok

test result: ok. 1 passed; 0 failed; 0 ignored; 0 measured; 0 filtered out; finished in 0.27s

     Running tests/projected_runtime.rs (target/debug/deps/projected_runtime-622d268d2c78bece)

running 0 tests

test result: ok. 0 passed; 0 failed; 0 ignored; 0 measured; 0 filtered out; finished in 0.00s

     Running tests/projection_cleanup_outcome.rs (target/debug/deps/projection_cleanup_outcome-5e817fd5220f474d)

running 2 tests
test domain_session_validation_rejects_incompatible_projection_admission ... ok
test forget_preserves_delete_and_uncertain_commit_failures_including_repeated_calls ... ok

test result: ok. 2 passed; 0 failed; 0 ignored; 0 measured; 0 filtered out; finished in 0.01s

     Running tests/projection_correctness.rs (target/debug/deps/projection_correctness-1d86fcd5f8c1088d)

running 4 tests
test impossible_global_parser_budgets_reject_before_child_launch ... ok
test process_future_panic_does_not_strand_runtime_shutdown ... ok
test shutdown_closes_model_with_completed_request_wait_retained ... ok
test resize_panic_during_close_keeps_cleanup_scheduled ... ok

test result: ok. 4 passed; 0 failed; 0 ignored; 0 measured; 0 filtered out; finished in 0.00s

     Running tests/raw_adversarial.rs (target/debug/deps/raw_adversarial-2ee203e4feb5374a)

running 1 test
test dropping_polled_pending_waits_releases_admission_and_preserves_cursor ... ok

test result: ok. 1 passed; 0 failed; 0 ignored; 0 measured; 0 filtered out; finished in 0.01s

     Running tests/raw_child_contract.rs (target/debug/deps/raw_child_contract-0d916ad27a6bd595)

running 2 tests
test merged_stdout_stderr_preserves_binary_bytes_through_public_observer ... ok
test explicit_environment_literal_args_canonical_cwd_and_ordered_resize_reach_real_child ... ok

test result: ok. 2 passed; 0 failed; 0 ignored; 0 measured; 0 filtered out; finished in 0.02s

     Running tests/raw_completion.rs (target/debug/deps/raw_completion-975fc9c83d790327)

running 1 test
test signal_death_and_descendant_drain_never_become_fabricated_success ... ok

test result: ok. 1 passed; 0 failed; 0 ignored; 0 measured; 0 filtered out; finished in 0.03s

     Running tests/raw_registration.rs (target/debug/deps/raw_registration-99f2b26436439a84)

running 1 test
test simultaneous_duplicate_calls_launch_once_even_after_completion_until_forgetting ... ok

test result: ok. 1 passed; 0 failed; 0 ignored; 0 measured; 0 filtered out; finished in 0.01s

     Running tests/raw_runtime.rs (target/debug/deps/raw_runtime-854a3ca906334d60)

running 4 tests
test admission_bounds_and_owner_drop_preserve_explicit_completion ... ok
test synthetic_input_is_not_echoed_or_exposed_in_debug ... ok
test detach_and_cancelled_observation_preserve_live_process_and_cursor ... ok
test raw_suffix_gap_completion_and_completed_id_are_stable ... ok

test result: ok. 4 passed; 0 failed; 0 ignored; 0 measured; 0 filtered out; finished in 0.01s

     Running tests/runtime_performance.rs (target/debug/deps/runtime_performance-3c15e4ebf3c8cfaf)

running 0 tests

test result: ok. 0 passed; 0 failed; 0 ignored; 0 measured; 0 filtered out; finished in 0.00s

     Running unittests src/lib.rs (target/debug/deps/pty_runtime_application-fe125b4250f4aa0f)

running 21 tests
test projection::tests::cleanup::close_progresses_with_every_normal_request_slot_held ... ok
test projection::tests::cleanup::close_during_pending_commit_deletes_late_result_and_releases_services ... ok
test projection::tests::cleanup::failed_storage_has_finite_retries_and_retains_original_live_model ... ok
test projection::tests::cleanup::authentication_failure_retains_only_source_and_close_releases_pool_handles ... ok
test projection::tests::cleanup::failed_restore_retains_source_and_bounded_unprocessed_output_without_empty_model ... ok
test projection::tests::cleanup::permanent_delete_failure_closes_truthfully_and_stays_charged_in_bounded_ledger ... ok
test projection::tests::cleanup::rejected_blocking_admission_schedules_bounded_retry_without_losing_model ... ok
test projection::tests::cleanup::scheduler_shutdown_fallback_finishes_late_commit_without_retaining_services ... ok
test projection::tests::parking::idle_park_restore_orders_bytes_resize_history_and_single_authoritative_reply ... ok
test projection::tests::parking::output_during_commit_retains_model_and_cleanup_does_not_block_feed ... ok
test projection::tests::cleanup::uncertain_commits_stay_charged_and_report_failure_on_every_close ... ok
test projection::tests::parking::parked_transfer_pin_uses_saved_source_without_native_restore ... ok
test projection::tests::parking::output_during_encode_is_bounded_and_stale_commit_never_releases_live_model ... ok
test projection::tests::parking::ready_view_captures_its_own_history_and_exact_order_boundary ... ok
test projection::tests::pressure::copied_views_retain_global_memory_admission_until_consumer_drop ... ok
test projection::tests::pressure::generated_reply_waits_for_single_writer_admission_without_refeeding_or_duplicate_send ... ok
test projection::tests::pressure::global_parser_capacity_released_by_another_session_wakes_waiter ... ok
test projection::tests::pressure::independent_parser_admission_is_all_or_none_and_early_capacity_notice_survives ... ok
test projection::tests::pressure::partial_generated_reply_fails_projection_and_is_never_resent ... ok
test projection::tests::pressure::native_feed_panic_preserves_unprocessed_staging_and_rejects_projection_operations ... ok
test projection::tests::pressure::resident_checkpoint_pin_reserves_plaintext_even_when_protection_bound_is_smaller ... ok

test result: ok. 21 passed; 0 failed; 0 ignored; 0 measured; 0 filtered out; finished in 0.00s

     Running unittests src/lib.rs (target/debug/deps/pty_runtime_domain-53f1a539f3ca9b2a)

running 17 tests
test identity::tests::accepted_identity_discards_excess_owned_capacity_and_redacts ... ok
test identity::tests::identity_equality_is_literal_and_lifetimes_include_both_parts ... ok
test identity::tests::identity_enforces_byte_limit_and_control_policy ... ok
test process::tests::commands_are_literal_bounded_and_redacted ... ok
test process::tests::deadline_and_allocation_extremes_are_rejected ... ok
test projection::tests::close_rejects_late_commit_and_usable_completion_cannot_revive ... ok
test process::tests::environment_keys_validate_and_overrides_remain_last ... ok
test projection::tests::failed_retries_are_bounded_until_real_mutation ... ok
test projection::tests::invalid_policy_and_out_of_order_processed_controls_are_rejected ... ok
test projection::tests::mutation_invalidates_parking_without_advancing_unprocessed_position ... ok
test projection::tests::restoration_rejects_unadmitted_sources_and_preserves_failures ... ok
test projection::tests::successful_parking_does_not_consume_failed_retry_budget ... ok
test replay::tests::eviction_reports_gap_before_exact_suffix_and_reads_do_not_advance ... ok
test replay::tests::identities_and_future_positions_are_validated_even_when_empty ... ok
test replay::tests::offset_overflow_is_atomic_and_debug_redacts_content ... ok
test replay::tests::zero_retention_and_global_eviction_keep_stream_position ... ok
test replay::tests::chunking_matches_reference_suffix_across_capacities ... ok

test result: ok. 17 passed; 0 failed; 0 ignored; 0 measured; 0 filtered out; finished in 0.01s

     Running tests/replay_model.rs (target/debug/deps/replay_model-7d47b4b21cc3a474)

running 1 test
test seeded_interleavings_match_an_append_only_ledger ... ok

test result: ok. 1 passed; 0 failed; 0 ignored; 0 measured; 0 filtered out; finished in 0.11s

     Running unittests src/lib.rs (target/debug/deps/pty_runtime_infrastructure-06c475aec9df509e)

running 8 tests
test scheduling::pool::tests::shutdown_joins_all_workers_and_releases_worker_state ... ok
test scheduling::blocking::tests::shutdown_joins_all_workers_and_releases_worker_state ... ok
test checkpoint::file::tests::failed_orphan_cleanup_retains_a_distinct_quota_charge ... ok
test checkpoint::file::tests::concurrent_commit_reservation_cannot_exceed_quota ... ok
test checkpoint::file::tests::renamed_namespace_drop_does_not_remove_unrelated_replacement ... ok
test process::spawn_barrier_tests::blocked_and_failed_spawn_does_not_delay_existing_controls_or_reaping ... ok
test process::spawn_barrier_tests::immediate_shutdown_reaps_existing_child_before_stalled_launch_finishes ... ok
test checkpoint::file::tests::partial_failed_writes_full_disk_and_zero_writes_clean_temporary_state ... ok

test result: ok. 8 passed; 0 failed; 0 ignored; 0 measured; 0 filtered out; finished in 0.02s

     Running tests/checkpoint_adversarial.rs (target/debug/deps/checkpoint_adversarial-1cec414af346b752)

running 4 tests
test repeated_protection_uses_distinct_nonces_and_remains_authentic ... ok
test drop_does_not_remove_foreign_replacement_directory ... ok
test failed_namespace_construction_rolls_back_under_restrictive_umask ... ok
test permission_or_hardlink_change_rejects_read_without_exposing_payload ... ok

test result: ok. 4 passed; 0 failed; 0 ignored; 0 measured; 0 filtered out; finished in 0.01s

     Running tests/checkpoint_contract.rs (target/debug/deps/checkpoint_contract-e1efefbfff11a4f9)

running 5 tests
test injected_provider_same_contract ... ok
test ciphertext_corruption_truncation_wrong_key_and_metadata_replay_rejected ... ok
test existing_or_symlink_root_rejected_without_cleanup_of_foreign_content ... ok
test real_disk_quota_short_reads_symlinks_and_corrupt_files ... ok
test real_disk_contract_private_permissions_and_cleanup ... ok

test result: ok. 5 passed; 0 failed; 0 ignored; 0 measured; 0 filtered out; finished in 0.02s

     Running tests/checkpoint_opaque_envelope.rs (target/debug/deps/checkpoint_opaque_envelope-e161243bceaa20ca)

running 1 test
test storage_roundtrips_short_opaque_envelope_without_cipher_assumptions ... ok

test result: ok. 1 passed; 0 failed; 0 ignored; 0 measured; 0 filtered out; finished in 0.01s

     Running tests/process_adversarial.rs (target/debug/deps/process_adversarial-f0ba7dd3d2cb640f)

running 1 test
test failed_reader_terminates_long_lived_child_without_owner_shutdown ... ok

test result: ok. 1 passed; 0 failed; 0 ignored; 0 measured; 0 filtered out; finished in 0.01s

     Running tests/process_contract.rs (target/debug/deps/process_contract-a94189ce8c69e153)

running 7 tests
test controlling_terminal_echo_off_ordered_input_and_real_exit ... ok
test literal_arguments_empty_environment_overrides_and_canonical_roots ... ok
test descendant_endpoint_has_bounded_drain_separate_from_exit ... ok
test resize_and_quiet_reader_shutdown_are_interruptible ... ok
test failed_spawn_releases_admission_and_drop_reaps_child ... ok
test cancellation_bypasses_full_input_and_escalates_once ... ok
test blocked_output_does_not_block_exit_or_shutdown ... ok

test result: ok. 7 passed; 0 failed; 0 ignored; 0 measured; 0 filtered out; finished in 0.26s

     Running tests/process_handle_teardown.rs (target/debug/deps/process_handle_teardown-09130f35b302cdd7)

running 1 test
test retained_closed_handles_release_all_wake_descriptors ... ok

test result: ok. 1 passed; 0 failed; 0 ignored; 0 measured; 0 filtered out; finished in 0.08s

     Running tests/process_host_contract.rs (target/debug/deps/process_host_contract-a422ad2dd17b92eb)

running 4 tests
test sigchld_policy_fixture ... ignored, runs only inside the isolated host-policy subprocess
test constructor_rejects_auto_reaping_policies_in_isolated_hosts ... ok
test backend_drop_ignores_twenty_four_hour_grace_and_reaps ... ok
test unexpected_reader_failure_kills_long_lived_child_without_grace_delay ... ok

test result: ok. 3 passed; 0 failed; 1 ignored; 0 measured; 0 filtered out; finished in 0.01s

     Running tests/process_pressure.rs (target/debug/deps/process_pressure-6fc1c19c263c151f)

running 4 tests
test symlinks_cannot_escape_allowed_launch_roots ... ok
test callback_panics_do_not_orphan_children_or_break_other_sessions ... ok
test simultaneous_producers_deliver_complete_bytes_and_quiet_cancel_remains_live ... ok
test stalled_input_times_out_with_partial_ack_and_retains_no_admission ... ok

test result: ok. 4 passed; 0 failed; 0 ignored; 0 measured; 0 filtered out; finished in 0.06s

     Running tests/scheduling_adversarial.rs (target/debug/deps/scheduling_adversarial-cc799a1b44b239a9)

running 4 tests
test excessive_worker_counts_are_rejected_before_thread_creation ... ok
test impossible_blocking_queue_bound_returns_error_without_panicking ... ok
test impossible_registration_bounds_return_errors_without_panicking ... ok
test callback_owner_destructor_panic_does_not_destroy_worker_capacity ... ok

test result: ok. 4 passed; 0 failed; 0 ignored; 0 measured; 0 filtered out; finished in 0.00s

     Running tests/scheduling_blocking.rs (target/debug/deps/scheduling_blocking-54c59183b872966a)

running 3 tests
test capacity_generation_preserves_early_notifications ... ok
test blocked_job_admission_is_bounded_and_shutdown_drains_accepted_jobs ... ok
test job_panic_does_not_kill_worker_and_drop_joins_work ... ok

test result: ok. 3 passed; 0 failed; 0 ignored; 0 measured; 0 filtered out; finished in 0.00s

     Running tests/scheduling_pool.rs (target/debug/deps/scheduling_pool-060e7b16073365c7)

running 5 tests
test callback_can_request_shutdown_without_self_join ... ok
test registration_caps_handle_drop_and_weak_drop_reclaim_slots ... ok
test running_wakes_coalesce_without_overlap_and_close_releases_after_run ... ok
test panic_reports_failure_and_other_work_continues ... ok
test timer_fires_without_external_wake_and_finished_closes_handle ... ok

test result: ok. 5 passed; 0 failed; 0 ignored; 0 measured; 0 filtered out; finished in 0.01s

     Running tests/terminal_bounds.rs (target/debug/deps/terminal_bounds-232cc4a2d51afcbf)

running 0 tests

test result: ok. 0 passed; 0 failed; 0 ignored; 0 measured; 0 filtered out; finished in 0.00s

     Running tests/terminal_contract.rs (target/debug/deps/terminal_contract-de28c1c48c296b84)

running 0 tests

test result: ok. 0 passed; 0 failed; 0 ignored; 0 measured; 0 filtered out; finished in 0.00s

   Doc-tests pty_runtime

running 0 tests

test result: ok. 0 passed; 0 failed; 0 ignored; 0 measured; 0 filtered out; finished in 0.00s

   Doc-tests pty_runtime_application

running 0 tests

test result: ok. 0 passed; 0 failed; 0 ignored; 0 measured; 0 filtered out; finished in 0.00s

   Doc-tests pty_runtime_domain

running 0 tests

test result: ok. 0 passed; 0 failed; 0 ignored; 0 measured; 0 filtered out; finished in 0.00s

   Doc-tests pty_runtime_infrastructure

running 0 tests

test result: ok. 0 passed; 0 failed; 0 ignored; 0 measured; 0 filtered out; finished in 0.00s

+ cargo doc --locked --workspace --no-deps --all-features
    Checking pty-runtime-domain v0.1.0 (/Users/nessa/Documents/NessaLabs/pty-runtime/crates/domain)
 Documenting pty-runtime-domain v0.1.0 (/Users/nessa/Documents/NessaLabs/pty-runtime/crates/domain)
    Checking pty-runtime-application v0.1.0 (/Users/nessa/Documents/NessaLabs/pty-runtime/crates/application)
 Documenting pty-runtime-application v0.1.0 (/Users/nessa/Documents/NessaLabs/pty-runtime/crates/application)
    Checking pty-runtime-infrastructure v0.1.0 (/Users/nessa/Documents/NessaLabs/pty-runtime/crates/infrastructure)
 Documenting pty-runtime-infrastructure v0.1.0 (/Users/nessa/Documents/NessaLabs/pty-runtime/crates/infrastructure)
    Checking pty-runtime v0.1.0 (/Users/nessa/Documents/NessaLabs/pty-runtime)
 Documenting pty-runtime v0.1.0 (/Users/nessa/Documents/NessaLabs/pty-runtime)
    Finished `dev` profile [unoptimized + debuginfo] target(s) in 0.85s
   Generated /Users/nessa/Documents/NessaLabs/pty-runtime/target/doc/pty_runtime/index.html and 4 other files
+ python3 scripts/performance.py
Evidence directory: /Users/nessa/Documents/NessaLabs/pty-runtime/work/runtime-performance/20260908T093424Z-165a2c66
   Compiling pty-runtime-domain v0.1.0 (/Users/nessa/Documents/NessaLabs/pty-runtime/crates/domain)
   Compiling pty-runtime-application v0.1.0 (/Users/nessa/Documents/NessaLabs/pty-runtime/crates/application)
   Compiling pty-runtime-infrastructure v0.1.0 (/Users/nessa/Documents/NessaLabs/pty-runtime/crates/infrastructure)
   Compiling pty-runtime v0.1.0 (/Users/nessa/Documents/NessaLabs/pty-runtime)
    Finished `release` profile [optimized] target(s) in 1.37s
     Running tests/runtime_performance.rs (target/release/deps/runtime_performance-d19ce8a75c7201e1)

running 1 test
test projected_real_pty_producers ... PERFORMANCE_JSON {"schema":1,"os":"macos","arch":"aarch64","build":"release","sessions":1,"payload_bytes_per_session":4194304,"raw_bytes_validated":4194326,"parser_processed_bytes":4194326,"startup_ns":206855458,"release_completion_skew_ns":0,"elapsed_ns":51917667,"payload_bytes_per_second":80787605.49852905,"cleanup_ns":198333,"rss_ready_bytes":3309568,"rss_after_processing_bytes":11190272,"open_fds_ready":14,"open_fds_after_shutdown":5,"descendant_processes_ready":1,"descendant_processes_after_shutdown":0,"peak_rss_bytes":null,"pss_bytes":null,"resident_budget_bytes":1073741824,"staging_budget_bytes":67108864,"replay_budget_bytes":4198400,"success":true}
PERFORMANCE_JSON {"schema":1,"os":"macos","arch":"aarch64","build":"release","sessions":16,"payload_bytes_per_session":4194304,"raw_bytes_validated":67109222,"parser_processed_bytes":67109222,"startup_ns":41722333,"release_completion_skew_ns":330000,"elapsed_ns":556494917,"payload_bytes_per_second":120592052.05642517,"cleanup_ns":592875,"rss_ready_bytes":11845632,"rss_after_processing_bytes":152092672,"open_fds_ready":89,"open_fds_after_shutdown":5,"descendant_processes_ready":16,"descendant_processes_after_shutdown":0,"peak_rss_bytes":null,"pss_bytes":null,"resident_budget_bytes":1073741824,"staging_budget_bytes":67108864,"replay_budget_bytes":67174400,"success":true}
ok

test result: ok. 1 passed; 0 failed; 0 ignored; 0 measured; 0 filtered out; finished in 0.94s

+ python3 -m unittest discover -s experiments/tests -v
test_descriptor_leak_is_rejected (test_gate.GateTests) ... ok
test_different_platform_is_rejected (test_gate.GateTests) ... ok
test_different_workload_is_rejected (test_gate.GateTests) ... ok
test_duplicate_result_is_rejected (test_gate.GateTests) ... ok
test_extra_worker_is_rejected (test_gate.GateTests) ... ok
test_failed_result_cannot_be_omitted (test_gate.GateTests) ... ok
test_fixture_timeout_is_reported_and_reaped (test_gate.GateTests) ... ok
test_identical_baseline_passes (test_gate.GateTests) ... ok
test_memory_regression_fails (test_gate.GateTests) ... ok
test_missing_latency_samples_are_rejected (test_gate.GateTests) ... ok
test_missing_metric_cannot_pass_comparison (test_gate.GateTests) ... ok
test_missing_repetition_is_rejected (test_gate.GateTests) ... ok
test_nonfinite_measurement_is_rejected (test_gate.GateTests) ... ok
test_results_are_revalidated_from_raw_records (test_gate.GateTests) ... ok
test_small_noise_passes (test_gate.GateTests) ... ok
test_smoke_run_cannot_become_a_performance_baseline (test_gate.GateTests) ... ok
test_throughput_regression_fails (test_gate.GateTests) ... ok
test_wrong_byte_total_is_rejected (test_gate.GateTests) ... ok
test_wrong_os_memory_counter_is_rejected (test_gate.GateTests) ... ok

----------------------------------------------------------------------
Ran 19 tests in 0.110s

OK
+ cargo fmt --manifest-path experiments/pty/Cargo.toml --check
+ cargo clippy --manifest-path experiments/pty/Cargo.toml --locked --all-targets -- -D warnings
    Finished `dev` profile [unoptimized + debuginfo] target(s) in 0.01s
Mechanical gate passed. Specialist reviews and milestone proof remain required.
