+ python3 -m unittest discover -s scripts/tests -v
test_actual_workspace_is_accepted (test_gate.ArchitectureGateTests) ... ok
test_correctly_named_dependency_pointing_elsewhere_is_rejected (test_gate.ArchitectureGateTests) ... ok
test_external_core_dependencies_in_all_declaration_kinds_are_rejected (test_gate.ArchitectureGateTests) ... ok
test_infrastructure_to_facade_reverse_edge_is_rejected (test_gate.ArchitectureGateTests) ... ok
test_missing_each_required_package_is_rejected (test_gate.ArchitectureGateTests) ... ok
test_registry_dependency_impersonating_domain_is_rejected (test_gate.ArchitectureGateTests) ... ok
test_relocated_package_is_rejected (test_gate.ArchitectureGateTests) ... ok
test_renamed_alias_does_not_hide_wrong_path (test_gate.ArchitectureGateTests) ... ok
test_renamed_core_package_is_rejected (test_gate.ArchitectureGateTests) ... ok
test_required_nonmember_is_rejected (test_gate.ArchitectureGateTests) ... ok
test_valid_domain_alias_remains_allowed (test_gate.ArchitectureGateTests) ... ok

----------------------------------------------------------------------
Ran 11 tests in 0.027s

OK
+ cargo test --locked -p pty-runtime-domain --no-default-features
    Finished `test` profile [unoptimized + debuginfo] target(s) in 0.03s
     Running unittests src/lib.rs (target/debug/deps/pty_runtime_domain-53f1a539f3ca9b2a)

running 8 tests
test identity::tests::identity_equality_is_literal_and_lifetimes_include_both_parts ... ok
test identity::tests::identity_enforces_byte_limit_and_control_policy ... ok
test identity::tests::accepted_identity_discards_excess_owned_capacity_and_redacts ... ok
test replay::tests::eviction_reports_gap_before_exact_suffix_and_reads_do_not_advance ... ok
test replay::tests::identities_and_future_positions_are_validated_even_when_empty ... ok
test replay::tests::offset_overflow_is_atomic_and_debug_redacts_content ... ok
test replay::tests::zero_retention_and_global_eviction_keep_stream_position ... ok
test replay::tests::chunking_matches_reference_suffix_across_capacities ... ok

test result: ok. 8 passed; 0 failed; 0 ignored; 0 measured; 0 filtered out; finished in 0.00s

     Running tests/replay_model.rs (target/debug/deps/replay_model-7d47b4b21cc3a474)

running 1 test
test seeded_interleavings_match_an_append_only_ledger ... ok

test result: ok. 1 passed; 0 failed; 0 ignored; 0 measured; 0 filtered out; finished in 0.09s

   Doc-tests pty_runtime_domain

running 0 tests

test result: ok. 0 passed; 0 failed; 0 ignored; 0 measured; 0 filtered out; finished in 0.00s

+ cargo test --locked -p pty-runtime-application --no-default-features
   Compiling pty-runtime-application v0.1.0 (/Users/nessa/Documents/NessaLabs/pty-runtime/crates/application)
    Finished `test` profile [unoptimized + debuginfo] target(s) in 0.09s
     Running unittests src/lib.rs (target/debug/deps/pty_runtime_application-fe125b4250f4aa0f)

running 0 tests

test result: ok. 0 passed; 0 failed; 0 ignored; 0 measured; 0 filtered out; finished in 0.00s

   Doc-tests pty_runtime_application

running 0 tests

test result: ok. 0 passed; 0 failed; 0 ignored; 0 measured; 0 filtered out; finished in 0.00s

+ cargo fmt --all --check
+ cargo clippy --locked --workspace --all-targets --all-features -- -D warnings
    Checking pty-runtime-application v0.1.0 (/Users/nessa/Documents/NessaLabs/pty-runtime/crates/application)
    Checking pty-runtime-infrastructure v0.1.0 (/Users/nessa/Documents/NessaLabs/pty-runtime/crates/infrastructure)
    Checking pty-runtime v0.1.0 (/Users/nessa/Documents/NessaLabs/pty-runtime)
    Finished `dev` profile [unoptimized + debuginfo] target(s) in 0.12s
+ cargo test --locked --workspace --all-targets --all-features
   Compiling pty-runtime-infrastructure v0.1.0 (/Users/nessa/Documents/NessaLabs/pty-runtime/crates/infrastructure)
   Compiling pty-runtime v0.1.0 (/Users/nessa/Documents/NessaLabs/pty-runtime)
    Finished `test` profile [unoptimized + debuginfo] target(s) in 0.12s
     Running unittests src/lib.rs (target/debug/deps/pty_runtime-016dcf2b4078ea8a)

running 0 tests

test result: ok. 0 passed; 0 failed; 0 ignored; 0 measured; 0 filtered out; finished in 0.00s

     Running unittests src/lib.rs (target/debug/deps/pty_runtime_application-fe125b4250f4aa0f)

running 0 tests

test result: ok. 0 passed; 0 failed; 0 ignored; 0 measured; 0 filtered out; finished in 0.00s

     Running unittests src/lib.rs (target/debug/deps/pty_runtime_domain-53f1a539f3ca9b2a)

running 8 tests
test identity::tests::accepted_identity_discards_excess_owned_capacity_and_redacts ... ok
test identity::tests::identity_equality_is_literal_and_lifetimes_include_both_parts ... ok
test identity::tests::identity_enforces_byte_limit_and_control_policy ... ok
test replay::tests::identities_and_future_positions_are_validated_even_when_empty ... ok
test replay::tests::eviction_reports_gap_before_exact_suffix_and_reads_do_not_advance ... ok
test replay::tests::zero_retention_and_global_eviction_keep_stream_position ... ok
test replay::tests::offset_overflow_is_atomic_and_debug_redacts_content ... ok
test replay::tests::chunking_matches_reference_suffix_across_capacities ... ok

test result: ok. 8 passed; 0 failed; 0 ignored; 0 measured; 0 filtered out; finished in 0.01s

     Running tests/replay_model.rs (target/debug/deps/replay_model-7d47b4b21cc3a474)

running 1 test
test seeded_interleavings_match_an_append_only_ledger ... ok

test result: ok. 1 passed; 0 failed; 0 ignored; 0 measured; 0 filtered out; finished in 0.10s

     Running unittests src/lib.rs (target/debug/deps/pty_runtime_infrastructure-b1496f9319da6ab1)

running 0 tests

test result: ok. 0 passed; 0 failed; 0 ignored; 0 measured; 0 filtered out; finished in 0.00s

+ cargo test --locked --workspace --no-default-features
   Compiling pty-runtime v0.1.0 (/Users/nessa/Documents/NessaLabs/pty-runtime)
    Finished `test` profile [unoptimized + debuginfo] target(s) in 0.03s
     Running unittests src/lib.rs (target/debug/deps/pty_runtime-016dcf2b4078ea8a)

running 0 tests

test result: ok. 0 passed; 0 failed; 0 ignored; 0 measured; 0 filtered out; finished in 0.00s

     Running unittests src/lib.rs (target/debug/deps/pty_runtime_application-fe125b4250f4aa0f)

running 0 tests

test result: ok. 0 passed; 0 failed; 0 ignored; 0 measured; 0 filtered out; finished in 0.00s

     Running unittests src/lib.rs (target/debug/deps/pty_runtime_domain-53f1a539f3ca9b2a)

running 8 tests
test identity::tests::accepted_identity_discards_excess_owned_capacity_and_redacts ... ok
test identity::tests::identity_equality_is_literal_and_lifetimes_include_both_parts ... ok
test identity::tests::identity_enforces_byte_limit_and_control_policy ... ok
test replay::tests::eviction_reports_gap_before_exact_suffix_and_reads_do_not_advance ... ok
test replay::tests::identities_and_future_positions_are_validated_even_when_empty ... ok
test replay::tests::offset_overflow_is_atomic_and_debug_redacts_content ... ok
test replay::tests::zero_retention_and_global_eviction_keep_stream_position ... ok
test replay::tests::chunking_matches_reference_suffix_across_capacities ... ok

test result: ok. 8 passed; 0 failed; 0 ignored; 0 measured; 0 filtered out; finished in 0.00s

     Running tests/replay_model.rs (target/debug/deps/replay_model-7d47b4b21cc3a474)

running 1 test
test seeded_interleavings_match_an_append_only_ledger ... ok

test result: ok. 1 passed; 0 failed; 0 ignored; 0 measured; 0 filtered out; finished in 0.09s

     Running unittests src/lib.rs (target/debug/deps/pty_runtime_infrastructure-b1496f9319da6ab1)

running 0 tests

test result: ok. 0 passed; 0 failed; 0 ignored; 0 measured; 0 filtered out; finished in 0.00s

   Doc-tests pty_runtime

running 0 tests

test result: ok. 0 passed; 0 failed; 0 ignored; 0 measured; 0 filtered out; finished in 0.00s

   Doc-tests pty_runtime_application

running 0 tests

test result: ok. 0 passed; 0 failed; 0 ignored; 0 measured; 0 filtered out; finished in 0.00s

   Doc-tests pty_runtime_domain

running 0 tests

test result: ok. 0 passed; 0 failed; 0 ignored; 0 measured; 0 filtered out; finished in 0.00s

   Doc-tests pty_runtime_infrastructure

running 0 tests

test result: ok. 0 passed; 0 failed; 0 ignored; 0 measured; 0 filtered out; finished in 0.00s

+ cargo doc --locked --workspace --no-deps --all-features
    Checking pty-runtime-domain v0.1.0 (/Users/nessa/Documents/NessaLabs/pty-runtime/crates/domain)
 Documenting pty-runtime-domain v0.1.0 (/Users/nessa/Documents/NessaLabs/pty-runtime/crates/domain)
    Checking pty-runtime-application v0.1.0 (/Users/nessa/Documents/NessaLabs/pty-runtime/crates/application)
 Documenting pty-runtime-application v0.1.0 (/Users/nessa/Documents/NessaLabs/pty-runtime/crates/application)
    Checking pty-runtime-infrastructure v0.1.0 (/Users/nessa/Documents/NessaLabs/pty-runtime/crates/infrastructure)
 Documenting pty-runtime-infrastructure v0.1.0 (/Users/nessa/Documents/NessaLabs/pty-runtime/crates/infrastructure)
 Documenting pty-runtime v0.1.0 (/Users/nessa/Documents/NessaLabs/pty-runtime)
    Finished `dev` profile [unoptimized + debuginfo] target(s) in 0.60s
   Generated /Users/nessa/Documents/NessaLabs/pty-runtime/target/doc/pty_runtime/index.html and 3 other files
+ python3 -m unittest discover -s experiments/tests -v
test_descriptor_leak_is_rejected (test_gate.GateTests) ... ok
test_different_platform_is_rejected (test_gate.GateTests) ... ok
test_different_workload_is_rejected (test_gate.GateTests) ... ok
test_duplicate_result_is_rejected (test_gate.GateTests) ... ok
test_extra_worker_is_rejected (test_gate.GateTests) ... ok
test_failed_result_cannot_be_omitted (test_gate.GateTests) ... ok
test_fixture_timeout_is_reported_and_reaped (test_gate.GateTests) ... ok
test_identical_baseline_passes (test_gate.GateTests) ... ok
test_memory_regression_fails (test_gate.GateTests) ... ok
test_missing_latency_samples_are_rejected (test_gate.GateTests) ... ok
test_missing_metric_cannot_pass_comparison (test_gate.GateTests) ... ok
test_missing_repetition_is_rejected (test_gate.GateTests) ... ok
test_nonfinite_measurement_is_rejected (test_gate.GateTests) ... ok
test_results_are_revalidated_from_raw_records (test_gate.GateTests) ... ok
test_small_noise_passes (test_gate.GateTests) ... ok
test_smoke_run_cannot_become_a_performance_baseline (test_gate.GateTests) ... ok
test_throughput_regression_fails (test_gate.GateTests) ... ok
test_wrong_byte_total_is_rejected (test_gate.GateTests) ... ok
test_wrong_os_memory_counter_is_rejected (test_gate.GateTests) ... ok

----------------------------------------------------------------------
Ran 19 tests in 0.110s

OK
Mechanical gate passed. Specialist reviews and milestone proof remain required.
