+ python3 -m unittest discover -s scripts/tests -v
test_actual_workspace_is_accepted (test_gate.ArchitectureGateTests.test_actual_workspace_is_accepted) ... ok
test_correctly_named_dependency_pointing_elsewhere_is_rejected (test_gate.ArchitectureGateTests.test_correctly_named_dependency_pointing_elsewhere_is_rejected) ... ok
test_external_core_dependencies_in_all_declaration_kinds_are_rejected (test_gate.ArchitectureGateTests.test_external_core_dependencies_in_all_declaration_kinds_are_rejected) ... ok
test_infrastructure_to_facade_reverse_edge_is_rejected (test_gate.ArchitectureGateTests.test_infrastructure_to_facade_reverse_edge_is_rejected) ... ok
test_missing_each_required_package_is_rejected (test_gate.ArchitectureGateTests.test_missing_each_required_package_is_rejected) ... ok
test_registry_dependency_impersonating_domain_is_rejected (test_gate.ArchitectureGateTests.test_registry_dependency_impersonating_domain_is_rejected) ... ok
test_relocated_package_is_rejected (test_gate.ArchitectureGateTests.test_relocated_package_is_rejected) ... ok
test_renamed_alias_does_not_hide_wrong_path (test_gate.ArchitectureGateTests.test_renamed_alias_does_not_hide_wrong_path) ... ok
test_renamed_core_package_is_rejected (test_gate.ArchitectureGateTests.test_renamed_core_package_is_rejected) ... ok
test_required_nonmember_is_rejected (test_gate.ArchitectureGateTests.test_required_nonmember_is_rejected) ... ok
test_valid_domain_alias_remains_allowed (test_gate.ArchitectureGateTests.test_valid_domain_alias_remains_allowed) ... ok
test_degraded_samples_remain_visible_in_interval (test_load_census.CpuScope.test_degraded_samples_remain_visible_in_interval) ... ok
test_even_matching_snapshots_do_not_measure_between_sample_processes (test_load_census.CpuScope.test_even_matching_snapshots_do_not_measure_between_sample_processes) ... ok
test_transient_processes_are_explicitly_unmeasured (test_load_census.CpuScope.test_transient_processes_are_explicitly_unmeasured) ... ok
test_darwin_cpu_minutes_continue_past_one_hour (test_load_diagnostics.LoadDiagnostics.test_darwin_cpu_minutes_continue_past_one_hour) ... ok
test_empty_lsof_failure_identifies_command_and_pids (test_load_diagnostics.LoadDiagnostics.test_empty_lsof_failure_identifies_command_and_pids) ... ok
test_failed_census_retains_child_exit_and_queued_stderr (test_load_diagnostics.LoadDiagnostics.test_failed_census_retains_child_exit_and_queued_stderr) ... ok
test_failed_checkpoint_acknowledgement_does_not_escape_cleanup (test_load_diagnostics.LoadDiagnostics.test_failed_checkpoint_acknowledgement_does_not_escape_cleanup) ... ok
test_missing_ps_process_identifies_missing_pid (test_load_diagnostics.LoadDiagnostics.test_missing_ps_process_identifies_missing_pid) ... ok
test_success_closes_owned_pipes_after_final_output_and_exit (test_load_diagnostics.LoadDiagnostics.test_success_closes_owned_pipes_after_final_output_and_exit) ... ok
test_unavailable_idle_cpu_cannot_pass_target_but_is_not_correctness_failure (test_load_diagnostics.LoadDiagnostics.test_unavailable_idle_cpu_cannot_pass_target_but_is_not_correctness_failure) ... ok
test_vanished_lsof_process_uses_owner_fallback_with_evidence (test_load_diagnostics.LoadDiagnostics.test_vanished_lsof_process_uses_owner_fallback_with_evidence) ... ok
test_completed_trial_missed_latency_is_visible_in_rollup (test_load_targets.TargetRollups.test_completed_trial_missed_latency_is_visible_in_rollup) ... ok
test_explicit_failure_preserves_missing_boundary_evidence (test_load_targets.TargetRollups.test_explicit_failure_preserves_missing_boundary_evidence) ... ok
test_idle_target_failure_and_smoke_duration_are_separate (test_load_targets.TargetRollups.test_idle_target_failure_and_smoke_duration_are_separate) ... ok
test_missing_failed_trial_measurements_are_not_a_pass (test_load_targets.TargetRollups.test_missing_failed_trial_measurements_are_not_a_pass) ... ok
test_present_unmeasured_targets_roll_up_as_unmeasured (test_load_targets.TargetRollups.test_present_unmeasured_targets_roll_up_as_unmeasured) ... ok
test_summary_keeps_correctness_pass_when_latency_target_fails (test_load_targets.TargetRollups.test_summary_keeps_correctness_pass_when_latency_target_fails) ... attached trial 1/1
ok
test_unavailable_measurement_is_distinct_from_observed_failure (test_load_targets.TargetRollups.test_unavailable_measurement_is_distinct_from_observed_failure) ... ok
test_archive_patch_and_unrelated_source_tampering_fail (test_native_source.SourceVerification.test_archive_patch_and_unrelated_source_tampering_fail) ... ok
test_cursor_only_patch_upgrades_to_complete_patch (test_native_source.SourceVerification.test_cursor_only_patch_upgrades_to_complete_patch) ... ok
test_growth_only_patch_upgrades_to_wide_cutoff_patch (test_native_source.SourceVerification.test_growth_only_patch_upgrades_to_wide_cutoff_patch) ... ok
test_library_must_match_patched_build_record (test_native_source.SourceVerification.test_library_must_match_patched_build_record) ... ok
test_prepare_is_exact_and_idempotent (test_native_source.SourceVerification.test_prepare_is_exact_and_idempotent) ... ok
test_unexpected_second_result_does_not_publish_first_file (test_native_source.SourceVerification.test_unexpected_second_result_does_not_publish_first_file) ... ok
test_existing_evidence_is_never_overwritten (test_performance.PerformanceEvidence.test_existing_evidence_is_never_overwritten) ... ok
test_timeout_preserves_raw_and_metadata (test_performance.PerformanceEvidence.test_timeout_preserves_raw_and_metadata) ... Evidence directory: /tmp/tmpqx8p05o9/evidence
ok
test_oversized_native_rust_c_and_header_are_rejected (test_sizes.SizeGateTests.test_oversized_native_rust_c_and_header_are_rejected) ... ok

----------------------------------------------------------------------
Ran 38 tests in 1.234s

OK
partial test output
+ cargo test --locked -p pty-runtime-domain --no-default-features
   Compiling pty-runtime-domain v0.1.0 (/home/user/Documents/pty-runtime-candidate6/crates/domain)
    Finished `test` profile [unoptimized + debuginfo] target(s) in 1.71s
     Running unittests src/lib.rs (target/debug/deps/pty_runtime_domain-e0f45ef33ffc953d)

running 27 tests
test identity::tests::accepted_identity_discards_excess_owned_capacity_and_redacts ... ok
test identity::tests::identity_enforces_byte_limit_and_control_policy ... ok
test identity::tests::identity_equality_is_literal_and_lifetimes_include_both_parts ... ok
test process::tests::commands_are_literal_bounded_and_redacted ... ok
test process::tests::deadline_and_allocation_extremes_are_rejected ... ok
test process::tests::environment_keys_validate_and_overrides_remain_last ... ok
test projection::tests::failed_retries_are_bounded_until_real_mutation ... ok
test projection::tests::invalid_policy_and_out_of_order_processed_controls_are_rejected ... ok
test projection::tests::close_rejects_late_commit_and_usable_completion_cannot_revive ... ok
test projection::tests::mutation_invalidates_parking_without_advancing_unprocessed_position ... ok
test projection::tests::restoration_rejects_unadmitted_sources_and_preserves_failures ... ok
test projection::transfer_tests::applied_controls_advance_sequence_without_advancing_original_bytes ... ok
test projection::tests::successful_parking_does_not_consume_failed_retry_budget ... ok
test projection::tests::skipped_history_progress_cannot_regress_into_complete_history ... ok
test projection::transfer_tests::identity_future_and_evicted_ranges_have_distinct_failures ... ok
test projection::transfer_tests::unavailable_transfer_cannot_be_reopened_or_extended ... ok
test projection::transfer_tests::terminal_prefix_is_immutable_and_domain_forbids_late_mutations ... ok
test redaction_tests::opaque_checkpoints_hide_payload_and_adapter_metadata_in_debug ... ok
test replay::tests::eviction_reports_gap_before_exact_suffix_and_reads_do_not_advance ... ok
test redaction_tests::replay_and_cell_debug_redact_content_while_retaining_safe_position_and_style ... ok
test replay::tests::offset_overflow_is_atomic_and_debug_redacts_content ... ok
test replay::tests::releasing_storage_preserves_exact_loss_and_continuation_positions ... ok
test replay::tests::zero_retention_and_global_eviction_keep_stream_position ... ok
test session::tests::admission_and_supervision_failure_require_drain_without_inventing_exit ... ok
test replay::tests::identities_and_future_positions_are_validated_even_when_empty ... ok
test session::tests::repeated_completion_facts_are_idempotent_and_contradictions_preserve_first_facts ... ok
test replay::tests::chunking_matches_reference_suffix_across_capacities ... ok

test result: ok. 27 passed; 0 failed; 0 ignored; 0 measured; 0 filtered out; finished in 0.02s

     Running tests/replay_model.rs (target/debug/deps/replay_model-e90f1d357c31fe3b)

running 1 test
test seeded_interleavings_match_an_append_only_ledger ... ok

test result: ok. 1 passed; 0 failed; 0 ignored; 0 measured; 0 filtered out; finished in 0.38s

   Doc-tests pty_runtime_domain

running 0 tests

test result: ok. 0 passed; 0 failed; 0 ignored; 0 measured; 0 filtered out; finished in 0.00s

+ cargo test --locked -p pty-runtime-application --no-default-features
   Compiling pty-runtime-application v0.1.0 (/home/user/Documents/pty-runtime-candidate6/crates/application)
    Finished `test` profile [unoptimized + debuginfo] target(s) in 4.73s
     Running unittests src/lib.rs (target/debug/deps/pty_runtime_application-9216427a99f9310f)

running 62 tests
test diagnostics::reader::tests::allocation_guard_releases_on_error_and_unwind ... ok
test diagnostics::histogram::tests::boundary_rounding_overflow_and_failed_samples_remain_explicit ... ok
test diagnostics::tests::untimed_replacement_adapter_reports_unavailable_without_false_success_or_failure ... ok
test diagnostics::reader::tests::live_reader_allocations_survive_reset_and_release_independently ... ok
test projection::tests::cleanup::authentication_failure_retains_only_source_and_close_releases_pool_handles ... ok
test projection::tests::acceptance::cancelled_parked_transfer_keeps_inflight_memory_charged_until_close_drains_read ... ok
test projection::tests::cleanup::close_during_pending_commit_deletes_late_result_and_releases_services ... ok
test projection::tests::cleanup::close_progresses_with_every_normal_request_slot_held ... ok
test projection::tests::cleanup::failed_storage_has_finite_retries_and_retains_original_live_model ... ok
test projection::tests::cleanup::rejected_blocking_admission_schedules_bounded_retry_without_losing_model ... ok
test projection::tests::cleanup::permanent_delete_failure_closes_truthfully_and_stays_charged_in_bounded_ledger ... ok
test projection::tests::cleanup::failed_restore_retains_source_and_bounded_unprocessed_output_without_empty_model ... ok
test projection::tests::cleanup::uncertain_commits_stay_charged_and_report_failure_on_every_close ... ok
test projection::tests::close_race::completed_cleanup_before_close_wake_returns_success_and_releases_every_budget ... ok
test projection::tests::close_race::completed_failed_cleanup_before_close_wake_preserves_storage_outcome ... ok
test projection::tests::admission_rollback::rejected_projection_admission_settles_published_waiter_and_releases_identity_and_model_slot ... ok
test projection::tests::close_race::unfinished_close_with_missing_or_rejecting_scheduler_still_reports_worker ... ok
test projection::tests::control_capacity::resize_remains_ordered_and_bounded_when_shared_parser_slots_are_full ... ok
test projection::tests::io_faults::malformed_restore_read_fails_pending_view_but_retains_unprocessed_bytes ... ok
test projection::tests::cleanup::scheduler_shutdown_fallback_finishes_late_commit_without_retaining_services ... ok
test projection::tests::control_capacity::resize_remains_ordered_and_bounded_when_local_parser_slots_are_full ... ok
test projection::tests::io_faults::opened_checkpoint_contract_violation_is_invalid_configuration_and_releases_read_permits ... ok
test projection::tests::io_faults::panicking_read_settles_transfer_as_worker_error_and_allows_a_fresh_read ... ok
test projection::tests::io_faults::rejected_transfer_read_releases_admission_and_can_be_retried ... ok
test projection::tests::io_faults::transfer_read_rejects_short_ciphertext_without_restoring_or_losing_source ... ok
test projection::tests::native_faults::resize_admission_and_completion_errors_preserve_model_and_allow_same_generation_retry ... ok
test projection::tests::ordered_review::observation_requests_do_not_delay_the_final_applied_prefix ... ok
test projection::tests::ordered_review::cancelled_projection_wait_drops_reentrant_waker_outside_ticket_lock ... ok
test projection::tests::ordered_review::parked_snapshot_io_does_not_delay_an_existing_observers_end ... ok
test projection::tests::ordered_review::replacing_a_pending_waker_drops_its_observer_outside_the_journal_lock ... ok
test projection::tests::parking::idle_park_restore_orders_bytes_resize_history_and_single_authoritative_reply ... ok
test projection::tests::parking::output_during_commit_retains_model_and_cleanup_does_not_block_feed ... ok
test projection::tests::parking::parked_transfer_pin_uses_saved_source_without_native_restore ... ok
test projection::tests::ordered_review::failed_end_stays_immutable_when_an_inflight_native_feed_returns_success ... ok
test projection::tests::pressure::copied_views_retain_global_memory_admission_until_consumer_drop ... ok
test projection::tests::parking::output_during_encode_is_bounded_and_stale_commit_never_releases_live_model ... ok
test projection::tests::pressure::generated_reply_waits_for_single_writer_admission_without_refeeding_or_duplicate_send ... ok
test projection::tests::parking::ready_view_captures_its_own_history_and_exact_order_boundary ... ok
test projection::tests::pressure::global_parser_capacity_released_by_another_session_wakes_waiter ... ok
test projection::tests::pressure::independent_parser_admission_is_all_or_none_and_early_capacity_notice_survives ... ok
test projection::tests::pressure::native_feed_panic_preserves_unprocessed_staging_and_rejects_projection_operations ... ok
test projection::tests::pressure::resident_checkpoint_pin_reserves_plaintext_even_when_protection_bound_is_smaller ... ok
test projection::tests::ready::ready_interleaves_live_bytes_and_controls_without_releasing_source_before_finish ... ok
test projection::tests::pressure::partial_generated_reply_fails_projection_and_is_never_resent ... ok
test projection::tests::ready::drain_end_waits_for_history_validation_and_retains_corrupt_source ... ok
test projection::tests::shutdown::shutdown_with_lost_commit_completion_keeps_uncertain_disk_reservation ... ok
test projection::tests::ready::skipped_history_is_visible_and_lifetime_count_survives_the_next_park ... ok
test projection::tests::shutdown::shutdown_with_lost_delete_completion_does_not_release_sole_source_charge ... ok
test projection::tests::shutdown::shutdown_with_lost_restore_completion_releases_live_memory_but_keeps_source ... ok
test projection::tests::shutdown::shutdown_with_lost_transfer_read_settles_caller_and_releases_observer ... ok
test projection::tests::shutdown::shutdown_without_scheduler_rejects_queued_views_and_controls_and_releases_staging ... ok
test projection::tests::transfer::foreign_future_and_evicted_cursors_are_distinct_and_readers_are_independent ... ok
test projection::tests::transfer::cancelled_wait_removes_waker_and_final_observer_releases_retention ... ok
test projection::tests::transfer::drain_is_sealed_but_end_waits_for_parser_and_failure_ends_only_the_valid_prefix ... ok
test projection::tests::transfer::no_observers_allocate_no_continuation_storage_and_new_transfer_skips_no_applied_state ... ok
test projection::tests::transfer::observer_admission_cancel_and_snapshot_pins_release_independently ... ok
test projection::tests::transfer::retained_payload_and_control_slots_force_explicit_holes_until_consumers_drop ... ok
test projection::tests::transfer::parked_transfer_precedes_staged_mutation_and_rejected_io_releases_observer_permit ... ok
test projection::tests::transfer::snapshot_boundary_and_independent_byte_control_order_are_exact ... ok
test runtime::context_tests::contradictory_callbacks_preserve_actual_facts_and_record_independent_failure ... ok
test runtime::context_tests::poisoned_context_drop_releases_owned_quotas_and_diagnostic_gauges ... ok
test runtime::context_tests::supervision_callbacks_count_reports_and_require_drain_without_fabricating_exit ... ok

test result: ok. 62 passed; 0 failed; 0 ignored; 0 measured; 0 filtered out; finished in 0.03s

   Doc-tests pty_runtime_application

running 0 tests

test result: ok. 0 passed; 0 failed; 0 ignored; 0 measured; 0 filtered out; finished in 0.00s

+ cargo fmt --all --check
+ cargo fmt --manifest-path helpers/guardian/Cargo.toml --check
+ cargo clippy --manifest-path helpers/guardian/Cargo.toml --locked --all-targets -- -D warnings
   Compiling libc v0.2.189
    Checking pty-runtime-guardian v0.1.0 (/home/user/Documents/pty-runtime-candidate6/helpers/guardian)
    Finished `dev` profile [unoptimized + debuginfo] target(s) in 2.20s
+ cargo test --manifest-path helpers/guardian/Cargo.toml --locked
   Compiling libc v0.2.189
   Compiling pty-runtime-guardian v0.1.0 (/home/user/Documents/pty-runtime-candidate6/helpers/guardian)
    Finished `test` profile [unoptimized + debuginfo] target(s) in 2.05s
     Running unittests src/main.rs (helpers/guardian/target/debug/deps/pty_runtime_guardian-952989ff3e197d88)

running 5 tests
test protocol::tests::fragments_reassemble_without_interpreting_partial_records ... ok
test protocol::tests::status_backpressure_has_a_fixed_record_bound ... ok
test protocol::tests::peer_reset_cannot_turn_a_partial_final_record_into_clean_eof ... ok
test protocol::tests::peer_close_after_final_record_preserves_eof_with_unread_control ... ok
test protocol::tests::stale_generation_and_partial_eof_are_rejected ... ok

test result: ok. 5 passed; 0 failed; 0 ignored; 0 measured; 0 filtered out; finished in 0.00s

+ python3 scripts/native/bootstrap.py
+ python3 scripts/native/tests/run_allocator_contract.py
['/usr/bin/clang', '-std=c11', '-O1', '-g', '-Wall', '-Wextra', '-Werror', '-I', '/home/user/Documents/pty-runtime-candidate6/work/experiment-cache/ghostty-82232ecde55405559dec29c5466cb9e39938cb41/include', '/home/user/Documents/pty-runtime-candidate6/scripts/native/tests/allocator-contract.c', '/home/user/Documents/pty-runtime-candidate6/scripts/native/owner.c', '/home/user/Documents/pty-runtime-candidate6/work/experiment-cache/ghostty-82232ecde55405559dec29c5466cb9e39938cb41/zig-out/lib/libghostty-vt.a', '-lm', '-lpthread', '-ldl', '-o', '/tmp/pty-allocator-contract-l94489gj/allocator-contract']
allocator log2 alignments 0..6 and 12 aligned/accounted/freed; resize/remap refuse without changing bytes/accounting; invalid exponent, byte cap, and alignment cap denied
+ python3 scripts/native/tests/run_boundary_contract.py
C boundary fault contracts passed (synthetic failures; real handle ownership).
+ cargo clippy --locked --workspace --all-targets --all-features -- -D warnings
   Compiling libc v0.2.189
    Checking cfg-if v1.0.4
   Compiling version_check v0.9.5
    Checking typenum v1.20.1
   Compiling proc-macro2 v1.0.107
   Compiling unicode-ident v1.0.24
   Compiling generic-array v0.14.7
   Compiling quote v1.0.47
   Compiling getrandom v0.4.3
    Checking subtle v2.6.1
    Checking zeroize v1.9.0
    Checking cpufeatures v0.2.17
    Checking pty-runtime-domain v0.1.0 (/home/user/Documents/pty-runtime-candidate6/crates/domain)
   Compiling syn v3.0.5
    Checking getrandom v0.2.16
    Checking rand_core v0.6.4
    Checking inout v0.1.4
    Checking crypto-common v0.1.7
    Checking universal-hash v0.5.1
    Checking cipher v0.4.4
    Checking pin-project-lite v0.2.17
    Checking opaque-debug v0.3.1
    Checking poly1305 v0.8.0
    Checking uuid v1.26.0
    Checking chacha20 v0.9.1
    Checking aead v0.5.2
    Checking futures-core v0.3.34
   Compiling pty-runtime-infrastructure v0.1.0 (/home/user/Documents/pty-runtime-candidate6/crates/infrastructure)
    Checking chacha20poly1305 v0.10.1
    Checking pty-runtime-application v0.1.0 (/home/user/Documents/pty-runtime-candidate6/crates/application)
    Checking futures-channel v0.3.34
   Compiling tokio-macros v2.7.2
   Compiling async-trait v0.1.92
    Checking tokio v1.53.1
    Checking event-stream v0.1.0 (https://github.com/nessalabs/event-stream?rev=66ba7525260040d6265276692088dca6dae0737e#66ba7525)
    Checking pty-runtime v0.1.0 (/home/user/Documents/pty-runtime-candidate6)
    Finished `dev` profile [unoptimized + debuginfo] target(s) in 20.84s
+ cargo test --locked --workspace --all-targets --all-features
   Compiling libc v0.2.189
   Compiling cfg-if v1.0.4
   Compiling typenum v1.20.1
   Compiling subtle v2.6.1
   Compiling zeroize v1.9.0
   Compiling cpufeatures v0.2.17
   Compiling opaque-debug v0.3.1
   Compiling pin-project-lite v0.2.17
   Compiling pty-runtime-infrastructure v0.1.0 (/home/user/Documents/pty-runtime-candidate6/crates/infrastructure)
   Compiling tokio v1.53.1
   Compiling generic-array v0.14.7
   Compiling futures-core v0.3.34
   Compiling futures-channel v0.3.34
   Compiling getrandom v0.2.16
   Compiling getrandom v0.4.3
   Compiling rand_core v0.6.4
   Compiling uuid v1.26.0
   Compiling crypto-common v0.1.7
   Compiling inout v0.1.4
   Compiling cipher v0.4.4
   Compiling universal-hash v0.5.1
   Compiling chacha20 v0.9.1
   Compiling poly1305 v0.8.0
   Compiling aead v0.5.2
   Compiling chacha20poly1305 v0.10.1
   Compiling event-stream v0.1.0 (https://github.com/nessalabs/event-stream?rev=66ba7525260040d6265276692088dca6dae0737e#66ba7525)
   Compiling pty-runtime v0.1.0 (/home/user/Documents/pty-runtime-candidate6)
    Finished `test` profile [unoptimized + debuginfo] target(s) in 40.84s
     Running unittests src/lib.rs (target/debug/deps/pty_runtime-f4db09d5a8b97b0c)

running 0 tests

test result: ok. 0 passed; 0 failed; 0 ignored; 0 measured; 0 filtered out; finished in 0.00s

     Running unittests tests/fixtures/pty_fixture.rs (target/debug/deps/pty_runtime_fixture-f8da9c6ac76c7bce)

running 0 tests

test result: ok. 0 passed; 0 failed; 0 ignored; 0 measured; 0 filtered out; finished in 0.00s

     Running tests/ddd_spawn_failure.rs (target/debug/deps/ddd_spawn_failure-21b91bfb27d6e7ee)

running 1 test
test lookup_handle_obtained_during_failed_spawn_reaches_terminal_state ... ok

test result: ok. 1 passed; 0 failed; 0 ignored; 0 measured; 0 filtered out; finished in 0.00s

     Running tests/default_parking.rs (target/debug/deps/default_parking-246df527f54deb5e)

running 1 test
test default_policy_parks_at_sixty_seconds_and_keeps_process_alive ... ignored, explicit real-clock sixty-second parking qualification

test result: ok. 0 passed; 0 failed; 1 ignored; 0 measured; 0 filtered out; finished in 0.00s

     Running tests/event_stream_decode_contract.rs (target/debug/deps/event_stream_decode_contract-2ca96aed515bc9c2)

running 2 tests
test every_truncation_trailing_byte_and_invalid_envelope_is_rejected ... ok
test contradictory_ranges_and_incomplete_or_unknown_completion_fields_are_rejected ... ok

test result: ok. 2 passed; 0 failed; 0 ignored; 0 measured; 0 filtered out; finished in 0.02s

     Running tests/event_stream_failures.rs (target/debug/deps/event_stream_failures-ac5d20e1e7e84ba4)

running 3 tests
test contradictory_store_cursor_cannot_acknowledge_a_different_completion_event ... ok
test cancelled_sink_wait_retries_same_id_before_and_after_commit ... ok
test exact_pending_identity_survives_rejection_uncertain_commit_and_invalid_receipts ... ok

test result: ok. 3 passed; 0 failed; 0 ignored; 0 measured; 0 filtered out; finished in 0.09s

     Running tests/event_stream_isolation.rs (target/debug/deps/event_stream_isolation-cd6ee24295761d70)

running 4 tests
test cancelled_publication_drops_a_reentrant_source_waker_without_locking_the_session ... ok
test stalled_sink_does_not_block_parser_input_resize_or_cancel_and_later_reports_gap ... ok
test panicking_publisher_waker_does_not_suppress_another_observer_or_pty_output ... ok
test cancelling_before_source_read_keeps_cursor_and_observer_reusable ... ok

test result: ok. 4 passed; 0 failed; 0 ignored; 0 measured; 0 filtered out; finished in 0.05s

     Running tests/event_stream_reconnect.rs (target/debug/deps/event_stream_reconnect-67bc9c1fed050c6e)

running 2 tests
test actual_memory_store_full_and_stale_incarnation_preserve_pending_without_eviction ... ok
test real_store_subscription_reconnect_and_interleaved_writer_keep_distinct_cursors ... ok

test result: ok. 2 passed; 0 failed; 0 ignored; 0 measured; 0 filtered out; finished in 0.02s

     Running tests/input_reservation.rs (target/debug/deps/input_reservation-cd047c3b942ecc76)

running 1 test
test global_bytes_and_slots_survive_abandoned_wait_and_release_on_adapter_completion ... ok

test result: ok. 1 passed; 0 failed; 0 ignored; 0 measured; 0 filtered out; finished in 0.00s

     Running tests/ordered_transfer_runtime.rs (target/debug/deps/ordered_transfer_runtime-5c63d095f39b0e82)

running 1 test
test two_parked_snapshot_consumers_replay_original_bytes_and_resizes_to_identical_final_models ... ok

test result: ok. 1 passed; 0 failed; 0 ignored; 0 measured; 0 filtered out; finished in 0.39s

     Running tests/process_handle_resources.rs (target/debug/deps/process_handle_resources-fee8d1da2c9f0d71)

running 1 test
test completed_old_handles_do_not_keep_process_wake_descriptors ... ok

test result: ok. 1 passed; 0 failed; 0 ignored; 0 measured; 0 filtered out; finished in 0.10s

     Running tests/projected_runtime.rs (target/debug/deps/projected_runtime-58fc0ab7fefc17b9)

running 2 tests
test real_query_reply_is_sent_once_with_multiple_observers ... ok
test detached_real_model_parks_transfers_restores_and_resizes_without_losing_bytes ... ok

test result: ok. 2 passed; 0 failed; 0 ignored; 0 measured; 0 filtered out; finished in 0.42s

     Running tests/projection_cleanup_outcome.rs (target/debug/deps/projection_cleanup_outcome-1e359b7e1b488d34)

running 2 tests
test domain_session_validation_rejects_incompatible_projection_admission ... ok
test forget_preserves_delete_and_uncertain_commit_failures_including_repeated_calls ... ok

test result: ok. 2 passed; 0 failed; 0 ignored; 0 measured; 0 filtered out; finished in 0.01s

     Running tests/projection_correctness.rs (target/debug/deps/projection_correctness-7e8bd6eaa4d6e7f1)

running 4 tests
test impossible_global_parser_budgets_reject_before_child_launch ... ok
test shutdown_closes_model_with_completed_request_wait_retained ... ok
test process_future_panic_does_not_strand_runtime_shutdown ... ok
test resize_panic_during_close_keeps_cleanup_scheduled ... ok

test result: ok. 4 passed; 0 failed; 0 ignored; 0 measured; 0 filtered out; finished in 0.01s

     Running tests/raw_adversarial.rs (target/debug/deps/raw_adversarial-9812cbb231550199)

running 1 test
test dropping_polled_pending_waits_releases_admission_and_preserves_cursor ... ok

test result: ok. 1 passed; 0 failed; 0 ignored; 0 measured; 0 filtered out; finished in 0.02s

     Running tests/raw_child_contract.rs (target/debug/deps/raw_child_contract-1ddc94e00321c5fa)

running 3 tests
test merged_stdout_stderr_preserves_binary_bytes_through_public_observer ... ok
test empty_environment_is_exact_at_uninstrumented_exec_boundary ... ok
test explicit_environment_literal_args_canonical_cwd_and_ordered_resize_reach_real_child ... ok

test result: ok. 3 passed; 0 failed; 0 ignored; 0 measured; 0 filtered out; finished in 0.03s

     Running tests/raw_completion.rs (target/debug/deps/raw_completion-353f852507609ee1)

running 1 test
test signal_death_and_descendant_drain_never_become_fabricated_success ... ok

test result: ok. 1 passed; 0 failed; 0 ignored; 0 measured; 0 filtered out; finished in 0.07s

     Running tests/raw_registration.rs (target/debug/deps/raw_registration-55a5d659db18310d)

running 1 test
test simultaneous_duplicate_calls_launch_once_even_after_completion_until_forgetting ... ok

test result: ok. 1 passed; 0 failed; 0 ignored; 0 measured; 0 filtered out; finished in 0.03s

     Running tests/raw_runtime.rs (target/debug/deps/raw_runtime-c2ddf7159a0fc40b)

running 4 tests
test admission_bounds_and_owner_drop_preserve_explicit_completion ... ok
test detach_and_cancelled_observation_preserve_live_process_and_cursor ... ok
test synthetic_input_is_not_echoed_or_exposed_in_debug ... ok
test raw_suffix_gap_completion_and_completed_id_are_stable ... ok

test result: ok. 4 passed; 0 failed; 0 ignored; 0 measured; 0 filtered out; finished in 0.04s

     Running tests/ready_projection.rs (target/debug/deps/ready_projection-284b758ded7edfc9)

running 1 test
test ready_applies_exact_64_byte_suffix_before_history_and_retains_encrypted_source ... ok

test result: ok. 1 passed; 0 failed; 0 ignored; 0 measured; 0 filtered out; finished in 0.91s

     Running tests/runtime_diagnostics.rs (target/debug/deps/runtime_diagnostics-8d6a765847cd115a)

running 4 tests
test aggregate_gauges_follow_completed_handles_and_exact_replay_gaps ... ok
test raw_measurements_count_admission_actual_io_and_rejected_input_separately ... ok
test projected_samples_finish_after_native_feed_and_ordered_resize ... ok
test cancellation_dispatch_requires_acknowledged_workload_and_verified_groups ... ok

test result: ok. 4 passed; 0 failed; 0 ignored; 0 measured; 0 filtered out; finished in 0.29s

     Running tests/runtime_performance.rs (target/debug/deps/runtime_performance-8d0f431e80ce5eaa)

running 1 test
test projected_real_pty_producers ... ignored, scoped release performance measurement: scripts/performance.py

test result: ok. 0 passed; 0 failed; 1 ignored; 0 measured; 0 filtered out; finished in 0.00s

     Running unittests examples/event_stream_reconnect.rs (target/debug/examples/event_stream_reconnect-2a868794e4601f17)

running 0 tests

test result: ok. 0 passed; 0 failed; 0 ignored; 0 measured; 0 filtered out; finished in 0.00s

     Running unittests examples/guardian_owner_death.rs (target/debug/examples/guardian_owner_death-c03c7c0079f3a8a1)

running 0 tests

test result: ok. 0 passed; 0 failed; 0 ignored; 0 measured; 0 filtered out; finished in 0.00s

     Running unittests examples/interactive.rs (target/debug/examples/interactive-9a511e79564774be)

running 0 tests

test result: ok. 0 passed; 0 failed; 0 ignored; 0 measured; 0 filtered out; finished in 0.00s

     Running unittests examples/release_load.rs (target/debug/examples/release_load-b8cae92ea19c9bcf)

running 10 tests
test release_load_support::phase::tests::actual_window_includes_producer_start_skew ... ok
test release_load_support::config::tests::saturation_is_explicit_and_output_budget_is_finite ... ok
test release_load_support::config::tests::parser_slot_override_retains_default_and_requested_finite_budget ... ok
test release_load_support::config::tests::parser_slot_override_rejects_unbounded_configuration ... ok
test release_load_support::resize::tests::completed_os_and_model_outcomes_keep_the_existing_caller_policy ... ok
test release_load_support::resize::tests::equal_capacity_errors_keep_admission_and_completion_distinct ... ok
test release_load_support::resize::tests::pending_operation_times_out_without_reclassifying_the_error ... ok
test release_load_support::population::tests::readiness_waits_for_delayed_frame_on_inherited_nonblocking_socket ... ok
test release_load_support::producer::tests::zero_rate_idle_is_distinct_from_unpaced_and_cap_is_explicit ... ok
test release_load_support::producer::tests::stalled_output_has_bounded_deadline_and_exact_partial_ledger ... ok

test result: ok. 10 passed; 0 failed; 0 ignored; 0 measured; 0 filtered out; finished in 0.06s

     Running unittests examples/release_stress.rs (target/debug/examples/release_stress-572ef3f120b56b2e)

running 0 tests

test result: ok. 0 passed; 0 failed; 0 ignored; 0 measured; 0 filtered out; finished in 0.00s

     Running unittests src/lib.rs (target/debug/deps/pty_runtime_application-9216427a99f9310f)

running 62 tests
test diagnostics::histogram::tests::boundary_rounding_overflow_and_failed_samples_remain_explicit ... ok
test diagnostics::reader::tests::live_reader_allocations_survive_reset_and_release_independently ... ok
test diagnostics::tests::untimed_replacement_adapter_reports_unavailable_without_false_success_or_failure ... ok
test diagnostics::reader::tests::allocation_guard_releases_on_error_and_unwind ... ok
test projection::tests::acceptance::cancelled_parked_transfer_keeps_inflight_memory_charged_until_close_drains_read ... ok
test projection::tests::cleanup::authentication_failure_retains_only_source_and_close_releases_pool_handles ... ok
test projection::tests::cleanup::close_during_pending_commit_deletes_late_result_and_releases_services ... ok
test projection::tests::cleanup::failed_restore_retains_source_and_bounded_unprocessed_output_without_empty_model ... ok
test projection::tests::cleanup::close_progresses_with_every_normal_request_slot_held ... ok
test projection::tests::cleanup::failed_storage_has_finite_retries_and_retains_original_live_model ... ok
test projection::tests::admission_rollback::rejected_projection_admission_settles_published_waiter_and_releases_identity_and_model_slot ... ok
test projection::tests::cleanup::permanent_delete_failure_closes_truthfully_and_stays_charged_in_bounded_ledger ... ok
test projection::tests::cleanup::rejected_blocking_admission_schedules_bounded_retry_without_losing_model ... ok
test projection::tests::cleanup::scheduler_shutdown_fallback_finishes_late_commit_without_retaining_services ... ok
test projection::tests::cleanup::uncertain_commits_stay_charged_and_report_failure_on_every_close ... ok
test projection::tests::close_race::completed_cleanup_before_close_wake_returns_success_and_releases_every_budget ... ok
test projection::tests::close_race::unfinished_close_with_missing_or_rejecting_scheduler_still_reports_worker ... ok
test projection::tests::close_race::completed_failed_cleanup_before_close_wake_preserves_storage_outcome ... ok
test projection::tests::control_capacity::resize_remains_ordered_and_bounded_when_shared_parser_slots_are_full ... ok
test projection::tests::io_faults::malformed_restore_read_fails_pending_view_but_retains_unprocessed_bytes ... ok
test projection::tests::control_capacity::resize_remains_ordered_and_bounded_when_local_parser_slots_are_full ... ok
test projection::tests::io_faults::opened_checkpoint_contract_violation_is_invalid_configuration_and_releases_read_permits ... ok
test projection::tests::io_faults::panicking_read_settles_transfer_as_worker_error_and_allows_a_fresh_read ... ok
test projection::tests::io_faults::rejected_transfer_read_releases_admission_and_can_be_retried ... ok
test projection::tests::io_faults::transfer_read_rejects_short_ciphertext_without_restoring_or_losing_source ... ok
test projection::tests::native_faults::resize_admission_and_completion_errors_preserve_model_and_allow_same_generation_retry ... ok
test projection::tests::ordered_review::observation_requests_do_not_delay_the_final_applied_prefix ... ok
test projection::tests::ordered_review::cancelled_projection_wait_drops_reentrant_waker_outside_ticket_lock ... ok
test projection::tests::ordered_review::failed_end_stays_immutable_when_an_inflight_native_feed_returns_success ... ok
test projection::tests::ordered_review::parked_snapshot_io_does_not_delay_an_existing_observers_end ... ok
test projection::tests::parking::idle_park_restore_orders_bytes_resize_history_and_single_authoritative_reply ... ok
test projection::tests::ordered_review::replacing_a_pending_waker_drops_its_observer_outside_the_journal_lock ... ok
test projection::tests::parking::output_during_commit_retains_model_and_cleanup_does_not_block_feed ... ok
test projection::tests::parking::parked_transfer_pin_uses_saved_source_without_native_restore ... ok
test projection::tests::parking::ready_view_captures_its_own_history_and_exact_order_boundary ... ok
test projection::tests::pressure::copied_views_retain_global_memory_admission_until_consumer_drop ... ok
test projection::tests::pressure::generated_reply_waits_for_single_writer_admission_without_refeeding_or_duplicate_send ... ok
test projection::tests::parking::output_during_encode_is_bounded_and_stale_commit_never_releases_live_model ... ok
test projection::tests::pressure::independent_parser_admission_is_all_or_none_and_early_capacity_notice_survives ... ok
test projection::tests::pressure::global_parser_capacity_released_by_another_session_wakes_waiter ... ok
test projection::tests::pressure::partial_generated_reply_fails_projection_and_is_never_resent ... ok
test projection::tests::pressure::native_feed_panic_preserves_unprocessed_staging_and_rejects_projection_operations ... ok
test projection::tests::pressure::resident_checkpoint_pin_reserves_plaintext_even_when_protection_bound_is_smaller ... ok
test projection::tests::ready::ready_interleaves_live_bytes_and_controls_without_releasing_source_before_finish ... ok
test projection::tests::ready::skipped_history_is_visible_and_lifetime_count_survives_the_next_park ... ok
test projection::tests::ready::drain_end_waits_for_history_validation_and_retains_corrupt_source ... ok
test projection::tests::shutdown::shutdown_with_lost_commit_completion_keeps_uncertain_disk_reservation ... ok
test projection::tests::shutdown::shutdown_with_lost_restore_completion_releases_live_memory_but_keeps_source ... ok
test projection::tests::shutdown::shutdown_with_lost_delete_completion_does_not_release_sole_source_charge ... ok
test projection::tests::shutdown::shutdown_with_lost_transfer_read_settles_caller_and_releases_observer ... ok
test projection::tests::shutdown::shutdown_without_scheduler_rejects_queued_views_and_controls_and_releases_staging ... ok
test projection::tests::transfer::cancelled_wait_removes_waker_and_final_observer_releases_retention ... ok
test projection::tests::transfer::drain_is_sealed_but_end_waits_for_parser_and_failure_ends_only_the_valid_prefix ... ok
test projection::tests::transfer::no_observers_allocate_no_continuation_storage_and_new_transfer_skips_no_applied_state ... ok
test projection::tests::transfer::observer_admission_cancel_and_snapshot_pins_release_independently ... ok
test projection::tests::transfer::foreign_future_and_evicted_cursors_are_distinct_and_readers_are_independent ... ok
test projection::tests::transfer::parked_transfer_precedes_staged_mutation_and_rejected_io_releases_observer_permit ... ok
test projection::tests::transfer::retained_payload_and_control_slots_force_explicit_holes_until_consumers_drop ... ok
test projection::tests::transfer::snapshot_boundary_and_independent_byte_control_order_are_exact ... ok
test runtime::context_tests::supervision_callbacks_count_reports_and_require_drain_without_fabricating_exit ... ok
test runtime::context_tests::poisoned_context_drop_releases_owned_quotas_and_diagnostic_gauges ... ok
test runtime::context_tests::contradictory_callbacks_preserve_actual_facts_and_record_independent_failure ... ok

test result: ok. 62 passed; 0 failed; 0 ignored; 0 measured; 0 filtered out; finished in 0.02s

     Running unittests src/lib.rs (target/debug/deps/pty_runtime_domain-e0f45ef33ffc953d)

running 27 tests
test identity::tests::accepted_identity_discards_excess_owned_capacity_and_redacts ... ok
test identity::tests::identity_equality_is_literal_and_lifetimes_include_both_parts ... ok
test process::tests::commands_are_literal_bounded_and_redacted ... ok
test process::tests::deadline_and_allocation_extremes_are_rejected ... ok
test process::tests::environment_keys_validate_and_overrides_remain_last ... ok
test identity::tests::identity_enforces_byte_limit_and_control_policy ... ok
test projection::tests::close_rejects_late_commit_and_usable_completion_cannot_revive ... ok
test projection::tests::invalid_policy_and_out_of_order_processed_controls_are_rejected ... ok
test projection::tests::restoration_rejects_unadmitted_sources_and_preserves_failures ... ok
test projection::tests::skipped_history_progress_cannot_regress_into_complete_history ... ok
test projection::tests::failed_retries_are_bounded_until_real_mutation ... ok
test projection::transfer_tests::applied_controls_advance_sequence_without_advancing_original_bytes ... ok
test projection::tests::successful_parking_does_not_consume_failed_retry_budget ... ok
test projection::tests::mutation_invalidates_parking_without_advancing_unprocessed_position ... ok
test projection::transfer_tests::identity_future_and_evicted_ranges_have_distinct_failures ... ok
test projection::transfer_tests::terminal_prefix_is_immutable_and_domain_forbids_late_mutations ... ok
test projection::transfer_tests::unavailable_transfer_cannot_be_reopened_or_extended ... ok
test redaction_tests::opaque_checkpoints_hide_payload_and_adapter_metadata_in_debug ... ok
test redaction_tests::replay_and_cell_debug_redact_content_while_retaining_safe_position_and_style ... ok
test replay::tests::identities_and_future_positions_are_validated_even_when_empty ... ok
test replay::tests::offset_overflow_is_atomic_and_debug_redacts_content ... ok
test replay::tests::eviction_reports_gap_before_exact_suffix_and_reads_do_not_advance ... ok
test replay::tests::releasing_storage_preserves_exact_loss_and_continuation_positions ... ok
test replay::tests::zero_retention_and_global_eviction_keep_stream_position ... ok
test session::tests::admission_and_supervision_failure_require_drain_without_inventing_exit ... ok
test session::tests::repeated_completion_facts_are_idempotent_and_contradictions_preserve_first_facts ... ok
test replay::tests::chunking_matches_reference_suffix_across_capacities ... ok

test result: ok. 27 passed; 0 failed; 0 ignored; 0 measured; 0 filtered out; finished in 0.01s

     Running tests/replay_model.rs (target/debug/deps/replay_model-e90f1d357c31fe3b)

running 1 test
test seeded_interleavings_match_an_append_only_ledger ... ok

test result: ok. 1 passed; 0 failed; 0 ignored; 0 measured; 0 filtered out; finished in 0.34s

     Running unittests src/lib.rs (target/debug/deps/pty_runtime_infrastructure-9adcb14cac591340)

running 17 tests
test checkpoint::file::tests::failed_orphan_cleanup_retains_a_distinct_quota_charge ... ok
test event_stream::tests::completion_preserves_actual_exit_and_all_portable_failure_categories ... ok
test event_stream::tests::gap_and_range_boundaries_are_checked_in_both_directions ... ok
test checkpoint::file::tests::renamed_namespace_drop_does_not_remove_unrelated_replacement ... ok
test checkpoint::file::tests::partial_failed_writes_full_disk_and_zero_writes_clean_temporary_state ... ok
test checkpoint::file::tests::concurrent_commit_reservation_cannot_exceed_quota ... ok
test process::protocol::tests::fragments_reassemble_without_interpreting_partial_records ... ok
test process::protocol::tests::peer_close_after_final_record_preserves_eof_with_unread_control ... ok
test process::protocol::tests::peer_reset_cannot_turn_a_partial_final_record_into_clean_eof ... ok
test process::protocol::tests::stale_generation_and_partial_eof_are_rejected ... ok
test process::protocol::tests::status_backpressure_has_a_fixed_record_bound ... ok
test event_stream::tests::maximum_binary_page_roundtrips_without_payload_diagnostics_and_rejects_corruption ... ok
test scheduling::blocking::tests::shutdown_joins_all_workers_and_releases_worker_state ... ok
test scheduling::pool::tests::shutdown_joins_all_workers_and_releases_worker_state ... ok
test process::spawn_barrier_tests::blocked_and_failed_spawn_does_not_delay_existing_controls_or_reaping ... ok
test process::spawn_barrier_tests::immediate_shutdown_reaps_existing_child_before_stalled_launch_finishes ... ok
test event_stream::tests::independently_constructed_completion_wire_rejects_malformed_fields_and_truncation ... ok

test result: ok. 17 passed; 0 failed; 0 ignored; 0 measured; 0 filtered out; finished in 0.06s

     Running tests/checkpoint_adversarial.rs (target/debug/deps/checkpoint_adversarial-13abca03b4190ad6)

running 4 tests
test failed_namespace_construction_rolls_back_under_restrictive_umask ... ok
test drop_does_not_remove_foreign_replacement_directory ... ok
test permission_or_hardlink_change_rejects_read_without_exposing_payload ... ok
test repeated_protection_uses_distinct_nonces_and_remains_authentic ... ok

test result: ok. 4 passed; 0 failed; 0 ignored; 0 measured; 0 filtered out; finished in 0.02s

     Running tests/checkpoint_contract.rs (target/debug/deps/checkpoint_contract-b0c0a5d5dd64ceaf)

running 5 tests
test injected_provider_same_contract ... ok
test ciphertext_corruption_truncation_wrong_key_and_metadata_replay_rejected ... ok
test existing_or_symlink_root_rejected_without_cleanup_of_foreign_content ... ok
test real_disk_quota_short_reads_symlinks_and_corrupt_files ... ok
test real_disk_contract_private_permissions_and_cleanup ... ok

test result: ok. 5 passed; 0 failed; 0 ignored; 0 measured; 0 filtered out; finished in 0.03s

     Running tests/checkpoint_crash_cleanup.rs (target/debug/deps/checkpoint_crash_cleanup-b405915f6d2f0dce)

running 9 tests
test checkpoint_crash_fixture ... ok
test cleanup_budget_reports_partial_work_and_blocks_known_abandoned_admission ... ok
test interrupted_empty_construction_is_reclaimed_but_foreign_arena_entries_remain ... ok
test live_prefix_cannot_hide_abandoned_data_and_admit_repeated_owners ... ok
test dead_owner_is_reclaimed_while_live_owner_and_its_ciphertext_survive ... ok
test namespace_and_arena_symlinks_are_rejected_without_traversal ... ok
test symlinks_hardlinks_and_unrecognized_objects_are_never_deleted ... ok
test direct_namespace_initialization_cannot_race_a_held_maintenance_lock ... ok
test inherited_maintenance_lock_blocks_admission_until_fork_child_releases_it ... ok

test result: ok. 9 passed; 0 failed; 0 ignored; 0 measured; 0 filtered out; finished in 1.01s

     Running tests/checkpoint_opaque_envelope.rs (target/debug/deps/checkpoint_opaque_envelope-b80ff02cc4316ec2)

running 1 test
test storage_roundtrips_short_opaque_envelope_without_cipher_assumptions ... ok

test result: ok. 1 passed; 0 failed; 0 ignored; 0 measured; 0 filtered out; finished in 0.01s

     Running tests/process_adversarial.rs (target/debug/deps/process_adversarial-306451e6f6a64a04)

running 1 test
test failed_reader_terminates_long_lived_child_without_owner_shutdown ... ok

test result: ok. 1 passed; 0 failed; 0 ignored; 0 measured; 0 filtered out; finished in 0.03s

     Running tests/process_bundled_image.rs (target/debug/deps/process_bundled_image-f4b341da75a63645)

running 5 tests
test bundled_fifo_probe ... ok
test bundled_image_rejects_altered_and_oversized_bytes ... ok
test bundled_image_rejects_symlink_and_directory ... ok
test bundled_fifo_is_rejected_without_waiting_for_a_writer ... ok
test bundled_exact_image_is_staged_before_source_disappears ... ok

test result: ok. 5 passed; 0 failed; 0 ignored; 0 measured; 0 filtered out; finished in 0.01s

     Running tests/process_contract.rs (target/debug/deps/process_contract-b0e85d0bcb4a0186)

running 7 tests
test controlling_terminal_echo_off_ordered_input_and_real_exit ... ok
test cancellation_bypasses_full_input_and_escalates_once ... ok
test descendant_endpoint_has_bounded_drain_separate_from_exit ... ok
test literal_arguments_empty_environment_overrides_and_canonical_roots ... ok
test resize_and_quiet_reader_shutdown_are_interruptible ... ok
test blocked_output_does_not_block_exit_or_shutdown ... ok
test failed_spawn_releases_admission_and_drop_reaps_child ... ok

test result: ok. 7 passed; 0 failed; 0 ignored; 0 measured; 0 filtered out; finished in 0.40s

     Running tests/process_failure_isolation.rs (target/debug/deps/process_failure_isolation-4f373137b5694f24)

running 2 tests
test sentinel_loss_reclaims_known_descendants_and_preserves_another_session ... ok
test guardian_loss_reclaims_known_descendants_and_preserves_another_session ... ok

test result: ok. 2 passed; 0 failed; 0 ignored; 0 measured; 0 filtered out; finished in 0.06s

     Running tests/process_foreground_switch.rs (target/debug/deps/process_foreground_switch-a1137634637c3a3d)

running 3 tests
test foreground_switch_fixture ... ok
test cancellation_cleans_both_foreground_generations_and_preserves_outside_session ... ok
test dispatch_ack_requires_a_distinct_verified_foreground_group ... ok

test result: ok. 3 passed; 0 failed; 0 ignored; 0 measured; 0 filtered out; finished in 0.56s

     Running tests/process_guardian_failures.rs (target/debug/deps/process_guardian_failures-ec12ebae54dade9a)

running 2 tests
test sentinel_loss_preserves_cleanup_and_reports_supervision_failure ... ok
test guardian_loss_reports_supervision_failure_without_fabricated_workload_exit ... ok

test result: ok. 2 passed; 0 failed; 0 ignored; 0 measured; 0 filtered out; finished in 0.02s

     Running tests/process_handle_teardown.rs (target/debug/deps/process_handle_teardown-ecfc2a4be69a74ed)

running 1 test
test retained_closed_handles_release_all_wake_descriptors ... ok

test result: ok. 1 passed; 0 failed; 0 ignored; 0 measured; 0 filtered out; finished in 0.15s

     Running tests/process_host_contract.rs (target/debug/deps/process_host_contract-06d658be48d4b8a3)

running 4 tests
test sigchld_policy_fixture ... ignored, runs only inside the isolated host-policy subprocess
test constructor_rejects_auto_reaping_policies_in_isolated_hosts ... ok
test backend_drop_ignores_twenty_four_hour_grace_and_reaps ... ok
test unexpected_reader_failure_kills_long_lived_child_without_grace_delay ... ok

test result: ok. 3 passed; 0 failed; 1 ignored; 0 measured; 0 filtered out; finished in 0.02s

     Running tests/process_pressure.rs (target/debug/deps/process_pressure-d5aa0fd5344238e8)

running 4 tests
test symlinks_cannot_escape_allowed_launch_roots ... ok
test callback_panics_do_not_orphan_children_or_break_other_sessions ... ok
test stalled_input_times_out_with_partial_ack_and_retains_no_admission ... ok
test simultaneous_producers_deliver_complete_bytes_and_quiet_cancel_remains_live ... ok

test result: ok. 4 passed; 0 failed; 0 ignored; 0 measured; 0 filtered out; finished in 0.12s

     Running tests/process_reader_diagnostics.rs (target/debug/deps/process_reader_diagnostics-16206156e5909975)

running 2 tests
test actual_reader_caught_output_panic_releases_scratch_after_join ... ok
test actual_readers_count_allocated_scratch_across_reset_and_independent_exit ... ok

test result: ok. 2 passed; 0 failed; 0 ignored; 0 measured; 0 filtered out; finished in 0.03s

     Running tests/scheduling_adversarial.rs (target/debug/deps/scheduling_adversarial-fee7e9af291737f6)

running 4 tests
test impossible_blocking_queue_bound_returns_error_without_panicking ... ok
test excessive_worker_counts_are_rejected_before_thread_creation ... ok
test impossible_registration_bounds_return_errors_without_panicking ... ok
test callback_owner_destructor_panic_does_not_destroy_worker_capacity ... ok

test result: ok. 4 passed; 0 failed; 0 ignored; 0 measured; 0 filtered out; finished in 0.00s

     Running tests/scheduling_blocking.rs (target/debug/deps/scheduling_blocking-4f9e247976424dce)

running 3 tests
test capacity_generation_preserves_early_notifications ... ok
test job_panic_does_not_kill_worker_and_drop_joins_work ... ok
test blocked_job_admission_is_bounded_and_shutdown_drains_accepted_jobs ... ok

test result: ok. 3 passed; 0 failed; 0 ignored; 0 measured; 0 filtered out; finished in 0.00s

     Running tests/scheduling_pool.rs (target/debug/deps/scheduling_pool-1f5ec2a7fa40f526)

running 5 tests
test registration_caps_handle_drop_and_weak_drop_reclaim_slots ... ok
test callback_can_request_shutdown_without_self_join ... ok
test running_wakes_coalesce_without_overlap_and_close_releases_after_run ... ok
test panic_reports_failure_and_other_work_continues ... ok
test timer_fires_without_external_wake_and_finished_closes_handle ... ok

test result: ok. 5 passed; 0 failed; 0 ignored; 0 measured; 0 filtered out; finished in 0.01s

     Running tests/terminal_bounds.rs (target/debug/deps/terminal_bounds-7c3d0fd7774376b7)

running 5 tests
test chunk_admission_does_not_mutate_and_reply_overflow_invalidates_projection ... ok
test rejects_invalid_dimensions_config_and_incompatible_checkpoints ... ok
test view_and_parser_continuation_have_explicit_budgets ... ok
test checkpoint_and_native_allocations_are_bounded ... ok
test corrupted_and_truncated_snapshots_never_complete_successfully ... ok

test result: ok. 5 passed; 0 failed; 0 ignored; 0 measured; 0 filtered out; finished in 0.12s

     Running tests/terminal_contract.rs (target/debug/deps/terminal_contract-c11d8bdd2b0b6b1d)

running 6 tests
test palette_and_default_color_overrides_are_domain_values ... ok
test incremental_text_styles_modes_cursor_and_ordered_resize ... ok
test compression_preserves_wide_combining_text_and_full_history ... ok
test terminal_owner_can_move_threads_and_drop_with_pending_history ... ok
test checkpoints_preserve_parser_continuation_and_uninterrupted_state ... ok
test ready_accepts_live_output_while_preserving_one_hundred_thousand_history_lines ... ok

test result: ok. 6 passed; 0 failed; 0 ignored; 0 measured; 0 filtered out; finished in 5.57s

     Running tests/terminal_cursor_roundtrip.rs (target/debug/deps/terminal_cursor_roundtrip-9d1280c4c1ba85b9)

running 9 tests
test custom_right_margin_pending_wrap_survives_snapshot ... ok
test alternate_pending_wrap_survives_snapshot_after_widening ... ok
test full_width_pending_wrap_retains_existing_behavior ... ok
test primary_wrapped_rows_survive_restore_before_nonreflow_growth_and_later_reflow ... ok
test alternate_wrapped_rows_survive_restore_before_nonreflow_growth ... ok
test nonreflow_shrink_clips_styled_hyperlinked_wide_grapheme ... ok
test nonreflow_shrink_clips_wide_glyph_before_checkpoint_and_later_input ... ok
test saved_cursor_pending_wrap_at_custom_margin_survives_snapshot ... ok
test restored_inactive_viewport_pin_does_not_push_live_text_into_history_on_shrink ... ok

test result: ok. 9 passed; 0 failed; 0 ignored; 0 measured; 0 filtered out; finished in 0.44s

     Running tests/terminal_live_restore.rs (target/debug/deps/terminal_live_restore-5f4cacf2412a02a3)

running 3 tests
test skipped_history_still_requires_valid_finish_and_rejects_future_mutation ... ok
test restored_live_feed_keeps_continuation_callbacks_and_reply_bounds ... ok
test live_resize_and_quota_pressure_report_validated_but_inapplicable_history ... ok

test result: ok. 3 passed; 0 failed; 0 ignored; 0 measured; 0 filtered out; finished in 0.60s

     Running tests/terminal_view_edges.rs (target/debug/deps/terminal_view_edges-97f2be6c1021e857)

running 2 tests
test osc_palette_overrides_and_reset_preserve_optional_default_and_cursor_colors ... ok
test long_grapheme_retries_copy_with_exact_codepoints_and_respects_view_budget ... ok

test result: ok. 2 passed; 0 failed; 0 ignored; 0 measured; 0 filtered out; finished in 0.00s

     Running unittests examples/guardian_resources.rs (target/debug/examples/guardian_resources-f250df4f82046392)

running 0 tests

test result: ok. 0 passed; 0 failed; 0 ignored; 0 measured; 0 filtered out; finished in 0.00s

     Running unittests examples/terminal_corpus.rs (target/debug/examples/terminal_corpus-4471d77cf218d73f)

running 2 tests
test runner::tests::alternate_wrap_roundtrip_after_width_change ... ok
test runner::tests::restored_history_survives_later_resize ... ok

test result: ok. 2 passed; 0 failed; 0 ignored; 0 measured; 0 filtered out; finished in 0.48s

+ cargo test --locked --workspace --no-default-features
   Compiling pty-runtime-infrastructure v0.1.0 (/home/user/Documents/pty-runtime-candidate6/crates/infrastructure)
   Compiling tokio v1.53.1
   Compiling pty-runtime v0.1.0 (/home/user/Documents/pty-runtime-candidate6)
    Finished `test` profile [unoptimized + debuginfo] target(s) in 25.63s
     Running unittests src/lib.rs (target/debug/deps/pty_runtime-52e4010cdef02876)

running 0 tests

test result: ok. 0 passed; 0 failed; 0 ignored; 0 measured; 0 filtered out; finished in 0.00s

     Running tests/ddd_spawn_failure.rs (target/debug/deps/ddd_spawn_failure-1d4b2afc3f8ef853)

running 1 test
test lookup_handle_obtained_during_failed_spawn_reaches_terminal_state ... ok

test result: ok. 1 passed; 0 failed; 0 ignored; 0 measured; 0 filtered out; finished in 0.00s

     Running tests/default_parking.rs (target/debug/deps/default_parking-48c39f87d3e64c81)

running 0 tests

test result: ok. 0 passed; 0 failed; 0 ignored; 0 measured; 0 filtered out; finished in 0.00s

     Running tests/event_stream_decode_contract.rs (target/debug/deps/event_stream_decode_contract-feed7f36af66212f)

running 0 tests

test result: ok. 0 passed; 0 failed; 0 ignored; 0 measured; 0 filtered out; finished in 0.00s

     Running tests/event_stream_failures.rs (target/debug/deps/event_stream_failures-21b10a22712cafd1)

running 0 tests

test result: ok. 0 passed; 0 failed; 0 ignored; 0 measured; 0 filtered out; finished in 0.00s

     Running tests/event_stream_isolation.rs (target/debug/deps/event_stream_isolation-374b9e72c06e197a)

running 0 tests

test result: ok. 0 passed; 0 failed; 0 ignored; 0 measured; 0 filtered out; finished in 0.00s

     Running tests/event_stream_reconnect.rs (target/debug/deps/event_stream_reconnect-117da49a5fac9d02)

running 0 tests

test result: ok. 0 passed; 0 failed; 0 ignored; 0 measured; 0 filtered out; finished in 0.00s

     Running tests/input_reservation.rs (target/debug/deps/input_reservation-87e4f9b6320f04ca)

running 1 test
test global_bytes_and_slots_survive_abandoned_wait_and_release_on_adapter_completion ... ok

test result: ok. 1 passed; 0 failed; 0 ignored; 0 measured; 0 filtered out; finished in 0.00s

     Running tests/ordered_transfer_runtime.rs (target/debug/deps/ordered_transfer_runtime-511679b97a939ff9)

running 0 tests

test result: ok. 0 passed; 0 failed; 0 ignored; 0 measured; 0 filtered out; finished in 0.00s

     Running tests/process_handle_resources.rs (target/debug/deps/process_handle_resources-da355e097223775d)

running 1 test
test completed_old_handles_do_not_keep_process_wake_descriptors ... ok

test result: ok. 1 passed; 0 failed; 0 ignored; 0 measured; 0 filtered out; finished in 0.11s

     Running tests/projected_runtime.rs (target/debug/deps/projected_runtime-c4d12ace3089816c)

running 0 tests

test result: ok. 0 passed; 0 failed; 0 ignored; 0 measured; 0 filtered out; finished in 0.00s

     Running tests/projection_cleanup_outcome.rs (target/debug/deps/projection_cleanup_outcome-a82e89b9099b53c9)

running 2 tests
test domain_session_validation_rejects_incompatible_projection_admission ... ok
test forget_preserves_delete_and_uncertain_commit_failures_including_repeated_calls ... ok

test result: ok. 2 passed; 0 failed; 0 ignored; 0 measured; 0 filtered out; finished in 0.01s

     Running tests/projection_correctness.rs (target/debug/deps/projection_correctness-70454d37dc852084)

running 4 tests
test impossible_global_parser_budgets_reject_before_child_launch ... ok
test shutdown_closes_model_with_completed_request_wait_retained ... ok
test resize_panic_during_close_keeps_cleanup_scheduled ... ok
test process_future_panic_does_not_strand_runtime_shutdown ... ok

test result: ok. 4 passed; 0 failed; 0 ignored; 0 measured; 0 filtered out; finished in 0.00s

     Running tests/raw_adversarial.rs (target/debug/deps/raw_adversarial-94cf74c32f81f097)

running 1 test
test dropping_polled_pending_waits_releases_admission_and_preserves_cursor ... ok

test result: ok. 1 passed; 0 failed; 0 ignored; 0 measured; 0 filtered out; finished in 0.01s

     Running tests/raw_child_contract.rs (target/debug/deps/raw_child_contract-2b31302c8d56ff79)

running 3 tests
test merged_stdout_stderr_preserves_binary_bytes_through_public_observer ... ok
test empty_environment_is_exact_at_uninstrumented_exec_boundary ... ok
test explicit_environment_literal_args_canonical_cwd_and_ordered_resize_reach_real_child ... ok

test result: ok. 3 passed; 0 failed; 0 ignored; 0 measured; 0 filtered out; finished in 0.02s

     Running tests/raw_completion.rs (target/debug/deps/raw_completion-820adf4e7be7b18e)

running 1 test
test signal_death_and_descendant_drain_never_become_fabricated_success ... ok

test result: ok. 1 passed; 0 failed; 0 ignored; 0 measured; 0 filtered out; finished in 0.07s

     Running tests/raw_registration.rs (target/debug/deps/raw_registration-006374e550c0101e)

running 1 test
test simultaneous_duplicate_calls_launch_once_even_after_completion_until_forgetting ... ok

test result: ok. 1 passed; 0 failed; 0 ignored; 0 measured; 0 filtered out; finished in 0.03s

     Running tests/raw_runtime.rs (target/debug/deps/raw_runtime-ec16a30bf226c746)

running 4 tests
test synthetic_input_is_not_echoed_or_exposed_in_debug ... ok
test detach_and_cancelled_observation_preserve_live_process_and_cursor ... ok
test admission_bounds_and_owner_drop_preserve_explicit_completion ... ok
test raw_suffix_gap_completion_and_completed_id_are_stable ... ok

test result: ok. 4 passed; 0 failed; 0 ignored; 0 measured; 0 filtered out; finished in 0.03s

     Running tests/ready_projection.rs (target/debug/deps/ready_projection-c801bde6d2f3322d)

running 0 tests

test result: ok. 0 passed; 0 failed; 0 ignored; 0 measured; 0 filtered out; finished in 0.00s

     Running tests/runtime_diagnostics.rs (target/debug/deps/runtime_diagnostics-63abd701b53c1080)

running 3 tests
test raw_measurements_count_admission_actual_io_and_rejected_input_separately ... ok
test aggregate_gauges_follow_completed_handles_and_exact_replay_gaps ... ok
test cancellation_dispatch_requires_acknowledged_workload_and_verified_groups ... ok

test result: ok. 3 passed; 0 failed; 0 ignored; 0 measured; 0 filtered out; finished in 0.28s

     Running tests/runtime_performance.rs (target/debug/deps/runtime_performance-3a9ac4735bbc26e9)

running 0 tests

test result: ok. 0 passed; 0 failed; 0 ignored; 0 measured; 0 filtered out; finished in 0.00s

     Running unittests src/lib.rs (target/debug/deps/pty_runtime_application-9216427a99f9310f)

running 62 tests
test diagnostics::histogram::tests::boundary_rounding_overflow_and_failed_samples_remain_explicit ... ok
test diagnostics::reader::tests::allocation_guard_releases_on_error_and_unwind ... ok
test diagnostics::reader::tests::live_reader_allocations_survive_reset_and_release_independently ... ok
test projection::tests::acceptance::cancelled_parked_transfer_keeps_inflight_memory_charged_until_close_drains_read ... ok
test diagnostics::tests::untimed_replacement_adapter_reports_unavailable_without_false_success_or_failure ... ok
test projection::tests::cleanup::close_during_pending_commit_deletes_late_result_and_releases_services ... ok
test projection::tests::cleanup::authentication_failure_retains_only_source_and_close_releases_pool_handles ... ok
test projection::tests::admission_rollback::rejected_projection_admission_settles_published_waiter_and_releases_identity_and_model_slot ... ok
test projection::tests::cleanup::failed_restore_retains_source_and_bounded_unprocessed_output_without_empty_model ... ok
test projection::tests::cleanup::close_progresses_with_every_normal_request_slot_held ... ok
test projection::tests::cleanup::failed_storage_has_finite_retries_and_retains_original_live_model ... ok
test projection::tests::cleanup::permanent_delete_failure_closes_truthfully_and_stays_charged_in_bounded_ledger ... ok
test projection::tests::cleanup::rejected_blocking_admission_schedules_bounded_retry_without_losing_model ... ok
test projection::tests::cleanup::scheduler_shutdown_fallback_finishes_late_commit_without_retaining_services ... ok
test projection::tests::close_race::completed_cleanup_before_close_wake_returns_success_and_releases_every_budget ... ok
test projection::tests::close_race::completed_failed_cleanup_before_close_wake_preserves_storage_outcome ... ok
test projection::tests::close_race::unfinished_close_with_missing_or_rejecting_scheduler_still_reports_worker ... ok
test projection::tests::control_capacity::resize_remains_ordered_and_bounded_when_local_parser_slots_are_full ... ok
test projection::tests::control_capacity::resize_remains_ordered_and_bounded_when_shared_parser_slots_are_full ... ok
test projection::tests::cleanup::uncertain_commits_stay_charged_and_report_failure_on_every_close ... ok
test projection::tests::io_faults::malformed_restore_read_fails_pending_view_but_retains_unprocessed_bytes ... ok
test projection::tests::io_faults::opened_checkpoint_contract_violation_is_invalid_configuration_and_releases_read_permits ... ok
test projection::tests::io_faults::rejected_transfer_read_releases_admission_and_can_be_retried ... ok
test projection::tests::io_faults::transfer_read_rejects_short_ciphertext_without_restoring_or_losing_source ... ok
test projection::tests::io_faults::panicking_read_settles_transfer_as_worker_error_and_allows_a_fresh_read ... ok
test projection::tests::native_faults::resize_admission_and_completion_errors_preserve_model_and_allow_same_generation_retry ... ok
test projection::tests::ordered_review::cancelled_projection_wait_drops_reentrant_waker_outside_ticket_lock ... ok
test projection::tests::ordered_review::parked_snapshot_io_does_not_delay_an_existing_observers_end ... ok
test projection::tests::ordered_review::replacing_a_pending_waker_drops_its_observer_outside_the_journal_lock ... ok
test projection::tests::ordered_review::observation_requests_do_not_delay_the_final_applied_prefix ... ok
test projection::tests::parking::idle_park_restore_orders_bytes_resize_history_and_single_authoritative_reply ... ok
test projection::tests::ordered_review::failed_end_stays_immutable_when_an_inflight_native_feed_returns_success ... ok
test projection::tests::parking::output_during_commit_retains_model_and_cleanup_does_not_block_feed ... ok
test projection::tests::parking::parked_transfer_pin_uses_saved_source_without_native_restore ... ok
test projection::tests::pressure::copied_views_retain_global_memory_admission_until_consumer_drop ... ok
test projection::tests::pressure::generated_reply_waits_for_single_writer_admission_without_refeeding_or_duplicate_send ... ok
test projection::tests::parking::ready_view_captures_its_own_history_and_exact_order_boundary ... ok
test projection::tests::pressure::global_parser_capacity_released_by_another_session_wakes_waiter ... ok
test projection::tests::pressure::independent_parser_admission_is_all_or_none_and_early_capacity_notice_survives ... ok
test projection::tests::parking::output_during_encode_is_bounded_and_stale_commit_never_releases_live_model ... ok
test projection::tests::pressure::native_feed_panic_preserves_unprocessed_staging_and_rejects_projection_operations ... ok
test projection::tests::pressure::partial_generated_reply_fails_projection_and_is_never_resent ... ok
test projection::tests::pressure::resident_checkpoint_pin_reserves_plaintext_even_when_protection_bound_is_smaller ... ok
test projection::tests::ready::drain_end_waits_for_history_validation_and_retains_corrupt_source ... ok
test projection::tests::ready::ready_interleaves_live_bytes_and_controls_without_releasing_source_before_finish ... ok
test projection::tests::ready::skipped_history_is_visible_and_lifetime_count_survives_the_next_park ... ok
test projection::tests::shutdown::shutdown_with_lost_delete_completion_does_not_release_sole_source_charge ... ok
test projection::tests::shutdown::shutdown_with_lost_commit_completion_keeps_uncertain_disk_reservation ... ok
test projection::tests::shutdown::shutdown_with_lost_restore_completion_releases_live_memory_but_keeps_source ... ok
test projection::tests::shutdown::shutdown_without_scheduler_rejects_queued_views_and_controls_and_releases_staging ... ok
test projection::tests::shutdown::shutdown_with_lost_transfer_read_settles_caller_and_releases_observer ... ok
test projection::tests::transfer::cancelled_wait_removes_waker_and_final_observer_releases_retention ... ok
test projection::tests::transfer::drain_is_sealed_but_end_waits_for_parser_and_failure_ends_only_the_valid_prefix ... ok
test projection::tests::transfer::observer_admission_cancel_and_snapshot_pins_release_independently ... ok
test projection::tests::transfer::no_observers_allocate_no_continuation_storage_and_new_transfer_skips_no_applied_state ... ok
test projection::tests::transfer::foreign_future_and_evicted_cursors_are_distinct_and_readers_are_independent ... ok
test projection::tests::transfer::parked_transfer_precedes_staged_mutation_and_rejected_io_releases_observer_permit ... ok
test projection::tests::transfer::snapshot_boundary_and_independent_byte_control_order_are_exact ... ok
test projection::tests::transfer::retained_payload_and_control_slots_force_explicit_holes_until_consumers_drop ... ok
test runtime::context_tests::contradictory_callbacks_preserve_actual_facts_and_record_independent_failure ... ok
test runtime::context_tests::poisoned_context_drop_releases_owned_quotas_and_diagnostic_gauges ... ok
test runtime::context_tests::supervision_callbacks_count_reports_and_require_drain_without_fabricating_exit ... ok

test result: ok. 62 passed; 0 failed; 0 ignored; 0 measured; 0 filtered out; finished in 0.02s

     Running unittests src/lib.rs (target/debug/deps/pty_runtime_domain-e0f45ef33ffc953d)

running 27 tests
test identity::tests::accepted_identity_discards_excess_owned_capacity_and_redacts ... ok
test identity::tests::identity_equality_is_literal_and_lifetimes_include_both_parts ... ok
test identity::tests::identity_enforces_byte_limit_and_control_policy ... ok
test process::tests::environment_keys_validate_and_overrides_remain_last ... ok
test process::tests::commands_are_literal_bounded_and_redacted ... ok
test projection::tests::close_rejects_late_commit_and_usable_completion_cannot_revive ... ok
test process::tests::deadline_and_allocation_extremes_are_rejected ... ok
test projection::tests::failed_retries_are_bounded_until_real_mutation ... ok
test projection::tests::invalid_policy_and_out_of_order_processed_controls_are_rejected ... ok
test projection::tests::mutation_invalidates_parking_without_advancing_unprocessed_position ... ok
test projection::tests::skipped_history_progress_cannot_regress_into_complete_history ... ok
test projection::tests::restoration_rejects_unadmitted_sources_and_preserves_failures ... ok
test projection::tests::successful_parking_does_not_consume_failed_retry_budget ... ok
test projection::transfer_tests::applied_controls_advance_sequence_without_advancing_original_bytes ... ok
test projection::transfer_tests::identity_future_and_evicted_ranges_have_distinct_failures ... ok
test projection::transfer_tests::terminal_prefix_is_immutable_and_domain_forbids_late_mutations ... ok
test redaction_tests::opaque_checkpoints_hide_payload_and_adapter_metadata_in_debug ... ok
test projection::transfer_tests::unavailable_transfer_cannot_be_reopened_or_extended ... ok
test redaction_tests::replay_and_cell_debug_redact_content_while_retaining_safe_position_and_style ... ok
test replay::tests::identities_and_future_positions_are_validated_even_when_empty ... ok
test replay::tests::offset_overflow_is_atomic_and_debug_redacts_content ... ok
test replay::tests::releasing_storage_preserves_exact_loss_and_continuation_positions ... ok
test replay::tests::zero_retention_and_global_eviction_keep_stream_position ... ok
test session::tests::admission_and_supervision_failure_require_drain_without_inventing_exit ... ok
test session::tests::repeated_completion_facts_are_idempotent_and_contradictions_preserve_first_facts ... ok
test replay::tests::eviction_reports_gap_before_exact_suffix_and_reads_do_not_advance ... ok
test replay::tests::chunking_matches_reference_suffix_across_capacities ... ok

test result: ok. 27 passed; 0 failed; 0 ignored; 0 measured; 0 filtered out; finished in 0.02s

     Running tests/replay_model.rs (target/debug/deps/replay_model-e90f1d357c31fe3b)

running 1 test
test seeded_interleavings_match_an_append_only_ledger ... ok

test result: ok. 1 passed; 0 failed; 0 ignored; 0 measured; 0 filtered out; finished in 0.34s

     Running unittests src/lib.rs (target/debug/deps/pty_runtime_infrastructure-c20ebf329985d666)

running 13 tests
test checkpoint::file::tests::failed_orphan_cleanup_retains_a_distinct_quota_charge ... ok
test process::protocol::tests::fragments_reassemble_without_interpreting_partial_records ... ok
test process::protocol::tests::peer_close_after_final_record_preserves_eof_with_unread_control ... ok
test process::protocol::tests::peer_reset_cannot_turn_a_partial_final_record_into_clean_eof ... ok
test process::protocol::tests::stale_generation_and_partial_eof_are_rejected ... ok
test process::protocol::tests::status_backpressure_has_a_fixed_record_bound ... ok
test checkpoint::file::tests::renamed_namespace_drop_does_not_remove_unrelated_replacement ... ok
test checkpoint::file::tests::partial_failed_writes_full_disk_and_zero_writes_clean_temporary_state ... ok
test checkpoint::file::tests::concurrent_commit_reservation_cannot_exceed_quota ... ok
test scheduling::blocking::tests::shutdown_joins_all_workers_and_releases_worker_state ... ok
test scheduling::pool::tests::shutdown_joins_all_workers_and_releases_worker_state ... ok
test process::spawn_barrier_tests::blocked_and_failed_spawn_does_not_delay_existing_controls_or_reaping ... ok
test process::spawn_barrier_tests::immediate_shutdown_reaps_existing_child_before_stalled_launch_finishes ... ok

test result: ok. 13 passed; 0 failed; 0 ignored; 0 measured; 0 filtered out; finished in 0.04s

     Running tests/checkpoint_adversarial.rs (target/debug/deps/checkpoint_adversarial-ed78cafd58abf885)

running 4 tests
test drop_does_not_remove_foreign_replacement_directory ... ok
test failed_namespace_construction_rolls_back_under_restrictive_umask ... ok
test permission_or_hardlink_change_rejects_read_without_exposing_payload ... ok
test repeated_protection_uses_distinct_nonces_and_remains_authentic ... ok

test result: ok. 4 passed; 0 failed; 0 ignored; 0 measured; 0 filtered out; finished in 0.03s

     Running tests/checkpoint_contract.rs (target/debug/deps/checkpoint_contract-4ec87b177f4d3f2e)

running 5 tests
test injected_provider_same_contract ... ok
test ciphertext_corruption_truncation_wrong_key_and_metadata_replay_rejected ... ok
test existing_or_symlink_root_rejected_without_cleanup_of_foreign_content ... ok
test real_disk_quota_short_reads_symlinks_and_corrupt_files ... ok
test real_disk_contract_private_permissions_and_cleanup ... ok

test result: ok. 5 passed; 0 failed; 0 ignored; 0 measured; 0 filtered out; finished in 0.01s

     Running tests/checkpoint_crash_cleanup.rs (target/debug/deps/checkpoint_crash_cleanup-5a8760977e7ef456)

running 9 tests
test checkpoint_crash_fixture ... ok
test cleanup_budget_reports_partial_work_and_blocks_known_abandoned_admission ... ok
test interrupted_empty_construction_is_reclaimed_but_foreign_arena_entries_remain ... ok
test dead_owner_is_reclaimed_while_live_owner_and_its_ciphertext_survive ... ok
test live_prefix_cannot_hide_abandoned_data_and_admit_repeated_owners ... ok
test namespace_and_arena_symlinks_are_rejected_without_traversal ... ok
test symlinks_hardlinks_and_unrecognized_objects_are_never_deleted ... ok
test direct_namespace_initialization_cannot_race_a_held_maintenance_lock ... ok
test inherited_maintenance_lock_blocks_admission_until_fork_child_releases_it ... ok

test result: ok. 9 passed; 0 failed; 0 ignored; 0 measured; 0 filtered out; finished in 1.01s

     Running tests/checkpoint_opaque_envelope.rs (target/debug/deps/checkpoint_opaque_envelope-13c828b1198dbf3a)

running 1 test
test storage_roundtrips_short_opaque_envelope_without_cipher_assumptions ... ok

test result: ok. 1 passed; 0 failed; 0 ignored; 0 measured; 0 filtered out; finished in 0.01s

     Running tests/process_adversarial.rs (target/debug/deps/process_adversarial-2d0339d7c9ae2398)

running 1 test
test failed_reader_terminates_long_lived_child_without_owner_shutdown ... ok

test result: ok. 1 passed; 0 failed; 0 ignored; 0 measured; 0 filtered out; finished in 0.02s

     Running tests/process_bundled_image.rs (target/debug/deps/process_bundled_image-a61b6bf7c41b709e)

running 5 tests
test bundled_fifo_probe ... ok
test bundled_image_rejects_altered_and_oversized_bytes ... ok
test bundled_image_rejects_symlink_and_directory ... ok
test bundled_fifo_is_rejected_without_waiting_for_a_writer ... ok
test bundled_exact_image_is_staged_before_source_disappears ... ok

test result: ok. 5 passed; 0 failed; 0 ignored; 0 measured; 0 filtered out; finished in 0.01s

     Running tests/process_contract.rs (target/debug/deps/process_contract-0c7d227983caf12e)

running 7 tests
test controlling_terminal_echo_off_ordered_input_and_real_exit ... ok
test descendant_endpoint_has_bounded_drain_separate_from_exit ... ok
test cancellation_bypasses_full_input_and_escalates_once ... ok
test literal_arguments_empty_environment_overrides_and_canonical_roots ... ok
test resize_and_quiet_reader_shutdown_are_interruptible ... ok
test blocked_output_does_not_block_exit_or_shutdown ... ok
test failed_spawn_releases_admission_and_drop_reaps_child ... ok

test result: ok. 7 passed; 0 failed; 0 ignored; 0 measured; 0 filtered out; finished in 0.35s

     Running tests/process_failure_isolation.rs (target/debug/deps/process_failure_isolation-648334b04b3a42b6)

running 2 tests
test sentinel_loss_reclaims_known_descendants_and_preserves_another_session ... ok
test guardian_loss_reclaims_known_descendants_and_preserves_another_session ... ok

test result: ok. 2 passed; 0 failed; 0 ignored; 0 measured; 0 filtered out; finished in 0.05s

     Running tests/process_foreground_switch.rs (target/debug/deps/process_foreground_switch-2f04067e0314ca8d)

running 3 tests
test foreground_switch_fixture ... ok
test cancellation_cleans_both_foreground_generations_and_preserves_outside_session ... ok
test dispatch_ack_requires_a_distinct_verified_foreground_group ... ok

test result: ok. 3 passed; 0 failed; 0 ignored; 0 measured; 0 filtered out; finished in 0.54s

     Running tests/process_guardian_failures.rs (target/debug/deps/process_guardian_failures-4ca905ec1158e6f4)

running 2 tests
test guardian_loss_reports_supervision_failure_without_fabricated_workload_exit ... ok
test sentinel_loss_preserves_cleanup_and_reports_supervision_failure ... ok

test result: ok. 2 passed; 0 failed; 0 ignored; 0 measured; 0 filtered out; finished in 0.03s

     Running tests/process_handle_teardown.rs (target/debug/deps/process_handle_teardown-63353793be2e9f4c)

running 1 test
test retained_closed_handles_release_all_wake_descriptors ... ok

test result: ok. 1 passed; 0 failed; 0 ignored; 0 measured; 0 filtered out; finished in 0.17s

     Running tests/process_host_contract.rs (target/debug/deps/process_host_contract-10de30a7976b0822)

running 4 tests
test sigchld_policy_fixture ... ignored, runs only inside the isolated host-policy subprocess
test constructor_rejects_auto_reaping_policies_in_isolated_hosts ... ok
test unexpected_reader_failure_kills_long_lived_child_without_grace_delay ... ok
test backend_drop_ignores_twenty_four_hour_grace_and_reaps ... ok

test result: ok. 3 passed; 0 failed; 1 ignored; 0 measured; 0 filtered out; finished in 0.03s

     Running tests/process_pressure.rs (target/debug/deps/process_pressure-cb7412401980599d)

running 4 tests
test symlinks_cannot_escape_allowed_launch_roots ... ok
test callback_panics_do_not_orphan_children_or_break_other_sessions ... ok
test stalled_input_times_out_with_partial_ack_and_retains_no_admission ... ok
test simultaneous_producers_deliver_complete_bytes_and_quiet_cancel_remains_live ... ok

test result: ok. 4 passed; 0 failed; 0 ignored; 0 measured; 0 filtered out; finished in 0.13s

     Running tests/process_reader_diagnostics.rs (target/debug/deps/process_reader_diagnostics-7bfd14c62fe5eb4c)

running 2 tests
test actual_reader_caught_output_panic_releases_scratch_after_join ... ok
test actual_readers_count_allocated_scratch_across_reset_and_independent_exit ... ok

test result: ok. 2 passed; 0 failed; 0 ignored; 0 measured; 0 filtered out; finished in 0.02s

     Running tests/scheduling_adversarial.rs (target/debug/deps/scheduling_adversarial-e9037d4648cc2902)

running 4 tests
test excessive_worker_counts_are_rejected_before_thread_creation ... ok
test impossible_registration_bounds_return_errors_without_panicking ... ok
test impossible_blocking_queue_bound_returns_error_without_panicking ... ok
test callback_owner_destructor_panic_does_not_destroy_worker_capacity ... ok

test result: ok. 4 passed; 0 failed; 0 ignored; 0 measured; 0 filtered out; finished in 0.00s

     Running tests/scheduling_blocking.rs (target/debug/deps/scheduling_blocking-2423ba610adb7355)

running 3 tests
test capacity_generation_preserves_early_notifications ... ok
test job_panic_does_not_kill_worker_and_drop_joins_work ... ok
test blocked_job_admission_is_bounded_and_shutdown_drains_accepted_jobs ... ok

test result: ok. 3 passed; 0 failed; 0 ignored; 0 measured; 0 filtered out; finished in 0.00s

     Running tests/scheduling_pool.rs (target/debug/deps/scheduling_pool-f87869f04afb03a8)

running 5 tests
test callback_can_request_shutdown_without_self_join ... ok
test registration_caps_handle_drop_and_weak_drop_reclaim_slots ... ok
test panic_reports_failure_and_other_work_continues ... ok
test running_wakes_coalesce_without_overlap_and_close_releases_after_run ... ok
test timer_fires_without_external_wake_and_finished_closes_handle ... ok

test result: ok. 5 passed; 0 failed; 0 ignored; 0 measured; 0 filtered out; finished in 0.01s

     Running tests/terminal_bounds.rs (target/debug/deps/terminal_bounds-620d6b67c16eecbc)

running 0 tests

test result: ok. 0 passed; 0 failed; 0 ignored; 0 measured; 0 filtered out; finished in 0.00s

     Running tests/terminal_contract.rs (target/debug/deps/terminal_contract-deb537cd9e5603e8)

running 0 tests

test result: ok. 0 passed; 0 failed; 0 ignored; 0 measured; 0 filtered out; finished in 0.00s

     Running tests/terminal_cursor_roundtrip.rs (target/debug/deps/terminal_cursor_roundtrip-a149d53aa6568212)

running 0 tests

test result: ok. 0 passed; 0 failed; 0 ignored; 0 measured; 0 filtered out; finished in 0.00s

     Running tests/terminal_live_restore.rs (target/debug/deps/terminal_live_restore-70832178534e696e)

running 0 tests

test result: ok. 0 passed; 0 failed; 0 ignored; 0 measured; 0 filtered out; finished in 0.00s

     Running tests/terminal_view_edges.rs (target/debug/deps/terminal_view_edges-4a50611e9aae261b)

running 0 tests

test result: ok. 0 passed; 0 failed; 0 ignored; 0 measured; 0 filtered out; finished in 0.00s

   Doc-tests pty_runtime

running 0 tests

test result: ok. 0 passed; 0 failed; 0 ignored; 0 measured; 0 filtered out; finished in 0.00s

   Doc-tests pty_runtime_application

running 0 tests

test result: ok. 0 passed; 0 failed; 0 ignored; 0 measured; 0 filtered out; finished in 0.00s

   Doc-tests pty_runtime_domain

running 0 tests

test result: ok. 0 passed; 0 failed; 0 ignored; 0 measured; 0 filtered out; finished in 0.00s

   Doc-tests pty_runtime_infrastructure

running 0 tests

test result: ok. 0 passed; 0 failed; 0 ignored; 0 measured; 0 filtered out; finished in 0.00s

+ cargo test --locked --no-default-features --features event-stream
   Compiling pty-runtime-infrastructure v0.1.0 (/home/user/Documents/pty-runtime-candidate6/crates/infrastructure)
   Compiling pty-runtime v0.1.0 (/home/user/Documents/pty-runtime-candidate6)
    Finished `test` profile [unoptimized + debuginfo] target(s) in 31.45s
     Running unittests src/lib.rs (target/debug/deps/pty_runtime-20d80777de727da5)

running 0 tests

test result: ok. 0 passed; 0 failed; 0 ignored; 0 measured; 0 filtered out; finished in 0.00s

     Running tests/ddd_spawn_failure.rs (target/debug/deps/ddd_spawn_failure-c2e0a813ed07ef3a)

running 1 test
test lookup_handle_obtained_during_failed_spawn_reaches_terminal_state ... ok

test result: ok. 1 passed; 0 failed; 0 ignored; 0 measured; 0 filtered out; finished in 0.00s

     Running tests/default_parking.rs (target/debug/deps/default_parking-75213344545b9666)

running 0 tests

test result: ok. 0 passed; 0 failed; 0 ignored; 0 measured; 0 filtered out; finished in 0.00s

     Running tests/event_stream_decode_contract.rs (target/debug/deps/event_stream_decode_contract-0baa71b36732d34f)

running 2 tests
test contradictory_ranges_and_incomplete_or_unknown_completion_fields_are_rejected ... ok
test every_truncation_trailing_byte_and_invalid_envelope_is_rejected ... ok

test result: ok. 2 passed; 0 failed; 0 ignored; 0 measured; 0 filtered out; finished in 0.03s

     Running tests/event_stream_failures.rs (target/debug/deps/event_stream_failures-782698d4b084b91d)

running 3 tests
test cancelled_sink_wait_retries_same_id_before_and_after_commit ... ok
test contradictory_store_cursor_cannot_acknowledge_a_different_completion_event ... ok
test exact_pending_identity_survives_rejection_uncertain_commit_and_invalid_receipts ... ok

test result: ok. 3 passed; 0 failed; 0 ignored; 0 measured; 0 filtered out; finished in 0.15s

     Running tests/event_stream_isolation.rs (target/debug/deps/event_stream_isolation-0730a4528c11bf50)

running 3 tests
test cancelling_before_source_read_keeps_cursor_and_observer_reusable ... ok
test panicking_publisher_waker_does_not_suppress_another_observer_or_pty_output ... ok
test cancelled_publication_drops_a_reentrant_source_waker_without_locking_the_session ... ok

test result: ok. 3 passed; 0 failed; 0 ignored; 0 measured; 0 filtered out; finished in 0.05s

     Running tests/event_stream_reconnect.rs (target/debug/deps/event_stream_reconnect-88fcccddaef1676e)

running 2 tests
test real_store_subscription_reconnect_and_interleaved_writer_keep_distinct_cursors ... ok
test actual_memory_store_full_and_stale_incarnation_preserve_pending_without_eviction ... ok

test result: ok. 2 passed; 0 failed; 0 ignored; 0 measured; 0 filtered out; finished in 0.03s

     Running tests/input_reservation.rs (target/debug/deps/input_reservation-a6ed4a8c73dd2897)

running 1 test
test global_bytes_and_slots_survive_abandoned_wait_and_release_on_adapter_completion ... ok

test result: ok. 1 passed; 0 failed; 0 ignored; 0 measured; 0 filtered out; finished in 0.00s

     Running tests/ordered_transfer_runtime.rs (target/debug/deps/ordered_transfer_runtime-43248d0d69c89ae2)

running 0 tests

test result: ok. 0 passed; 0 failed; 0 ignored; 0 measured; 0 filtered out; finished in 0.00s

     Running tests/process_handle_resources.rs (target/debug/deps/process_handle_resources-8697cd37d1df40c9)

running 1 test
test completed_old_handles_do_not_keep_process_wake_descriptors ... ok

test result: ok. 1 passed; 0 failed; 0 ignored; 0 measured; 0 filtered out; finished in 0.15s

     Running tests/projected_runtime.rs (target/debug/deps/projected_runtime-a3ac4585664b1287)

running 0 tests

test result: ok. 0 passed; 0 failed; 0 ignored; 0 measured; 0 filtered out; finished in 0.00s

     Running tests/projection_cleanup_outcome.rs (target/debug/deps/projection_cleanup_outcome-39993240c80022b4)

running 2 tests
test domain_session_validation_rejects_incompatible_projection_admission ... ok
test forget_preserves_delete_and_uncertain_commit_failures_including_repeated_calls ... ok

test result: ok. 2 passed; 0 failed; 0 ignored; 0 measured; 0 filtered out; finished in 0.01s

     Running tests/projection_correctness.rs (target/debug/deps/projection_correctness-aa42122196c573ce)

running 4 tests
test process_future_panic_does_not_strand_runtime_shutdown ... ok
test impossible_global_parser_budgets_reject_before_child_launch ... ok
test shutdown_closes_model_with_completed_request_wait_retained ... ok
test resize_panic_during_close_keeps_cleanup_scheduled ... ok

test result: ok. 4 passed; 0 failed; 0 ignored; 0 measured; 0 filtered out; finished in 0.01s

     Running tests/raw_adversarial.rs (target/debug/deps/raw_adversarial-f241741347bc0b2f)

running 1 test
test dropping_polled_pending_waits_releases_admission_and_preserves_cursor ... ok

test result: ok. 1 passed; 0 failed; 0 ignored; 0 measured; 0 filtered out; finished in 0.02s

     Running tests/raw_child_contract.rs (target/debug/deps/raw_child_contract-9a97af072621ad9e)

running 3 tests
test empty_environment_is_exact_at_uninstrumented_exec_boundary ... ok
test merged_stdout_stderr_preserves_binary_bytes_through_public_observer ... ok
test explicit_environment_literal_args_canonical_cwd_and_ordered_resize_reach_real_child ... ok

test result: ok. 3 passed; 0 failed; 0 ignored; 0 measured; 0 filtered out; finished in 0.05s

     Running tests/raw_completion.rs (target/debug/deps/raw_completion-4a37974ab39d5d21)

running 1 test
test signal_death_and_descendant_drain_never_become_fabricated_success ... ok

test result: ok. 1 passed; 0 failed; 0 ignored; 0 measured; 0 filtered out; finished in 0.10s

     Running tests/raw_registration.rs (target/debug/deps/raw_registration-637a927a03f0fde5)

running 1 test
test simultaneous_duplicate_calls_launch_once_even_after_completion_until_forgetting ... ok

test result: ok. 1 passed; 0 failed; 0 ignored; 0 measured; 0 filtered out; finished in 0.03s

     Running tests/raw_runtime.rs (target/debug/deps/raw_runtime-07b904908a54cf76)

running 4 tests
test detach_and_cancelled_observation_preserve_live_process_and_cursor ... FAILED
test synthetic_input_is_not_echoed_or_exposed_in_debug ... ok
test admission_bounds_and_owner_drop_preserve_explicit_completion ... ok
test raw_suffix_gap_completion_and_completed_id_are_stable ... ok

failures:

---- detach_and_cancelled_observation_preserve_live_process_and_cursor stdout ----

thread 'detach_and_cancelled_observation_preserve_live_process_and_cursor' (309329) panicked at tests/raw_runtime.rs:58:10:
called `Result::unwrap()` on an `Err` value: Process(Io)
note: run with `RUST_BACKTRACE=1` environment variable to display a backtrace


failures:
    detach_and_cancelled_observation_preserve_live_process_and_cursor

test result: FAILED. 3 passed; 1 failed; 0 ignored; 0 measured; 0 filtered out; finished in 0.06s

error: test failed, to rerun pass `--test raw_runtime`
Traceback (most recent call last):
  File "/home/user/Documents/pty-runtime-candidate6/scripts/gate.py", line 88, in <module>
    main()
  File "/home/user/Documents/pty-runtime-candidate6/scripts/gate.py", line 74, in main
    run('cargo', 'test', '--locked', '--no-default-features', '--features', 'event-stream')
  File "/home/user/Documents/pty-runtime-candidate6/scripts/gate.py", line 13, in run
    subprocess.run(args, cwd=ROOT, env=env, check=True)
  File "/usr/lib/python3.12/subprocess.py", line 571, in run
    raise CalledProcessError(retcode, process.args,
subprocess.CalledProcessError: Command '('cargo', 'test', '--locked', '--no-default-features', '--features', 'event-stream')' returned non-zero exit status 101.
