test_empty_lsof_failure_identifies_command_and_pids (test_load_diagnostics.LoadDiagnostics) ... ok
test_failed_census_retains_child_exit_and_queued_stderr (test_load_diagnostics.LoadDiagnostics) ... ok
test_failed_checkpoint_acknowledgement_does_not_escape_cleanup (test_load_diagnostics.LoadDiagnostics) ... ERROR
test_missing_ps_process_identifies_missing_pid (test_load_diagnostics.LoadDiagnostics) ... ok

======================================================================
ERROR: test_failed_checkpoint_acknowledgement_does_not_escape_cleanup (test_load_diagnostics.LoadDiagnostics)
----------------------------------------------------------------------
Traceback (most recent call last):
  File "/Users/nessa/Documents/NessaLabs/pty-runtime/scripts/release/load.py", line 89, in trial
    process.stdin.write('continue\n')
BrokenPipeError: [Errno 32] Broken pipe

During handling of the above exception, another exception occurred:

BrokenPipeError: [Errno 32] Broken pipe

During handling of the above exception, another exception occurred:

Traceback (most recent call last):
  File "/Users/nessa/Documents/NessaLabs/pty-runtime/scripts/tests/test_load_diagnostics.py", line 52, in test_failed_checkpoint_acknowledgement_does_not_escape_cleanup
    self.assertFalse(load.trial(binary, {'seconds': 1, 'warmup': 0, 'active': 0}, destination, True, 1, {}, 5))
  File "/Users/nessa/Documents/NessaLabs/pty-runtime/scripts/release/load.py", line 145, in trial
    process.stdin.close()
BrokenPipeError: [Errno 32] Broken pipe

----------------------------------------------------------------------
Ran 4 tests in 0.700s

FAILED (errors=1)
