test_degraded_samples_remain_visible_in_interval (test_load_census.CpuScope) ... ok
test_even_matching_snapshots_do_not_measure_between_sample_processes (test_load_census.CpuScope) ... ok
test_transient_processes_are_explicitly_unmeasured (test_load_census.CpuScope) ... ok
test_darwin_cpu_minutes_continue_past_one_hour (test_load_diagnostics.LoadDiagnostics) ... ok
test_empty_lsof_failure_identifies_command_and_pids (test_load_diagnostics.LoadDiagnostics) ... ok
test_failed_census_retains_child_exit_and_queued_stderr (test_load_diagnostics.LoadDiagnostics) ... ok
test_failed_checkpoint_acknowledgement_does_not_escape_cleanup (test_load_diagnostics.LoadDiagnostics) ... ok
test_missing_ps_process_identifies_missing_pid (test_load_diagnostics.LoadDiagnostics) ... ok
test_success_closes_owned_pipes_after_final_output_and_exit (test_load_diagnostics.LoadDiagnostics) ... ok
test_unavailable_idle_cpu_cannot_pass_target_but_is_not_correctness_failure (test_load_diagnostics.LoadDiagnostics) ... ok
test_vanished_lsof_process_uses_owner_fallback_with_evidence (test_load_diagnostics.LoadDiagnostics) ... ok
test_completed_trial_missed_latency_is_visible_in_rollup (test_load_targets.TargetRollups) ... ok
test_explicit_failure_preserves_missing_boundary_evidence (test_load_targets.TargetRollups) ... ok
test_idle_target_failure_and_smoke_duration_are_separate (test_load_targets.TargetRollups) ... ok
test_missing_failed_trial_measurements_are_not_a_pass (test_load_targets.TargetRollups) ... ok
test_present_unmeasured_targets_roll_up_as_unmeasured (test_load_targets.TargetRollups) ... ok
test_summary_keeps_correctness_pass_when_latency_target_fails (test_load_targets.TargetRollups) ... attached trial 1/1
ok
test_unavailable_measurement_is_distinct_from_observed_failure (test_load_targets.TargetRollups) ... ok

----------------------------------------------------------------------
Ran 18 tests in 1.010s

OK
