+ python3 -m unittest discover -s scripts/tests -v
test_actual_workspace_is_accepted (test_gate.ArchitectureGateTests) ... ok
test_correctly_named_dependency_pointing_elsewhere_is_rejected (test_gate.ArchitectureGateTests) ... ok
test_external_core_dependencies_in_all_declaration_kinds_are_rejected (test_gate.ArchitectureGateTests) ... ok
test_infrastructure_to_facade_reverse_edge_is_rejected (test_gate.ArchitectureGateTests) ... ok
test_missing_each_required_package_is_rejected (test_gate.ArchitectureGateTests) ... ok
test_registry_dependency_impersonating_domain_is_rejected (test_gate.ArchitectureGateTests) ... ok
test_relocated_package_is_rejected (test_gate.ArchitectureGateTests) ... ok
test_renamed_alias_does_not_hide_wrong_path (test_gate.ArchitectureGateTests) ... ok
test_renamed_core_package_is_rejected (test_gate.ArchitectureGateTests) ... ok
test_required_nonmember_is_rejected (test_gate.ArchitectureGateTests) ... ok
test_valid_domain_alias_remains_allowed (test_gate.ArchitectureGateTests) ... ok
test_degraded_samples_remain_visible_in_interval (test_load_census.CpuScope) ... ok
test_even_matching_snapshots_do_not_measure_between_sample_processes (test_load_census.CpuScope) ... ok
test_transient_processes_are_explicitly_unmeasured (test_load_census.CpuScope) ... ok
test_darwin_cpu_minutes_continue_past_one_hour (test_load_diagnostics.LoadDiagnostics) ... ok
test_empty_lsof_failure_identifies_command_and_pids (test_load_diagnostics.LoadDiagnostics) ... ok
test_failed_census_retains_child_exit_and_queued_stderr (test_load_diagnostics.LoadDiagnostics) ... ok
test_failed_checkpoint_acknowledgement_does_not_escape_cleanup (test_load_diagnostics.LoadDiagnostics) ... ok
test_missing_ps_process_identifies_missing_pid (test_load_diagnostics.LoadDiagnostics) ... ok
test_success_closes_owned_pipes_after_final_output_and_exit (test_load_diagnostics.LoadDiagnostics) ... ok
test_unavailable_idle_cpu_cannot_pass_target_but_is_not_correctness_failure (test_load_diagnostics.LoadDiagnostics) ... ok
test_vanished_lsof_process_uses_owner_fallback_with_evidence (test_load_diagnostics.LoadDiagnostics) ... ok
test_closed_census_still_rejects_descendants_and_zombies (test_load_final_census.FinalCensus) ... ok
test_closed_census_stops_periodic_sampling_before_normal_exit (test_load_final_census.FinalCensus) ... ok
test_closed_still_requires_complete_and_successful_exit (test_load_final_census.FinalCensus) ... ok
test_owner_disappearance_before_closed_remains_failure (test_load_final_census.FinalCensus) ... ok
test_completed_trial_missed_latency_is_visible_in_rollup (test_load_targets.TargetRollups) ... ok
test_explicit_failure_preserves_missing_boundary_evidence (test_load_targets.TargetRollups) ... ok
test_idle_target_failure_and_smoke_duration_are_separate (test_load_targets.TargetRollups) ... ok
test_missing_failed_trial_measurements_are_not_a_pass (test_load_targets.TargetRollups) ... ok
test_present_unmeasured_targets_roll_up_as_unmeasured (test_load_targets.TargetRollups) ... ok
test_summary_keeps_correctness_pass_when_latency_target_fails (test_load_targets.TargetRollups) ... attached trial 1/1
ok
test_unavailable_measurement_is_distinct_from_observed_failure (test_load_targets.TargetRollups) ... ok
test_archive_patch_and_unrelated_source_tampering_fail (test_native_source.SourceVerification) ... ok
test_cursor_only_patch_upgrades_to_complete_patch (test_native_source.SourceVerification) ... ok
test_growth_only_patch_upgrades_to_wide_cutoff_patch (test_native_source.SourceVerification) ... ok
test_library_must_match_patched_build_record (test_native_source.SourceVerification) ... ok
test_prepare_is_exact_and_idempotent (test_native_source.SourceVerification) ... ok
test_unexpected_second_result_does_not_publish_first_file (test_native_source.SourceVerification) ... ok
test_existing_evidence_is_never_overwritten (test_performance.PerformanceEvidence) ... ok
test_timeout_preserves_raw_and_metadata (test_performance.PerformanceEvidence) ... Evidence directory: /var/folders/1w/wp9n0wwd22qgrf0zkhb2fk6r0000gn/T/tmpri5s6ege/evidence
ok
test_oversized_native_rust_c_and_header_are_rejected (test_sizes.SizeGateTests) ... ok

----------------------------------------------------------------------
Ran 42 tests in 2.654s

OK
partial test output
+ cargo test --locked -p pty-runtime-domain --no-default-features
    Finished `test` profile [unoptimized + debuginfo] target(s) in 0.04s
     Running unittests src/lib.rs (target/debug/deps/pty_runtime_domain-53f1a539f3ca9b2a)

running 27 tests
test identity::tests::identity_equality_is_literal_and_lifetimes_include_both_parts ... ok
test process::tests::deadline_and_allocation_extremes_are_rejected ... ok
test projection::tests::close_rejects_late_commit_and_usable_completion_cannot_revive ... ok
test projection::tests::mutation_invalidates_parking_without_advancing_unprocessed_position ... ok
test process::tests::commands_are_literal_bounded_and_redacted ... ok
test projection::tests::invalid_policy_and_out_of_order_processed_controls_are_rejected ... ok
test projection::tests::failed_retries_are_bounded_until_real_mutation ... ok
test identity::tests::identity_enforces_byte_limit_and_control_policy ... ok
test process::tests::environment_keys_validate_and_overrides_remain_last ... ok
test identity::tests::accepted_identity_discards_excess_owned_capacity_and_redacts ... ok
test projection::tests::restoration_rejects_unadmitted_sources_and_preserves_failures ... ok
test projection::tests::skipped_history_progress_cannot_regress_into_complete_history ... ok
test projection::tests::successful_parking_does_not_consume_failed_retry_budget ... ok
test projection::transfer_tests::applied_controls_advance_sequence_without_advancing_original_bytes ... ok
test projection::transfer_tests::identity_future_and_evicted_ranges_have_distinct_failures ... ok
test projection::transfer_tests::terminal_prefix_is_immutable_and_domain_forbids_late_mutations ... ok
test projection::transfer_tests::unavailable_transfer_cannot_be_reopened_or_extended ... ok
test redaction_tests::opaque_checkpoints_hide_payload_and_adapter_metadata_in_debug ... ok
test redaction_tests::replay_and_cell_debug_redact_content_while_retaining_safe_position_and_style ... ok
test replay::tests::eviction_reports_gap_before_exact_suffix_and_reads_do_not_advance ... ok
test replay::tests::identities_and_future_positions_are_validated_even_when_empty ... ok
test replay::tests::offset_overflow_is_atomic_and_debug_redacts_content ... ok
test replay::tests::releasing_storage_preserves_exact_loss_and_continuation_positions ... ok
test replay::tests::zero_retention_and_global_eviction_keep_stream_position ... ok
test session::tests::admission_and_supervision_failure_require_drain_without_inventing_exit ... ok
test session::tests::repeated_completion_facts_are_idempotent_and_contradictions_preserve_first_facts ... ok
test replay::tests::chunking_matches_reference_suffix_across_capacities ... ok

test result: ok. 27 passed; 0 failed; 0 ignored; 0 measured; 0 filtered out; finished in 0.00s

     Running tests/replay_model.rs (target/debug/deps/replay_model-7d47b4b21cc3a474)

running 1 test
test seeded_interleavings_match_an_append_only_ledger ... ok

test result: ok. 1 passed; 0 failed; 0 ignored; 0 measured; 0 filtered out; finished in 0.10s

   Doc-tests pty_runtime_domain

running 0 tests

test result: ok. 0 passed; 0 failed; 0 ignored; 0 measured; 0 filtered out; finished in 0.00s

+ cargo test --locked -p pty-runtime-application --no-default-features
   Compiling pty-runtime-application v0.1.0 (/Users/nessa/Documents/NessaLabs/pty-runtime/crates/application)
    Finished `test` profile [unoptimized + debuginfo] target(s) in 1.30s
     Running unittests src/lib.rs (target/debug/deps/pty_runtime_application-fe125b4250f4aa0f)

running 67 tests
test diagnostics::reader::tests::live_reader_allocations_survive_reset_and_release_independently ... ok
test diagnostics::tests::untimed_replacement_adapter_reports_unavailable_without_false_success_or_failure ... ok
test projection::tests::cleanup::close_progresses_with_every_normal_request_slot_held ... ok
test projection::tests::cleanup::close_during_pending_commit_deletes_late_result_and_releases_services ... ok
test projection::tests::cleanup::failed_restore_retains_source_and_bounded_unprocessed_output_without_empty_model ... ok
test diagnostics::histogram::tests::boundary_rounding_overflow_and_failed_samples_remain_explicit ... ok
test projection::tests::acceptance::cancelled_parked_transfer_keeps_inflight_memory_charged_until_close_drains_read ... ok
test projection::tests::cleanup::authentication_failure_retains_only_source_and_close_releases_pool_handles ... ok
test diagnostics::reader::tests::allocation_guard_releases_on_error_and_unwind ... ok
test projection::tests::cleanup::failed_storage_has_finite_retries_and_retains_original_live_model ... ok
test projection::tests::cleanup::permanent_delete_failure_closes_truthfully_and_stays_charged_in_bounded_ledger ... ok
test projection::tests::cleanup::rejected_blocking_admission_schedules_bounded_retry_without_losing_model ... ok
test projection::tests::cleanup::scheduler_shutdown_fallback_finishes_late_commit_without_retaining_services ... ok
test projection::tests::close_race::completed_cleanup_before_close_wake_returns_success_and_releases_every_budget ... ok
test projection::tests::close_race::unfinished_close_with_missing_or_rejecting_scheduler_still_reports_worker ... ok
test projection::tests::admission_rollback::rejected_projection_admission_settles_published_waiter_and_releases_identity_and_model_slot ... ok
test projection::tests::close_race::completed_failed_cleanup_before_close_wake_preserves_storage_outcome ... ok
test projection::tests::control_capacity::resize_remains_ordered_and_bounded_when_shared_parser_slots_are_full ... ok
test projection::tests::control_capacity::resize_remains_ordered_and_bounded_when_local_parser_slots_are_full ... ok
test projection::tests::cleanup::uncertain_commits_stay_charged_and_report_failure_on_every_close ... ok
test projection::tests::io_faults::malformed_restore_read_fails_pending_view_but_retains_unprocessed_bytes ... ok
test projection::tests::io_faults::opened_checkpoint_contract_violation_is_invalid_configuration_and_releases_read_permits ... ok
test projection::tests::io_faults::rejected_transfer_read_releases_admission_and_can_be_retried ... ok
test projection::tests::io_faults::panicking_read_settles_transfer_as_worker_error_and_allows_a_fresh_read ... ok
test projection::tests::io_faults::transfer_read_rejects_short_ciphertext_without_restoring_or_losing_source ... ok
test projection::tests::io_pressure::rejected_garbage_delete_retains_the_same_source_and_live_output_keeps_progressing ... ok
test projection::tests::native_faults::resize_admission_and_completion_errors_preserve_model_and_allow_same_generation_retry ... ok
test projection::tests::io_pressure::restore_memory_or_resident_pressure_keeps_ordered_output_until_capacity_returns ... ok
test projection::tests::io_pressure::transfer_memory_pressure_releases_partial_admission_and_preserves_saved_source ... ok
test projection::tests::io_parking_faults::parking_rejects_wrong_descriptor_or_excess_capacity_before_protection ... ok
test projection::tests::ordered_review::cancelled_projection_wait_drops_reentrant_waker_outside_ticket_lock ... ok
test projection::tests::io_parking_faults::failed_or_malformed_protection_never_publishes_and_allows_a_valid_retry ... ok
test projection::tests::ordered_review::replacing_a_pending_waker_drops_its_observer_outside_the_journal_lock ... ok
test projection::tests::ordered_review::observation_requests_do_not_delay_the_final_applied_prefix ... ok
test projection::tests::ordered_review::failed_end_stays_immutable_when_an_inflight_native_feed_returns_success ... ok
test projection::tests::ordered_review::parked_snapshot_io_does_not_delay_an_existing_observers_end ... ok
test projection::tests::parking::idle_park_restore_orders_bytes_resize_history_and_single_authoritative_reply ... ok
test projection::tests::parking::output_during_commit_retains_model_and_cleanup_does_not_block_feed ... ok
test projection::tests::parking::parked_transfer_pin_uses_saved_source_without_native_restore ... ok
test projection::tests::parking::ready_view_captures_its_own_history_and_exact_order_boundary ... ok
test projection::tests::pressure::generated_reply_waits_for_single_writer_admission_without_refeeding_or_duplicate_send ... ok
test projection::tests::parking::output_during_encode_is_bounded_and_stale_commit_never_releases_live_model ... ok
test projection::tests::pressure::copied_views_retain_global_memory_admission_until_consumer_drop ... ok
test projection::tests::pressure::global_parser_capacity_released_by_another_session_wakes_waiter ... ok
test projection::tests::pressure::independent_parser_admission_is_all_or_none_and_early_capacity_notice_survives ... ok
test projection::tests::pressure::native_feed_panic_preserves_unprocessed_staging_and_rejects_projection_operations ... ok
test projection::tests::pressure::partial_generated_reply_fails_projection_and_is_never_resent ... ok
test projection::tests::pressure::resident_checkpoint_pin_reserves_plaintext_even_when_protection_bound_is_smaller ... ok
test projection::tests::ready::drain_end_waits_for_history_validation_and_retains_corrupt_source ... ok
test projection::tests::ready::ready_interleaves_live_bytes_and_controls_without_releasing_source_before_finish ... ok
test projection::tests::ready::skipped_history_is_visible_and_lifetime_count_survives_the_next_park ... ok
test projection::tests::shutdown::shutdown_with_lost_delete_completion_does_not_release_sole_source_charge ... ok
test projection::tests::shutdown::shutdown_with_lost_commit_completion_keeps_uncertain_disk_reservation ... ok
test projection::tests::shutdown::shutdown_without_scheduler_rejects_queued_views_and_controls_and_releases_staging ... ok
test projection::tests::transfer::cancelled_wait_removes_waker_and_final_observer_releases_retention ... ok
test projection::tests::shutdown::shutdown_with_lost_transfer_read_settles_caller_and_releases_observer ... ok
test projection::tests::shutdown::shutdown_with_lost_restore_completion_releases_live_memory_but_keeps_source ... ok
test projection::tests::transfer::drain_is_sealed_but_end_waits_for_parser_and_failure_ends_only_the_valid_prefix ... ok
test projection::tests::transfer::foreign_future_and_evicted_cursors_are_distinct_and_readers_are_independent ... ok
test projection::tests::transfer::observer_admission_cancel_and_snapshot_pins_release_independently ... ok
test projection::tests::transfer::no_observers_allocate_no_continuation_storage_and_new_transfer_skips_no_applied_state ... ok
test projection::tests::transfer::parked_transfer_precedes_staged_mutation_and_rejected_io_releases_observer_permit ... ok
test projection::tests::transfer::snapshot_boundary_and_independent_byte_control_order_are_exact ... ok
test projection::tests::transfer::retained_payload_and_control_slots_force_explicit_holes_until_consumers_drop ... ok
test runtime::context_tests::supervision_callbacks_count_reports_and_require_drain_without_fabricating_exit ... ok
test runtime::context_tests::poisoned_context_drop_releases_owned_quotas_and_diagnostic_gauges ... ok
test runtime::context_tests::contradictory_callbacks_preserve_actual_facts_and_record_independent_failure ... ok

test result: ok. 67 passed; 0 failed; 0 ignored; 0 measured; 0 filtered out; finished in 0.00s

   Doc-tests pty_runtime_application

running 0 tests

test result: ok. 0 passed; 0 failed; 0 ignored; 0 measured; 0 filtered out; finished in 0.00s

+ cargo fmt --all --check
+ cargo fmt --manifest-path helpers/guardian/Cargo.toml --check
+ cargo clippy --manifest-path helpers/guardian/Cargo.toml --locked --all-targets -- -D warnings
    Finished `dev` profile [unoptimized + debuginfo] target(s) in 0.04s
+ cargo test --manifest-path helpers/guardian/Cargo.toml --locked
    Finished `test` profile [unoptimized + debuginfo] target(s) in 0.03s
     Running unittests src/main.rs (helpers/guardian/target/debug/deps/pty_runtime_guardian-2601b25f566097a9)

running 5 tests
test protocol::tests::status_backpressure_has_a_fixed_record_bound ... ok
test protocol::tests::peer_close_after_final_record_preserves_eof_with_unread_control ... ok
test protocol::tests::fragments_reassemble_without_interpreting_partial_records ... ok
test protocol::tests::peer_reset_cannot_turn_a_partial_final_record_into_clean_eof ... ok
test protocol::tests::stale_generation_and_partial_eof_are_rejected ... ok

test result: ok. 5 passed; 0 failed; 0 ignored; 0 measured; 0 filtered out; finished in 0.00s

+ python3 scripts/native/bootstrap.py
+ python3 scripts/native/tests/run_allocator_contract.py
['/usr/bin/clang', '-std=c11', '-O1', '-g', '-Wall', '-Wextra', '-Werror', '-I', '/Users/nessa/Documents/NessaLabs/pty-runtime/work/experiment-cache/ghostty-82232ecde55405559dec29c5466cb9e39938cb41/include', '/Users/nessa/Documents/NessaLabs/pty-runtime/scripts/native/tests/allocator-contract.c', '/Users/nessa/Documents/NessaLabs/pty-runtime/scripts/native/owner.c', '/Users/nessa/Documents/NessaLabs/pty-runtime/work/experiment-cache/ghostty-82232ecde55405559dec29c5466cb9e39938cb41/zig-out/lib/libghostty-vt.a', '-o', '/var/folders/1w/wp9n0wwd22qgrf0zkhb2fk6r0000gn/T/pty-allocator-contract-jqme4qd5/allocator-contract']
allocator log2 alignments 0..6 and 12 aligned/accounted/freed; resize/remap refuse without changing bytes/accounting; invalid exponent, byte cap, and alignment cap denied
+ python3 scripts/native/tests/run_boundary_contract.py
C boundary fault contracts passed (synthetic failures; real handle ownership).
+ cargo clippy --locked --workspace --all-targets --all-features -- -D warnings
    Checking pty-runtime-application v0.1.0 (/Users/nessa/Documents/NessaLabs/pty-runtime/crates/application)
    Checking pty-runtime-infrastructure v0.1.0 (/Users/nessa/Documents/NessaLabs/pty-runtime/crates/infrastructure)
    Checking pty-runtime v0.1.0 (/Users/nessa/Documents/NessaLabs/pty-runtime)
    Finished `dev` profile [unoptimized + debuginfo] target(s) in 6.04s
+ cargo test --locked --workspace --all-targets --all-features
   Compiling pty-runtime-infrastructure v0.1.0 (/Users/nessa/Documents/NessaLabs/pty-runtime/crates/infrastructure)
   Compiling pty-runtime v0.1.0 (/Users/nessa/Documents/NessaLabs/pty-runtime)
    Finished `test` profile [unoptimized + debuginfo] target(s) in 6.67s
     Running unittests src/lib.rs (target/debug/deps/pty_runtime-71b824c458b61ae1)

running 0 tests

test result: ok. 0 passed; 0 failed; 0 ignored; 0 measured; 0 filtered out; finished in 0.00s

     Running unittests tests/fixtures/pty_fixture.rs (target/debug/deps/pty_runtime_fixture-cb7e67f08a495896)

running 0 tests

test result: ok. 0 passed; 0 failed; 0 ignored; 0 measured; 0 filtered out; finished in 0.00s

     Running tests/ddd_spawn_failure.rs (target/debug/deps/ddd_spawn_failure-78b9c5f6c747fef3)

running 1 test
test lookup_handle_obtained_during_failed_spawn_reaches_terminal_state ... ok

test result: ok. 1 passed; 0 failed; 0 ignored; 0 measured; 0 filtered out; finished in 0.00s

     Running tests/default_parking.rs (target/debug/deps/default_parking-924be8bf4cf7a62f)

running 1 test
test default_policy_parks_at_sixty_seconds_and_keeps_process_alive ... ignored, explicit real-clock sixty-second parking qualification

test result: ok. 0 passed; 0 failed; 1 ignored; 0 measured; 0 filtered out; finished in 0.00s

     Running tests/event_stream_decode_contract.rs (target/debug/deps/event_stream_decode_contract-055dd4b5bb5c83ef)

running 2 tests
test contradictory_ranges_and_incomplete_or_unknown_completion_fields_are_rejected ... ok
test every_truncation_trailing_byte_and_invalid_envelope_is_rejected ... ok

test result: ok. 2 passed; 0 failed; 0 ignored; 0 measured; 0 filtered out; finished in 0.58s

     Running tests/event_stream_failures.rs (target/debug/deps/event_stream_failures-fd23b72202784e72)

running 3 tests
test contradictory_store_cursor_cannot_acknowledge_a_different_completion_event ... ok
test cancelled_sink_wait_retries_same_id_before_and_after_commit ... ok
test exact_pending_identity_survives_rejection_uncertain_commit_and_invalid_receipts ... ok

test result: ok. 3 passed; 0 failed; 0 ignored; 0 measured; 0 filtered out; finished in 1.12s

     Running tests/event_stream_isolation.rs (target/debug/deps/event_stream_isolation-1654e659a81473a1)

running 4 tests
test cancelling_before_source_read_keeps_cursor_and_observer_reusable ... ok
test cancelled_publication_drops_a_reentrant_source_waker_without_locking_the_session ... ok
test panicking_publisher_waker_does_not_suppress_another_observer_or_pty_output ... ok
test stalled_sink_does_not_block_parser_input_resize_or_cancel_and_later_reports_gap ... ok

test result: ok. 4 passed; 0 failed; 0 ignored; 0 measured; 0 filtered out; finished in 0.47s

     Running tests/event_stream_reconnect.rs (target/debug/deps/event_stream_reconnect-38386c1b64c4d3be)

running 2 tests
test real_store_subscription_reconnect_and_interleaved_writer_keep_distinct_cursors ... ok
test actual_memory_store_full_and_stale_incarnation_preserve_pending_without_eviction ... ok

test result: ok. 2 passed; 0 failed; 0 ignored; 0 measured; 0 filtered out; finished in 0.24s

     Running tests/input_reservation.rs (target/debug/deps/input_reservation-e1956d0e632f0a20)

running 1 test
test global_bytes_and_slots_survive_abandoned_wait_and_release_on_adapter_completion ... ok

test result: ok. 1 passed; 0 failed; 0 ignored; 0 measured; 0 filtered out; finished in 0.00s

     Running tests/ordered_transfer_runtime.rs (target/debug/deps/ordered_transfer_runtime-e87419002179dfd7)

running 1 test
test two_parked_snapshot_consumers_replay_original_bytes_and_resizes_to_identical_final_models ... ok

test result: ok. 1 passed; 0 failed; 0 ignored; 0 measured; 0 filtered out; finished in 0.25s

     Running tests/process_handle_resources.rs (target/debug/deps/process_handle_resources-74389a738cb1fb1a)

running 1 test
test completed_old_handles_do_not_keep_process_wake_descriptors ... ok

test result: ok. 1 passed; 0 failed; 0 ignored; 0 measured; 0 filtered out; finished in 0.21s

     Running tests/projected_runtime.rs (target/debug/deps/projected_runtime-b196c639914d7c70)

running 2 tests
test real_query_reply_is_sent_once_with_multiple_observers ... ok
test detached_real_model_parks_transfers_restores_and_resizes_without_losing_bytes ... ok

test result: ok. 2 passed; 0 failed; 0 ignored; 0 measured; 0 filtered out; finished in 0.27s

     Running tests/projection_cleanup_outcome.rs (target/debug/deps/projection_cleanup_outcome-a40bb603fb04a18b)

running 2 tests
test domain_session_validation_rejects_incompatible_projection_admission ... ok
test forget_preserves_delete_and_uncertain_commit_failures_including_repeated_calls ... ok

test result: ok. 2 passed; 0 failed; 0 ignored; 0 measured; 0 filtered out; finished in 0.01s

     Running tests/projection_correctness.rs (target/debug/deps/projection_correctness-5c7e08b4f5496128)

running 4 tests
test impossible_global_parser_budgets_reject_before_child_launch ... ok
test process_future_panic_does_not_strand_runtime_shutdown ... ok
test shutdown_closes_model_with_completed_request_wait_retained ... ok
test resize_panic_during_close_keeps_cleanup_scheduled ... ok

test result: ok. 4 passed; 0 failed; 0 ignored; 0 measured; 0 filtered out; finished in 0.00s

     Running tests/raw_adversarial.rs (target/debug/deps/raw_adversarial-e4059fa23699f828)

running 1 test
test dropping_polled_pending_waits_releases_admission_and_preserves_cursor ... ok

test result: ok. 1 passed; 0 failed; 0 ignored; 0 measured; 0 filtered out; finished in 0.14s

     Running tests/raw_child_contract.rs (target/debug/deps/raw_child_contract-344ae7db1dedc6b0)

running 3 tests
test merged_stdout_stderr_preserves_binary_bytes_through_public_observer ... ok
test explicit_environment_literal_args_canonical_cwd_and_ordered_resize_reach_real_child ... ok
test empty_environment_is_exact_at_uninstrumented_exec_boundary ... ok

test result: ok. 3 passed; 0 failed; 0 ignored; 0 measured; 0 filtered out; finished in 0.34s

     Running tests/raw_completion.rs (target/debug/deps/raw_completion-294665bfddc82404)

running 1 test
test signal_death_and_descendant_drain_never_become_fabricated_success ... ok

test result: ok. 1 passed; 0 failed; 0 ignored; 0 measured; 0 filtered out; finished in 0.19s

     Running tests/raw_registration.rs (target/debug/deps/raw_registration-f845d2979599de12)

running 1 test
test simultaneous_duplicate_calls_launch_once_even_after_completion_until_forgetting ... ok

test result: ok. 1 passed; 0 failed; 0 ignored; 0 measured; 0 filtered out; finished in 0.15s

     Running tests/raw_runtime.rs (target/debug/deps/raw_runtime-ef400f9b3fd57bb4)

running 4 tests
test raw_suffix_gap_completion_and_completed_id_are_stable ... ok
test detach_and_cancelled_observation_preserve_live_process_and_cursor ... ok
test admission_bounds_and_owner_drop_preserve_explicit_completion ... ok
test synthetic_input_is_not_echoed_or_exposed_in_debug ... ok

test result: ok. 4 passed; 0 failed; 0 ignored; 0 measured; 0 filtered out; finished in 0.46s

     Running tests/ready_projection.rs (target/debug/deps/ready_projection-de602db47a52c03f)

running 1 test
test ready_applies_exact_64_byte_suffix_before_history_and_retains_encrypted_source ... ok

test result: ok. 1 passed; 0 failed; 0 ignored; 0 measured; 0 filtered out; finished in 0.24s

     Running tests/runtime_diagnostics.rs (target/debug/deps/runtime_diagnostics-912bb9b484642939)

running 4 tests
test aggregate_gauges_follow_completed_handles_and_exact_replay_gaps ... ok
test raw_measurements_count_admission_actual_io_and_rejected_input_separately ... ok
test projected_samples_finish_after_native_feed_and_ordered_resize ... ok
test cancellation_dispatch_requires_acknowledged_workload_and_verified_groups ... ok

test result: ok. 4 passed; 0 failed; 0 ignored; 0 measured; 0 filtered out; finished in 0.59s

     Running tests/runtime_performance.rs (target/debug/deps/runtime_performance-847b15cb8d713077)

running 1 test
test projected_real_pty_producers ... ignored, scoped release performance measurement: scripts/performance.py

test result: ok. 0 passed; 0 failed; 1 ignored; 0 measured; 0 filtered out; finished in 0.00s

     Running unittests examples/event_stream_reconnect.rs (target/debug/examples/event_stream_reconnect-e19d13fe29200142)

running 0 tests

test result: ok. 0 passed; 0 failed; 0 ignored; 0 measured; 0 filtered out; finished in 0.00s

     Running unittests examples/guardian_owner_death.rs (target/debug/examples/guardian_owner_death-8b80ed02627b7f5a)

running 0 tests

test result: ok. 0 passed; 0 failed; 0 ignored; 0 measured; 0 filtered out; finished in 0.00s

     Running unittests examples/interactive.rs (target/debug/examples/interactive-95a80fb7433389d3)

running 0 tests

test result: ok. 0 passed; 0 failed; 0 ignored; 0 measured; 0 filtered out; finished in 0.00s

     Running unittests examples/release_load.rs (target/debug/examples/release_load-ffd80a1d4a994bb2)

running 10 tests
test release_load_support::config::tests::parser_slot_override_retains_default_and_requested_finite_budget ... ok
test release_load_support::config::tests::saturation_is_explicit_and_output_budget_is_finite ... ok
test release_load_support::phase::tests::actual_window_includes_producer_start_skew ... ok
test release_load_support::config::tests::parser_slot_override_rejects_unbounded_configuration ... ok
test release_load_support::resize::tests::completed_os_and_model_outcomes_keep_the_existing_caller_policy ... ok
test release_load_support::resize::tests::equal_capacity_errors_keep_admission_and_completion_distinct ... ok
test release_load_support::resize::tests::pending_operation_times_out_without_reclassifying_the_error ... ok
test release_load_support::population::tests::readiness_waits_for_delayed_frame_on_inherited_nonblocking_socket ... ok
test release_load_support::producer::tests::zero_rate_idle_is_distinct_from_unpaced_and_cap_is_explicit ... ok
test release_load_support::producer::tests::stalled_output_has_bounded_deadline_and_exact_partial_ledger ... ok

test result: ok. 10 passed; 0 failed; 0 ignored; 0 measured; 0 filtered out; finished in 0.05s

     Running unittests examples/release_stress.rs (target/debug/examples/release_stress-833e9e828aa6f0a8)

running 0 tests

test result: ok. 0 passed; 0 failed; 0 ignored; 0 measured; 0 filtered out; finished in 0.00s

     Running unittests src/lib.rs (target/debug/deps/pty_runtime_application-fe125b4250f4aa0f)

running 67 tests
test diagnostics::histogram::tests::boundary_rounding_overflow_and_failed_samples_remain_explicit ... ok
test diagnostics::reader::tests::live_reader_allocations_survive_reset_and_release_independently ... ok
test diagnostics::tests::untimed_replacement_adapter_reports_unavailable_without_false_success_or_failure ... ok
test projection::tests::cleanup::close_progresses_with_every_normal_request_slot_held ... ok
test projection::tests::cleanup::failed_storage_has_finite_retries_and_retains_original_live_model ... ok
test projection::tests::cleanup::failed_restore_retains_source_and_bounded_unprocessed_output_without_empty_model ... ok
test projection::tests::cleanup::authentication_failure_retains_only_source_and_close_releases_pool_handles ... ok
test projection::tests::cleanup::close_during_pending_commit_deletes_late_result_and_releases_services ... ok
test projection::tests::cleanup::rejected_blocking_admission_schedules_bounded_retry_without_losing_model ... ok
test projection::tests::admission_rollback::rejected_projection_admission_settles_published_waiter_and_releases_identity_and_model_slot ... ok
test projection::tests::acceptance::cancelled_parked_transfer_keeps_inflight_memory_charged_until_close_drains_read ... ok
test projection::tests::cleanup::permanent_delete_failure_closes_truthfully_and_stays_charged_in_bounded_ledger ... ok
test projection::tests::cleanup::scheduler_shutdown_fallback_finishes_late_commit_without_retaining_services ... ok
test diagnostics::reader::tests::allocation_guard_releases_on_error_and_unwind ... ok
test projection::tests::close_race::completed_cleanup_before_close_wake_returns_success_and_releases_every_budget ... ok
test projection::tests::close_race::completed_failed_cleanup_before_close_wake_preserves_storage_outcome ... ok
test projection::tests::close_race::unfinished_close_with_missing_or_rejecting_scheduler_still_reports_worker ... ok
test projection::tests::control_capacity::resize_remains_ordered_and_bounded_when_local_parser_slots_are_full ... ok
test projection::tests::control_capacity::resize_remains_ordered_and_bounded_when_shared_parser_slots_are_full ... ok
test projection::tests::io_faults::malformed_restore_read_fails_pending_view_but_retains_unprocessed_bytes ... ok
test projection::tests::cleanup::uncertain_commits_stay_charged_and_report_failure_on_every_close ... ok
test projection::tests::io_faults::opened_checkpoint_contract_violation_is_invalid_configuration_and_releases_read_permits ... ok
test projection::tests::io_faults::panicking_read_settles_transfer_as_worker_error_and_allows_a_fresh_read ... ok
test projection::tests::io_faults::rejected_transfer_read_releases_admission_and_can_be_retried ... ok
test projection::tests::io_faults::transfer_read_rejects_short_ciphertext_without_restoring_or_losing_source ... ok
test projection::tests::io_pressure::rejected_garbage_delete_retains_the_same_source_and_live_output_keeps_progressing ... ok
test projection::tests::io_pressure::transfer_memory_pressure_releases_partial_admission_and_preserves_saved_source ... ok
test projection::tests::io_parking_faults::parking_rejects_wrong_descriptor_or_excess_capacity_before_protection ... ok
test projection::tests::ordered_review::cancelled_projection_wait_drops_reentrant_waker_outside_ticket_lock ... ok
test projection::tests::native_faults::resize_admission_and_completion_errors_preserve_model_and_allow_same_generation_retry ... ok
test projection::tests::ordered_review::parked_snapshot_io_does_not_delay_an_existing_observers_end ... ok
test projection::tests::io_pressure::restore_memory_or_resident_pressure_keeps_ordered_output_until_capacity_returns ... ok
test projection::tests::ordered_review::observation_requests_do_not_delay_the_final_applied_prefix ... ok
test projection::tests::ordered_review::replacing_a_pending_waker_drops_its_observer_outside_the_journal_lock ... ok
test projection::tests::ordered_review::failed_end_stays_immutable_when_an_inflight_native_feed_returns_success ... ok
test projection::tests::parking::output_during_commit_retains_model_and_cleanup_does_not_block_feed ... ok
test projection::tests::parking::idle_park_restore_orders_bytes_resize_history_and_single_authoritative_reply ... ok
test projection::tests::parking::parked_transfer_pin_uses_saved_source_without_native_restore ... ok
test projection::tests::parking::output_during_encode_is_bounded_and_stale_commit_never_releases_live_model ... ok
test projection::tests::pressure::copied_views_retain_global_memory_admission_until_consumer_drop ... ok
test projection::tests::parking::ready_view_captures_its_own_history_and_exact_order_boundary ... ok
test projection::tests::pressure::generated_reply_waits_for_single_writer_admission_without_refeeding_or_duplicate_send ... ok
test projection::tests::io_parking_faults::failed_or_malformed_protection_never_publishes_and_allows_a_valid_retry ... ok
test projection::tests::pressure::global_parser_capacity_released_by_another_session_wakes_waiter ... ok
test projection::tests::pressure::independent_parser_admission_is_all_or_none_and_early_capacity_notice_survives ... ok
test projection::tests::pressure::partial_generated_reply_fails_projection_and_is_never_resent ... ok
test projection::tests::pressure::resident_checkpoint_pin_reserves_plaintext_even_when_protection_bound_is_smaller ... ok
test projection::tests::ready::drain_end_waits_for_history_validation_and_retains_corrupt_source ... ok
test projection::tests::ready::ready_interleaves_live_bytes_and_controls_without_releasing_source_before_finish ... ok
test projection::tests::shutdown::shutdown_with_lost_commit_completion_keeps_uncertain_disk_reservation ... ok
test projection::tests::shutdown::shutdown_with_lost_delete_completion_does_not_release_sole_source_charge ... ok
test projection::tests::pressure::native_feed_panic_preserves_unprocessed_staging_and_rejects_projection_operations ... ok
test projection::tests::ready::skipped_history_is_visible_and_lifetime_count_survives_the_next_park ... ok
test projection::tests::shutdown::shutdown_with_lost_restore_completion_releases_live_memory_but_keeps_source ... ok
test projection::tests::shutdown::shutdown_without_scheduler_rejects_queued_views_and_controls_and_releases_staging ... ok
test projection::tests::shutdown::shutdown_with_lost_transfer_read_settles_caller_and_releases_observer ... ok
test projection::tests::transfer::cancelled_wait_removes_waker_and_final_observer_releases_retention ... ok
test projection::tests::transfer::drain_is_sealed_but_end_waits_for_parser_and_failure_ends_only_the_valid_prefix ... ok
test projection::tests::transfer::no_observers_allocate_no_continuation_storage_and_new_transfer_skips_no_applied_state ... ok
test projection::tests::transfer::foreign_future_and_evicted_cursors_are_distinct_and_readers_are_independent ... ok
test projection::tests::transfer::observer_admission_cancel_and_snapshot_pins_release_independently ... ok
test projection::tests::transfer::retained_payload_and_control_slots_force_explicit_holes_until_consumers_drop ... ok
test projection::tests::transfer::parked_transfer_precedes_staged_mutation_and_rejected_io_releases_observer_permit ... ok
test projection::tests::transfer::snapshot_boundary_and_independent_byte_control_order_are_exact ... ok
test runtime::context_tests::supervision_callbacks_count_reports_and_require_drain_without_fabricating_exit ... ok
test runtime::context_tests::contradictory_callbacks_preserve_actual_facts_and_record_independent_failure ... ok
test runtime::context_tests::poisoned_context_drop_releases_owned_quotas_and_diagnostic_gauges ... ok

test result: ok. 67 passed; 0 failed; 0 ignored; 0 measured; 0 filtered out; finished in 0.01s

     Running unittests src/lib.rs (target/debug/deps/pty_runtime_domain-53f1a539f3ca9b2a)

running 27 tests
test process::tests::deadline_and_allocation_extremes_are_rejected ... ok
test projection::tests::invalid_policy_and_out_of_order_processed_controls_are_rejected ... ok
test projection::tests::mutation_invalidates_parking_without_advancing_unprocessed_position ... ok
test projection::tests::close_rejects_late_commit_and_usable_completion_cannot_revive ... ok
test identity::tests::identity_equality_is_literal_and_lifetimes_include_both_parts ... ok
test projection::tests::failed_retries_are_bounded_until_real_mutation ... ok
test identity::tests::accepted_identity_discards_excess_owned_capacity_and_redacts ... ok
test identity::tests::identity_enforces_byte_limit_and_control_policy ... ok
test process::tests::commands_are_literal_bounded_and_redacted ... ok
test process::tests::environment_keys_validate_and_overrides_remain_last ... ok
test projection::tests::restoration_rejects_unadmitted_sources_and_preserves_failures ... ok
test projection::tests::skipped_history_progress_cannot_regress_into_complete_history ... ok
test projection::tests::successful_parking_does_not_consume_failed_retry_budget ... ok
test projection::transfer_tests::applied_controls_advance_sequence_without_advancing_original_bytes ... ok
test projection::transfer_tests::identity_future_and_evicted_ranges_have_distinct_failures ... ok
test projection::transfer_tests::terminal_prefix_is_immutable_and_domain_forbids_late_mutations ... ok
test projection::transfer_tests::unavailable_transfer_cannot_be_reopened_or_extended ... ok
test redaction_tests::opaque_checkpoints_hide_payload_and_adapter_metadata_in_debug ... ok
test replay::tests::eviction_reports_gap_before_exact_suffix_and_reads_do_not_advance ... ok
test redaction_tests::replay_and_cell_debug_redact_content_while_retaining_safe_position_and_style ... ok
test replay::tests::identities_and_future_positions_are_validated_even_when_empty ... ok
test replay::tests::offset_overflow_is_atomic_and_debug_redacts_content ... ok
test replay::tests::releasing_storage_preserves_exact_loss_and_continuation_positions ... ok
test replay::tests::zero_retention_and_global_eviction_keep_stream_position ... ok
test session::tests::admission_and_supervision_failure_require_drain_without_inventing_exit ... ok
test session::tests::repeated_completion_facts_are_idempotent_and_contradictions_preserve_first_facts ... ok
test replay::tests::chunking_matches_reference_suffix_across_capacities ... ok

test result: ok. 27 passed; 0 failed; 0 ignored; 0 measured; 0 filtered out; finished in 0.01s

     Running tests/replay_model.rs (target/debug/deps/replay_model-7d47b4b21cc3a474)

running 1 test
test seeded_interleavings_match_an_append_only_ledger ... ok

test result: ok. 1 passed; 0 failed; 0 ignored; 0 measured; 0 filtered out; finished in 0.10s

     Running unittests src/lib.rs (target/debug/deps/pty_runtime_infrastructure-724137e3fdbfca24)

running 21 tests
test event_stream::tests::gap_and_range_boundaries_are_checked_in_both_directions ... ok
test event_stream::tests::completion_preserves_actual_exit_and_all_portable_failure_categories ... ok
test event_stream::tests::maximum_binary_page_roundtrips_without_payload_diagnostics_and_rejects_corruption ... ok
test process::image_materialize::tests::materializer_missing_parent_preserves_mask_and_returns_not_found ... ok
test process::protocol::tests::fragments_reassemble_without_interpreting_partial_records ... ok
test process::image_materialize::tests::materializer_existing_destination_preserves_bytes_and_mask ... ok
test process::protocol::tests::peer_close_after_final_record_preserves_eof_with_unread_control ... ok
test checkpoint::file::tests::concurrent_commit_reservation_cannot_exceed_quota ... ok
test process::protocol::tests::peer_reset_cannot_turn_a_partial_final_record_into_clean_eof ... ok
test process::protocol::tests::stale_generation_and_partial_eof_are_rejected ... ok
test process::protocol::tests::status_backpressure_has_a_fixed_record_bound ... ok
test checkpoint::file::tests::renamed_namespace_drop_does_not_remove_unrelated_replacement ... ok
test scheduling::pool::tests::shutdown_joins_all_workers_and_releases_worker_state ... ok
test checkpoint::file::tests::failed_orphan_cleanup_retains_a_distinct_quota_charge ... ok
test scheduling::blocking::tests::shutdown_joins_all_workers_and_releases_worker_state ... ok
test process::image_materialize::tests::materializer_preserves_bytes_permissions_and_caller_mask ... ok
test checkpoint::file::tests::partial_failed_writes_full_disk_and_zero_writes_clean_temporary_state ... ok
test event_stream::tests::independently_constructed_completion_wire_rejects_malformed_fields_and_truncation ... ok
test process::image::fork_tests::constructor_image_executes_while_unrelated_child_is_between_fork_and_exec ... FAILED
test process::spawn_barrier_tests::blocked_and_failed_spawn_does_not_delay_existing_controls_or_reaping ... ok
test process::spawn_barrier_tests::immediate_shutdown_reaps_existing_child_before_stalled_launch_finishes ... ok

failures:

---- process::image::fork_tests::constructor_image_executes_while_unrelated_child_is_between_fork_and_exec stdout ----

thread 'process::image::fork_tests::constructor_image_executes_while_unrelated_child_is_between_fork_and_exec' (18090023) panicked at crates/infrastructure/src/process/../../tests/fixtures/process_image_fork.rs:156:22:
blocker release/reap: Os { code: 2, kind: NotFound, message: "No such file or directory" }
note: run with `RUST_BACKTRACE=1` environment variable to display a backtrace


failures:
    process::image::fork_tests::constructor_image_executes_while_unrelated_child_is_between_fork_and_exec

test result: FAILED. 20 passed; 1 failed; 0 ignored; 0 measured; 0 filtered out; finished in 0.37s

error: test failed, to rerun pass `-p pty-runtime-infrastructure --lib`
Traceback (most recent call last):
  File "/Users/nessa/Documents/NessaLabs/pty-runtime/scripts/gate.py", line 88, in <module>
    main()
  File "/Users/nessa/Documents/NessaLabs/pty-runtime/scripts/gate.py", line 72, in main
    run('cargo', 'test', '--locked', '--workspace', '--all-targets', '--all-features')
  File "/Users/nessa/Documents/NessaLabs/pty-runtime/scripts/gate.py", line 13, in run
    subprocess.run(args, cwd=ROOT, env=env, check=True)
  File "/Library/Developer/CommandLineTools/Library/Frameworks/Python3.framework/Versions/3.9/lib/python3.9/subprocess.py", line 528, in run
    raise CalledProcessError(retcode, process.args,
subprocess.CalledProcessError: Command '('cargo', 'test', '--locked', '--workspace', '--all-targets', '--all-features')' returned non-zero exit status 101.
