   Compiling libc v0.2.189
   Compiling version_check v0.9.5
   Compiling typenum v1.20.1
   Compiling cfg-if v1.0.4
   Compiling zeroize v1.9.0
   Compiling subtle v2.6.1
   Compiling pty-runtime-domain v0.1.0 (/Users/nessa/Documents/NessaLabs/pty-runtime/crates/domain)
   Compiling opaque-debug v0.3.1
   Compiling futures-core v0.3.34
   Compiling pty-runtime-infrastructure v0.1.0 (/Users/nessa/Documents/NessaLabs/pty-runtime/crates/infrastructure)
   Compiling futures-channel v0.3.34
   Compiling generic-array v0.14.7
   Compiling pty-runtime-application v0.1.0 (/Users/nessa/Documents/NessaLabs/pty-runtime/crates/application)
   Compiling getrandom v0.2.16
   Compiling rand_core v0.6.4
   Compiling crypto-common v0.1.7
   Compiling inout v0.1.4
   Compiling universal-hash v0.5.1
   Compiling cipher v0.4.4
   Compiling aead v0.5.2
   Compiling poly1305 v0.8.0
   Compiling chacha20 v0.9.1
   Compiling chacha20poly1305 v0.10.1
   Compiling pty-runtime v0.1.0 (/Users/nessa/Documents/NessaLabs/pty-runtime)
    Finished `test` profile [unoptimized + debuginfo] target(s) in 3.90s
     Running unittests src/lib.rs (target/msrv-loop2/debug/deps/pty_runtime-df56937bd201bb24)

running 0 tests

test result: ok. 0 passed; 0 failed; 0 ignored; 0 measured; 0 filtered out; finished in 0.00s

     Running unittests tests/fixtures/pty_fixture.rs (target/msrv-loop2/debug/deps/pty_runtime_fixture-49369a3bff815e64)

running 0 tests

test result: ok. 0 passed; 0 failed; 0 ignored; 0 measured; 0 filtered out; finished in 0.00s

     Running tests/ddd_spawn_failure.rs (target/msrv-loop2/debug/deps/ddd_spawn_failure-4595b252d457bd8e)

running 1 test
test lookup_handle_obtained_during_failed_spawn_reaches_terminal_state ... ok

test result: ok. 1 passed; 0 failed; 0 ignored; 0 measured; 0 filtered out; finished in 0.00s

     Running tests/input_reservation.rs (target/msrv-loop2/debug/deps/input_reservation-156effa377c8afa3)

running 1 test
test global_bytes_and_slots_survive_abandoned_wait_and_release_on_adapter_completion ... ok

test result: ok. 1 passed; 0 failed; 0 ignored; 0 measured; 0 filtered out; finished in 0.00s

     Running tests/raw_adversarial.rs (target/msrv-loop2/debug/deps/raw_adversarial-de1d2b9c2fd40dda)

running 1 test
test dropping_polled_pending_waits_releases_admission_and_preserves_cursor ... ok

test result: ok. 1 passed; 0 failed; 0 ignored; 0 measured; 0 filtered out; finished in 0.43s

     Running tests/raw_runtime.rs (target/msrv-loop2/debug/deps/raw_runtime-2a178d94d07ebd5d)

running 4 tests
test admission_bounds_and_owner_drop_preserve_explicit_completion ... ok
test synthetic_input_is_not_echoed_or_exposed_in_debug ... ok
test detach_and_cancelled_observation_preserve_live_process_and_cursor ... ok
test raw_suffix_gap_completion_and_completed_id_are_stable ... ok

test result: ok. 4 passed; 0 failed; 0 ignored; 0 measured; 0 filtered out; finished in 0.01s

     Running unittests src/lib.rs (target/msrv-loop2/debug/deps/pty_runtime_application-24dcb054fa64755d)

running 0 tests

test result: ok. 0 passed; 0 failed; 0 ignored; 0 measured; 0 filtered out; finished in 0.00s

     Running unittests src/lib.rs (target/msrv-loop2/debug/deps/pty_runtime_domain-ceb5680ac66f94e5)

running 11 tests
test identity::tests::identity_equality_is_literal_and_lifetimes_include_both_parts ... ok
test identity::tests::accepted_identity_discards_excess_owned_capacity_and_redacts ... ok
test process::tests::deadline_and_allocation_extremes_are_rejected ... ok
test identity::tests::identity_enforces_byte_limit_and_control_policy ... ok
test replay::tests::identities_and_future_positions_are_validated_even_when_empty ... ok
test replay::tests::eviction_reports_gap_before_exact_suffix_and_reads_do_not_advance ... ok
test process::tests::environment_keys_validate_and_overrides_remain_last ... ok
test process::tests::commands_are_literal_bounded_and_redacted ... ok
test replay::tests::offset_overflow_is_atomic_and_debug_redacts_content ... ok
test replay::tests::zero_retention_and_global_eviction_keep_stream_position ... ok
test replay::tests::chunking_matches_reference_suffix_across_capacities ... ok

test result: ok. 11 passed; 0 failed; 0 ignored; 0 measured; 0 filtered out; finished in 0.01s

     Running tests/replay_model.rs (target/msrv-loop2/debug/deps/replay_model-8bac772693bee35c)

running 1 test
test seeded_interleavings_match_an_append_only_ledger ... ok

test result: ok. 1 passed; 0 failed; 0 ignored; 0 measured; 0 filtered out; finished in 0.11s

     Running unittests src/lib.rs (target/msrv-loop2/debug/deps/pty_runtime_infrastructure-e2ba904203a029cd)

running 8 tests
test scheduling::blocking::tests::shutdown_joins_all_workers_and_releases_worker_state ... ok
test scheduling::pool::tests::shutdown_joins_all_workers_and_releases_worker_state ... ok
test checkpoint::file::tests::failed_orphan_cleanup_retains_a_distinct_quota_charge ... ok
test process::spawn_barrier_tests::blocked_and_failed_spawn_does_not_delay_existing_controls_or_reaping ... ok
test process::spawn_barrier_tests::immediate_shutdown_reaps_existing_child_before_stalled_launch_finishes ... ok
test checkpoint::file::tests::renamed_namespace_drop_does_not_remove_unrelated_replacement ... ok
test checkpoint::file::tests::concurrent_commit_reservation_cannot_exceed_quota ... ok
test checkpoint::file::tests::partial_failed_writes_full_disk_and_zero_writes_clean_temporary_state ... ok

test result: ok. 8 passed; 0 failed; 0 ignored; 0 measured; 0 filtered out; finished in 0.02s

     Running tests/checkpoint_adversarial.rs (target/msrv-loop2/debug/deps/checkpoint_adversarial-b1fc610601927f6d)

running 4 tests
test repeated_protection_uses_distinct_nonces_and_remains_authentic ... ok
test failed_namespace_construction_rolls_back_under_restrictive_umask ... ok
test drop_does_not_remove_foreign_replacement_directory ... ok
test permission_or_hardlink_change_rejects_read_without_exposing_payload ... ok

test result: ok. 4 passed; 0 failed; 0 ignored; 0 measured; 0 filtered out; finished in 0.01s

     Running tests/checkpoint_contract.rs (target/msrv-loop2/debug/deps/checkpoint_contract-9b3e3eaeb02e0445)

running 5 tests
test injected_provider_same_contract ... ok
test ciphertext_corruption_truncation_wrong_key_and_metadata_replay_rejected ... ok
test existing_or_symlink_root_rejected_without_cleanup_of_foreign_content ... ok
test real_disk_quota_short_reads_symlinks_and_corrupt_files ... ok
test real_disk_contract_private_permissions_and_cleanup ... ok

test result: ok. 5 passed; 0 failed; 0 ignored; 0 measured; 0 filtered out; finished in 0.02s

     Running tests/checkpoint_opaque_envelope.rs (target/msrv-loop2/debug/deps/checkpoint_opaque_envelope-5e303b261d285534)

running 1 test
test storage_roundtrips_short_opaque_envelope_without_cipher_assumptions ... ok

test result: ok. 1 passed; 0 failed; 0 ignored; 0 measured; 0 filtered out; finished in 0.01s

     Running tests/process_adversarial.rs (target/msrv-loop2/debug/deps/process_adversarial-aa48d585e0a9cae1)

running 1 test
test failed_reader_terminates_long_lived_child_without_owner_shutdown ... ok

test result: ok. 1 passed; 0 failed; 0 ignored; 0 measured; 0 filtered out; finished in 0.01s

     Running tests/process_contract.rs (target/msrv-loop2/debug/deps/process_contract-f03cbf94d70151fb)

running 7 tests
test controlling_terminal_echo_off_ordered_input_and_real_exit ... ok
test literal_arguments_empty_environment_overrides_and_canonical_roots ... ok
test descendant_endpoint_has_bounded_drain_separate_from_exit ... ok
test resize_and_quiet_reader_shutdown_are_interruptible ... ok
test cancellation_bypasses_full_input_and_escalates_once ... ok
test failed_spawn_releases_admission_and_drop_reaps_child ... ok
test blocked_output_does_not_block_exit_or_shutdown ... ok

test result: ok. 7 passed; 0 failed; 0 ignored; 0 measured; 0 filtered out; finished in 0.27s

     Running tests/process_host_contract.rs (target/msrv-loop2/debug/deps/process_host_contract-8e22dce78f549b2b)

running 4 tests
test sigchld_policy_fixture ... ignored, runs only inside the isolated host-policy subprocess
test constructor_rejects_auto_reaping_policies_in_isolated_hosts ... ok
test unexpected_reader_failure_kills_long_lived_child_without_grace_delay ... ok
test backend_drop_ignores_twenty_four_hour_grace_and_reaps ... ok

test result: ok. 3 passed; 0 failed; 1 ignored; 0 measured; 0 filtered out; finished in 0.01s

     Running tests/process_pressure.rs (target/msrv-loop2/debug/deps/process_pressure-47b0c4dabed411ad)

running 4 tests
test symlinks_cannot_escape_allowed_launch_roots ... ok
test callback_panics_do_not_orphan_children_or_break_other_sessions ... ok
test simultaneous_producers_deliver_complete_bytes_and_quiet_cancel_remains_live ... ok
test stalled_input_times_out_with_partial_ack_and_retains_no_admission ... ok

test result: ok. 4 passed; 0 failed; 0 ignored; 0 measured; 0 filtered out; finished in 0.05s

     Running tests/scheduling_adversarial.rs (target/msrv-loop2/debug/deps/scheduling_adversarial-21ff0befbab817a9)

running 4 tests
test excessive_worker_counts_are_rejected_before_thread_creation ... ok
test impossible_blocking_queue_bound_returns_error_without_panicking ... ok
test impossible_registration_bounds_return_errors_without_panicking ... ok
test callback_owner_destructor_panic_does_not_destroy_worker_capacity ... ok

test result: ok. 4 passed; 0 failed; 0 ignored; 0 measured; 0 filtered out; finished in 0.00s

     Running tests/scheduling_blocking.rs (target/msrv-loop2/debug/deps/scheduling_blocking-bb672b26d616dd65)

running 3 tests
test capacity_generation_preserves_early_notifications ... ok
test blocked_job_admission_is_bounded_and_shutdown_drains_accepted_jobs ... ok
test job_panic_does_not_kill_worker_and_drop_joins_work ... ok

test result: ok. 3 passed; 0 failed; 0 ignored; 0 measured; 0 filtered out; finished in 0.00s

     Running tests/scheduling_pool.rs (target/msrv-loop2/debug/deps/scheduling_pool-2afe1c8b2e717349)

running 5 tests
test registration_caps_handle_drop_and_weak_drop_reclaim_slots ... ok
test callback_can_request_shutdown_without_self_join ... ok
test running_wakes_coalesce_without_overlap_and_close_releases_after_run ... ok
test panic_reports_failure_and_other_work_continues ... ok
test timer_fires_without_external_wake_and_finished_closes_handle ... ok

test result: ok. 5 passed; 0 failed; 0 ignored; 0 measured; 0 filtered out; finished in 0.01s

     Running tests/terminal_bounds.rs (target/msrv-loop2/debug/deps/terminal_bounds-1abc323267861a94)

running 5 tests
test chunk_admission_does_not_mutate_and_reply_overflow_invalidates_projection ... ok
test checkpoint_and_native_allocations_are_bounded ... ok
test rejects_invalid_dimensions_config_and_incompatible_checkpoints ... ok
test corrupted_and_truncated_snapshots_never_complete_successfully ... ok
test view_and_parser_continuation_have_explicit_budgets ... ok

test result: ok. 5 passed; 0 failed; 0 ignored; 0 measured; 0 filtered out; finished in 0.08s

     Running tests/terminal_contract.rs (target/msrv-loop2/debug/deps/terminal_contract-e2970a4892f20995)

running 6 tests
test palette_and_default_color_overrides_are_domain_values ... ok
test incremental_text_styles_modes_cursor_and_ordered_resize ... ok
test compression_preserves_wide_combining_text_and_full_history ... ok
test terminal_owner_can_move_threads_and_drop_with_pending_history ... ok
test checkpoints_preserve_parser_continuation_and_uninterrupted_state ... ok
test ready_fences_mutations_to_preserve_one_hundred_thousand_history_lines ... ok

test result: ok. 6 passed; 0 failed; 0 ignored; 0 measured; 0 filtered out; finished in 2.56s

