   Compiling pty-runtime-domain v0.1.0 (/Users/nessa/Documents/NessaLabs/pty-runtime/crates/domain)
   Compiling pty-runtime-application v0.1.0 (/Users/nessa/Documents/NessaLabs/pty-runtime/crates/application)
    Finished `test` profile [unoptimized + debuginfo] target(s) in 0.91s
     Running unittests src/lib.rs (target/debug/deps/pty_runtime_application-fe125b4250f4aa0f)

running 52 tests
test projection::tests::cleanup::close_during_pending_commit_deletes_late_result_and_releases_services ... ok
test projection::tests::cleanup::scheduler_shutdown_fallback_finishes_late_commit_without_retaining_services ... ok
test projection::tests::cleanup::rejected_blocking_admission_schedules_bounded_retry_without_losing_model ... ok
test projection::tests::cleanup::authentication_failure_retains_only_source_and_close_releases_pool_handles ... ok
test projection::tests::cleanup::failed_storage_has_finite_retries_and_retains_original_live_model ... ok
test projection::tests::acceptance::cancelled_parked_transfer_keeps_inflight_memory_charged_until_close_drains_read ... ok
test projection::tests::cleanup::close_progresses_with_every_normal_request_slot_held ... ok
test projection::tests::cleanup::permanent_delete_failure_closes_truthfully_and_stays_charged_in_bounded_ledger ... ok
test projection::tests::cleanup::failed_restore_retains_source_and_bounded_unprocessed_output_without_empty_model ... ok
test projection::tests::control_capacity::resize_remains_ordered_and_bounded_when_local_parser_slots_are_full ... ok
test projection::tests::control_capacity::resize_remains_ordered_and_bounded_when_shared_parser_slots_are_full ... ok
test projection::tests::io_faults::malformed_restore_read_fails_pending_view_but_retains_unprocessed_bytes ... ok
test projection::tests::io_faults::opened_checkpoint_contract_violation_is_invalid_configuration_and_releases_read_permits ... ok
test projection::tests::io_faults::rejected_transfer_read_releases_admission_and_can_be_retried ... ok
test projection::tests::io_faults::transfer_read_rejects_short_ciphertext_without_restoring_or_losing_source ... ok
test projection::tests::cleanup::uncertain_commits_stay_charged_and_report_failure_on_every_close ... ok
test projection::tests::native_faults::resize_admission_and_completion_errors_preserve_model_and_allow_same_generation_retry ... ok
test projection::tests::ordered_review::cancelled_projection_wait_drops_reentrant_waker_outside_ticket_lock ... ok
test projection::tests::io_faults::panicking_read_settles_transfer_as_worker_error_and_allows_a_fresh_read ... ok
test projection::tests::ordered_review::parked_snapshot_io_does_not_delay_an_existing_observers_end ... ok
test projection::tests::parking::idle_park_restore_orders_bytes_resize_history_and_single_authoritative_reply ... ok
test projection::tests::ordered_review::observation_requests_do_not_delay_the_final_applied_prefix ... ok
test projection::tests::ordered_review::replacing_a_pending_waker_drops_its_observer_outside_the_journal_lock ... ok
test projection::tests::parking::output_during_commit_retains_model_and_cleanup_does_not_block_feed ... ok
test projection::tests::ordered_review::failed_end_stays_immutable_when_an_inflight_native_feed_returns_success ... ok
test projection::tests::parking::parked_transfer_pin_uses_saved_source_without_native_restore ... ok
test projection::tests::admission_rollback::rejected_projection_admission_settles_published_waiter_and_releases_identity_and_model_slot ... ok
test projection::tests::pressure::copied_views_retain_global_memory_admission_until_consumer_drop ... ok
test projection::tests::parking::output_during_encode_is_bounded_and_stale_commit_never_releases_live_model ... ok
test projection::tests::pressure::generated_reply_waits_for_single_writer_admission_without_refeeding_or_duplicate_send ... ok
test projection::tests::pressure::global_parser_capacity_released_by_another_session_wakes_waiter ... ok
test projection::tests::parking::ready_view_captures_its_own_history_and_exact_order_boundary ... ok
test projection::tests::pressure::independent_parser_admission_is_all_or_none_and_early_capacity_notice_survives ... ok
test projection::tests::pressure::partial_generated_reply_fails_projection_and_is_never_resent ... ok
test projection::tests::pressure::native_feed_panic_preserves_unprocessed_staging_and_rejects_projection_operations ... ok
test projection::tests::pressure::resident_checkpoint_pin_reserves_plaintext_even_when_protection_bound_is_smaller ... ok
test projection::tests::ready::drain_end_waits_for_history_validation_and_retains_corrupt_source ... ok
test projection::tests::ready::ready_interleaves_live_bytes_and_controls_without_releasing_source_before_finish ... ok
test projection::tests::shutdown::shutdown_with_lost_commit_completion_keeps_uncertain_disk_reservation ... ok
test projection::tests::shutdown::shutdown_with_lost_delete_completion_does_not_release_sole_source_charge ... ok
test projection::tests::ready::skipped_history_is_visible_and_lifetime_count_survives_the_next_park ... ok
test projection::tests::shutdown::shutdown_with_lost_restore_completion_releases_live_memory_but_keeps_source ... ok
test projection::tests::shutdown::shutdown_with_lost_transfer_read_settles_caller_and_releases_observer ... ok
test projection::tests::shutdown::shutdown_without_scheduler_rejects_queued_views_and_controls_and_releases_staging ... ok
test projection::tests::transfer::cancelled_wait_removes_waker_and_final_observer_releases_retention ... ok
test projection::tests::transfer::drain_is_sealed_but_end_waits_for_parser_and_failure_ends_only_the_valid_prefix ... ok
test projection::tests::transfer::no_observers_allocate_no_continuation_storage_and_new_transfer_skips_no_applied_state ... ok
test projection::tests::transfer::foreign_future_and_evicted_cursors_are_distinct_and_readers_are_independent ... ok
test projection::tests::transfer::observer_admission_cancel_and_snapshot_pins_release_independently ... ok
test projection::tests::transfer::parked_transfer_precedes_staged_mutation_and_rejected_io_releases_observer_permit ... ok
test projection::tests::transfer::snapshot_boundary_and_independent_byte_control_order_are_exact ... ok
test projection::tests::transfer::retained_payload_and_control_slots_force_explicit_holes_until_consumers_drop ... ok

test result: ok. 52 passed; 0 failed; 0 ignored; 0 measured; 5 filtered out; finished in 0.00s

