{"platform": "Linux-6.8.0-117-generic-x86_64-with-glibc2.39", "protocol_sha256": "ffffb3c0bfaaa4ca73a64fafcfccab7ad726be24c2fc5db8e8e38c1b56db19e1"}

running 5 tests
test protocol::tests::fragments_reassemble_without_interpreting_partial_records ... ok
test protocol::tests::peer_close_after_final_record_preserves_eof_with_unread_control ... ok
test protocol::tests::peer_reset_cannot_turn_a_partial_final_record_into_clean_eof ... ok
test protocol::tests::stale_generation_and_partial_eof_are_rejected ... ok
test protocol::tests::status_backpressure_has_a_fixed_record_bound ... ok

test result: ok. 5 passed; 0 failed; 0 ignored; 0 measured; 0 filtered out; finished in 0.00s

   Compiling pty-runtime-guardian v0.1.0 (/tmp/pty-loop4-gate/helpers/guardian)
    Finished `test` profile [unoptimized + debuginfo] target(s) in 0.51s
     Running unittests src/main.rs (helpers/guardian/target/debug/deps/pty_runtime_guardian-952989ff3e197d88)


running 7 tests
test controlling_terminal_echo_off_ordered_input_and_real_exit ... ok
test cancellation_bypasses_full_input_and_escalates_once ... ok
test descendant_endpoint_has_bounded_drain_separate_from_exit ... ok
test literal_arguments_empty_environment_overrides_and_canonical_roots ... ok
test resize_and_quiet_reader_shutdown_are_interruptible ... ok
test blocked_output_does_not_block_exit_or_shutdown ... ok
test failed_spawn_releases_admission_and_drop_reaps_child ... ok

test result: ok. 7 passed; 0 failed; 0 ignored; 0 measured; 0 filtered out; finished in 0.40s


running 3 tests
test foreground_switch_fixture ... ok
test dispatch_ack_requires_a_distinct_verified_foreground_group ... ok
test cancellation_cleans_both_foreground_generations_and_preserves_outside_session ... ok

test result: ok. 3 passed; 0 failed; 0 ignored; 0 measured; 0 filtered out; finished in 0.57s


running 2 tests
test sentinel_loss_preserves_cleanup_and_reports_supervision_failure ... ok
test guardian_loss_reports_supervision_failure_without_fabricated_workload_exit ... ok

test result: ok. 2 passed; 0 failed; 0 ignored; 0 measured; 0 filtered out; finished in 0.03s


running 4 tests
test symlinks_cannot_escape_allowed_launch_roots ... ok
test callback_panics_do_not_orphan_children_or_break_other_sessions ... ok
test stalled_input_times_out_with_partial_ack_and_retains_no_admission ... ok
test simultaneous_producers_deliver_complete_bytes_and_quiet_cancel_remains_live ... ok

test result: ok. 4 passed; 0 failed; 0 ignored; 0 measured; 0 filtered out; finished in 0.12s

   Compiling pty-runtime-infrastructure v0.1.0 (/tmp/pty-loop4-gate/crates/infrastructure)
    Finished `test` profile [unoptimized + debuginfo] target(s) in 10.73s
     Running tests/process_contract.rs (target/debug/deps/process_contract-b0e85d0bcb4a0186)
     Running tests/process_foreground_switch.rs (target/debug/deps/process_foreground_switch-a1137634637c3a3d)
     Running tests/process_guardian_failures.rs (target/debug/deps/process_guardian_failures-ec12ebae54dade9a)
     Running tests/process_pressure.rs (target/debug/deps/process_pressure-d5aa0fd5344238e8)


running 1 test
test signal_death_and_descendant_drain_never_become_fabricated_success ... ok

test result: ok. 1 passed; 0 failed; 0 ignored; 0 measured; 0 filtered out; finished in 0.08s

   Compiling pty-runtime v0.1.0 (/tmp/pty-loop4-gate)
    Finished `test` profile [unoptimized + debuginfo] target(s) in 0.68s
     Running tests/raw_completion.rs (target/debug/deps/raw_completion-353f852507609ee1)

{"repeat": 0, "exit": 0, "elapsed_seconds": 0.2108066539999527, "producers": 16, "bytes_each": 131072, "quiet_sessions": 1}
{"repeat": 1, "exit": 0, "elapsed_seconds": 0.19653030600011334, "producers": 16, "bytes_each": 131072, "quiet_sessions": 1}
{"repeat": 2, "exit": 0, "elapsed_seconds": 0.2237303349998001, "producers": 16, "bytes_each": 131072, "quiet_sessions": 1}
{"repeat": 3, "exit": 0, "elapsed_seconds": 0.192951826999888, "producers": 16, "bytes_each": 131072, "quiet_sessions": 1}
{"repeat": 4, "exit": 0, "elapsed_seconds": 0.21691517399995064, "producers": 16, "bytes_each": 131072, "quiet_sessions": 1}
{"repeat": 5, "exit": 0, "elapsed_seconds": 0.2234576709997782, "producers": 16, "bytes_each": 131072, "quiet_sessions": 1}
{"repeat": 6, "exit": 0, "elapsed_seconds": 0.2126436830003513, "producers": 16, "bytes_each": 131072, "quiet_sessions": 1}
{"repeat": 7, "exit": 0, "elapsed_seconds": 0.2085168660000818, "producers": 16, "bytes_each": 131072, "quiet_sessions": 1}
{"repeat": 8, "exit": 0, "elapsed_seconds": 0.22604331000002276, "producers": 16, "bytes_each": 131072, "quiet_sessions": 1}
{"repeat": 9, "exit": 0, "elapsed_seconds": 0.1941581569999471, "producers": 16, "bytes_each": 131072, "quiet_sessions": 1}
{"repeat": 10, "exit": 0, "elapsed_seconds": 0.2071094789998824, "producers": 16, "bytes_each": 131072, "quiet_sessions": 1}
{"repeat": 11, "exit": 0, "elapsed_seconds": 0.1862289129999226, "producers": 16, "bytes_each": 131072, "quiet_sessions": 1}
{"repeat": 12, "exit": 0, "elapsed_seconds": 0.20024682899975232, "producers": 16, "bytes_each": 131072, "quiet_sessions": 1}
{"repeat": 13, "exit": 0, "elapsed_seconds": 0.1908082789996115, "producers": 16, "bytes_each": 131072, "quiet_sessions": 1}
{"repeat": 14, "exit": 0, "elapsed_seconds": 0.18799720900005923, "producers": 16, "bytes_each": 131072, "quiet_sessions": 1}
{"repeat": 15, "exit": 0, "elapsed_seconds": 0.23900910799966368, "producers": 16, "bytes_each": 131072, "quiet_sessions": 1}
{"repeat": 16, "exit": 0, "elapsed_seconds": 0.22532217699972534, "producers": 16, "bytes_each": 131072, "quiet_sessions": 1}
{"repeat": 17, "exit": 0, "elapsed_seconds": 0.1990879089998998, "producers": 16, "bytes_each": 131072, "quiet_sessions": 1}
{"repeat": 18, "exit": 0, "elapsed_seconds": 0.2089522289998058, "producers": 16, "bytes_each": 131072, "quiet_sessions": 1}
{"repeat": 19, "exit": 0, "elapsed_seconds": 0.2042439159999958, "producers": 16, "bytes_each": 131072, "quiet_sessions": 1}
