+ python3 -m unittest discover -s scripts/tests -v
test_actual_workspace_is_accepted (test_gate.ArchitectureGateTests) ... ok
test_correctly_named_dependency_pointing_elsewhere_is_rejected (test_gate.ArchitectureGateTests) ... ok
test_external_core_dependencies_in_all_declaration_kinds_are_rejected (test_gate.ArchitectureGateTests) ... ok
test_infrastructure_to_facade_reverse_edge_is_rejected (test_gate.ArchitectureGateTests) ... ok
test_missing_each_required_package_is_rejected (test_gate.ArchitectureGateTests) ... ok
test_registry_dependency_impersonating_domain_is_rejected (test_gate.ArchitectureGateTests) ... ok
test_relocated_package_is_rejected (test_gate.ArchitectureGateTests) ... ok
test_renamed_alias_does_not_hide_wrong_path (test_gate.ArchitectureGateTests) ... ok
test_renamed_core_package_is_rejected (test_gate.ArchitectureGateTests) ... ok
test_required_nonmember_is_rejected (test_gate.ArchitectureGateTests) ... ok
test_valid_domain_alias_remains_allowed (test_gate.ArchitectureGateTests) ... ok
test_degraded_samples_remain_visible_in_interval (test_load_census.CpuScope) ... ok
test_even_matching_snapshots_do_not_measure_between_sample_processes (test_load_census.CpuScope) ... ok
test_transient_processes_are_explicitly_unmeasured (test_load_census.CpuScope) ... ok
test_darwin_cpu_minutes_continue_past_one_hour (test_load_diagnostics.LoadDiagnostics) ... ok
test_empty_lsof_failure_identifies_command_and_pids (test_load_diagnostics.LoadDiagnostics) ... ok
test_failed_census_retains_child_exit_and_queued_stderr (test_load_diagnostics.LoadDiagnostics) ... ok
test_failed_checkpoint_acknowledgement_does_not_escape_cleanup (test_load_diagnostics.LoadDiagnostics) ... ok
test_missing_ps_process_identifies_missing_pid (test_load_diagnostics.LoadDiagnostics) ... ok
test_success_closes_owned_pipes_after_final_output_and_exit (test_load_diagnostics.LoadDiagnostics) ... FAIL
test_unavailable_idle_cpu_cannot_pass_target_but_is_not_correctness_failure (test_load_diagnostics.LoadDiagnostics) ... FAIL
test_vanished_lsof_process_uses_owner_fallback_with_evidence (test_load_diagnostics.LoadDiagnostics) ... ok
test_clean_exit_without_closed_census_is_rejected (test_load_final_census.FinalCensus) ... ok
test_closed_census_still_rejects_descendants_and_zombies (test_load_final_census.FinalCensus) ... ok
test_closed_census_stops_periodic_sampling_before_normal_exit (test_load_final_census.FinalCensus) ... ok
test_closed_still_requires_complete_and_successful_exit (test_load_final_census.FinalCensus) ... ok
test_owner_disappearance_before_closed_remains_failure (test_load_final_census.FinalCensus) ... ok
test_completed_trial_missed_latency_is_visible_in_rollup (test_load_targets.TargetRollups) ... ok
test_explicit_failure_preserves_missing_boundary_evidence (test_load_targets.TargetRollups) ... ok
test_idle_target_failure_and_smoke_duration_are_separate (test_load_targets.TargetRollups) ... ok
test_missing_failed_trial_measurements_are_not_a_pass (test_load_targets.TargetRollups) ... ok
test_present_unmeasured_targets_roll_up_as_unmeasured (test_load_targets.TargetRollups) ... ok
test_summary_keeps_correctness_pass_when_latency_target_fails (test_load_targets.TargetRollups) ... attached trial 1/1
ok
test_unavailable_measurement_is_distinct_from_observed_failure (test_load_targets.TargetRollups) ... ok
test_archive_patch_and_unrelated_source_tampering_fail (test_native_source.SourceVerification) ... ok
test_cursor_only_patch_upgrades_to_complete_patch (test_native_source.SourceVerification) ... ok
test_growth_only_patch_upgrades_to_wide_cutoff_patch (test_native_source.SourceVerification) ... ok
test_library_must_match_patched_build_record (test_native_source.SourceVerification) ... ok
test_prepare_is_exact_and_idempotent (test_native_source.SourceVerification) ... ok
test_unexpected_second_result_does_not_publish_first_file (test_native_source.SourceVerification) ... ok
test_existing_evidence_is_never_overwritten (test_performance.PerformanceEvidence) ... ok
test_timeout_preserves_raw_and_metadata (test_performance.PerformanceEvidence) ... Evidence directory: /var/folders/1w/wp9n0wwd22qgrf0zkhb2fk6r0000gn/T/tmp30ii7020/evidence
ok
test_oversized_native_rust_c_and_header_are_rejected (test_sizes.SizeGateTests) ... ok

======================================================================
FAIL: test_success_closes_owned_pipes_after_final_output_and_exit (test_load_diagnostics.LoadDiagnostics)
----------------------------------------------------------------------
Traceback (most recent call last):
  File "/Users/nessa/Documents/NessaLabs/pty-runtime/scripts/tests/test_load_diagnostics.py", line 109, in test_success_closes_owned_pipes_after_final_output_and_exit
    self.assertTrue(load.trial(binary, {'seconds': 1, 'warmup': 0, 'active': 0, 'mode': 'idle'}, destination, True, 1, {}, 5))
AssertionError: False is not true

======================================================================
FAIL: test_unavailable_idle_cpu_cannot_pass_target_but_is_not_correctness_failure (test_load_diagnostics.LoadDiagnostics)
----------------------------------------------------------------------
Traceback (most recent call last):
  File "/Users/nessa/Documents/NessaLabs/pty-runtime/scripts/tests/test_load_diagnostics.py", line 88, in test_unavailable_idle_cpu_cannot_pass_target_but_is_not_correctness_failure
    self.assertTrue(load.trial(binary, {'seconds': 1, 'warmup': 0, 'active': 0, 'mode': 'idle'}, destination, True, 1, {}, 5))
AssertionError: False is not true

----------------------------------------------------------------------
Ran 43 tests in 2.162s

FAILED (failures=2)
partial test output
Traceback (most recent call last):
  File "/Users/nessa/Documents/NessaLabs/pty-runtime/scripts/gate.py", line 88, in <module>
    main()
  File "/Users/nessa/Documents/NessaLabs/pty-runtime/scripts/gate.py", line 61, in main
    run('python3', '-m', 'unittest', 'discover', '-s', 'scripts/tests', '-v')
  File "/Users/nessa/Documents/NessaLabs/pty-runtime/scripts/gate.py", line 13, in run
    subprocess.run(args, cwd=ROOT, env=env, check=True)
  File "/Library/Developer/CommandLineTools/Library/Frameworks/Python3.framework/Versions/3.9/lib/python3.9/subprocess.py", line 528, in run
    raise CalledProcessError(retcode, process.args,
subprocess.CalledProcessError: Command '('python3', '-m', 'unittest', 'discover', '-s', 'scripts/tests', '-v')' returned non-zero exit status 1.
