+ python3 -m unittest discover -s scripts/tests -v
test_actual_workspace_is_accepted (test_gate.ArchitectureGateTests) ... ok
test_correctly_named_dependency_pointing_elsewhere_is_rejected (test_gate.ArchitectureGateTests) ... ok
test_external_core_dependencies_in_all_declaration_kinds_are_rejected (test_gate.ArchitectureGateTests) ... ok
test_infrastructure_to_facade_reverse_edge_is_rejected (test_gate.ArchitectureGateTests) ... ok
test_missing_each_required_package_is_rejected (test_gate.ArchitectureGateTests) ... ok
test_registry_dependency_impersonating_domain_is_rejected (test_gate.ArchitectureGateTests) ... ok
test_relocated_package_is_rejected (test_gate.ArchitectureGateTests) ... ok
test_renamed_alias_does_not_hide_wrong_path (test_gate.ArchitectureGateTests) ... ok
test_renamed_core_package_is_rejected (test_gate.ArchitectureGateTests) ... ok
test_required_nonmember_is_rejected (test_gate.ArchitectureGateTests) ... ok
test_valid_domain_alias_remains_allowed (test_gate.ArchitectureGateTests) ... ok
test_oversized_native_rust_c_and_header_are_rejected (test_sizes.SizeGateTests) ... ok

----------------------------------------------------------------------
Ran 12 tests in 0.086s

OK
+ cargo test --locked -p pty-runtime-domain --no-default-features
    Finished `test` profile [unoptimized + debuginfo] target(s) in 0.00s
     Running unittests src/lib.rs (target/debug/deps/pty_runtime_domain-53f1a539f3ca9b2a)

running 11 tests
test identity::tests::accepted_identity_discards_excess_owned_capacity_and_redacts ... ok
test identity::tests::identity_equality_is_literal_and_lifetimes_include_both_parts ... ok
test identity::tests::identity_enforces_byte_limit_and_control_policy ... ok
test replay::tests::eviction_reports_gap_before_exact_suffix_and_reads_do_not_advance ... ok
test process::tests::environment_keys_validate_and_overrides_remain_last ... ok
test process::tests::commands_are_literal_bounded_and_redacted ... ok
test replay::tests::offset_overflow_is_atomic_and_debug_redacts_content ... ok
test process::tests::deadline_and_allocation_extremes_are_rejected ... ok
test replay::tests::identities_and_future_positions_are_validated_even_when_empty ... ok
test replay::tests::zero_retention_and_global_eviction_keep_stream_position ... ok
test replay::tests::chunking_matches_reference_suffix_across_capacities ... ok

test result: ok. 11 passed; 0 failed; 0 ignored; 0 measured; 0 filtered out; finished in 0.00s

     Running tests/replay_model.rs (target/debug/deps/replay_model-7d47b4b21cc3a474)

running 1 test
test seeded_interleavings_match_an_append_only_ledger ... ok

test result: ok. 1 passed; 0 failed; 0 ignored; 0 measured; 0 filtered out; finished in 0.09s

   Doc-tests pty_runtime_domain

running 0 tests

test result: ok. 0 passed; 0 failed; 0 ignored; 0 measured; 0 filtered out; finished in 0.00s

+ cargo test --locked -p pty-runtime-application --no-default-features
   Compiling pty-runtime-application v0.1.0 (/Users/nessa/Documents/NessaLabs/pty-runtime/crates/application)
    Finished `test` profile [unoptimized + debuginfo] target(s) in 0.12s
     Running unittests src/lib.rs (target/debug/deps/pty_runtime_application-fe125b4250f4aa0f)

running 0 tests

test result: ok. 0 passed; 0 failed; 0 ignored; 0 measured; 0 filtered out; finished in 0.00s

   Doc-tests pty_runtime_application

running 0 tests

test result: ok. 0 passed; 0 failed; 0 ignored; 0 measured; 0 filtered out; finished in 0.00s

+ cargo fmt --all --check
+ python3 scripts/native/bootstrap.py
+ cargo clippy --locked --workspace --all-targets --all-features -- -D warnings
    Checking pty-runtime-domain v0.1.0 (/Users/nessa/Documents/NessaLabs/pty-runtime/crates/domain)
   Compiling pty-runtime-infrastructure v0.1.0 (/Users/nessa/Documents/NessaLabs/pty-runtime/crates/infrastructure)
    Checking pty-runtime-application v0.1.0 (/Users/nessa/Documents/NessaLabs/pty-runtime/crates/application)
    Checking pty-runtime v0.1.0 (/Users/nessa/Documents/NessaLabs/pty-runtime)
    Finished `dev` profile [unoptimized + debuginfo] target(s) in 1.40s
+ cargo test --locked --workspace --all-targets --all-features
   Compiling pty-runtime-infrastructure v0.1.0 (/Users/nessa/Documents/NessaLabs/pty-runtime/crates/infrastructure)
   Compiling pty-runtime v0.1.0 (/Users/nessa/Documents/NessaLabs/pty-runtime)
    Finished `test` profile [unoptimized + debuginfo] target(s) in 1.17s
     Running unittests src/lib.rs (target/debug/deps/pty_runtime-065b5173b668fc1b)

running 0 tests

test result: ok. 0 passed; 0 failed; 0 ignored; 0 measured; 0 filtered out; finished in 0.00s

     Running unittests tests/fixtures/pty_fixture.rs (target/debug/deps/pty_runtime_fixture-a025c4acd711fc91)

running 0 tests

test result: ok. 0 passed; 0 failed; 0 ignored; 0 measured; 0 filtered out; finished in 0.00s

     Running tests/ddd_spawn_failure.rs (target/debug/deps/ddd_spawn_failure-2f12bb34963c727b)

running 1 test
test lookup_handle_obtained_during_failed_spawn_reaches_terminal_state ... ok

test result: ok. 1 passed; 0 failed; 0 ignored; 0 measured; 0 filtered out; finished in 0.00s

     Running tests/input_reservation.rs (target/debug/deps/input_reservation-14c36612d5930c0e)

running 1 test
test global_bytes_and_slots_survive_abandoned_wait_and_release_on_adapter_completion ... ok

test result: ok. 1 passed; 0 failed; 0 ignored; 0 measured; 0 filtered out; finished in 0.00s

     Running tests/raw_adversarial.rs (target/debug/deps/raw_adversarial-b58bba2bb13f89d0)

running 1 test
test dropping_polled_pending_waits_releases_admission_and_preserves_cursor ... ok

test result: ok. 1 passed; 0 failed; 0 ignored; 0 measured; 0 filtered out; finished in 0.21s

     Running tests/raw_runtime.rs (target/debug/deps/raw_runtime-351b64347a8c6f84)

running 4 tests
test admission_bounds_and_owner_drop_preserve_explicit_completion ... ok
test synthetic_input_is_not_echoed_or_exposed_in_debug ... ok
test detach_and_cancelled_observation_preserve_live_process_and_cursor ... ok
test raw_suffix_gap_completion_and_completed_id_are_stable ... ok

test result: ok. 4 passed; 0 failed; 0 ignored; 0 measured; 0 filtered out; finished in 0.01s

     Running unittests src/lib.rs (target/debug/deps/pty_runtime_application-fe125b4250f4aa0f)

running 0 tests

test result: ok. 0 passed; 0 failed; 0 ignored; 0 measured; 0 filtered out; finished in 0.00s

     Running unittests src/lib.rs (target/debug/deps/pty_runtime_domain-53f1a539f3ca9b2a)

running 11 tests
test identity::tests::accepted_identity_discards_excess_owned_capacity_and_redacts ... ok
test identity::tests::identity_equality_is_literal_and_lifetimes_include_both_parts ... ok
test identity::tests::identity_enforces_byte_limit_and_control_policy ... ok
test process::tests::environment_keys_validate_and_overrides_remain_last ... ok
test process::tests::deadline_and_allocation_extremes_are_rejected ... ok
test replay::tests::eviction_reports_gap_before_exact_suffix_and_reads_do_not_advance ... ok
test process::tests::commands_are_literal_bounded_and_redacted ... ok
test replay::tests::identities_and_future_positions_are_validated_even_when_empty ... ok
test replay::tests::offset_overflow_is_atomic_and_debug_redacts_content ... ok
test replay::tests::zero_retention_and_global_eviction_keep_stream_position ... ok
test replay::tests::chunking_matches_reference_suffix_across_capacities ... ok

test result: ok. 11 passed; 0 failed; 0 ignored; 0 measured; 0 filtered out; finished in 0.01s

     Running tests/replay_model.rs (target/debug/deps/replay_model-7d47b4b21cc3a474)

running 1 test
test seeded_interleavings_match_an_append_only_ledger ... ok

test result: ok. 1 passed; 0 failed; 0 ignored; 0 measured; 0 filtered out; finished in 0.10s

     Running unittests src/lib.rs (target/debug/deps/pty_runtime_infrastructure-122876f2b742dffe)

running 8 tests
test scheduling::pool::tests::shutdown_joins_all_workers_and_releases_worker_state ... ok
test scheduling::blocking::tests::shutdown_joins_all_workers_and_releases_worker_state ... ok
test checkpoint::file::tests::failed_orphan_cleanup_retains_a_distinct_quota_charge ... ok
test process::spawn_barrier_tests::blocked_and_failed_spawn_does_not_delay_existing_controls_or_reaping ... ok
test process::spawn_barrier_tests::immediate_shutdown_reaps_existing_child_before_stalled_launch_finishes ... ok
test checkpoint::file::tests::concurrent_commit_reservation_cannot_exceed_quota ... ok
test checkpoint::file::tests::renamed_namespace_drop_does_not_remove_unrelated_replacement ... ok
test checkpoint::file::tests::partial_failed_writes_full_disk_and_zero_writes_clean_temporary_state ... ok

test result: ok. 8 passed; 0 failed; 0 ignored; 0 measured; 0 filtered out; finished in 0.03s

     Running tests/checkpoint_adversarial.rs (target/debug/deps/checkpoint_adversarial-1eab129c9424831d)

running 4 tests
test repeated_protection_uses_distinct_nonces_and_remains_authentic ... ok
test failed_namespace_construction_rolls_back_under_restrictive_umask ... ok
test drop_does_not_remove_foreign_replacement_directory ... ok
test permission_or_hardlink_change_rejects_read_without_exposing_payload ... ok

test result: ok. 4 passed; 0 failed; 0 ignored; 0 measured; 0 filtered out; finished in 0.01s

     Running tests/checkpoint_contract.rs (target/debug/deps/checkpoint_contract-7af3d9777340dca4)

running 5 tests
test injected_provider_same_contract ... ok
test ciphertext_corruption_truncation_wrong_key_and_metadata_replay_rejected ... ok
test existing_or_symlink_root_rejected_without_cleanup_of_foreign_content ... ok
test real_disk_quota_short_reads_symlinks_and_corrupt_files ... ok
test real_disk_contract_private_permissions_and_cleanup ... ok

test result: ok. 5 passed; 0 failed; 0 ignored; 0 measured; 0 filtered out; finished in 0.02s

     Running tests/checkpoint_opaque_envelope.rs (target/debug/deps/checkpoint_opaque_envelope-e7b66a80992eba7c)

running 1 test
test storage_roundtrips_short_opaque_envelope_without_cipher_assumptions ... ok

test result: ok. 1 passed; 0 failed; 0 ignored; 0 measured; 0 filtered out; finished in 0.01s

     Running tests/process_adversarial.rs (target/debug/deps/process_adversarial-cf49e558b6438b64)

running 1 test
test failed_reader_terminates_long_lived_child_without_owner_shutdown ... ok

test result: ok. 1 passed; 0 failed; 0 ignored; 0 measured; 0 filtered out; finished in 0.01s

     Running tests/process_contract.rs (target/debug/deps/process_contract-82f03e6203ed40a9)

running 7 tests
test literal_arguments_empty_environment_overrides_and_canonical_roots ... ok
test descendant_endpoint_has_bounded_drain_separate_from_exit ... ok
test resize_and_quiet_reader_shutdown_are_interruptible ... ok
test failed_spawn_releases_admission_and_drop_reaps_child ... ok
test cancellation_bypasses_full_input_and_escalates_once ... ok
test controlling_terminal_echo_off_ordered_input_and_real_exit ... ok
test blocked_output_does_not_block_exit_or_shutdown ... ok

test result: ok. 7 passed; 0 failed; 0 ignored; 0 measured; 0 filtered out; finished in 0.28s

     Running tests/process_host_contract.rs (target/debug/deps/process_host_contract-fef6931ebfa8d11a)

running 4 tests
test sigchld_policy_fixture ... ignored, runs only inside the isolated host-policy subprocess
test constructor_rejects_auto_reaping_policies_in_isolated_hosts ... ok
test backend_drop_ignores_twenty_four_hour_grace_and_reaps ... ok
test unexpected_reader_failure_kills_long_lived_child_without_grace_delay ... ok

test result: ok. 3 passed; 0 failed; 1 ignored; 0 measured; 0 filtered out; finished in 0.01s

     Running tests/process_pressure.rs (target/debug/deps/process_pressure-6120a5a5481cde7c)

running 4 tests
test symlinks_cannot_escape_allowed_launch_roots ... ok
test callback_panics_do_not_orphan_children_or_break_other_sessions ... ok
test simultaneous_producers_deliver_complete_bytes_and_quiet_cancel_remains_live ... ok
test stalled_input_times_out_with_partial_ack_and_retains_no_admission ... ok

test result: ok. 4 passed; 0 failed; 0 ignored; 0 measured; 0 filtered out; finished in 0.06s

     Running tests/scheduling_adversarial.rs (target/debug/deps/scheduling_adversarial-8a97cfae7ffff697)

running 4 tests
test impossible_registration_bounds_return_errors_without_panicking ... ok
test impossible_blocking_queue_bound_returns_error_without_panicking ... ok
test excessive_worker_counts_are_rejected_before_thread_creation ... ok
test callback_owner_destructor_panic_does_not_destroy_worker_capacity ... ok

test result: ok. 4 passed; 0 failed; 0 ignored; 0 measured; 0 filtered out; finished in 0.00s

     Running tests/scheduling_blocking.rs (target/debug/deps/scheduling_blocking-b759acd1c2e9f113)

running 3 tests
test capacity_generation_preserves_early_notifications ... ok
test blocked_job_admission_is_bounded_and_shutdown_drains_accepted_jobs ... ok
test job_panic_does_not_kill_worker_and_drop_joins_work ... ok

test result: ok. 3 passed; 0 failed; 0 ignored; 0 measured; 0 filtered out; finished in 0.00s

     Running tests/scheduling_pool.rs (target/debug/deps/scheduling_pool-571cb28b29047d52)

running 5 tests
test callback_can_request_shutdown_without_self_join ... ok
test registration_caps_handle_drop_and_weak_drop_reclaim_slots ... ok
test running_wakes_coalesce_without_overlap_and_close_releases_after_run ... ok
test panic_reports_failure_and_other_work_continues ... ok
test timer_fires_without_external_wake_and_finished_closes_handle ... ok

test result: ok. 5 passed; 0 failed; 0 ignored; 0 measured; 0 filtered out; finished in 0.01s

     Running tests/terminal_bounds.rs (target/debug/deps/terminal_bounds-4929709e2a2e2997)

running 5 tests
test chunk_admission_does_not_mutate_and_reply_overflow_invalidates_projection ... ok
test rejects_invalid_dimensions_config_and_incompatible_checkpoints ... ok
test view_and_parser_continuation_have_explicit_budgets ... ok
test checkpoint_and_native_allocations_are_bounded ... ok
test corrupted_and_truncated_snapshots_never_complete_successfully ... ok

test result: ok. 5 passed; 0 failed; 0 ignored; 0 measured; 0 filtered out; finished in 0.05s

     Running tests/terminal_contract.rs (target/debug/deps/terminal_contract-f2a70ac40af86072)

running 6 tests
test palette_and_default_color_overrides_are_domain_values ... ok
test incremental_text_styles_modes_cursor_and_ordered_resize ... ok
test compression_preserves_wide_combining_text_and_full_history ... ok
test terminal_owner_can_move_threads_and_drop_with_pending_history ... ok
test checkpoints_preserve_parser_continuation_and_uninterrupted_state ... ok
test ready_fences_mutations_to_preserve_one_hundred_thousand_history_lines ... ok

test result: ok. 6 passed; 0 failed; 0 ignored; 0 measured; 0 filtered out; finished in 1.56s

+ cargo test --locked --workspace --no-default-features
   Compiling pty-runtime-infrastructure v0.1.0 (/Users/nessa/Documents/NessaLabs/pty-runtime/crates/infrastructure)
   Compiling pty-runtime v0.1.0 (/Users/nessa/Documents/NessaLabs/pty-runtime)
    Finished `test` profile [unoptimized + debuginfo] target(s) in 1.18s
     Running unittests src/lib.rs (target/debug/deps/pty_runtime-5dba98ac6f80a463)

running 0 tests

test result: ok. 0 passed; 0 failed; 0 ignored; 0 measured; 0 filtered out; finished in 0.00s

     Running tests/ddd_spawn_failure.rs (target/debug/deps/ddd_spawn_failure-12630734fa773342)

running 1 test
test lookup_handle_obtained_during_failed_spawn_reaches_terminal_state ... ok

test result: ok. 1 passed; 0 failed; 0 ignored; 0 measured; 0 filtered out; finished in 0.00s

     Running tests/input_reservation.rs (target/debug/deps/input_reservation-bd839dca7d495e87)

running 1 test
test global_bytes_and_slots_survive_abandoned_wait_and_release_on_adapter_completion ... ok

test result: ok. 1 passed; 0 failed; 0 ignored; 0 measured; 0 filtered out; finished in 0.00s

     Running tests/raw_adversarial.rs (target/debug/deps/raw_adversarial-2ee203e4feb5374a)

running 1 test
test dropping_polled_pending_waits_releases_admission_and_preserves_cursor ... ok

test result: ok. 1 passed; 0 failed; 0 ignored; 0 measured; 0 filtered out; finished in 0.21s

     Running tests/raw_runtime.rs (target/debug/deps/raw_runtime-854a3ca906334d60)

running 4 tests
test admission_bounds_and_owner_drop_preserve_explicit_completion ... ok
test synthetic_input_is_not_echoed_or_exposed_in_debug ... ok
test detach_and_cancelled_observation_preserve_live_process_and_cursor ... ok
test raw_suffix_gap_completion_and_completed_id_are_stable ... ok

test result: ok. 4 passed; 0 failed; 0 ignored; 0 measured; 0 filtered out; finished in 0.01s

     Running unittests src/lib.rs (target/debug/deps/pty_runtime_application-fe125b4250f4aa0f)

running 0 tests

test result: ok. 0 passed; 0 failed; 0 ignored; 0 measured; 0 filtered out; finished in 0.00s

     Running unittests src/lib.rs (target/debug/deps/pty_runtime_domain-53f1a539f3ca9b2a)

running 11 tests
test identity::tests::accepted_identity_discards_excess_owned_capacity_and_redacts ... ok
test identity::tests::identity_equality_is_literal_and_lifetimes_include_both_parts ... ok
test identity::tests::identity_enforces_byte_limit_and_control_policy ... ok
test replay::tests::eviction_reports_gap_before_exact_suffix_and_reads_do_not_advance ... ok
test process::tests::deadline_and_allocation_extremes_are_rejected ... ok
test process::tests::environment_keys_validate_and_overrides_remain_last ... ok
test replay::tests::identities_and_future_positions_are_validated_even_when_empty ... ok
test process::tests::commands_are_literal_bounded_and_redacted ... ok
test replay::tests::offset_overflow_is_atomic_and_debug_redacts_content ... ok
test replay::tests::zero_retention_and_global_eviction_keep_stream_position ... ok
test replay::tests::chunking_matches_reference_suffix_across_capacities ... ok

test result: ok. 11 passed; 0 failed; 0 ignored; 0 measured; 0 filtered out; finished in 0.00s

     Running tests/replay_model.rs (target/debug/deps/replay_model-7d47b4b21cc3a474)

running 1 test
test seeded_interleavings_match_an_append_only_ledger ... ok

test result: ok. 1 passed; 0 failed; 0 ignored; 0 measured; 0 filtered out; finished in 0.09s

     Running unittests src/lib.rs (target/debug/deps/pty_runtime_infrastructure-06c475aec9df509e)

running 8 tests
test scheduling::blocking::tests::shutdown_joins_all_workers_and_releases_worker_state ... ok
test scheduling::pool::tests::shutdown_joins_all_workers_and_releases_worker_state ... ok
test checkpoint::file::tests::failed_orphan_cleanup_retains_a_distinct_quota_charge ... ok
test process::spawn_barrier_tests::blocked_and_failed_spawn_does_not_delay_existing_controls_or_reaping ... ok
test process::spawn_barrier_tests::immediate_shutdown_reaps_existing_child_before_stalled_launch_finishes ... ok
test checkpoint::file::tests::renamed_namespace_drop_does_not_remove_unrelated_replacement ... ok
test checkpoint::file::tests::concurrent_commit_reservation_cannot_exceed_quota ... ok
test checkpoint::file::tests::partial_failed_writes_full_disk_and_zero_writes_clean_temporary_state ... ok

test result: ok. 8 passed; 0 failed; 0 ignored; 0 measured; 0 filtered out; finished in 0.05s

     Running tests/checkpoint_adversarial.rs (target/debug/deps/checkpoint_adversarial-1cec414af346b752)

running 4 tests
test repeated_protection_uses_distinct_nonces_and_remains_authentic ... ok
test failed_namespace_construction_rolls_back_under_restrictive_umask ... ok
test drop_does_not_remove_foreign_replacement_directory ... ok
test permission_or_hardlink_change_rejects_read_without_exposing_payload ... ok

test result: ok. 4 passed; 0 failed; 0 ignored; 0 measured; 0 filtered out; finished in 0.01s

     Running tests/checkpoint_contract.rs (target/debug/deps/checkpoint_contract-e1efefbfff11a4f9)

running 5 tests
test injected_provider_same_contract ... ok
test ciphertext_corruption_truncation_wrong_key_and_metadata_replay_rejected ... ok
test existing_or_symlink_root_rejected_without_cleanup_of_foreign_content ... ok
test real_disk_quota_short_reads_symlinks_and_corrupt_files ... ok
test real_disk_contract_private_permissions_and_cleanup ... ok

test result: ok. 5 passed; 0 failed; 0 ignored; 0 measured; 0 filtered out; finished in 0.02s

     Running tests/checkpoint_opaque_envelope.rs (target/debug/deps/checkpoint_opaque_envelope-e161243bceaa20ca)

running 1 test
test storage_roundtrips_short_opaque_envelope_without_cipher_assumptions ... ok

test result: ok. 1 passed; 0 failed; 0 ignored; 0 measured; 0 filtered out; finished in 0.01s

     Running tests/process_adversarial.rs (target/debug/deps/process_adversarial-f0ba7dd3d2cb640f)

running 1 test
test failed_reader_terminates_long_lived_child_without_owner_shutdown ... ok

test result: ok. 1 passed; 0 failed; 0 ignored; 0 measured; 0 filtered out; finished in 0.01s

     Running tests/process_contract.rs (target/debug/deps/process_contract-a94189ce8c69e153)

running 7 tests
test descendant_endpoint_has_bounded_drain_separate_from_exit ... ok
test controlling_terminal_echo_off_ordered_input_and_real_exit ... ok
test resize_and_quiet_reader_shutdown_are_interruptible ... ok
test failed_spawn_releases_admission_and_drop_reaps_child ... ok
test cancellation_bypasses_full_input_and_escalates_once ... ok
test literal_arguments_empty_environment_overrides_and_canonical_roots ... ok
test blocked_output_does_not_block_exit_or_shutdown ... ok

test result: ok. 7 passed; 0 failed; 0 ignored; 0 measured; 0 filtered out; finished in 0.28s

     Running tests/process_host_contract.rs (target/debug/deps/process_host_contract-a422ad2dd17b92eb)

running 4 tests
test sigchld_policy_fixture ... ignored, runs only inside the isolated host-policy subprocess
test constructor_rejects_auto_reaping_policies_in_isolated_hosts ... ok
test backend_drop_ignores_twenty_four_hour_grace_and_reaps ... ok
test unexpected_reader_failure_kills_long_lived_child_without_grace_delay ... ok

test result: ok. 3 passed; 0 failed; 1 ignored; 0 measured; 0 filtered out; finished in 0.01s

     Running tests/process_pressure.rs (target/debug/deps/process_pressure-6fc1c19c263c151f)

running 4 tests
test symlinks_cannot_escape_allowed_launch_roots ... ok
test callback_panics_do_not_orphan_children_or_break_other_sessions ... ok
test simultaneous_producers_deliver_complete_bytes_and_quiet_cancel_remains_live ... ok
test stalled_input_times_out_with_partial_ack_and_retains_no_admission ... ok

test result: ok. 4 passed; 0 failed; 0 ignored; 0 measured; 0 filtered out; finished in 0.06s

     Running tests/scheduling_adversarial.rs (target/debug/deps/scheduling_adversarial-cc799a1b44b239a9)

running 4 tests
test excessive_worker_counts_are_rejected_before_thread_creation ... ok
test impossible_blocking_queue_bound_returns_error_without_panicking ... ok
test impossible_registration_bounds_return_errors_without_panicking ... ok
test callback_owner_destructor_panic_does_not_destroy_worker_capacity ... ok

test result: ok. 4 passed; 0 failed; 0 ignored; 0 measured; 0 filtered out; finished in 0.00s

     Running tests/scheduling_blocking.rs (target/debug/deps/scheduling_blocking-54c59183b872966a)

running 3 tests
test capacity_generation_preserves_early_notifications ... ok
test blocked_job_admission_is_bounded_and_shutdown_drains_accepted_jobs ... ok
test job_panic_does_not_kill_worker_and_drop_joins_work ... ok

test result: ok. 3 passed; 0 failed; 0 ignored; 0 measured; 0 filtered out; finished in 0.00s

     Running tests/scheduling_pool.rs (target/debug/deps/scheduling_pool-060e7b16073365c7)

running 5 tests
test callback_can_request_shutdown_without_self_join ... ok
test registration_caps_handle_drop_and_weak_drop_reclaim_slots ... ok
test running_wakes_coalesce_without_overlap_and_close_releases_after_run ... ok
test panic_reports_failure_and_other_work_continues ... ok
test timer_fires_without_external_wake_and_finished_closes_handle ... ok

test result: ok. 5 passed; 0 failed; 0 ignored; 0 measured; 0 filtered out; finished in 0.01s

     Running tests/terminal_bounds.rs (target/debug/deps/terminal_bounds-232cc4a2d51afcbf)

running 0 tests

test result: ok. 0 passed; 0 failed; 0 ignored; 0 measured; 0 filtered out; finished in 0.00s

     Running tests/terminal_contract.rs (target/debug/deps/terminal_contract-de28c1c48c296b84)

running 0 tests

test result: ok. 0 passed; 0 failed; 0 ignored; 0 measured; 0 filtered out; finished in 0.00s

   Doc-tests pty_runtime

running 0 tests

test result: ok. 0 passed; 0 failed; 0 ignored; 0 measured; 0 filtered out; finished in 0.00s

   Doc-tests pty_runtime_application

running 0 tests

test result: ok. 0 passed; 0 failed; 0 ignored; 0 measured; 0 filtered out; finished in 0.00s

   Doc-tests pty_runtime_domain

running 0 tests

test result: ok. 0 passed; 0 failed; 0 ignored; 0 measured; 0 filtered out; finished in 0.00s

   Doc-tests pty_runtime_infrastructure

running 0 tests

test result: ok. 0 passed; 0 failed; 0 ignored; 0 measured; 0 filtered out; finished in 0.00s

+ cargo doc --locked --workspace --no-deps --all-features
    Checking pty-runtime-application v0.1.0 (/Users/nessa/Documents/NessaLabs/pty-runtime/crates/application)
 Documenting pty-runtime-application v0.1.0 (/Users/nessa/Documents/NessaLabs/pty-runtime/crates/application)
    Checking pty-runtime-infrastructure v0.1.0 (/Users/nessa/Documents/NessaLabs/pty-runtime/crates/infrastructure)
 Documenting pty-runtime-infrastructure v0.1.0 (/Users/nessa/Documents/NessaLabs/pty-runtime/crates/infrastructure)
    Checking pty-runtime v0.1.0 (/Users/nessa/Documents/NessaLabs/pty-runtime)
 Documenting pty-runtime v0.1.0 (/Users/nessa/Documents/NessaLabs/pty-runtime)
    Finished `dev` profile [unoptimized + debuginfo] target(s) in 0.54s
   Generated /Users/nessa/Documents/NessaLabs/pty-runtime/target/doc/pty_runtime/index.html and 4 other files
+ python3 -m unittest discover -s experiments/tests -v
test_descriptor_leak_is_rejected (test_gate.GateTests) ... ok
test_different_platform_is_rejected (test_gate.GateTests) ... ok
test_different_workload_is_rejected (test_gate.GateTests) ... ok
test_duplicate_result_is_rejected (test_gate.GateTests) ... ok
test_extra_worker_is_rejected (test_gate.GateTests) ... ok
test_failed_result_cannot_be_omitted (test_gate.GateTests) ... ok
test_fixture_timeout_is_reported_and_reaped (test_gate.GateTests) ... ok
test_identical_baseline_passes (test_gate.GateTests) ... ok
test_memory_regression_fails (test_gate.GateTests) ... ok
test_missing_latency_samples_are_rejected (test_gate.GateTests) ... ok
test_missing_metric_cannot_pass_comparison (test_gate.GateTests) ... ok
test_missing_repetition_is_rejected (test_gate.GateTests) ... ok
test_nonfinite_measurement_is_rejected (test_gate.GateTests) ... ok
test_results_are_revalidated_from_raw_records (test_gate.GateTests) ... ok
test_small_noise_passes (test_gate.GateTests) ... ok
test_smoke_run_cannot_become_a_performance_baseline (test_gate.GateTests) ... ok
test_throughput_regression_fails (test_gate.GateTests) ... ok
test_wrong_byte_total_is_rejected (test_gate.GateTests) ... ok
test_wrong_os_memory_counter_is_rejected (test_gate.GateTests) ... ok

----------------------------------------------------------------------
Ran 19 tests in 0.110s

OK
+ cargo fmt --manifest-path experiments/pty/Cargo.toml --check
+ cargo clippy --manifest-path experiments/pty/Cargo.toml --locked --all-targets -- -D warnings
    Finished `dev` profile [unoptimized + debuginfo] target(s) in 0.01s
Mechanical gate passed. Specialist reviews and milestone proof remain required.
