{"event":"start","pid":76830,"configuration":"Config { mode: \"saturation\", sessions: 64, active: 16, seconds: 1, warmup: 1, rate: 0, chunk: 4093, producer_bytes: 8589934592, observers: 1, cols: 80, rows: 24, raw: false }","measurement_clock":"monotonic","fixture_threads_per_child":2,"fixture_control_fds_per_child":2,"fixture_output_fds_per_child":1,"transient_cancel_sessions":1}
{"event":"checkpoint","phase":"baseline","rust_requested_live":10514,"rust_requested_peak":10770,"rust_allocations":50}
{"event":"runtime_options","value":"RuntimeOptions { max_sessions: 65, max_observers: 2048, replay_bytes: 68157440, output_page_bytes: 16384, input_bytes: 4194304, input_slots: 512, projection: ProjectionLimits { journal_bytes: 16777216, journal_slots: 4096, transfer_observers: 2048, staging_bytes: 67108864, staging_slots: 16384, resident_bytes: 1073741824, checkpoint_bytes: 536870912, stored_bytes: 1073741824, stored_slots: 4096, view_bytes: 134217728, request_slots: 4096 } }"}
{"event":"checkpoint","phase":"runtime","rust_requested_live":896077,"rust_requested_peak":896077,"rust_allocations":196}
{"event":"child","producer":0,"pid":76838}
{"event":"child","producer":1,"pid":76842}
{"event":"child","producer":2,"pid":76846}
{"event":"child","producer":3,"pid":76850}
{"event":"child","producer":4,"pid":76854}
{"event":"child","producer":5,"pid":76858}
{"event":"child","producer":6,"pid":76862}
{"event":"child","producer":7,"pid":76866}
{"event":"child","producer":8,"pid":76870}
{"event":"child","producer":9,"pid":76874}
{"event":"child","producer":10,"pid":76878}
{"event":"child","producer":11,"pid":76882}
{"event":"child","producer":12,"pid":76887}
{"event":"child","producer":13,"pid":76891}
{"event":"child","producer":14,"pid":76895}
{"event":"child","producer":15,"pid":76899}
{"event":"child","producer":16,"pid":76903}
{"event":"child","producer":17,"pid":76907}
{"event":"child","producer":18,"pid":76911}
{"event":"child","producer":19,"pid":76915}
{"event":"child","producer":20,"pid":76919}
{"event":"child","producer":21,"pid":76923}
{"event":"child","producer":22,"pid":76927}
{"event":"child","producer":23,"pid":76931}
{"event":"child","producer":24,"pid":76935}
{"event":"child","producer":25,"pid":76939}
{"event":"child","producer":26,"pid":76943}
{"event":"child","producer":27,"pid":76947}
{"event":"child","producer":28,"pid":76951}
{"event":"child","producer":29,"pid":76955}
{"event":"child","producer":30,"pid":76959}
{"event":"child","producer":31,"pid":76963}
{"event":"child","producer":32,"pid":76967}
{"event":"child","producer":33,"pid":76971}
{"event":"child","producer":34,"pid":76975}
{"event":"child","producer":35,"pid":76979}
{"event":"child","producer":36,"pid":76983}
{"event":"child","producer":37,"pid":76987}
{"event":"child","producer":38,"pid":76991}
{"event":"child","producer":39,"pid":76995}
{"event":"child","producer":40,"pid":76999}
{"event":"child","producer":41,"pid":77003}
{"event":"child","producer":42,"pid":77008}
{"event":"child","producer":43,"pid":77012}
{"event":"child","producer":44,"pid":77017}
{"event":"child","producer":45,"pid":77021}
{"event":"child","producer":46,"pid":77025}
{"event":"child","producer":47,"pid":77029}
{"event":"child","producer":48,"pid":77033}
{"event":"child","producer":49,"pid":77037}
{"event":"child","producer":50,"pid":77041}
{"event":"child","producer":51,"pid":77045}
{"event":"child","producer":52,"pid":77049}
{"event":"child","producer":53,"pid":77053}
{"event":"child","producer":54,"pid":77057}
{"event":"child","producer":55,"pid":77061}
{"event":"child","producer":56,"pid":77065}
{"event":"child","producer":57,"pid":77069}
{"event":"child","producer":58,"pid":77073}
{"event":"child","producer":59,"pid":77077}
{"event":"child","producer":60,"pid":77081}
{"event":"child","producer":61,"pid":77085}
{"event":"child","producer":62,"pid":77089}
{"event":"child","producer":63,"pid":77093}
{"event":"budget","phase":"ready","name":"observers","used":64,"limit":2048}
{"event":"budget","phase":"ready","name":"replay_capacity","used":0,"limit":68157440}
{"event":"budget","phase":"ready","name":"input_bytes","used":0,"limit":4194304}
{"event":"budget","phase":"ready","name":"input_slots","used":0,"limit":512}
{"event":"budget","phase":"ready","name":"journal_bytes","used":0,"limit":16777216}
{"event":"budget","phase":"ready","name":"journal_slots","used":0,"limit":4096}
{"event":"budget","phase":"ready","name":"transfer_observers","used":0,"limit":2048}
{"event":"budget","phase":"ready","name":"staging_bytes","used":0,"limit":67108864}
{"event":"budget","phase":"ready","name":"staging_slots","used":0,"limit":16384}
{"event":"budget","phase":"ready","name":"native_reservations","used":536870912,"limit":1073741824}
{"event":"budget","phase":"ready","name":"checkpoint_buffers","used":0,"limit":536870912}
{"event":"budget","phase":"ready","name":"stored_bytes","used":0,"limit":1073741824}
{"event":"budget","phase":"ready","name":"stored_slots","used":0,"limit":4096}
{"event":"budget","phase":"ready","name":"views","used":0,"limit":134217728}
{"event":"budget","phase":"ready","name":"requests","used":0,"limit":4096}
{"event":"checkpoint","phase":"ready","rust_requested_live":3744889,"rust_requested_peak":3744889,"rust_allocations":6494}
{"event":"producer_start","producer":1,"phase":0,"unix_ns":1788898758341051000}
{"event":"producer_start","producer":2,"phase":0,"unix_ns":1788898758341053000}
{"event":"producer_start","producer":4,"phase":0,"unix_ns":1788898758340984000}
{"event":"producer_start","producer":5,"phase":0,"unix_ns":1788898758341060000}
{"event":"producer_start","producer":7,"phase":0,"unix_ns":1788898758340977000}
{"event":"producer_start","producer":10,"phase":0,"unix_ns":1788898758341011000}
{"event":"producer_start","producer":11,"phase":0,"unix_ns":1788898758341315000}
{"event":"producer_start","producer":13,"phase":0,"unix_ns":1788898758341004000}
{"event":"producer_start","producer":16,"phase":0,"unix_ns":1788898758341011000}
{"event":"producer_start","producer":18,"phase":0,"unix_ns":1788898758341290000}
{"event":"producer_start","producer":19,"phase":0,"unix_ns":1788898758340992000}
{"event":"producer_start","producer":20,"phase":0,"unix_ns":1788898758339390000}
{"event":"producer_start","producer":21,"phase":0,"unix_ns":1788898758341287000}
{"event":"producer_start","producer":24,"phase":0,"unix_ns":1788898758339406000}
{"event":"producer_start","producer":25,"phase":0,"unix_ns":1788898758340983000}
{"event":"producer_start","producer":27,"phase":0,"unix_ns":1788898758341044000}
{"event":"producer_start","producer":28,"phase":0,"unix_ns":1788898758340991000}
{"event":"producer_start","producer":30,"phase":0,"unix_ns":1788898758341296000}
{"event":"producer_start","producer":31,"phase":0,"unix_ns":1788898758340997000}
{"event":"producer_start","producer":34,"phase":0,"unix_ns":1788898758341305000}
{"event":"producer_start","producer":36,"phase":0,"unix_ns":1788898758341042000}
{"event":"producer_start","producer":38,"phase":0,"unix_ns":1788898758339381000}
{"event":"producer_start","producer":40,"phase":0,"unix_ns":1788898758341053000}
{"event":"producer_start","producer":41,"phase":0,"unix_ns":1788898758339391000}
{"event":"producer_start","producer":49,"phase":0,"unix_ns":1788898758340052000}
{"event":"producer_start","producer":50,"phase":0,"unix_ns":1788898758341000000}
{"event":"producer_start","producer":52,"phase":0,"unix_ns":1788898758340974000}
{"event":"producer_start","producer":53,"phase":0,"unix_ns":1788898758341266000}
{"event":"producer_start","producer":57,"phase":0,"unix_ns":1788898758341280000}
{"event":"producer_start","producer":62,"phase":0,"unix_ns":1788898758341041000}
{"event":"producer_start","producer":63,"phase":0,"unix_ns":1788898758339381000}
{"event":"producer_start","producer":0,"phase":0,"unix_ns":1788898758343955000}
{"event":"producer_start","producer":3,"phase":0,"unix_ns":1788898758344212000}
{"event":"producer_start","producer":6,"phase":0,"unix_ns":1788898758343852000}
{"event":"producer_start","producer":8,"phase":0,"unix_ns":1788898758344213000}
{"event":"producer_start","producer":9,"phase":0,"unix_ns":1788898758346025000}
{"event":"producer_start","producer":12,"phase":0,"unix_ns":1788898758344137000}
{"event":"producer_start","producer":14,"phase":0,"unix_ns":1788898758343921000}
{"event":"producer_start","producer":15,"phase":0,"unix_ns":1788898758344177000}
{"event":"producer_start","producer":17,"phase":0,"unix_ns":1788898758344221000}
{"event":"producer_start","producer":22,"phase":0,"unix_ns":1788898758346016000}
{"event":"producer_start","producer":23,"phase":0,"unix_ns":1788898758344185000}
{"event":"producer_start","producer":26,"phase":0,"unix_ns":1788898758344144000}
{"event":"producer_start","producer":29,"phase":0,"unix_ns":1788898758347218000}
{"event":"producer_start","producer":32,"phase":0,"unix_ns":1788898758343913000}
{"event":"producer_start","producer":33,"phase":0,"unix_ns":1788898758347206000}
{"event":"producer_start","producer":35,"phase":0,"unix_ns":1788898758343904000}
{"event":"producer_start","producer":37,"phase":0,"unix_ns":1788898758343935000}
{"event":"producer_start","producer":39,"phase":0,"unix_ns":1788898758346014000}
{"event":"producer_start","producer":42,"phase":0,"unix_ns":1788898758347220000}
{"event":"producer_start","producer":43,"phase":0,"unix_ns":1788898758346028000}
{"event":"producer_start","producer":44,"phase":0,"unix_ns":1788898758343939000}
{"event":"producer_start","producer":45,"phase":0,"unix_ns":1788898758344216000}
{"event":"producer_start","producer":46,"phase":0,"unix_ns":1788898758346016000}
{"event":"producer_start","producer":47,"phase":0,"unix_ns":1788898758347231000}
{"event":"producer_start","producer":48,"phase":0,"unix_ns":1788898758344244000}
{"event":"producer_start","producer":51,"phase":0,"unix_ns":1788898758346026000}
{"event":"producer_start","producer":54,"phase":0,"unix_ns":1788898758346006000}
{"event":"producer_start","producer":55,"phase":0,"unix_ns":1788898758347214000}
{"event":"producer_start","producer":56,"phase":0,"unix_ns":1788898758344194000}
{"event":"producer_start","producer":58,"phase":0,"unix_ns":1788898758346022000}
{"event":"producer_start","producer":59,"phase":0,"unix_ns":1788898758347074000}
{"event":"producer_start","producer":60,"phase":0,"unix_ns":1788898758343917000}
{"event":"producer_start","producer":61,"phase":0,"unix_ns":1788898758346008000}
{"event":"operation_failure","operation":"resize_projected","stage":"admission","phase":0,"producer":3,"probe":3,"cols":80,"rows":24,"phase_elapsed_ns":203728708,"clock":"monotonic","error":"Projection(Capacity)","projection_status":"Ok(Some(ProjectionStatus { published: ReplayCursor { lifetime: SessionLifetime { owner: 2415980032662776509, sequence: 4 }, offset: 594509 }, processed: ReplayCursor { lifetime: SessionLifetime { owner: 2415980032662776509, sequence: 4 }, offset: 332620 }, control_generation: 0, residency: Resident, history: Complete, skipped_history_pages: 0, failure: None, parking_failure: None }))","process_status":"Ok(SessionStatus { exit: None, drain: None, supervision_error: None, admission_error: None, cancellation_requested: false })","shared_resources":"ResourceSnapshot { observers: BudgetUsage { used: 64, limit: 2048 }, replay_capacity: BudgetUsage { used: 9613312, limit: 68157440 }, input_bytes: BudgetUsage { used: 72, limit: 4194304 }, input_slots: BudgetUsage { used: 12, limit: 512 }, projection: Some(ProjectionResources { journal_bytes: BudgetUsage { used: 0, limit: 16777216 }, journal_slots: BudgetUsage { used: 0, limit: 4096 }, transfer_observers: BudgetUsage { used: 0, limit: 2048 }, staging_bytes: BudgetUsage { used: 4189715, limit: 67108864 }, staging_slots: BudgetUsage { used: 4094, limit: 16384 }, native_reservations: BudgetUsage { used: 536870912, limit: 1073741824 }, checkpoint_buffers: BudgetUsage { used: 0, limit: 536870912 }, stored_bytes: BudgetUsage { used: 0, limit: 1073741824 }, stored_slots: BudgetUsage { used: 0, limit: 4096 }, views: BudgetUsage { used: 53248, limit: 134217728 }, requests: BudgetUsage { used: 0, limit: 4096 } }) }"}
Error: Projection(Capacity)
